******************************************************************************
                  TI ARM Linker PC v20.2.2                     
******************************************************************************
>> Linked Sat Apr  3 08:56:38 2021

OUTPUT FILE NAME:   <drum_pad.out>
ENTRY POINT SYMBOL: "_c_int00_noargs"  address: 0000c689


MEMORY CONFIGURATION

         name            origin    length      used     unused   attr    fill
----------------------  --------  ---------  --------  --------  ----  --------
  FLASH                 00000000   00040000  0000d33a  00032cc6  R  X
  SRAM                  20000000   00008000  00007438  00000bc8  RW X


SEGMENT ALLOCATION MAP

run origin  load origin   length   init length attrs members
----------  ----------- ---------- ----------- ----- -------
00000000    00000000    0000d340   0000d340    r-x
  00000000    00000000    0000026c   0000026c    r-- .intvecs
  0000026c    0000026c    0000c6de   0000c6de    r-x .text
  0000c94c    0000c94c    00000848   00000848    r-- .const
  0000d198    0000d198    000001a8   000001a8    r-- .cinit
20000000    20000000    00007438   00000000    rw-
  20000000    20000000    0000026c   00000000    rw- .vtable
  2000026c    2000026c    00006ac0   00000000    rw- .bss
  20006d2c    20006d2c    000004fc   00000000    rw- .data
  20007228    20007228    00000200   00000000    rw- .stack
  20007428    20007428    00000010   00000000    rw- .sysmem


SECTION ALLOCATION MAP

 output                                  attributes/
section   page    origin      length       input sections
--------  ----  ----------  ----------   ----------------
.intvecs   0    00000000    0000026c     
                  00000000    0000026c     tm4c123gh6pm_startup_ccs.obj (.intvecs)

.text      0    0000026c    0000c6de     
                  0000026c    00001e58     tasks.obj (.text)
                  000020c4    00001098     queue.obj (.text)
                  0000315c    00000ef4     sysctl.obj (.text)
                  00004050    00000b88     gpio.obj (.text)
                  00004bd8    00000a4e     rtsv7M4_T_le_v4SPD16_eabi.lib : _printfi.c.obj (.text:__TI_printfi)
                  00005626    00000002                                   : _lock.c.obj (.text:_nop)
                  00005628    00000830     timers.obj (.text)
                  00005e58    000007c2     adc.obj (.text)
                  0000661a    00000002     rtsv7M4_T_le_v4SPD16_eabi.lib : div0.asm.obj (.text)
                  0000661c    0000069c     i2c.obj (.text)
                  00006cb8    00000642     timer.obj (.text)
                  000072fa    00000002     --HOLE-- [fill = 0]
                  000072fc    00000618     uart.obj (.text)
                  00007914    0000055c     event_groups.obj (.text)
                  00007e70    0000053c     I2C_task.obj (.text)
                  000083ac    000004a8     uartstdio.obj (.text)
                  00008854    000003fc     console_task.obj (.text)
                  00008c50    000003c0     interrupt.obj (.text)
                  00009010    000003ac     ADC_task.obj (.text)
                  000093bc    00000320     comp_ints.obj (.text)
                  000096dc    0000028c     port.obj (.text)
                  00009968    00000270     rtsv7M4_T_le_v4SPD16_eabi.lib : _printfi.c.obj (.text:_pconv_a)
                  00009bd8    00000230     logger.obj (.text)
                  00009e08    000001d0     rtsv7M4_T_le_v4SPD16_eabi.lib : _printfi.c.obj (.text:_pconv_g)
                  00009fd8    000001c0     heap_2.obj (.text)
                  0000a198    000001b6     rtsv7M4_T_le_v4SPD16_eabi.lib : fd_add_t2.asm.obj (.text)
                  0000a34e    00000002     --HOLE-- [fill = 0]
                  0000a350    0000018c     GPIs.obj (.text)
                  0000a4dc    00000178     control_page.obj (.text)
                  0000a654    00000158     main.obj (.text)
                  0000a7ac    00000144     GPOs.obj (.text)
                  0000a8f0    0000013c     rtsv7M4_T_le_v4SPD16_eabi.lib : _printfi.c.obj (.text:_pconv_e)
                  0000aa2c    00000136                                   : fd_div_t2.asm.obj (.text)
                  0000ab62    00000002     --HOLE-- [fill = 0]
                  0000ab64    00000130     homepage.obj (.text)
                  0000ac94    0000012a     list.obj (.text)
                  0000adbe    00000002     --HOLE-- [fill = 0]
                  0000adc0    00000124     rtsv7M4_T_le_v4SPD16_eabi.lib : _printfi.c.obj (.text:fcvt)
                  0000aee4    00000114                                   : fputs.c.obj (.text:fputs)
                  0000aff8    00000110                                   : s_scalbn.c.obj (.text:scalbn)
                  0000b108    00000100                                   : memory.c.obj (.text:aligned_alloc)
                  0000b208    000000fc                                   : fd_mul_t2.asm.obj (.text)
                  0000b304    000000f0     console_uart.obj (.text)
                  0000b3f4    000000e4     rtsv7M4_T_le_v4SPD16_eabi.lib : memory.c.obj (.text:free)
                  0000b4d8    000000dc                                   : setvbuf.c.obj (.text:setvbuf)
                  0000b5b4    000000da     portasm.obj (.text)
                  0000b68e    00000002     --HOLE-- [fill = 0]
                  0000b690    000000d2     text_controls.obj (.text)
                  0000b762    00000002     --HOLE-- [fill = 0]
                  0000b764    000000c0     fpu.obj (.text)
                  0000b824    000000b1     rtsv7M4_T_le_v4SPD16_eabi.lib : _printfi.c.obj (.text:_ltostr)
                  0000b8d5    00000001     --HOLE-- [fill = 0]
                  0000b8d6    0000009c                                   : memcpy_t2.asm.obj (.text)
                  0000b972    00000096                                   : ull_div_t2.asm.obj (.text)
                  0000ba08    00000086                                   : fd_cmp_t2.asm.obj (.text:__aeabi_cdcmple)
                  0000ba8e    00000086                                   : fd_cmp_t2.asm.obj (.text:__aeabi_cdrcmple)
                  0000bb14    0000007c                                   : fflush.c.obj (.text:fflush)
                  0000bb90    0000007a                                   : memset_t2.asm.obj (.text)
                  0000bc0a    00000002     --HOLE-- [fill = 0]
                  0000bc0c    00000074                                   : fclose.c.obj (.text:__TI_closefile)
                  0000bc80    00000070                                   : memory.c.obj (.text:split)
                  0000bcf0    0000006e                                   : _printfi.c.obj (.text:_mcpy)
                  0000bd5e    00000002     --HOLE-- [fill = 0]
                  0000bd60    0000006c                                   : hostrename.c.obj (.text:HOSTrename)
                  0000bdcc    00000068                                   : hostlseek.c.obj (.text:HOSTlseek)
                  0000be34    00000068                                   : copy_decompress_lzss.c.obj (.text:decompress:lzss:__TI_decompress_lzss)
                  0000be9c    00000064                                   : s_frexp.c.obj (.text:frexp)
                  0000bf00    00000064                                   : fseek.c.obj (.text:fseek)
                  0000bf64    00000062                                   : _io_perm.c.obj (.text:__TI_wrt_ok)
                  0000bfc6    00000002     --HOLE-- [fill = 0]
                  0000bfc8    00000060                                   : hostopen.c.obj (.text:HOSTopen)
                  0000c028    0000005c                                   : close.c.obj (.text:close)
                  0000c084    00000058                                   : hostread.c.obj (.text:HOSTread)
                  0000c0dc    00000058                                   : hostwrite.c.obj (.text:HOSTwrite)
                  0000c134    00000056                                   : _printfi.c.obj (.text:_pconv_f)
                  0000c18a    00000054                                   : _ltoa.c.obj (.text:__TI_ltoa)
                  0000c1de    00000052                                   : _printfi.c.obj (.text:_ecpy)
                  0000c230    0000004c                                   : fflush.c.obj (.text:__TI_doflush)
                  0000c27c    0000004c                                   : atoi.c.obj (.text:atoi)
                  0000c2c8    0000004c     task_manager_page.obj (.text)
                  0000c314    00000048     rtsv7M4_T_le_v4SPD16_eabi.lib : exit.c.obj (.text:exit)
                  0000c35c    00000048                                   : fd_toi_t2.asm.obj (.text)
                  0000c3a4    00000044                                   : hostclose.c.obj (.text:HOSTclose)
                  0000c3e8    00000044                                   : hostunlink.c.obj (.text:HOSTunlink)
                  0000c42c    00000044                                   : autoinit.c.obj (.text:__TI_auto_init_nobinit_nopinit:__TI_auto_init_nobinit_nopinit)
                  0000c470    00000044                                   : getdevice.c.obj (.text:getdevice)
                  0000c4b4    00000040                                   : u_divt2.asm.obj (.text)
                  0000c4f4    00000040                                   : sprintf.c.obj (.text:sprintf)
                  0000c534    0000003e                                   : _printfi.c.obj (.text:_fcpy)
                  0000c572    0000003e     cpu.obj (.text)
                  0000c5b0    00000038     rtsv7M4_T_le_v4SPD16_eabi.lib : trgmsg.c.obj (.text:__TI_writemsg)
                  0000c5e8    00000036                                   : strncpy.c.obj (.text:strncpy)
                  0000c61e    00000002     --HOLE-- [fill = 0]
                  0000c620    00000034                                   : fopen.c.obj (.text:__TI_cleanup)
                  0000c654    00000034                                   : trgmsg.c.obj (.text:__TI_readmsg)
                  0000c688    00000034                                   : boot_cortex_m.c.obj (.text:_c_int00_noargs:_c_int00_noargs)
                  0000c6bc    00000030                                   : getdevice.c.obj (.text:finddevice)
                  0000c6ec    0000002e                                   : i_tofd_t2.asm.obj (.text)
                  0000c71a    00000002     --HOLE-- [fill = 0]
                  0000c71c    0000002c                                   : unlink.c.obj (.text:unlink)
                  0000c748    0000002a     hooks.obj (.text)
                  0000c772    00000002     --HOLE-- [fill = 0]
                  0000c774    00000028     rtsv7M4_T_le_v4SPD16_eabi.lib : memory.c.obj (.text:free_list_insert)
                  0000c79c    00000028                                   : lseek.c.obj (.text:lseek)
                  0000c7c4    00000028                                   : write.c.obj (.text:write)
                  0000c7ec    00000020                                   : memchr.c.obj (.text:memchr)
                  0000c80c    0000001c                                   : assert.c.obj (.text:_abort_msg)
                  0000c828    0000001c                                   : memory.c.obj (.text:free_list_remove)
                  0000c844    0000001c                                   : memccpy.c.obj (.text:memccpy)
                  0000c860    0000001a                                   : s_copysign.c.obj (.text:copysign)
                  0000c87a    00000018                                   : sprintf.c.obj (.text:_outs)
                  0000c892    00000018                                   : strcmp.c.obj (.text:strcmp)
                  0000c8aa    00000016                                   : strchr.c.obj (.text:strchr)
                  0000c8c0    00000014                                   : strcpy.c.obj (.text:strcpy)
                  0000c8d4    00000014                                   : strlen.c.obj (.text:strlen)
                  0000c8e8    00000012                                   : wcslen.c.obj (.text:wcslen)
                  0000c8fa    0000000e                                   : copy_decompress_none.c.obj (.text:decompress:none:__TI_decompress_none)
                  0000c908    0000000c                                   : copy_zero_init.c.obj (.text:decompress:ZI:__TI_zero_init)
                  0000c914    0000000c     tm4c123gh6pm_startup_ccs.obj (.text)
                  0000c920    0000000a     rtsv7M4_T_le_v4SPD16_eabi.lib : sprintf.c.obj (.text:_outc)
                  0000c92a    00000002     --HOLE-- [fill = 0]
                  0000c92c    00000008                                   : errno.c.obj (.text:__aeabi_errno_addr)
                  0000c934    00000008                                   : memory.c.obj (.text:malloc)
                  0000c93c    00000006     sysctl.obj (.text:SysCtlDelay)
                  0000c942    00000004     rtsv7M4_T_le_v4SPD16_eabi.lib : pre_init.c.obj (.text:_system_pre_init)
                  0000c946    00000004                                   : exit.c.obj (.text:abort:abort)

.const     0    0000c94c    00000848     
                  0000c94c    00000120     sysctl.obj (.const:g_pppui32XTALtoVCO)
                  0000ca6c    00000101     rtsv7M4_T_le_v4SPD16_eabi.lib : ctype.c.obj (.const:.string:_ctypes_)
                  0000cb6d    00000003     --HOLE-- [fill = 0]
                  0000cb70    000000c0     gpio.obj (.const:g_ppui32GPIOIntMapBlizzard)
                  0000cc30    000000c0     gpio.obj (.const:g_ppui32GPIOIntMapSnowflake)
                  0000ccf0    0000009c     interrupt.obj (.const:g_pui32Regs)
                  0000cd8c    00000090     gpio.obj (.const:g_pui32GPIOBaseAddrs)
                  0000ce1c    0000006c     sysctl.obj (.const:g_pui32Xtals)
                  0000ce88    00000060     ADC_task.obj (.const:.string)
                  0000cee8    00000060     timer.obj (.const:g_ppui32TimerIntMap)
                  0000cf48    00000050     i2c.obj (.const:g_ppui32I2CIntMapSnowflake)
                  0000cf98    00000040     timer.obj (.const:g_ppui32TimerIntMapSnowflake)
                  0000cfd8    00000040     uart.obj (.const:g_ppui32UARTIntMap)
                  0000d018    00000040     uart.obj (.const:g_ppui32UARTIntMapSnowflake)
                  0000d058    00000030     i2c.obj (.const:g_ppui32I2CIntMap)
                  0000d088    00000030     sysctl.obj (.const:g_sXTALtoMEMTIM)
                  0000d0b8    00000022     GPOs.obj (.const:.string)
                  0000d0da    00000002     --HOLE-- [fill = 0]
                  0000d0dc    00000020     interrupt.obj (.const:g_pui32Priority)
                  0000d0fc    00000014     interrupt.obj (.const:g_pui32Dii16Regs)
                  0000d110    00000014     interrupt.obj (.const:g_pui32EnRegs)
                  0000d124    00000014     interrupt.obj (.const:g_pui32PendRegs)
                  0000d138    00000014     interrupt.obj (.const:g_pui32UnpendRegs)
                  0000d14c    00000012     uartstdio.obj (.const:.string)
                  0000d15e    00000002     --HOLE-- [fill = 0]
                  0000d160    0000000c     uartstdio.obj (.const:g_ui32UARTBase)
                  0000d16c    0000000c     uartstdio.obj (.const:g_ui32UARTPeriph)
                  0000d178    00000008     sysctl.obj (.const:g_pui32VCOFrequencies)
                  0000d180    00000008     GPOs.obj (.const:gpo_info)
                  0000d188    00000008     port.obj (.const)
                  0000d190    00000004     uartstdio.obj (.const)

.cinit     0    0000d198    000001a8     
                  0000d198    00000174     (.cinit..data.load) [load image, compression = lzss]
                  0000d30c    0000000c     (__TI_handler_table)
                  0000d318    00000008     (.cinit..bss.load) [load image, compression = zero_init]
                  0000d320    00000008     (.cinit..vtable.load) [load image, compression = zero_init]
                  0000d328    00000018     (__TI_cinit_table)

.init_array 
*          0    00000000    00000000     UNINITIALIZED

.vtable    0    20000000    0000026c     UNINITIALIZED
                  20000000    0000026c     interrupt.obj (.vtable)

.bss       0    2000026c    00006ac0     UNINITIALIZED
                  2000026c    00006400     (.common:ucHeap)
                  2000666c    00000190     task_manager_page.obj (.bss:write_buffer)
                  200067fc    00000120     rtsv7M4_T_le_v4SPD16_eabi.lib : trgmsg.c.obj (.bss:_CIOBUF_)
                  2000691c    000000f0     logger.obj (.bss:errors)
                  20006a0c    000000c0     comp_ints.obj (.bss:comp_states)
                  20006acc    000000a0     (.common:__TI_tmpnams)
                  20006b6c    00000064     tasks.obj (.bss:pxReadyTasksLists)
                  20006bd0    00000040     (.common:xQueueRegistry)
                  20006c10    00000020     ADC_task.obj (.bss:adc00_step_values)
                  20006c30    00000014     timers.obj (.bss:xActiveTimerList1)
                  20006c44    00000014     timers.obj (.bss:xActiveTimerList2)
                  20006c58    00000014     tasks.obj (.bss:xDelayedTaskList1)
                  20006c6c    00000014     tasks.obj (.bss:xDelayedTaskList2)
                  20006c80    00000014     tasks.obj (.bss:xPendingReadyList)
                  20006c94    00000014     tasks.obj (.bss:xSuspendedTaskList)
                  20006ca8    00000014     tasks.obj (.bss:xTasksWaitingTermination)
                  20006cbc    00000010     ADC_task.obj (.bss:adc11_step_values)
                  20006ccc    00000008     tasks.obj (.bss)
                  20006cd4    00000008     timers.obj (.bss)
                  20006cdc    00000008     heap_2.obj (.bss:xEnd)
                  20006ce4    00000008     heap_2.obj (.bss:xStart)
                  20006cec    00000008     (.common:adc_info)
                  20006cf4    00000008     (.common:gpis_info)
                  20006cfc    00000008     (.common:parmbuf)
                  20006d04    00000004     I2C_task.obj (.bss)
                  20006d08    00000004     console_uart.obj (.bss)
                  20006d0c    00000004     adc.obj (.bss:g_pui8OversampleFactor)
                  20006d10    00000004     (.common:addr_ack_err)
                  20006d14    00000004     (.common:arb_lost_err)
                  20006d18    00000004     (.common:blue_debug)
                  20006d1c    00000004     (.common:clk_tout_err)
                  20006d20    00000004     (.common:data_ack_err)
                  20006d24    00000004     (.common:green_debug)
                  20006d28    00000004     (.common:red_debug)

.data      0    20006d2c    000004fc     UNINITIALIZED
                  20006d2c    000000f0     rtsv7M4_T_le_v4SPD16_eabi.lib : defs.c.obj (.data:_ftable)
                  20006e1c    0000008c     console_task.obj (.data:console_pages)
                  20006ea8    00000078     rtsv7M4_T_le_v4SPD16_eabi.lib : host_device.c.obj (.data:_device)
                  20006f20    00000050                                   : host_device.c.obj (.data:_stream)
                  20006f70    00000034     tasks.obj (.data)
                  20006fa4    00000030     ADC_task.obj (.data:adc_pins)
                  20006fd4    00000020     ADC_task.obj (.data:pad0)
                  20006ff4    00000020     ADC_task.obj (.data:pad10)
                  20007014    00000020     ADC_task.obj (.data:pad11)
                  20007034    00000020     ADC_task.obj (.data:pad1)
                  20007054    00000020     ADC_task.obj (.data:pad2)
                  20007074    00000020     ADC_task.obj (.data:pad3)
                  20007094    00000020     ADC_task.obj (.data:pad4)
                  200070b4    00000020     ADC_task.obj (.data:pad5)
                  200070d4    00000020     ADC_task.obj (.data:pad6)
                  200070f4    00000020     ADC_task.obj (.data:pad7)
                  20007114    00000020     ADC_task.obj (.data:pad8)
                  20007134    00000020     ADC_task.obj (.data:pad9)
                  20007154    00000014     GPOs.obj (.data:blue_led)
                  20007168    00000014     GPOs.obj (.data:green_led)
                  2000717c    00000014     GPOs.obj (.data:red_led)
                  20007190    00000011     console_task.obj (.data)
                  200071a1    00000003     --HOLE--
                  200071a4    00000010     rtsv7M4_T_le_v4SPD16_eabi.lib : defs.c.obj (.data)
                  200071b4    0000000c                                   : exit.c.obj (.data:$O1$$)
                  200071c0    0000000c     GPOs.obj (.data:gpos)
                  200071cc    0000000c     port.obj (.data)
                  200071d8    0000000c     timers.obj (.data)
                  200071e4    00000008     rtsv7M4_T_le_v4SPD16_eabi.lib : _lock.c.obj (.data:$O1$$)
                  200071ec    00000008                                   : memory.c.obj (.data:$O1$$)
                  200071f4    00000008     ADC_task.obj (.data:adc_pin_struct)
                  200071fc    00000008     GPIs.obj (.data:gpi_info)
                  20007204    00000008     heap_2.obj (.data)
                  2000720c    00000005     I2C_task.obj (.data)
                  20007211    00000003     --HOLE--
                  20007214    00000005     uartstdio.obj (.data)
                  20007219    00000003     --HOLE--
                  2000721c    00000004     ADC_task.obj (.data)
                  20007220    00000004     logger.obj (.data)
                  20007224    00000004     rtsv7M4_T_le_v4SPD16_eabi.lib : errno.c.obj (.data)

.stack     0    20007228    00000200     UNINITIALIZED
                  20007228    00000004     rtsv7M4_T_le_v4SPD16_eabi.lib : boot_cortex_m.c.obj (.stack)
                  2000722c    000001fc     --HOLE--

.sysmem    0    20007428    00000010     UNINITIALIZED
                  20007428    00000010     rtsv7M4_T_le_v4SPD16_eabi.lib : memory.c.obj (.sysmem)

__llvm_prf_cnts 
*          0    20000000    00000000     UNINITIALIZED

MODULE SUMMARY

       Module                         code    ro data   rw data
       ------                         ----    -------   -------
    .\
       ADC_task.obj                   940     96        26092  
       I2C_task.obj                   1340    0         25     
       console_task.obj               1020    0         157    
       comp_ints.obj                  800     0         192    
       logger.obj                     560     0         256    
       tm4c123gh6pm_startup_ccs.obj   12      620       0      
       task_manager_page.obj          76      0         400    
       heap_2.obj                     448     0         24     
       GPOs.obj                       324     42        72     
       GPIs.obj                       396     0         8      
       control_page.obj               376     0         16     
       main.obj                       344     0         0      
       homepage.obj                   304     0         0      
       console_uart.obj               240     0         4      
       text_controls.obj              210     0         0      
       hooks.obj                      42      0         0      
    +--+------------------------------+-------+---------+---------+
       Total:                         7432    758       27246  
                                                               
    .\FreeRTOS\
       tasks.obj                      7768    0         260    
       queue.obj                      4248    0         64     
       timers.obj                     2096    0         60     
       event_groups.obj               1372    0         0      
       list.obj                       298     0         0      
    +--+------------------------------+-------+---------+---------+
       Total:                         15782   0         384    
                                                               
    .\FreeRTOS\portable\CCS\ARM_CM4F\
       port.obj                       652     8         12     
       portasm.obj                    218     0         0      
    +--+------------------------------+-------+---------+---------+
       Total:                         870     8         12     
                                                               
    .\driverlib\
       sysctl.obj                     3834    452       0      
       gpio.obj                       2952    528       0      
       adc.obj                        1986    0         4      
       interrupt.obj                  960     268       620    
       i2c.obj                        1692    128       0      
       timer.obj                      1602    160       0      
       uart.obj                       1560    128       0      
       fpu.obj                        192     0         0      
       cpu.obj                        62      0         0      
    +--+------------------------------+-------+---------+---------+
       Total:                         14840   1664      624    
                                                               
    .\utils\
       uartstdio.obj                  1192    46        5      
    +--+------------------------------+-------+---------+---------+
       Total:                         1192    46        5      
                                                               
    C:\ti\ccs1020\ccs\tools\compiler\ti-cgt-arm_20.2.2.LTS\lib\rtsv7M4_T_le_v4SPD16_eabi.lib
       _printfi.c.obj                 4851    0         0      
       memory.c.obj                   672     0         8      
       fd_add_t2.asm.obj              438     0         0      
       defs.c.obj                     0       0         416    
       trgmsg.c.obj                   108     0         288    
       fd_div_t2.asm.obj              310     0         0      
       fputs.c.obj                    276     0         0      
       s_scalbn.c.obj                 272     0         0      
       fd_cmp_t2.asm.obj              268     0         0      
       ctype.c.obj                    0       257       0      
       fd_mul_t2.asm.obj              252     0         0      
       setvbuf.c.obj                  220     0         0      
       fflush.c.obj                   200     0         0      
       host_device.c.obj              0       0         200    
       memcpy_t2.asm.obj              156     0         0      
       ull_div_t2.asm.obj             150     0         0      
       memset_t2.asm.obj              122     0         0      
       fclose.c.obj                   116     0         0      
       getdevice.c.obj                116     0         0      
       hostrename.c.obj               108     0         0      
       copy_decompress_lzss.c.obj     104     0         0      
       hostlseek.c.obj                104     0         0      
       hostopen.c.obj                 96      0         8      
       fseek.c.obj                    100     0         0      
       s_frexp.c.obj                  100     0         0      
       _io_perm.c.obj                 98      0         0      
       sprintf.c.obj                  98      0         0      
       close.c.obj                    92      0         0      
       exit.c.obj                     76      0         12     
       hostread.c.obj                 88      0         0      
       hostwrite.c.obj                88      0         0      
       _ltoa.c.obj                    84      0         0      
       atoi.c.obj                     76      0         0      
       fd_toi_t2.asm.obj              72      0         0      
       autoinit.c.obj                 68      0         0      
       hostclose.c.obj                68      0         0      
       hostunlink.c.obj               68      0         0      
       u_divt2.asm.obj                64      0         0      
       strncpy.c.obj                  54      0         0      
       boot_cortex_m.c.obj            52      0         0      
       fopen.c.obj                    52      0         0      
       i_tofd_t2.asm.obj              46      0         0      
       unlink.c.obj                   44      0         0      
       lseek.c.obj                    40      0         0      
       write.c.obj                    40      0         0      
       memchr.c.obj                   32      0         0      
       assert.c.obj                   28      0         0      
       memccpy.c.obj                  28      0         0      
       s_copysign.c.obj               26      0         0      
       strcmp.c.obj                   24      0         0      
       strchr.c.obj                   22      0         0      
       strcpy.c.obj                   20      0         0      
       strlen.c.obj                   20      0         0      
       wcslen.c.obj                   18      0         0      
       copy_decompress_none.c.obj     14      0         0      
       copy_zero_init.c.obj           12      0         0      
       errno.c.obj                    8       0         4      
       _lock.c.obj                    2       0         8      
       pre_init.c.obj                 4       0         0      
       div0.asm.obj                   2       0         0      
    +--+------------------------------+-------+---------+---------+
       Total:                         10767   257       944    
                                                               
       Heap:                          0       0         16     
       Stack:                         0       0         512    
       Linker Generated:              0       424       0      
    +--+------------------------------+-------+---------+---------+
       Grand Total:                   50883   3157      29743  


LINKER GENERATED COPY TABLES

__TI_cinit_table @ 0000d328 records: 3, size/record: 8, table size: 24
	.data: load addr=0000d198, load size=00000174 bytes, run addr=20006d2c, run size=000004fc bytes, compression=lzss
	.bss: load addr=0000d318, load size=00000008 bytes, run addr=2000026c, run size=00006ac0 bytes, compression=zero_init
	.vtable: load addr=0000d320, load size=00000008 bytes, run addr=20000000, run size=0000026c bytes, compression=zero_init


LINKER GENERATED HANDLER TABLE

__TI_handler_table @ 0000d30c records: 3, size/record: 4, table size: 12
	index: 0, handler: __TI_zero_init
	index: 1, handler: __TI_decompress_lzss
	index: 2, handler: __TI_decompress_none


GLOBAL SYMBOLS: SORTED ALPHABETICALLY BY Name 

address   name                               
-------   ----                               
00006595  ADCBusy                            
000065dd  ADCClockConfigGet                  
000065b3  ADCClockConfigSet                  
000063af  ADCComparatorConfigure             
0000647f  ADCComparatorIntClear              
00006435  ADCComparatorIntDisable            
00006453  ADCComparatorIntEnable             
00006471  ADCComparatorIntStatus             
000063cb  ADCComparatorRegionSet             
000063ef  ADCComparatorReset                 
0000637d  ADCHardwareOversampleConfigure     
00005f93  ADCIntClear                        
000064f7  ADCIntClearEx                      
00005ef9  ADCIntDisable                      
00006491  ADCIntDisableEx                    
00005f15  ADCIntEnable                       
000064a9  ADCIntEnableEx                     
00005eb3  ADCIntRegister                     
00005f3b  ADCIntStatus                       
000064c5  ADCIntStatusEx                     
00005edb  ADCIntUnregister                   
0000654f  ADCPhaseDelayGet                   
0000653d  ADCPhaseDelaySet                   
000061f3  ADCProcessorTrigger                
0000652b  ADCReferenceGet                    
0000650f  ADCReferenceSet                    
00009265  ADCSeq0Handler                     
000092ad  ADCSeq1Handler                     
00005fdd  ADCSequenceConfigure               
00006579  ADCSequenceDMADisable              
0000655d  ADCSequenceDMAEnable               
000061b1  ADCSequenceDataGet                 
00005fc3  ADCSequenceDisable                 
00005fa9  ADCSequenceEnable                  
00006155  ADCSequenceOverflow                
0000616d  ADCSequenceOverflowClear           
00006061  ADCSequenceStepConfigure           
00006183  ADCSequenceUnderflow               
0000619b  ADCSequenceUnderflowClear          
00006217  ADCSoftwareOversampleConfigure     
0000630f  ADCSoftwareOversampleDataGet       
0000624f  ADCSoftwareOversampleStepConfigure 
0000c947  C$$EXIT                            
0000c5df  C$$IO$$                            
0000c5a7  CPUbasepriGet                      
0000c599  CPUbasepriSet                      
0000c573  CPUcpsid                           
0000c589  CPUcpsie                           
0000c57f  CPUprimask                         
0000c595  CPUwfi                             
0000953d  Comp0IntHandler                    
00009565  Comp1IntHandler                    
0000b777  FPUDisable                         
0000b765  FPUEnable                          
0000b7e3  FPUFlushToZeroModeSet              
0000b7af  FPUHalfPrecisionModeSet            
0000b797  FPULazyStackingEnable              
0000b7c9  FPUNaNModeSet                      
0000b7fd  FPURoundingModeSet                 
0000b7a3  FPUStackingDisable                 
0000b785  FPUStackingEnable                  
00004bb3  GPIOADCTriggerDisable              
00004b95  GPIOADCTriggerEnable               
00004b77  GPIODMATriggerDisable              
00004b59  GPIODMATriggerEnable               
0000410b  GPIODirModeGet                     
000040af  GPIODirModeSet                     
00004673  GPIOIntClear                       
00004637  GPIOIntDisable                     
0000461d  GPIOIntEnable                      
00004687  GPIOIntRegister                    
00004651  GPIOIntStatus                      
000041fb  GPIOIntTypeGet                     
00004157  GPIOIntTypeSet                     
000046a5  GPIOIntUnregister                  
000044cb  GPIOPadConfigGet                   
00004291  GPIOPadConfigSet                   
00004afb  GPIOPinConfigure                   
000046bf  GPIOPinRead                        
000046f7  GPIOPinTypeADC                     
0000471b  GPIOPinTypeCAN                     
00004ac7  GPIOPinTypeCIR                     
0000473f  GPIOPinTypeComparator              
00004763  GPIOPinTypeEPI                     
00004787  GPIOPinTypeEthernetLED             
000047ab  GPIOPinTypeEthernetMII             
000047cf  GPIOPinTypeGPIOInput               
000047f3  GPIOPinTypeGPIOOutput              
00004817  GPIOPinTypeGPIOOutputOD            
0000483b  GPIOPinTypeI2C                     
0000485f  GPIOPinTypeI2CSCL                  
00004a7f  GPIOPinTypeKBColumn                
00004a5b  GPIOPinTypeKBRow                   
00004883  GPIOPinTypeLCD                     
00004aa3  GPIOPinTypeLEDSeq                  
000048a7  GPIOPinTypeLPC                     
000048cb  GPIOPinTypePECIRx                  
000048ef  GPIOPinTypePECITx                  
00004913  GPIOPinTypePWM                     
00004937  GPIOPinTypeQEI                     
0000495b  GPIOPinTypeSSI                     
0000497f  GPIOPinTypeTimer                   
000049a3  GPIOPinTypeUART                    
000049c7  GPIOPinTypeUSBAnalog               
000049eb  GPIOPinTypeUSBDigital              
00004a0f  GPIOPinTypeWakeHigh                
00004a35  GPIOPinTypeWakeLow                 
00004aeb  GPIOPinWakeStatus                  
000046d7  GPIOPinWrite                       
0000c3a5  HOSTclose                          
0000bdcd  HOSTlseek                          
0000bfc9  HOSTopen                           
0000c085  HOSTread                           
0000bd61  HOSTrename                         
0000c3e9  HOSTunlink                         
0000c0dd  HOSTwrite                          
00006c13  I2CFIFODataGet                     
00006c2d  I2CFIFODataGetNonBlocking          
00006bc9  I2CFIFODataPut                     
00006beb  I2CFIFODataPutNonBlocking          
00006bb9  I2CFIFOStatus                      
000067ad  I2CIntRegister                     
000067cb  I2CIntUnregister                   
00006c69  I2CMasterBurstCountGet             
00006c53  I2CMasterBurstLengthSet            
00006a11  I2CMasterBusBusy                   
000069f9  I2CMasterBusy                      
00006a29  I2CMasterControl                   
00006a7d  I2CMasterDataGet                   
00006a67  I2CMasterDataPut                   
00006779  I2CMasterDisable                   
00006745  I2CMasterEnable                    
00006a3b  I2CMasterErr                       
00006c77  I2CMasterGlitchFilterConfigSet     
0000667b  I2CMasterInitExpClk                
00006973  I2CMasterIntClear                  
00006991  I2CMasterIntClearEx                
0000683f  I2CMasterIntDisable                
0000684f  I2CMasterIntDisableEx              
000067e5  I2CMasterIntEnable                 
000067f5  I2CMasterIntEnableEx               
00006899  I2CMasterIntStatus                 
000068dd  I2CMasterIntStatusEx               
000069eb  I2CMasterLineStateGet              
000069c9  I2CMasterSlaveAddrSet              
00006a8b  I2CMasterTimeoutSet                
00006b79  I2CRxFIFOConfigSet                 
00006ba1  I2CRxFIFOFlush                     
00006a9d  I2CSlaveACKOverride                
00006acf  I2CSlaveACKValueSet                
00006707  I2CSlaveAddressSet                 
00006b29  I2CSlaveDataGet                    
00006b11  I2CSlaveDataPut                    
0000678f  I2CSlaveDisable                    
0000675b  I2CSlaveEnable                     
00006ca7  I2CSlaveFIFODisable                
00006c8f  I2CSlaveFIFOEnable                 
000066ed  I2CSlaveInit                       
000069a3  I2CSlaveIntClear                   
000069b5  I2CSlaveIntClearEx                 
00006867  I2CSlaveIntDisable                 
0000687f  I2CSlaveIntDisableEx               
0000680d  I2CSlaveIntEnable                  
00006825  I2CSlaveIntEnableEx                
00006909  I2CSlaveIntStatus                  
00006951  I2CSlaveIntStatusEx                
00006b01  I2CSlaveStatus                     
00006b39  I2CTxFIFOConfigSet                 
00006b61  I2CTxFIFOFlush                     
00008e11  IntDisable                         
00008d9f  IntEnable                          
00008e83  IntIsEnabled                       
00008c63  IntMasterDisable                   
00008c53  IntMasterEnable                    
00008f79  IntPendClear                       
00008f09  IntPendSet                         
00008d7b  IntPriorityGet                     
00008cf3  IntPriorityGroupingGet             
00008cd9  IntPriorityGroupingSet             
00008fd3  IntPriorityMaskGet                 
00008fc7  IntPriorityMaskSet                 
00008d2b  IntPrioritySet                     
00008c73  IntRegister                        
00008fdb  IntTrigger                         
00008cc5  IntUnregister                      
0000c915  ResetISR                           
00003fef  SysCtlAltClkConfig                 
000037c5  SysCtlClockFreqSet                 
00003ca9  SysCtlClockGet                     
00003fd3  SysCtlClockOutConfig               
00003add  SysCtlClockSet                     
000036c5  SysCtlDeepSleep                    
00003e75  SysCtlDeepSleepClockConfigSet      
00003e57  SysCtlDeepSleepClockSet            
000036a5  SysCtlDeepSleepPowerSet            
0000c93d  SysCtlDelay                        
00003253  SysCtlFlashSectorSizeGet           
00003227  SysCtlFlashSizeGet                 
00003f4b  SysCtlGPIOAHBDisable               
00003f2f  SysCtlGPIOAHBEnable                
00003639  SysCtlIntClear                     
00003621  SysCtlIntDisable                   
0000360d  SysCtlIntEnable                    
000035e5  SysCtlIntRegister                  
00003649  SysCtlIntStatus                    
000035fd  SysCtlIntUnregister                
0000368b  SysCtlLDODeepSleepGet              
0000367b  SysCtlLDODeepSleepSet              
00003675  SysCtlLDOSleepGet                  
00003665  SysCtlLDOSleepSet                  
000036fb  SysCtlMOSCConfigSet                
00003fbf  SysCtlNMIClear                     
00003fb9  SysCtlNMIStatus                    
00003711  SysCtlPIOSCCalibrate               
00003f19  SysCtlPWMClockGet                  
00003eff  SysCtlPWMClockSet                  
00003591  SysCtlPeripheralClockGating        
00003549  SysCtlPeripheralDeepSleepDisable   
000034f9  SysCtlPeripheralDeepSleepEnable    
00003435  SysCtlPeripheralDisable            
000033f9  SysCtlPeripheralEnable             
00003335  SysCtlPeripheralPowerOff           
000032f9  SysCtlPeripheralPowerOn            
00003279  SysCtlPeripheralPresent            
000032b9  SysCtlPeripheralReady              
00003371  SysCtlPeripheralReset              
000034bd  SysCtlPeripheralSleepDisable       
00003479  SysCtlPeripheralSleepEnable        
000036b5  SysCtlReset                        
00003771  SysCtlResetBehaviorGet             
00003761  SysCtlResetBehaviorSet             
000036e7  SysCtlResetCauseClear              
000036e1  SysCtlResetCauseGet                
0000321d  SysCtlSRAMSizeGet                  
000036bd  SysCtlSleep                        
00003691  SysCtlSleepPowerSet                
00003f79  SysCtlUSBPLLDisable                
00003f67  SysCtlUSBPLLEnable                 
00003fa5  SysCtlVoltageEventClear            
00003f89  SysCtlVoltageEventConfig           
00003f99  SysCtlVoltageEventStatus           
00007279  TimerADCEventGet                   
00007267  TimerADCEventSet                   
00006f9d  TimerClockSourceGet                
00006f73  TimerClockSourceSet                
00006d67  TimerConfigure                     
00006e87  TimerControlEvent                  
00006de3  TimerControlLevel                  
00006eb1  TimerControlStall                  
00006e19  TimerControlTrigger                
00006ee7  TimerControlWaitOnTrigger          
00007299  TimerDMAEventGet                   
00007287  TimerDMAEventSet                   
00006d49  TimerDisable                       
00006d2b  TimerEnable                        
00007243  TimerIntClear                      
0000720d  TimerIntDisable                    
000071f5  TimerIntEnable                     
000071af  TimerIntRegister                   
00007225  TimerIntStatus                     
000071d7  TimerIntUnregister                 
00007067  TimerLoadGet                       
0000709d  TimerLoadGet64                     
0000703d  TimerLoadSet                       
00007083  TimerLoadSet64                     
00007147  TimerMatchGet                      
0000717d  TimerMatchGet64                    
0000711d  TimerMatchSet                      
00007163  TimerMatchSet64                    
00006fd7  TimerPrescaleGet                   
00007021  TimerPrescaleMatchGet              
00006ff3  TimerPrescaleMatchSet              
00006fad  TimerPrescaleSet                   
00006f5d  TimerRTCDisable                    
00006f47  TimerRTCEnable                     
00007255  TimerSynchronize                   
000072a7  TimerUpdateMode                    
000070cf  TimerValueGet                      
000070eb  TimerValueGet64                    
000078cd  UART9BitAddrSend                   
000078a7  UART9BitAddrSet                    
00007891  UART9BitDisable                    
0000787b  UART9BitEnable                     
0000771f  UARTBreakCtl                       
00007749  UARTBusy                           
000076c7  UARTCharGet                        
000076ab  UARTCharGetNonBlocking             
00007701  UARTCharPut                        
000076dd  UARTCharPutNonBlocking             
0000766f  UARTCharsAvail                     
0000786b  UARTClockSourceGet                 
00007857  UARTClockSourceSet                 
0000743f  UARTConfigGetExpClk                
000073c9  UARTConfigSetExpClk                
0000781d  UARTDMADisable                     
00007805  UARTDMAEnable                      
000074af  UARTDisable                        
00007533  UARTDisableSIR                     
0000748b  UARTEnable                         
00007505  UARTEnableSIR                      
000074ef  UARTFIFODisable                    
000074d9  UARTFIFOEnable                     
000073a1  UARTFIFOLevelGet                   
00007389  UARTFIFOLevelSet                   
0000762f  UARTFlowControlGet                 
00007613  UARTFlowControlSet                 
000077f3  UARTIntClear                       
000077bd  UARTIntDisable                     
000077a5  UARTIntEnable                      
00007767  UARTIntRegister                    
000077d5  UARTIntStatus                      
00007785  UARTIntUnregister                  
000075c9  UARTModemControlClear              
000075ed  UARTModemControlGet                
00007591  UARTModemControlSet                
000075ff  UARTModemStatusGet                 
00007377  UARTParityModeGet                  
0000735b  UARTParityModeSet                  
00007847  UARTRxErrorClear                   
00007835  UARTRxErrorGet                     
0000757b  UARTSmartCardDisable               
00007549  UARTSmartCardEnable                
0000768d  UARTSpaceAvail                     
000083ad  UARTStdioConfig                    
0000765d  UARTTxIntModeGet                   
00007641  UARTTxIntModeSet                   
000084fd  UARTgetc                           
00008443  UARTgets                           
0000881f  UARTprintf                         
00008525  UARTvprintf                        
000083f3  UARTwrite                          
200067fc  __CIOBUF_                          
20007428  __STACK_END                        
00000200  __STACK_SIZE                       
20007428  __STACK_TOP                        
00000010  __SYSMEM_SIZE                      
0000d328  __TI_CINIT_Base                    
0000d340  __TI_CINIT_Limit                   
0000d30c  __TI_Handler_Table_Base            
0000d318  __TI_Handler_Table_Limit           
0000c42d  __TI_auto_init_nobinit_nopinit     
0000c621  __TI_cleanup                       
200071b4  __TI_cleanup_ptr                   
0000bc0d  __TI_closefile                     
0000be35  __TI_decompress_lzss               
0000c8fb  __TI_decompress_none               
0000c231  __TI_doflush                       
200071b8  __TI_dtors_ptr                     
200071bc  __TI_enable_exit_profile_output    
200071a4  __TI_ft_end                        
0000c18b  __TI_ltoa                          
ffffffff  __TI_pprof_out_hndl                
00004bd9  __TI_printfi                       
ffffffff  __TI_prof_data_size                
ffffffff  __TI_prof_data_start               
0000c655  __TI_readmsg                       
00000000  __TI_static_base__                 
20006acc  __TI_tmpnams                       
0000c5b1  __TI_writemsg                      
0000bf65  __TI_wrt_ok                        
0000c909  __TI_zero_init                     
0000ba09  __aeabi_cdcmpeq                    
0000ba09  __aeabi_cdcmple                    
0000ba8f  __aeabi_cdrcmple                   
0000c35d  __aeabi_d2iz                       
0000a1a3  __aeabi_dadd                       
0000aa2d  __aeabi_ddiv                       
0000b209  __aeabi_dmul                       
0000a199  __aeabi_dsub                       
0000c92d  __aeabi_errno_addr                 
0000c6ed  __aeabi_i2d                        
0000661b  __aeabi_idiv0                      
0000661b  __aeabi_ldiv0                      
0000bb91  __aeabi_memclr                     
0000bb91  __aeabi_memclr4                    
0000bb91  __aeabi_memclr8                    
0000b8d7  __aeabi_memcpy                     
0000b8d7  __aeabi_memcpy4                    
0000b8d7  __aeabi_memcpy8                    
0000bb93  __aeabi_memset                     
0000bb93  __aeabi_memset4                    
0000bb93  __aeabi_memset8                    
200071b0  __aeabi_stderr                     
200071a8  __aeabi_stdin                      
200071ac  __aeabi_stdout                     
0000c4b5  __aeabi_uidiv                      
0000c4b5  __aeabi_uidivmod                   
0000b973  __aeabi_uldivmod                   
ffffffff  __binit__                          
ffffffff  __c_args__                         
UNDEFED   __mpu_init                         
20007228  __stack                            
20000000  __start___llvm_prf_cnts            
20000000  __stop___llvm_prf_cnts             
0000c80d  _abort_msg                         
0000c689  _c_int00_noargs                    
0000ca6c  _ctypes_                           
20006ea8  _device                            
20006d2c  _ftable                            
200071e4  _lock                              
00005627  _nop                               
20006f20  _stream                            
20007428  _sys_memory                        
UNDEFED   _system_post_cinit                 
0000c943  _system_pre_init                   
200071e8  _unlock                            
0000c947  abort                              
20006cec  adc_info                           
200071f4  adc_pin_struct                     
000092ed  adc_task                           
00007efb  add_i2c_msg                        
00008865  add_page                           
20006d10  addr_ack_err                       
0000b109  aligned_alloc                      
20006d14  arb_lost_err                       
0000c27d  atoi                               
0000b6bb  bgd_color                          
ffffffff  binit                              
20006d18  blue_debug                         
0000b6ad  bold_text_color                    
0000b70d  clear_below_line                   
0000b703  clear_in_line                      
0000b6f9  clear_line                         
0000b6ef  clear_terminal                     
20006d1c  clk_tout_err                       
0000c029  close                              
00008ae9  console_task                       
0000a593  control_drawdata                   
0000a613  control_drawinput                  
0000a4dd  control_drawpage                   
0000c861  copysign                           
0000c861  copysignl                          
00009bd9  create_error                       
0000b6c9  cursor_pos                         
20006d20  data_ack_err                       
000006a5  eTaskGetState                      
20007224  errno                              
0000c315  exit                               
0000bb15  fflush                             
0000c6bd  finddevice                         
0000aee5  fputs                              
0000b3f5  free                               
0000be9d  frexp                              
0000be9d  frexpl                             
0000bf01  fseek                              
20000000  g_pfnRAMVectors                    
00000000  g_pfnVectors                       
000091e3  get_adc_config                     
0000925b  get_adc_struct                     
00009227  get_adc_val                        
0000b305  get_char                           
0000a435  get_gpi_config                     
0000a497  get_gpi_struct                     
0000a89f  get_gpo                            
0000a82f  get_gpo_config                     
0000c471  getdevice                          
200071fc  gpi_info                           
20006cf4  gpis_info                          
0000d180  gpo_info                           
20006d24  green_debug                        
0000abb7  homepage_drawdata                  
0000abb9  homepage_drawinput                 
0000ab65  homepage_drawpage                  
2000720c  i2c_msg_queue                      
00007f85  i2c_task                           
00009011  init_adc                           
000093bd  init_comp_ints                     
00008855  init_console                       
0000b36d  init_console_uart                  
0000a351  init_gpis                          
0000a7ad  init_gpos                          
00007e71  init_i2c                           
00009c4b  init_logger                        
0000aff9  ldexp                              
0000aff9  ldexpl                             
00009cb1  logger_drawdata                    
00009d61  logger_drawinput                   
00009c77  logger_drawpage                    
0000c79d  lseek                              
0000a655  main                               
0000c935  malloc                             
0000b109  memalign                           
0000c845  memccpy                            
0000c7ed  memchr                             
0000b8d7  memcpy                             
0000bb99  memset                             
20006cfc  parmbuf                            
00003075  pcQueueGetName                     
00000d55  pcTaskGetName                      
00005845  pcTimerGetName                     
00009fd9  pvPortMalloc                       
00001b01  pvTaskIncrementMutexHeldCount      
00005d3d  pvTimerGetTimerID                  
20006f70  pxCurrentTCB                       
000096dd  pxPortInitialiseStack              
0000a479  read_gpi                           
20006d28  red_debug                          
0000c71d  remove                             
0000b6e5  restore_cursor_pos                 
0000b6db  save_cursor_pos                    
0000aff9  scalbn                             
0000aff9  scalbnl                            
00009c39  set_error                          
0000a873  set_gpo                            
0000b691  set_text_mode                      
0000b4d9  setvbuf                            
0000c4f5  sprintf                            
0000c8ab  strchr                             
0000c893  strcmp                             
0000c8c1  strcpy                             
0000c8d5  strlen                             
0000c5e9  strncpy                            
0000c301  taskmanager_drawdata               
0000c303  taskmanager_drawinput              
0000c2c9  taskmanager_drawpage               
0000b69f  text_color                         
2000026c  ucHeap                             
00002da5  ucQueueGetQueueType                
0000d188  ulMaxSyscallInterruptPriority      
0000b5c5  ulPortGetIPSR                      
00001b19  ulTaskNotifyTake                   
0000c71d  unlink                             
00007e37  uxEventGroupGetNumber              
0000ad77  uxListRemove                       
00002d85  uxQueueGetQueueNumber              
00002ccf  uxQueueMessagesWaiting             
00002d31  uxQueueMessagesWaitingFromISR      
00002cfd  uxQueueSpacesAvailable             
00000d4f  uxTaskGetNumberOfTasks             
00000d9d  uxTaskGetSystemState               
00001387  uxTaskGetTaskNumber                
0000075b  uxTaskPriorityGet                  
0000078d  uxTaskPriorityGetFromISR           
00001adf  uxTaskResetEventItemValue          
00005e1b  uxTimerGetTimerNumber              
0000c759  vApplicationIdleHook               
0000c749  vApplicationMallocFailedHook       
0000c75b  vApplicationStackOverflowHook      
00007dd1  vEventGroupClearBitsCallback       
00007d6b  vEventGroupDelete                  
00007dc1  vEventGroupSetBitsCallback         
00007e57  vEventGroupSetNumber               
0000ac95  vListInitialise                    
0000acc5  vListInitialiseItem                
0000ad11  vListInsert                        
0000acd5  vListInsertEnd                     
0000b681  vPortEnableVFP                     
000097fd  vPortEndScheduler                  
00009821  vPortEnterCritical                 
00009863  vPortExitCritical                  
0000a0d9  vPortFree                          
0000a13d  vPortInitialiseBlocks              
0000b63d  vPortSVCHandler                    
000098b5  vPortSetupTimerInterrupt           
0000b65d  vPortStartFirstTask                
000098d1  vPortValidateInterruptPriority     
00003033  vQueueAddToRegistry                
00002d5b  vQueueDelete                       
00002d93  vQueueSetQueueNumber               
000030b5  vQueueUnregisterQueue              
000030f9  vQueueWaitForMessageRestricted     
0000063d  vTaskDelay                         
00000559  vTaskDelayUntil                    
0000048f  vTaskDelete                        
00000bf5  vTaskEndScheduler                  
0000148d  vTaskGetInfo                       
000012bf  vTaskInternalSetTimeOutState       
000019cd  vTaskList                          
0000137f  vTaskMissedYield                   
00001ee5  vTaskNotifyGiveFromISR             
0000106f  vTaskPlaceOnEventList              
00001111  vTaskPlaceOnEventListRestricted    
000010b1  vTaskPlaceOnUnorderedEventList     
00001879  vTaskPriorityDisinheritAfterTimeout
000007d1  vTaskPrioritySet                   
000011f5  vTaskRemoveFromUnorderedEventList  
00000a49  vTaskResume                        
000013a7  vTaskSetTaskNumber                 
0000128d  vTaskSetTimeOutState               
00000b81  vTaskStartScheduler                
00000905  vTaskSuspend                       
00000c15  vTaskSuspendAll                    
00000fa9  vTaskSwitchContext                 
000057d1  vTimerSetReloadMode                
00005d6b  vTimerSetTimerID                   
00005e29  vTimerSetTimerNumber               
0000c8e9  wcslen                             
0000c7c5  write                              
00007bc7  xEventGroupClearBits               
00007c25  xEventGroupClearBitsFromISR        
00007915  xEventGroupCreate                  
00007c3d  xEventGroupGetBitsFromISR          
00007c71  xEventGroupSetBits                 
00007e17  xEventGroupSetBitsFromISR          
00007935  xEventGroupSync                    
00007a67  xEventGroupWaitBits                
0000a137  xPortGetFreeHeapSize               
0000b5dd  xPortPendSVHandler                 
00009769  xPortStartScheduler                
0000988f  xPortSysTickHandler                
0000227d  xQueueCreateCountingSemaphore      
00002251  xQueueCreateMutex                  
00002179  xQueueGenericCreate                
000020c5  xQueueGenericReset                 
000022d9  xQueueGenericSend                  
0000248d  xQueueGenericSendFromISR           
00002595  xQueueGiveFromISR                  
00002f9f  xQueueIsQueueEmptyFromISR          
00002ff9  xQueueIsQueueFullFromISR           
000029cd  xQueuePeek                         
00002c23  xQueuePeekFromISR                  
00002685  xQueueReceive                      
00002b4b  xQueueReceiveFromISR               
20006bd0  xQueueRegistry                     
000027fd  xQueueSemaphoreTake                
000012d9  xTaskCheckForTimeOut               
0000026d  xTaskCreate                        
00001c45  xTaskGenericNotify                 
00001d85  xTaskGenericNotifyFromISR          
00001661  xTaskGetCurrentTaskHandle          
00001675  xTaskGetSchedulerState             
00000d2b  xTaskGetTickCount                  
00000d3b  xTaskGetTickCountFromISR           
00000e8d  xTaskIncrementTick                 
00001fcd  xTaskNotifyStateClear              
00001b8f  xTaskNotifyWait                    
0000179b  xTaskPriorityDisinherit            
000016c1  xTaskPriorityInherit               
00001155  xTaskRemoveFromEventList           
00000c29  xTaskResumeAll                     
00000add  xTaskResumeFromISR                 
00005667  xTimerCreate                       
00005629  xTimerCreateTimerTask              
00005709  xTimerGenericCommand               
0000581b  xTimerGetExpiryTime                
000057ab  xTimerGetPeriod                    
00005789  xTimerGetTimerDaemonTaskHandle     
00005d01  xTimerIsTimerActive                
00005dcf  xTimerPendFunctionCall             
00005d99  xTimerPendFunctionCallFromISR      


GLOBAL SYMBOLS: SORTED BY Symbol Address 

address   name                               
-------   ----                               
00000000  __TI_static_base__                 
00000000  g_pfnVectors                       
00000010  __SYSMEM_SIZE                      
00000200  __STACK_SIZE                       
0000026d  xTaskCreate                        
0000048f  vTaskDelete                        
00000559  vTaskDelayUntil                    
0000063d  vTaskDelay                         
000006a5  eTaskGetState                      
0000075b  uxTaskPriorityGet                  
0000078d  uxTaskPriorityGetFromISR           
000007d1  vTaskPrioritySet                   
00000905  vTaskSuspend                       
00000a49  vTaskResume                        
00000add  xTaskResumeFromISR                 
00000b81  vTaskStartScheduler                
00000bf5  vTaskEndScheduler                  
00000c15  vTaskSuspendAll                    
00000c29  xTaskResumeAll                     
00000d2b  xTaskGetTickCount                  
00000d3b  xTaskGetTickCountFromISR           
00000d4f  uxTaskGetNumberOfTasks             
00000d55  pcTaskGetName                      
00000d9d  uxTaskGetSystemState               
00000e8d  xTaskIncrementTick                 
00000fa9  vTaskSwitchContext                 
0000106f  vTaskPlaceOnEventList              
000010b1  vTaskPlaceOnUnorderedEventList     
00001111  vTaskPlaceOnEventListRestricted    
00001155  xTaskRemoveFromEventList           
000011f5  vTaskRemoveFromUnorderedEventList  
0000128d  vTaskSetTimeOutState               
000012bf  vTaskInternalSetTimeOutState       
000012d9  xTaskCheckForTimeOut               
0000137f  vTaskMissedYield                   
00001387  uxTaskGetTaskNumber                
000013a7  vTaskSetTaskNumber                 
0000148d  vTaskGetInfo                       
00001661  xTaskGetCurrentTaskHandle          
00001675  xTaskGetSchedulerState             
000016c1  xTaskPriorityInherit               
0000179b  xTaskPriorityDisinherit            
00001879  vTaskPriorityDisinheritAfterTimeout
000019cd  vTaskList                          
00001adf  uxTaskResetEventItemValue          
00001b01  pvTaskIncrementMutexHeldCount      
00001b19  ulTaskNotifyTake                   
00001b8f  xTaskNotifyWait                    
00001c45  xTaskGenericNotify                 
00001d85  xTaskGenericNotifyFromISR          
00001ee5  vTaskNotifyGiveFromISR             
00001fcd  xTaskNotifyStateClear              
000020c5  xQueueGenericReset                 
00002179  xQueueGenericCreate                
00002251  xQueueCreateMutex                  
0000227d  xQueueCreateCountingSemaphore      
000022d9  xQueueGenericSend                  
0000248d  xQueueGenericSendFromISR           
00002595  xQueueGiveFromISR                  
00002685  xQueueReceive                      
000027fd  xQueueSemaphoreTake                
000029cd  xQueuePeek                         
00002b4b  xQueueReceiveFromISR               
00002c23  xQueuePeekFromISR                  
00002ccf  uxQueueMessagesWaiting             
00002cfd  uxQueueSpacesAvailable             
00002d31  uxQueueMessagesWaitingFromISR      
00002d5b  vQueueDelete                       
00002d85  uxQueueGetQueueNumber              
00002d93  vQueueSetQueueNumber               
00002da5  ucQueueGetQueueType                
00002f9f  xQueueIsQueueEmptyFromISR          
00002ff9  xQueueIsQueueFullFromISR           
00003033  vQueueAddToRegistry                
00003075  pcQueueGetName                     
000030b5  vQueueUnregisterQueue              
000030f9  vQueueWaitForMessageRestricted     
0000321d  SysCtlSRAMSizeGet                  
00003227  SysCtlFlashSizeGet                 
00003253  SysCtlFlashSectorSizeGet           
00003279  SysCtlPeripheralPresent            
000032b9  SysCtlPeripheralReady              
000032f9  SysCtlPeripheralPowerOn            
00003335  SysCtlPeripheralPowerOff           
00003371  SysCtlPeripheralReset              
000033f9  SysCtlPeripheralEnable             
00003435  SysCtlPeripheralDisable            
00003479  SysCtlPeripheralSleepEnable        
000034bd  SysCtlPeripheralSleepDisable       
000034f9  SysCtlPeripheralDeepSleepEnable    
00003549  SysCtlPeripheralDeepSleepDisable   
00003591  SysCtlPeripheralClockGating        
000035e5  SysCtlIntRegister                  
000035fd  SysCtlIntUnregister                
0000360d  SysCtlIntEnable                    
00003621  SysCtlIntDisable                   
00003639  SysCtlIntClear                     
00003649  SysCtlIntStatus                    
00003665  SysCtlLDOSleepSet                  
00003675  SysCtlLDOSleepGet                  
0000367b  SysCtlLDODeepSleepSet              
0000368b  SysCtlLDODeepSleepGet              
00003691  SysCtlSleepPowerSet                
000036a5  SysCtlDeepSleepPowerSet            
000036b5  SysCtlReset                        
000036bd  SysCtlSleep                        
000036c5  SysCtlDeepSleep                    
000036e1  SysCtlResetCauseGet                
000036e7  SysCtlResetCauseClear              
000036fb  SysCtlMOSCConfigSet                
00003711  SysCtlPIOSCCalibrate               
00003761  SysCtlResetBehaviorSet             
00003771  SysCtlResetBehaviorGet             
000037c5  SysCtlClockFreqSet                 
00003add  SysCtlClockSet                     
00003ca9  SysCtlClockGet                     
00003e57  SysCtlDeepSleepClockSet            
00003e75  SysCtlDeepSleepClockConfigSet      
00003eff  SysCtlPWMClockSet                  
00003f19  SysCtlPWMClockGet                  
00003f2f  SysCtlGPIOAHBEnable                
00003f4b  SysCtlGPIOAHBDisable               
00003f67  SysCtlUSBPLLEnable                 
00003f79  SysCtlUSBPLLDisable                
00003f89  SysCtlVoltageEventConfig           
00003f99  SysCtlVoltageEventStatus           
00003fa5  SysCtlVoltageEventClear            
00003fb9  SysCtlNMIStatus                    
00003fbf  SysCtlNMIClear                     
00003fd3  SysCtlClockOutConfig               
00003fef  SysCtlAltClkConfig                 
000040af  GPIODirModeSet                     
0000410b  GPIODirModeGet                     
00004157  GPIOIntTypeSet                     
000041fb  GPIOIntTypeGet                     
00004291  GPIOPadConfigSet                   
000044cb  GPIOPadConfigGet                   
0000461d  GPIOIntEnable                      
00004637  GPIOIntDisable                     
00004651  GPIOIntStatus                      
00004673  GPIOIntClear                       
00004687  GPIOIntRegister                    
000046a5  GPIOIntUnregister                  
000046bf  GPIOPinRead                        
000046d7  GPIOPinWrite                       
000046f7  GPIOPinTypeADC                     
0000471b  GPIOPinTypeCAN                     
0000473f  GPIOPinTypeComparator              
00004763  GPIOPinTypeEPI                     
00004787  GPIOPinTypeEthernetLED             
000047ab  GPIOPinTypeEthernetMII             
000047cf  GPIOPinTypeGPIOInput               
000047f3  GPIOPinTypeGPIOOutput              
00004817  GPIOPinTypeGPIOOutputOD            
0000483b  GPIOPinTypeI2C                     
0000485f  GPIOPinTypeI2CSCL                  
00004883  GPIOPinTypeLCD                     
000048a7  GPIOPinTypeLPC                     
000048cb  GPIOPinTypePECIRx                  
000048ef  GPIOPinTypePECITx                  
00004913  GPIOPinTypePWM                     
00004937  GPIOPinTypeQEI                     
0000495b  GPIOPinTypeSSI                     
0000497f  GPIOPinTypeTimer                   
000049a3  GPIOPinTypeUART                    
000049c7  GPIOPinTypeUSBAnalog               
000049eb  GPIOPinTypeUSBDigital              
00004a0f  GPIOPinTypeWakeHigh                
00004a35  GPIOPinTypeWakeLow                 
00004a5b  GPIOPinTypeKBRow                   
00004a7f  GPIOPinTypeKBColumn                
00004aa3  GPIOPinTypeLEDSeq                  
00004ac7  GPIOPinTypeCIR                     
00004aeb  GPIOPinWakeStatus                  
00004afb  GPIOPinConfigure                   
00004b59  GPIODMATriggerEnable               
00004b77  GPIODMATriggerDisable              
00004b95  GPIOADCTriggerEnable               
00004bb3  GPIOADCTriggerDisable              
00004bd9  __TI_printfi                       
00005627  _nop                               
00005629  xTimerCreateTimerTask              
00005667  xTimerCreate                       
00005709  xTimerGenericCommand               
00005789  xTimerGetTimerDaemonTaskHandle     
000057ab  xTimerGetPeriod                    
000057d1  vTimerSetReloadMode                
0000581b  xTimerGetExpiryTime                
00005845  pcTimerGetName                     
00005d01  xTimerIsTimerActive                
00005d3d  pvTimerGetTimerID                  
00005d6b  vTimerSetTimerID                   
00005d99  xTimerPendFunctionCallFromISR      
00005dcf  xTimerPendFunctionCall             
00005e1b  uxTimerGetTimerNumber              
00005e29  vTimerSetTimerNumber               
00005eb3  ADCIntRegister                     
00005edb  ADCIntUnregister                   
00005ef9  ADCIntDisable                      
00005f15  ADCIntEnable                       
00005f3b  ADCIntStatus                       
00005f93  ADCIntClear                        
00005fa9  ADCSequenceEnable                  
00005fc3  ADCSequenceDisable                 
00005fdd  ADCSequenceConfigure               
00006061  ADCSequenceStepConfigure           
00006155  ADCSequenceOverflow                
0000616d  ADCSequenceOverflowClear           
00006183  ADCSequenceUnderflow               
0000619b  ADCSequenceUnderflowClear          
000061b1  ADCSequenceDataGet                 
000061f3  ADCProcessorTrigger                
00006217  ADCSoftwareOversampleConfigure     
0000624f  ADCSoftwareOversampleStepConfigure 
0000630f  ADCSoftwareOversampleDataGet       
0000637d  ADCHardwareOversampleConfigure     
000063af  ADCComparatorConfigure             
000063cb  ADCComparatorRegionSet             
000063ef  ADCComparatorReset                 
00006435  ADCComparatorIntDisable            
00006453  ADCComparatorIntEnable             
00006471  ADCComparatorIntStatus             
0000647f  ADCComparatorIntClear              
00006491  ADCIntDisableEx                    
000064a9  ADCIntEnableEx                     
000064c5  ADCIntStatusEx                     
000064f7  ADCIntClearEx                      
0000650f  ADCReferenceSet                    
0000652b  ADCReferenceGet                    
0000653d  ADCPhaseDelaySet                   
0000654f  ADCPhaseDelayGet                   
0000655d  ADCSequenceDMAEnable               
00006579  ADCSequenceDMADisable              
00006595  ADCBusy                            
000065b3  ADCClockConfigSet                  
000065dd  ADCClockConfigGet                  
0000661b  __aeabi_idiv0                      
0000661b  __aeabi_ldiv0                      
0000667b  I2CMasterInitExpClk                
000066ed  I2CSlaveInit                       
00006707  I2CSlaveAddressSet                 
00006745  I2CMasterEnable                    
0000675b  I2CSlaveEnable                     
00006779  I2CMasterDisable                   
0000678f  I2CSlaveDisable                    
000067ad  I2CIntRegister                     
000067cb  I2CIntUnregister                   
000067e5  I2CMasterIntEnable                 
000067f5  I2CMasterIntEnableEx               
0000680d  I2CSlaveIntEnable                  
00006825  I2CSlaveIntEnableEx                
0000683f  I2CMasterIntDisable                
0000684f  I2CMasterIntDisableEx              
00006867  I2CSlaveIntDisable                 
0000687f  I2CSlaveIntDisableEx               
00006899  I2CMasterIntStatus                 
000068dd  I2CMasterIntStatusEx               
00006909  I2CSlaveIntStatus                  
00006951  I2CSlaveIntStatusEx                
00006973  I2CMasterIntClear                  
00006991  I2CMasterIntClearEx                
000069a3  I2CSlaveIntClear                   
000069b5  I2CSlaveIntClearEx                 
000069c9  I2CMasterSlaveAddrSet              
000069eb  I2CMasterLineStateGet              
000069f9  I2CMasterBusy                      
00006a11  I2CMasterBusBusy                   
00006a29  I2CMasterControl                   
00006a3b  I2CMasterErr                       
00006a67  I2CMasterDataPut                   
00006a7d  I2CMasterDataGet                   
00006a8b  I2CMasterTimeoutSet                
00006a9d  I2CSlaveACKOverride                
00006acf  I2CSlaveACKValueSet                
00006b01  I2CSlaveStatus                     
00006b11  I2CSlaveDataPut                    
00006b29  I2CSlaveDataGet                    
00006b39  I2CTxFIFOConfigSet                 
00006b61  I2CTxFIFOFlush                     
00006b79  I2CRxFIFOConfigSet                 
00006ba1  I2CRxFIFOFlush                     
00006bb9  I2CFIFOStatus                      
00006bc9  I2CFIFODataPut                     
00006beb  I2CFIFODataPutNonBlocking          
00006c13  I2CFIFODataGet                     
00006c2d  I2CFIFODataGetNonBlocking          
00006c53  I2CMasterBurstLengthSet            
00006c69  I2CMasterBurstCountGet             
00006c77  I2CMasterGlitchFilterConfigSet     
00006c8f  I2CSlaveFIFOEnable                 
00006ca7  I2CSlaveFIFODisable                
00006d2b  TimerEnable                        
00006d49  TimerDisable                       
00006d67  TimerConfigure                     
00006de3  TimerControlLevel                  
00006e19  TimerControlTrigger                
00006e87  TimerControlEvent                  
00006eb1  TimerControlStall                  
00006ee7  TimerControlWaitOnTrigger          
00006f47  TimerRTCEnable                     
00006f5d  TimerRTCDisable                    
00006f73  TimerClockSourceSet                
00006f9d  TimerClockSourceGet                
00006fad  TimerPrescaleSet                   
00006fd7  TimerPrescaleGet                   
00006ff3  TimerPrescaleMatchSet              
00007021  TimerPrescaleMatchGet              
0000703d  TimerLoadSet                       
00007067  TimerLoadGet                       
00007083  TimerLoadSet64                     
0000709d  TimerLoadGet64                     
000070cf  TimerValueGet                      
000070eb  TimerValueGet64                    
0000711d  TimerMatchSet                      
00007147  TimerMatchGet                      
00007163  TimerMatchSet64                    
0000717d  TimerMatchGet64                    
000071af  TimerIntRegister                   
000071d7  TimerIntUnregister                 
000071f5  TimerIntEnable                     
0000720d  TimerIntDisable                    
00007225  TimerIntStatus                     
00007243  TimerIntClear                      
00007255  TimerSynchronize                   
00007267  TimerADCEventSet                   
00007279  TimerADCEventGet                   
00007287  TimerDMAEventSet                   
00007299  TimerDMAEventGet                   
000072a7  TimerUpdateMode                    
0000735b  UARTParityModeSet                  
00007377  UARTParityModeGet                  
00007389  UARTFIFOLevelSet                   
000073a1  UARTFIFOLevelGet                   
000073c9  UARTConfigSetExpClk                
0000743f  UARTConfigGetExpClk                
0000748b  UARTEnable                         
000074af  UARTDisable                        
000074d9  UARTFIFOEnable                     
000074ef  UARTFIFODisable                    
00007505  UARTEnableSIR                      
00007533  UARTDisableSIR                     
00007549  UARTSmartCardEnable                
0000757b  UARTSmartCardDisable               
00007591  UARTModemControlSet                
000075c9  UARTModemControlClear              
000075ed  UARTModemControlGet                
000075ff  UARTModemStatusGet                 
00007613  UARTFlowControlSet                 
0000762f  UARTFlowControlGet                 
00007641  UARTTxIntModeSet                   
0000765d  UARTTxIntModeGet                   
0000766f  UARTCharsAvail                     
0000768d  UARTSpaceAvail                     
000076ab  UARTCharGetNonBlocking             
000076c7  UARTCharGet                        
000076dd  UARTCharPutNonBlocking             
00007701  UARTCharPut                        
0000771f  UARTBreakCtl                       
00007749  UARTBusy                           
00007767  UARTIntRegister                    
00007785  UARTIntUnregister                  
000077a5  UARTIntEnable                      
000077bd  UARTIntDisable                     
000077d5  UARTIntStatus                      
000077f3  UARTIntClear                       
00007805  UARTDMAEnable                      
0000781d  UARTDMADisable                     
00007835  UARTRxErrorGet                     
00007847  UARTRxErrorClear                   
00007857  UARTClockSourceSet                 
0000786b  UARTClockSourceGet                 
0000787b  UART9BitEnable                     
00007891  UART9BitDisable                    
000078a7  UART9BitAddrSet                    
000078cd  UART9BitAddrSend                   
00007915  xEventGroupCreate                  
00007935  xEventGroupSync                    
00007a67  xEventGroupWaitBits                
00007bc7  xEventGroupClearBits               
00007c25  xEventGroupClearBitsFromISR        
00007c3d  xEventGroupGetBitsFromISR          
00007c71  xEventGroupSetBits                 
00007d6b  vEventGroupDelete                  
00007dc1  vEventGroupSetBitsCallback         
00007dd1  vEventGroupClearBitsCallback       
00007e17  xEventGroupSetBitsFromISR          
00007e37  uxEventGroupGetNumber              
00007e57  vEventGroupSetNumber               
00007e71  init_i2c                           
00007efb  add_i2c_msg                        
00007f85  i2c_task                           
000083ad  UARTStdioConfig                    
000083f3  UARTwrite                          
00008443  UARTgets                           
000084fd  UARTgetc                           
00008525  UARTvprintf                        
0000881f  UARTprintf                         
00008855  init_console                       
00008865  add_page                           
00008ae9  console_task                       
00008c53  IntMasterEnable                    
00008c63  IntMasterDisable                   
00008c73  IntRegister                        
00008cc5  IntUnregister                      
00008cd9  IntPriorityGroupingSet             
00008cf3  IntPriorityGroupingGet             
00008d2b  IntPrioritySet                     
00008d7b  IntPriorityGet                     
00008d9f  IntEnable                          
00008e11  IntDisable                         
00008e83  IntIsEnabled                       
00008f09  IntPendSet                         
00008f79  IntPendClear                       
00008fc7  IntPriorityMaskSet                 
00008fd3  IntPriorityMaskGet                 
00008fdb  IntTrigger                         
00009011  init_adc                           
000091e3  get_adc_config                     
00009227  get_adc_val                        
0000925b  get_adc_struct                     
00009265  ADCSeq0Handler                     
000092ad  ADCSeq1Handler                     
000092ed  adc_task                           
000093bd  init_comp_ints                     
0000953d  Comp0IntHandler                    
00009565  Comp1IntHandler                    
000096dd  pxPortInitialiseStack              
00009769  xPortStartScheduler                
000097fd  vPortEndScheduler                  
00009821  vPortEnterCritical                 
00009863  vPortExitCritical                  
0000988f  xPortSysTickHandler                
000098b5  vPortSetupTimerInterrupt           
000098d1  vPortValidateInterruptPriority     
00009bd9  create_error                       
00009c39  set_error                          
00009c4b  init_logger                        
00009c77  logger_drawpage                    
00009cb1  logger_drawdata                    
00009d61  logger_drawinput                   
00009fd9  pvPortMalloc                       
0000a0d9  vPortFree                          
0000a137  xPortGetFreeHeapSize               
0000a13d  vPortInitialiseBlocks              
0000a199  __aeabi_dsub                       
0000a1a3  __aeabi_dadd                       
0000a351  init_gpis                          
0000a435  get_gpi_config                     
0000a479  read_gpi                           
0000a497  get_gpi_struct                     
0000a4dd  control_drawpage                   
0000a593  control_drawdata                   
0000a613  control_drawinput                  
0000a655  main                               
0000a7ad  init_gpos                          
0000a82f  get_gpo_config                     
0000a873  set_gpo                            
0000a89f  get_gpo                            
0000aa2d  __aeabi_ddiv                       
0000ab65  homepage_drawpage                  
0000abb7  homepage_drawdata                  
0000abb9  homepage_drawinput                 
0000ac95  vListInitialise                    
0000acc5  vListInitialiseItem                
0000acd5  vListInsertEnd                     
0000ad11  vListInsert                        
0000ad77  uxListRemove                       
0000aee5  fputs                              
0000aff9  ldexp                              
0000aff9  ldexpl                             
0000aff9  scalbn                             
0000aff9  scalbnl                            
0000b109  aligned_alloc                      
0000b109  memalign                           
0000b209  __aeabi_dmul                       
0000b305  get_char                           
0000b36d  init_console_uart                  
0000b3f5  free                               
0000b4d9  setvbuf                            
0000b5c5  ulPortGetIPSR                      
0000b5dd  xPortPendSVHandler                 
0000b63d  vPortSVCHandler                    
0000b65d  vPortStartFirstTask                
0000b681  vPortEnableVFP                     
0000b691  set_text_mode                      
0000b69f  text_color                         
0000b6ad  bold_text_color                    
0000b6bb  bgd_color                          
0000b6c9  cursor_pos                         
0000b6db  save_cursor_pos                    
0000b6e5  restore_cursor_pos                 
0000b6ef  clear_terminal                     
0000b6f9  clear_line                         
0000b703  clear_in_line                      
0000b70d  clear_below_line                   
0000b765  FPUEnable                          
0000b777  FPUDisable                         
0000b785  FPUStackingEnable                  
0000b797  FPULazyStackingEnable              
0000b7a3  FPUStackingDisable                 
0000b7af  FPUHalfPrecisionModeSet            
0000b7c9  FPUNaNModeSet                      
0000b7e3  FPUFlushToZeroModeSet              
0000b7fd  FPURoundingModeSet                 
0000b8d7  __aeabi_memcpy                     
0000b8d7  __aeabi_memcpy4                    
0000b8d7  __aeabi_memcpy8                    
0000b8d7  memcpy                             
0000b973  __aeabi_uldivmod                   
0000ba09  __aeabi_cdcmpeq                    
0000ba09  __aeabi_cdcmple                    
0000ba8f  __aeabi_cdrcmple                   
0000bb15  fflush                             
0000bb91  __aeabi_memclr                     
0000bb91  __aeabi_memclr4                    
0000bb91  __aeabi_memclr8                    
0000bb93  __aeabi_memset                     
0000bb93  __aeabi_memset4                    
0000bb93  __aeabi_memset8                    
0000bb99  memset                             
0000bc0d  __TI_closefile                     
0000bd61  HOSTrename                         
0000bdcd  HOSTlseek                          
0000be35  __TI_decompress_lzss               
0000be9d  frexp                              
0000be9d  frexpl                             
0000bf01  fseek                              
0000bf65  __TI_wrt_ok                        
0000bfc9  HOSTopen                           
0000c029  close                              
0000c085  HOSTread                           
0000c0dd  HOSTwrite                          
0000c18b  __TI_ltoa                          
0000c231  __TI_doflush                       
0000c27d  atoi                               
0000c2c9  taskmanager_drawpage               
0000c301  taskmanager_drawdata               
0000c303  taskmanager_drawinput              
0000c315  exit                               
0000c35d  __aeabi_d2iz                       
0000c3a5  HOSTclose                          
0000c3e9  HOSTunlink                         
0000c42d  __TI_auto_init_nobinit_nopinit     
0000c471  getdevice                          
0000c4b5  __aeabi_uidiv                      
0000c4b5  __aeabi_uidivmod                   
0000c4f5  sprintf                            
0000c573  CPUcpsid                           
0000c57f  CPUprimask                         
0000c589  CPUcpsie                           
0000c595  CPUwfi                             
0000c599  CPUbasepriSet                      
0000c5a7  CPUbasepriGet                      
0000c5b1  __TI_writemsg                      
0000c5df  C$$IO$$                            
0000c5e9  strncpy                            
0000c621  __TI_cleanup                       
0000c655  __TI_readmsg                       
0000c689  _c_int00_noargs                    
0000c6bd  finddevice                         
0000c6ed  __aeabi_i2d                        
0000c71d  remove                             
0000c71d  unlink                             
0000c749  vApplicationMallocFailedHook       
0000c759  vApplicationIdleHook               
0000c75b  vApplicationStackOverflowHook      
0000c79d  lseek                              
0000c7c5  write                              
0000c7ed  memchr                             
0000c80d  _abort_msg                         
0000c845  memccpy                            
0000c861  copysign                           
0000c861  copysignl                          
0000c893  strcmp                             
0000c8ab  strchr                             
0000c8c1  strcpy                             
0000c8d5  strlen                             
0000c8e9  wcslen                             
0000c8fb  __TI_decompress_none               
0000c909  __TI_zero_init                     
0000c915  ResetISR                           
0000c92d  __aeabi_errno_addr                 
0000c935  malloc                             
0000c93d  SysCtlDelay                        
0000c943  _system_pre_init                   
0000c947  C$$EXIT                            
0000c947  abort                              
0000ca6c  _ctypes_                           
0000d180  gpo_info                           
0000d188  ulMaxSyscallInterruptPriority      
0000d30c  __TI_Handler_Table_Base            
0000d318  __TI_Handler_Table_Limit           
0000d328  __TI_CINIT_Base                    
0000d340  __TI_CINIT_Limit                   
20000000  __start___llvm_prf_cnts            
20000000  __stop___llvm_prf_cnts             
20000000  g_pfnRAMVectors                    
2000026c  ucHeap                             
200067fc  __CIOBUF_                          
20006acc  __TI_tmpnams                       
20006bd0  xQueueRegistry                     
20006cec  adc_info                           
20006cf4  gpis_info                          
20006cfc  parmbuf                            
20006d10  addr_ack_err                       
20006d14  arb_lost_err                       
20006d18  blue_debug                         
20006d1c  clk_tout_err                       
20006d20  data_ack_err                       
20006d24  green_debug                        
20006d28  red_debug                          
20006d2c  _ftable                            
20006ea8  _device                            
20006f20  _stream                            
20006f70  pxCurrentTCB                       
200071a4  __TI_ft_end                        
200071a8  __aeabi_stdin                      
200071ac  __aeabi_stdout                     
200071b0  __aeabi_stderr                     
200071b4  __TI_cleanup_ptr                   
200071b8  __TI_dtors_ptr                     
200071bc  __TI_enable_exit_profile_output    
200071e4  _lock                              
200071e8  _unlock                            
200071f4  adc_pin_struct                     
200071fc  gpi_info                           
2000720c  i2c_msg_queue                      
20007224  errno                              
20007228  __stack                            
20007428  __STACK_END                        
20007428  __STACK_TOP                        
20007428  _sys_memory                        
ffffffff  __TI_pprof_out_hndl                
ffffffff  __TI_prof_data_size                
ffffffff  __TI_prof_data_start               
ffffffff  __binit__                          
ffffffff  __c_args__                         
ffffffff  binit                              
UNDEFED   __mpu_init                         
UNDEFED   _system_post_cinit                 

[640 symbols]
