******************************************************************************
                  TI ARM Linker PC v20.2.2                     
******************************************************************************
>> Linked Mon May 17 23:20:15 2021

OUTPUT FILE NAME:   <drum_pad.out>
ENTRY POINT SYMBOL: "_c_int00_noargs"  address: 0001024d


MEMORY CONFIGURATION

         name            origin    length      used     unused   attr    fill
----------------------  --------  ---------  --------  --------  ----  --------
  FLASH                 00000000   00040000  0001137f  0002ec81  R  X
  SRAM                  20000000   00008000  00005517  00002ae9  RW X


SEGMENT ALLOCATION MAP

run origin  load origin   length   init length attrs members
----------  ----------- ---------- ----------- ----- -------
00000000    00000000    00011388   00011388    r-x
  00000000    00000000    0000026c   0000026c    r-- .intvecs
  0000026c    0000026c    00010452   00010452    r-x .text
  000106c0    000106c0    000009b1   000009b1    r-- .const
  00011078    00011078    00000310   00000310    r-- .cinit
20000000    20000000    00005518   00000000    rw-
  20000000    20000000    0000026c   00000000    rw- .vtable
  2000026c    2000026c    000044bb   00000000    rw- .bss
  20004728    20004728    000009e0   00000000    rw- .data
  20005108    20005108    00000400   00000000    rw- .stack
  20005508    20005508    00000010   00000000    rw- .sysmem


SECTION ALLOCATION MAP

 output                                  attributes/
section   page    origin      length       input sections
--------  ----  ----------  ----------   ----------------
.intvecs   0    00000000    0000026c     
                  00000000    0000026c     tm4c123gh6pm_startup_ccs.obj (.intvecs)

.text      0    0000026c    00010452     
                  0000026c    00001ddc     tasks.obj (.text)
                  00002048    000015ba     usb.obj (.text)
                  00003602    00000002     rtsv7M4_T_le_v4SPD16_eabi.lib : _lock.c.obj (.text:_nop)
                  00003604    00000fa8     queue.obj (.text)
                  000045ac    00000ef4     sysctl.obj (.text)
                  000054a0    00000b88     gpio.obj (.text)
                  00006028    00000a4e     rtsv7M4_T_le_v4SPD16_eabi.lib : _printfi.c.obj (.text:__TI_printfi)
                  00006a76    00000002                                   : div0.asm.obj (.text)
                  00006a78    000009ec     drum_pad_functions.obj (.text)
                  00007464    000007c2     adc.obj (.text)
                  00007c26    00000002     --HOLE-- [fill = 0]
                  00007c28    0000069c     i2c.obj (.text)
                  000082c4    00000642     timer.obj (.text)
                  00008906    00000002     --HOLE-- [fill = 0]
                  00008908    00000618     uart.obj (.text)
                  00008f20    00000564     I2C_task.obj (.text)
                  00009484    000004a8     uartstdio.obj (.text)
                  0000992c    00000494     console_task.obj (.text)
                  00009dc0    0000045c     ads1x15_task.obj (.text)
                  0000a21c    00000444     ADC_task.obj (.text)
                  0000a660    000003c0     interrupt.obj (.text)
                  0000aa20    00000384     joystick_functions.obj (.text)
                  0000ada4    00000350     midi_channel_select.obj (.text)
                  0000b0f4    00000346     ssi.obj (.text)
                  0000b43a    00000002     --HOLE-- [fill = 0]
                  0000b43c    000002ec     looper_buttons_task.obj (.text)
                  0000b728    0000028c     port.obj (.text)
                  0000b9b4    00000274     midi_ctrl_board.obj (.text)
                  0000bc28    00000270     rtsv7M4_T_le_v4SPD16_eabi.lib : _printfi.c.obj (.text:_pconv_a)
                  0000be98    00000258     looper_effects.obj (.text)
                  0000c0f0    00000224     looper_volume_functions.obj (.text)
                  0000c314    00000224     midi_uart_functions.obj (.text)
                  0000c538    000001f4     looper_board.obj (.text)
                  0000c72c    000001e4     logger.obj (.text)
                  0000c910    000001d0     rtsv7M4_T_le_v4SPD16_eabi.lib : _printfi.c.obj (.text:_pconv_g)
                  0000cae0    000001cc     midi_knobs_functions.obj (.text)
                  0000ccac    000001c0     GPIs.obj (.text)
                  0000ce6c    000001c0     heap_2.obj (.text)
                  0000d02c    000001b6     rtsv7M4_T_le_v4SPD16_eabi.lib : fd_add_t2.asm.obj (.text)
                  0000d1e2    00000002     --HOLE-- [fill = 0]
                  0000d1e4    00000178     control_page.obj (.text)
                  0000d35c    00000170     GPOs.obj (.text)
                  0000d4cc    00000150     usblib.lib : usbdenum.obj (.text:USBDEP0StateTxConfig)
                  0000d61c    00000150                : usbdenum.obj (.text:USBDeviceIntHandlerInternal)
                  0000d76c    00000148                : usbdconfig.obj (.text:USBDeviceConfig)
                  0000d8b4    0000013c     rtsv7M4_T_le_v4SPD16_eabi.lib : _printfi.c.obj (.text:_pconv_e)
                  0000d9f0    00000136                                   : fd_div_t2.asm.obj (.text)
                  0000db26    0000012a     list.obj (.text)
                  0000dc50    00000124     rtsv7M4_T_le_v4SPD16_eabi.lib : _printfi.c.obj (.text:fcvt)
                  0000dd74    00000124     homepage.obj (.text)
                  0000de98    00000120     host_uart_task.obj (.text)
                  0000dfb8    0000011c     midi_buttons_task.obj (.text)
                  0000e0d4    00000114     rtsv7M4_T_le_v4SPD16_eabi.lib : fputs.c.obj (.text:fputs)
                  0000e1e8    00000110                                   : s_scalbn.c.obj (.text:scalbn)
                  0000e2f8    00000100                                   : memory.c.obj (.text:aligned_alloc)
                  0000e3f8    000000fc     console_uart.obj (.text)
                  0000e4f4    000000fc     rtsv7M4_T_le_v4SPD16_eabi.lib : fd_mul_t2.asm.obj (.text)
                  0000e5f0    000000e4     usblib.lib : usbdenum.obj (.text:USBDGetDescriptor)
                  0000e6d4    000000e4     rtsv7M4_T_le_v4SPD16_eabi.lib : memory.c.obj (.text:free)
                  0000e7b8    000000dc                                   : setvbuf.c.obj (.text:setvbuf)
                  0000e894    000000da     portasm.obj (.text)
                  0000e96e    00000002     --HOLE-- [fill = 0]
                  0000e970    000000d8     usblib.lib : usbdenum.obj (.text:USBDeviceEnumHandler)
                  0000ea48    000000d2     text_controls.obj (.text)
                  0000eb1a    00000002     --HOLE-- [fill = 0]
                  0000eb1c    000000c0     fpu.obj (.text)
                  0000ebdc    000000b1     rtsv7M4_T_le_v4SPD16_eabi.lib : _printfi.c.obj (.text:_ltostr)
                  0000ec8d    00000001     --HOLE-- [fill = 0]
                  0000ec8e    0000009c                                   : memcpy_t2.asm.obj (.text)
                  0000ed2a    00000002     --HOLE-- [fill = 0]
                  0000ed2c    00000098     usblib.lib : usbdenum.obj (.text:USBDSetInterface)
                  0000edc4    00000096     rtsv7M4_T_le_v4SPD16_eabi.lib : ull_div_t2.asm.obj (.text)
                  0000ee5a    00000002     --HOLE-- [fill = 0]
                  0000ee5c    00000090     usblib.lib : usbdenum.obj (.text:USBDSetConfiguration)
                  0000eeec    0000008c                : usbdconfig.obj (.text:USBDeviceConfigAlternate)
                  0000ef78    00000086     rtsv7M4_T_le_v4SPD16_eabi.lib : fd_cmp_t2.asm.obj (.text:__aeabi_cdcmple)
                  0000effe    00000086                                   : fd_cmp_t2.asm.obj (.text:__aeabi_cdrcmple)
                  0000f084    0000007c     usblib.lib : usbdenum.obj (.text:USBDClearFeature)
                  0000f100    0000007c     board_select.obj (.text)
                  0000f17c    0000007c     rtsv7M4_T_le_v4SPD16_eabi.lib : fflush.c.obj (.text:fflush)
                  0000f1f8    0000007a                                   : memset_t2.asm.obj (.text)
                  0000f272    00000002     --HOLE-- [fill = 0]
                  0000f274    00000078     usblib.lib : usbdenum.obj (.text:USBDGetStatus)
                  0000f2ec    00000074     rtsv7M4_T_le_v4SPD16_eabi.lib : fclose.c.obj (.text:__TI_closefile)
                  0000f360    00000074     main.obj (.text)
                  0000f3d4    00000070     usblib.lib : usbdenum.obj (.text:USBDEP0StateTx)
                  0000f444    00000070                : usbdenum.obj (.text:USBDSetFeature)
                  0000f4b4    00000070     rtsv7M4_T_le_v4SPD16_eabi.lib : memory.c.obj (.text:split)
                  0000f524    0000006e                                   : _printfi.c.obj (.text:_mcpy)
                  0000f592    00000002     --HOLE-- [fill = 0]
                  0000f594    0000006c                                   : hostrename.c.obj (.text:HOSTrename)
                  0000f600    00000068                                   : hostlseek.c.obj (.text:HOSTlseek)
                  0000f668    00000068                                   : copy_decompress_lzss.c.obj (.text:decompress:lzss:__TI_decompress_lzss)
                  0000f6d0    00000064                                   : s_frexp.c.obj (.text:frexp)
                  0000f734    00000064                                   : fseek.c.obj (.text:fseek)
                  0000f798    00000062                                   : _io_perm.c.obj (.text:__TI_wrt_ok)
                  0000f7fa    00000002     --HOLE-- [fill = 0]
                  0000f7fc    00000060                                   : hostopen.c.obj (.text:HOSTopen)
                  0000f85c    00000060     usblib.lib : usbdenum.obj (.text:USBDReadAndDispatchRequest)
                  0000f8bc    0000005c     rtsv7M4_T_le_v4SPD16_eabi.lib : close.c.obj (.text:close)
                  0000f918    00000058                                   : hostread.c.obj (.text:HOSTread)
                  0000f970    00000058                                   : hostwrite.c.obj (.text:HOSTwrite)
                  0000f9c8    00000056                                   : _printfi.c.obj (.text:_pconv_f)
                  0000fa1e    00000054                                   : _ltoa.c.obj (.text:__TI_ltoa)
                  0000fa72    00000052                                   : _printfi.c.obj (.text:_ecpy)
                  0000fac4    00000050     usblib.lib : usbdcdesc.obj (.text:USBDCDConfigDescGet)
                  0000fb14    00000050                : usbdenum.obj (.text:USBDeviceResumeTickHandler)
                  0000fb64    0000004c                : usbdconfig.obj (.text:GetEPDescriptorType)
                  0000fbb0    0000004c                : usbdenum.obj (.text:USBDStringIndexFromRequest)
                  0000fbfc    0000004c     rtsv7M4_T_le_v4SPD16_eabi.lib : fflush.c.obj (.text:__TI_doflush)
                  0000fc48    0000004c                                   : atoi.c.obj (.text:atoi)
                  0000fc94    0000004c     task_manager_page.obj (.text)
                  0000fce0    0000004a     usblib.lib : usbdcdesc.obj (.text:ConfigAlternateInterfaceGet)
                  0000fd2a    00000002     --HOLE-- [fill = 0]
                  0000fd2c    00000048                : usbdenum.obj (.text:USBDeviceEnumResetHandler)
                  0000fd74    00000048     rtsv7M4_T_le_v4SPD16_eabi.lib : exit.c.obj (.text:exit)
                  0000fdbc    00000048                                   : fd_toi_t2.asm.obj (.text)
                  0000fe04    00000044                                   : hostclose.c.obj (.text:HOSTclose)
                  0000fe48    00000044                                   : hostunlink.c.obj (.text:HOSTunlink)
                  0000fe8c    00000044     usblib.lib : usbdenum.obj (.text:USBDGetInterface)
                  0000fed0    00000044     rtsv7M4_T_le_v4SPD16_eabi.lib : autoinit.c.obj (.text:__TI_auto_init_nobinit_nopinit:__TI_auto_init_nobinit_nopinit)
                  0000ff14    00000044                                   : getdevice.c.obj (.text:getdevice)
                  0000ff58    00000044                                   : fd_tou_t2.asm.obj (.text)
                  0000ff9c    00000040                                   : u_divt2.asm.obj (.text)
                  0000ffdc    00000040                                   : sprintf.c.obj (.text:sprintf)
                  0001001c    0000003e                                   : _printfi.c.obj (.text:_fcpy)
                  0001005a    0000003e     cpu.obj (.text)
                  00010098    00000038     usblib.lib : usbtick.obj (.text:InternalUSBStartOfFrameTick)
                  000100d0    00000038                : usbdcdesc.obj (.text:USBDCDConfigGetInterfaceEndpoint)
                  00010108    00000038     rtsv7M4_T_le_v4SPD16_eabi.lib : trgmsg.c.obj (.text:__TI_writemsg)
                  00010140    00000038                                   : fs_tod_t2.asm.obj (.text)
                  00010178    00000036                                   : strncpy.c.obj (.text:strncpy)
                  000101ae    00000034     usblib.lib : usbdcdesc.obj (.text:NextConfigDescGet)
                  000101e2    00000002     --HOLE-- [fill = 0]
                  000101e4    00000034     rtsv7M4_T_le_v4SPD16_eabi.lib : fopen.c.obj (.text:__TI_cleanup)
                  00010218    00000034                                   : trgmsg.c.obj (.text:__TI_readmsg)
                  0001024c    00000034                                   : boot_cortex_m.c.obj (.text:_c_int00_noargs:_c_int00_noargs)
                  00010280    00000030     usblib.lib : usbdenum.obj (.text:USBDGetConfiguration)
                  000102b0    00000030     rtsv7M4_T_le_v4SPD16_eabi.lib : getdevice.c.obj (.text:finddevice)
                  000102e0    0000002e                                   : i_tofd_t2.asm.obj (.text)
                  0001030e    0000002c     usblib.lib : usbdcdesc.obj (.text:USBDCDConfigDescGetNum)
                  0001033a    0000002c                : usbdesc.obj (.text:USBDescGet)
                  00010366    00000002     --HOLE-- [fill = 0]
                  00010368    0000002c     rtsv7M4_T_le_v4SPD16_eabi.lib : unlink.c.obj (.text:unlink)
                  00010394    0000002a     usblib.lib : usbdesc.obj (.text:USBDescGetNum)
                  000103be    0000002a     hooks.obj (.text)
                  000103e8    00000028     usblib.lib : usbdenum.obj (.text:USBDSetAddress)
                  00010410    00000028     rtsv7M4_T_le_v4SPD16_eabi.lib : memory.c.obj (.text:free_list_insert)
                  00010438    00000028                                   : lseek.c.obj (.text:lseek)
                  00010460    00000028                                   : write.c.obj (.text:write)
                  00010488    00000020     usblib.lib : usbdconfig.obj (.text:GetEndpointFIFOSize)
                  000104a8    00000020     rtsv7M4_T_le_v4SPD16_eabi.lib : memchr.c.obj (.text:memchr)
                  000104c8    00000020                                   : u_tofd_t2.asm.obj (.text)
                  000104e8    0000001c     usblib.lib : usbdcdesc.obj (.text:USBDCDConfigGetInterface)
                  00010504    0000001c                : usbdenum.obj (.text:USBDCDStallEP0)
                  00010520    0000001c     rtsv7M4_T_le_v4SPD16_eabi.lib : assert.c.obj (.text:_abort_msg)
                  0001053c    0000001c                                   : memory.c.obj (.text:free_list_remove)
                  00010558    0000001c                                   : memccpy.c.obj (.text:memccpy)
                  00010574    0000001a     usblib.lib : usbdcdesc.obj (.text:USBDCDConfigDescGetSize)
                  0001058e    0000001a     rtsv7M4_T_le_v4SPD16_eabi.lib : s_copysign.c.obj (.text:copysign)
                  000105a8    00000018     usblib.lib : usbdhandler.obj (.text:USB0DeviceIntHandler)
                  000105c0    00000018                : usbdenum.obj (.text:USBDSetDescriptor)
                  000105d8    00000018                : usbdenum.obj (.text:USBDSyncFrame)
                  000105f0    00000018     rtsv7M4_T_le_v4SPD16_eabi.lib : sprintf.c.obj (.text:_outs)
                  00010608    00000018                                   : strcmp.c.obj (.text:strcmp)
                  00010620    00000016                                   : strchr.c.obj (.text:strchr)
                  00010636    00000014                                   : strcpy.c.obj (.text:strcpy)
                  0001064a    00000014                                   : strlen.c.obj (.text:strlen)
                  0001065e    00000012                                   : wcslen.c.obj (.text:wcslen)
                  00010670    0000000e                                   : copy_decompress_none.c.obj (.text:decompress:none:__TI_decompress_none)
                  0001067e    0000000c                                   : copy_zero_init.c.obj (.text:decompress:ZI:__TI_zero_init)
                  0001068a    0000000c     tm4c123gh6pm_startup_ccs.obj (.text)
                  00010696    0000000a     rtsv7M4_T_le_v4SPD16_eabi.lib : sprintf.c.obj (.text:_outc)
                  000106a0    00000008                                   : errno.c.obj (.text:__aeabi_errno_addr)
                  000106a8    00000008                                   : memory.c.obj (.text:malloc)
                  000106b0    00000006     sysctl.obj (.text:SysCtlDelay)
                  000106b6    00000004     rtsv7M4_T_le_v4SPD16_eabi.lib : pre_init.c.obj (.text:_system_pre_init)
                  000106ba    00000004                                   : exit.c.obj (.text:abort:abort)

.const     0    000106c0    000009b1     
                  000106c0    00000120     sysctl.obj (.const:g_pppui32XTALtoVCO)
                  000107e0    00000101     rtsv7M4_T_le_v4SPD16_eabi.lib : ctype.c.obj (.const:.string:_ctypes_)
                  000108e1    00000003     ads1x15_task.obj (.const:.string:ADC0_SEL)
                  000108e4    000000c0     gpio.obj (.const:g_ppui32GPIOIntMapBlizzard)
                  000109a4    000000c0     gpio.obj (.const:g_ppui32GPIOIntMapSnowflake)
                  00010a64    0000009c     interrupt.obj (.const:g_pui32Regs)
                  00010b00    00000090     gpio.obj (.const:g_pui32GPIOBaseAddrs)
                  00010b90    0000007c     GPIs.obj (.const:.string)
                  00010c0c    0000006c     sysctl.obj (.const:g_pui32Xtals)
                  00010c78    00000062     GPOs.obj (.const:.string)
                  00010cda    00000001     ads1x15_task.obj (.const)
                  00010cdb    00000001     --HOLE-- [fill = 0]
                  00010cdc    00000060     ADC_task.obj (.const:.string)
                  00010d3c    00000060     timer.obj (.const:g_ppui32TimerIntMap)
                  00010d9c    00000050     i2c.obj (.const:g_ppui32I2CIntMapSnowflake)
                  00010dec    00000040     timer.obj (.const:g_ppui32TimerIntMapSnowflake)
                  00010e2c    00000040     uart.obj (.const:g_ppui32UARTIntMap)
                  00010e6c    00000040     uart.obj (.const:g_ppui32UARTIntMapSnowflake)
                  00010eac    00000034     usblib.lib : usbdenum.obj (.const:g_psUSBDStdRequests)
                  00010ee0    00000030     i2c.obj (.const:g_ppui32I2CIntMap)
                  00010f10    00000030     sysctl.obj (.const:g_sXTALtoMEMTIM)
                  00010f40    00000028     drum_pad_functions.obj (.const)
                  00010f68    00000020     ssi.obj (.const:g_ppui32SSIIntMap)
                  00010f88    00000020     ssi.obj (.const:g_ppui32SSIIntMapSnowflake)
                  00010fa8    00000020     interrupt.obj (.const:g_pui32Priority)
                  00010fc8    00000014     interrupt.obj (.const:g_pui32Dii16Regs)
                  00010fdc    00000014     interrupt.obj (.const:g_pui32EnRegs)
                  00010ff0    00000014     interrupt.obj (.const:g_pui32PendRegs)
                  00011004    00000014     interrupt.obj (.const:g_pui32UnpendRegs)
                  00011018    00000012     uartstdio.obj (.const:.string)
                  0001102a    00000002     --HOLE-- [fill = 0]
                  0001102c    0000000c     uartstdio.obj (.const:g_ui32UARTBase)
                  00011038    0000000c     uartstdio.obj (.const:g_ui32UARTPeriph)
                  00011044    00000008     sysctl.obj (.const:g_pui32VCOFrequencies)
                  0001104c    00000008     GPOs.obj (.const:looper_gpo_info)
                  00011054    00000008     GPOs.obj (.const:midi_gpo_info)
                  0001105c    00000008     port.obj (.const)
                  00011064    00000004     uartstdio.obj (.const)
                  00011068    00000003     ads1x15_task.obj (.const:.string:ADC1_SEL)
                  0001106b    00000003     ads1x15_task.obj (.const:.string:ADC2_SEL)
                  0001106e    00000003     ads1x15_task.obj (.const:.string:ADC3_SEL)

.cinit     0    00011078    00000310     
                  00011078    000002d9     (.cinit..data.load) [load image, compression = lzss]
                  00011351    00000003     --HOLE-- [fill = 0]
                  00011354    0000000c     (__TI_handler_table)
                  00011360    00000008     (.cinit..bss.load) [load image, compression = zero_init]
                  00011368    00000008     (.cinit..vtable.load) [load image, compression = zero_init]
                  00011370    00000018     (__TI_cinit_table)

.init_array 
*          0    00000000    00000000     UNINITIALIZED

.vtable    0    20000000    0000026c     UNINITIALIZED
                  20000000    0000026c     interrupt.obj (.vtable)

.bss       0    2000026c    000044bb     UNINITIALIZED
                  2000026c    00003c00     (.common:ucHeap)
                  20003e6c    00000190     task_manager_page.obj (.bss:write_buffer)
                  20003ffc    00000120     rtsv7M4_T_le_v4SPD16_eabi.lib : trgmsg.c.obj (.bss:_CIOBUF_)
                  2000411c    000000f0     logger.obj (.bss:errors)
                  2000420c    000000f0     drum_pad_functions.obj (.bss:pad_states)
                  200042fc    000000a0     (.common:__TI_tmpnams)
                  2000439c    00000064     tasks.obj (.bss:pxReadyTasksLists)
                  20004400    00000060     looper_buttons_task.obj (.bss:looper_pins)
                  20004460    00000050     (.common:g_psDCDInst)
                  200044b0    00000040     usblib.lib : usbdenum.obj (.bss:g_pui8DataBufferIn)
                  200044f0    00000040     (.common:xQueueRegistry)
                  20004530    00000030     looper_effects.obj (.bss:effects)
                  20004560    00000020     ADC_task.obj (.bss:adc00_step_values)
                  20004580    00000020     looper_volume_functions.obj (.bss:last_value)
                  200045a0    00000018     (.common:g_pfnTickHandlers)
                  200045b8    00000018     (.common:g_pvTickInstance)
                  200045d0    00000014     I2C_task.obj (.bss)
                  200045e4    00000014     drum_pad_functions.obj (.bss:float_string)
                  200045f8    00000014     tasks.obj (.bss:xDelayedTaskList1)
                  2000460c    00000014     tasks.obj (.bss:xDelayedTaskList2)
                  20004620    00000014     tasks.obj (.bss:xPendingReadyList)
                  20004634    00000014     tasks.obj (.bss:xSuspendedTaskList)
                  20004648    00000014     tasks.obj (.bss:xTasksWaitingTermination)
                  2000465c    00000010     ADC_task.obj (.bss:adc11_step_values)
                  2000466c    00000010     midi_buttons_task.obj (.bss:button_states)
                  2000467c    00000010     midi_channel_select.obj (.bss:button_states)
                  2000468c    00000010     (.common:midi_knobs)
                  2000469c    00000008     ADC_task.obj (.bss)
                  200046a4    00000008     ads1x15_task.obj (.bss:adc0_data)
                  200046ac    00000008     ads1x15_task.obj (.bss:adc1_data)
                  200046b4    00000008     GPIs.obj (.bss:gpi_info)
                  200046bc    00000008     midi_buttons_task.obj (.bss)
                  200046c4    00000008     tasks.obj (.bss)
                  200046cc    00000008     heap_2.obj (.bss:xEnd)
                  200046d4    00000008     heap_2.obj (.bss:xStart)
                  200046dc    00000008     (.common:adc_info)
                  200046e4    00000008     (.common:gpis_info)
                  200046ec    00000008     (.common:gpo_info)
                  200046f4    00000008     (.common:parmbuf)
                  200046fc    00000006     joystick_functions.obj (.bss:js_uart_msg)
                  20004702    00000002     ads1x15_task.obj (.bss:joy_x_data)
                  20004704    00000004     console_uart.obj (.bss)
                  20004708    00000004     drum_pad_functions.obj (.bss)
                  2000470c    00000004     adc.obj (.bss:g_pui8OversampleFactor)
                  20004710    00000004     host_uart_task.obj (.bss)
                  20004714    00000004     midi_uart_functions.obj (.bss:msg_bytes)
                  20004718    00000004     (.common:g_ppsDevInfo)
                  2000471c    00000004     (.common:green_debug)
                  20004720    00000002     ads1x15_task.obj (.bss:joy_y_data)
                  20004722    00000002     ads1x15_task.obj (.bss:sense_data)
                  20004724    00000002     ads1x15_task.obj (.bss:volume_data)
                  20004726    00000001     board_select.obj (.bss)

.data      0    20004728    000009e0     UNINITIALIZED
                  20004728    00000108     console_task.obj (.data:console_pages)
                  20004830    000000f0     rtsv7M4_T_le_v4SPD16_eabi.lib : defs.c.obj (.data:_ftable)
                  20004920    00000078                                   : host_device.c.obj (.data:_device)
                  20004998    00000050                                   : host_device.c.obj (.data:_stream)
                  200049e8    00000034     tasks.obj (.data)
                  20004a1c    00000030     ADC_task.obj (.data:adc_pins)
                  20004a4c    00000024     GPOs.obj (.data:looper_gpos)
                  20004a70    00000024     ADC_task.obj (.data:pad0)
                  20004a94    00000024     ADC_task.obj (.data:pad10)
                  20004ab8    00000024     ADC_task.obj (.data:pad11)
                  20004adc    00000024     ADC_task.obj (.data:pad1)
                  20004b00    00000024     ADC_task.obj (.data:pad2)
                  20004b24    00000024     ADC_task.obj (.data:pad3)
                  20004b48    00000024     ADC_task.obj (.data:pad4)
                  20004b6c    00000024     ADC_task.obj (.data:pad5)
                  20004b90    00000024     ADC_task.obj (.data:pad6)
                  20004bb4    00000024     ADC_task.obj (.data:pad7)
                  20004bd8    00000024     ADC_task.obj (.data:pad8)
                  20004bfc    00000024     ADC_task.obj (.data:pad9)
                  20004c20    00000020     ads1x15_task.obj (.data:adc00_read)
                  20004c40    00000020     ads1x15_task.obj (.data:adc01_read)
                  20004c60    00000020     ads1x15_task.obj (.data:adc02_read)
                  20004c80    00000020     ads1x15_task.obj (.data:adc03_read)
                  20004ca0    00000020     ads1x15_task.obj (.data:adc10_read)
                  20004cc0    00000020     ads1x15_task.obj (.data:adc11_read)
                  20004ce0    00000020     ads1x15_task.obj (.data:adc12_read)
                  20004d00    00000020     ads1x15_task.obj (.data:adc13_read)
                  20004d20    00000020     ads1x15_task.obj (.data:ads1015_adc00_sel)
                  20004d40    00000020     ads1x15_task.obj (.data:ads1015_adc01_sel)
                  20004d60    00000020     ads1x15_task.obj (.data:ads1015_adc02_sel)
                  20004d80    00000020     ads1x15_task.obj (.data:ads1015_adc03_sel)
                  20004da0    00000020     ads1x15_task.obj (.data:ads1015_adc10_sel)
                  20004dc0    00000020     ads1x15_task.obj (.data:ads1015_adc11_sel)
                  20004de0    00000020     ads1x15_task.obj (.data:ads1015_adc12_sel)
                  20004e00    00000020     ads1x15_task.obj (.data:ads1015_adc13_sel)
                  20004e20    00000020     GPIs.obj (.data:looper_gpi_pins)
                  20004e40    00000014     GPOs.obj (.data:blue_led)
                  20004e54    00000014     GPIs.obj (.data:chan_down)
                  20004e68    00000014     GPIs.obj (.data:chan_up)
                  20004e7c    00000014     GPOs.obj (.data:green_led)
                  20004e90    00000014     GPOs.obj (.data:greenled)
                  20004ea4    00000014     GPOs.obj (.data:led_0)
                  20004eb8    00000014     GPOs.obj (.data:led_1)
                  20004ecc    00000014     GPOs.obj (.data:led_2)
                  20004ee0    00000014     GPOs.obj (.data:led_3)
                  20004ef4    00000014     GPOs.obj (.data:led_4)
                  20004f08    00000014     GPOs.obj (.data:led_5)
                  20004f1c    00000014     GPOs.obj (.data:led_6)
                  20004f30    00000014     GPOs.obj (.data:led_7)
                  20004f44    00000014     GPIs.obj (.data:loop_0)
                  20004f58    00000014     GPIs.obj (.data:loop_1)
                  20004f6c    00000014     GPIs.obj (.data:loop_2)
                  20004f80    00000014     GPIs.obj (.data:loop_3)
                  20004f94    00000014     GPIs.obj (.data:loop_4)
                  20004fa8    00000014     GPIs.obj (.data:loop_5)
                  20004fbc    00000014     GPIs.obj (.data:loop_6)
                  20004fd0    00000014     GPIs.obj (.data:loop_7)
                  20004fe4    00000014     GPIs.obj (.data:midi_gpi_pins)
                  20004ff8    00000014     GPIs.obj (.data:octave_down)
                  2000500c    00000014     GPIs.obj (.data:octave_up)
                  20005020    00000014     GPIs.obj (.data:pressure_sense)
                  20005034    00000014     GPOs.obj (.data:red_led)
                  20005048    00000011     console_task.obj (.data)
                  20005059    00000002     joystick_functions.obj (.data)
                  2000505b    00000001     looper_buttons_task.obj (.data)
                  2000505c    00000010     rtsv7M4_T_le_v4SPD16_eabi.lib : defs.c.obj (.data)
                  2000506c    0000000c                                   : exit.c.obj (.data:$O1$$)
                  20005078    0000000c     GPOs.obj (.data:midi_gpos)
                  20005084    0000000c     port.obj (.data)
                  20005090    0000000c     usblib.lib : usbtick.obj (.data)
                  2000509c    00000008     rtsv7M4_T_le_v4SPD16_eabi.lib : _lock.c.obj (.data:$O1$$)
                  200050a4    00000008                                   : memory.c.obj (.data:$O1$$)
                  200050ac    00000008     ADC_task.obj (.data)
                  200050b4    00000008     ADC_task.obj (.data:adc_pin_struct)
                  200050bc    00000008     heap_2.obj (.data)
                  200050c4    00000008     GPIs.obj (.data:looper_gpi_info)
                  200050cc    00000008     GPIs.obj (.data:midi_gpi_info)
                  200050d4    00000008     usblib.lib : usbdenum.obj (.data)
                  200050dc    00000005     I2C_task.obj (.data)
                  200050e1    00000001     looper_effects.obj (.data)
                  200050e2    00000001     looper_volume_functions.obj (.data)
                  200050e3    00000001     --HOLE--
                  200050e4    00000005     uartstdio.obj (.data)
                  200050e9    00000003     --HOLE--
                  200050ec    00000004     drum_pad_functions.obj (.data)
                  200050f0    00000004     host_uart_task.obj (.data)
                  200050f4    00000004     logger.obj (.data)
                  200050f8    00000004     looper_board.obj (.data)
                  200050fc    00000004     midi_channel_select.obj (.data)
                  20005100    00000004     midi_ctrl_board.obj (.data)
                  20005104    00000004     rtsv7M4_T_le_v4SPD16_eabi.lib : errno.c.obj (.data)

.stack     0    20005108    00000400     UNINITIALIZED
                  20005108    00000004     rtsv7M4_T_le_v4SPD16_eabi.lib : boot_cortex_m.c.obj (.stack)
                  2000510c    000003fc     --HOLE--

.sysmem    0    20005508    00000010     UNINITIALIZED
                  20005508    00000010     rtsv7M4_T_le_v4SPD16_eabi.lib : memory.c.obj (.sysmem)

__llvm_prf_cnts 
*          0    20000000    00000000     UNINITIALIZED

MODULE SUMMARY

       Module                         code    ro data   rw data
       ------                         ----    -------   -------
    .\
       ADC_task.obj                   1092    96        15912  
       drum_pad_functions.obj         2540    40        268    
       ads1x15_task.obj               1116    13        536    
       console_task.obj               1172    0         281    
       I2C_task.obj                   1380    0         25     
       GPIs.obj                       448     124       336    
       joystick_functions.obj         900     0         8      
       midi_channel_select.obj        848     0         20     
       looper_buttons_task.obj        748     0         97     
       GPOs.obj                       368     114       296    
       logger.obj                     484     0         248    
       looper_effects.obj             600     0         49     
       midi_ctrl_board.obj            628     0         4      
       tm4c123gh6pm_startup_ccs.obj   12      620       0      
       looper_volume_functions.obj    548     0         33     
       midi_uart_functions.obj        548     0         4      
       looper_board.obj               500     0         4      
       midi_knobs_functions.obj       460     0         16     
       task_manager_page.obj          76      0         400    
       heap_2.obj                     448     0         24     
       control_page.obj               376     0         16     
       midi_buttons_task.obj          284     0         24     
       host_uart_task.obj             288     0         8      
       homepage.obj                   292     0         0      
       console_uart.obj               252     0         4      
       text_controls.obj              210     0         0      
       board_select.obj               124     0         1      
       main.obj                       116     0         0      
       hooks.obj                      42      0         0      
    +--+------------------------------+-------+---------+---------+
       Total:                         16900   1007      18614  
                                                               
    .\FreeRTOS\
       tasks.obj                      7644    0         260    
       queue.obj                      4008    0         64     
       list.obj                       298     0         0      
    +--+------------------------------+-------+---------+---------+
       Total:                         11950   0         324    
                                                               
    .\FreeRTOS\portable\CCS\ARM_CM4F\
       port.obj                       652     8         12     
       portasm.obj                    218     0         0      
    +--+------------------------------+-------+---------+---------+
       Total:                         870     8         12     
                                                               
    .\driverlib\
       usb.obj                        5562    0         0      
       sysctl.obj                     3834    452       0      
       gpio.obj                       2952    528       0      
       adc.obj                        1986    0         4      
       interrupt.obj                  960     268       620    
       i2c.obj                        1692    128       0      
       timer.obj                      1602    160       0      
       uart.obj                       1560    128       0      
       ssi.obj                        838     64        0      
       fpu.obj                        192     0         0      
       cpu.obj                        62      0         0      
    +--+------------------------------+-------+---------+---------+
       Total:                         21240   1728      624    
                                                               
    .\utils\
       uartstdio.obj                  1192    46        5      
    +--+------------------------------+-------+---------+---------+
       Total:                         1192    46        5      
                                                               
    C:/ti/TivaWare_C_Series-2.2.0.295/usblib/ccs/Debug/usblib.lib
       usbdenum.obj                   2436    52        156    
       usbdconfig.obj                 576     0         0      
       usbdcdesc.obj                  360     0         0      
       usbtick.obj                    56      0         60     
       usbdesc.obj                    86      0         0      
       usbdhandler.obj                24      0         0      
    +--+------------------------------+-------+---------+---------+
       Total:                         3538    52        216    
                                                               
    C:\ti\ccs1020\ccs\tools\compiler\ti-cgt-arm_20.2.2.LTS\lib\rtsv7M4_T_le_v4SPD16_eabi.lib
       _printfi.c.obj                 4851    0         0      
       memory.c.obj                   672     0         8      
       fd_add_t2.asm.obj              438     0         0      
       defs.c.obj                     0       0         416    
       trgmsg.c.obj                   108     0         288    
       fd_div_t2.asm.obj              310     0         0      
       fputs.c.obj                    276     0         0      
       s_scalbn.c.obj                 272     0         0      
       fd_cmp_t2.asm.obj              268     0         0      
       ctype.c.obj                    0       257       0      
       fd_mul_t2.asm.obj              252     0         0      
       setvbuf.c.obj                  220     0         0      
       fflush.c.obj                   200     0         0      
       host_device.c.obj              0       0         200    
       memcpy_t2.asm.obj              156     0         0      
       ull_div_t2.asm.obj             150     0         0      
       memset_t2.asm.obj              122     0         0      
       fclose.c.obj                   116     0         0      
       getdevice.c.obj                116     0         0      
       hostrename.c.obj               108     0         0      
       copy_decompress_lzss.c.obj     104     0         0      
       hostlseek.c.obj                104     0         0      
       hostopen.c.obj                 96      0         8      
       fseek.c.obj                    100     0         0      
       s_frexp.c.obj                  100     0         0      
       _io_perm.c.obj                 98      0         0      
       sprintf.c.obj                  98      0         0      
       close.c.obj                    92      0         0      
       exit.c.obj                     76      0         12     
       hostread.c.obj                 88      0         0      
       hostwrite.c.obj                88      0         0      
       _ltoa.c.obj                    84      0         0      
       atoi.c.obj                     76      0         0      
       fd_toi_t2.asm.obj              72      0         0      
       autoinit.c.obj                 68      0         0      
       fd_tou_t2.asm.obj              68      0         0      
       hostclose.c.obj                68      0         0      
       hostunlink.c.obj               68      0         0      
       u_divt2.asm.obj                64      0         0      
       fs_tod_t2.asm.obj              56      0         0      
       strncpy.c.obj                  54      0         0      
       boot_cortex_m.c.obj            52      0         0      
       fopen.c.obj                    52      0         0      
       i_tofd_t2.asm.obj              46      0         0      
       unlink.c.obj                   44      0         0      
       lseek.c.obj                    40      0         0      
       write.c.obj                    40      0         0      
       memchr.c.obj                   32      0         0      
       u_tofd_t2.asm.obj              32      0         0      
       assert.c.obj                   28      0         0      
       memccpy.c.obj                  28      0         0      
       s_copysign.c.obj               26      0         0      
       strcmp.c.obj                   24      0         0      
       strchr.c.obj                   22      0         0      
       strcpy.c.obj                   20      0         0      
       strlen.c.obj                   20      0         0      
       wcslen.c.obj                   18      0         0      
       copy_decompress_none.c.obj     14      0         0      
       copy_zero_init.c.obj           12      0         0      
       errno.c.obj                    8       0         4      
       _lock.c.obj                    2       0         8      
       pre_init.c.obj                 4       0         0      
       div0.asm.obj                   2       0         0      
    +--+------------------------------+-------+---------+---------+
       Total:                         10923   257       944    
                                                               
       Heap:                          0       0         16     
       Stack:                         0       0         1024   
       Linker Generated:              0       781       0      
    +--+------------------------------+-------+---------+---------+
       Grand Total:                   66613   3879      21779  


LINKER GENERATED COPY TABLES

__TI_cinit_table @ 00011370 records: 3, size/record: 8, table size: 24
	.data: load addr=00011078, load size=000002d9 bytes, run addr=20004728, run size=000009e0 bytes, compression=lzss
	.bss: load addr=00011360, load size=00000008 bytes, run addr=2000026c, run size=000044bb bytes, compression=zero_init
	.vtable: load addr=00011368, load size=00000008 bytes, run addr=20000000, run size=0000026c bytes, compression=zero_init


LINKER GENERATED HANDLER TABLE

__TI_handler_table @ 00011354 records: 3, size/record: 4, table size: 12
	index: 0, handler: __TI_zero_init
	index: 1, handler: __TI_decompress_lzss
	index: 2, handler: __TI_decompress_none


GLOBAL SYMBOLS: SORTED ALPHABETICALLY BY Name 

address   name                               
-------   ----                               
00007ba1  ADCBusy                            
00007be9  ADCClockConfigGet                  
00007bbf  ADCClockConfigSet                  
000079bb  ADCComparatorConfigure             
00007a8b  ADCComparatorIntClear              
00007a41  ADCComparatorIntDisable            
00007a5f  ADCComparatorIntEnable             
00007a7d  ADCComparatorIntStatus             
000079d7  ADCComparatorRegionSet             
000079fb  ADCComparatorReset                 
00007989  ADCHardwareOversampleConfigure     
0000759f  ADCIntClear                        
00007b03  ADCIntClearEx                      
00007505  ADCIntDisable                      
00007a9d  ADCIntDisableEx                    
00007521  ADCIntEnable                       
00007ab5  ADCIntEnableEx                     
000074bf  ADCIntRegister                     
00007547  ADCIntStatus                       
00007ad1  ADCIntStatusEx                     
000074e7  ADCIntUnregister                   
00007b5b  ADCPhaseDelayGet                   
00007b49  ADCPhaseDelaySet                   
000077ff  ADCProcessorTrigger                
00007b37  ADCReferenceGet                    
00007b1b  ADCReferenceSet                    
0000a453  ADCSeq0Handler                     
0000a493  ADCSeq1Handler                     
000075e9  ADCSequenceConfigure               
00007b85  ADCSequenceDMADisable              
00007b69  ADCSequenceDMAEnable               
000077bd  ADCSequenceDataGet                 
000075cf  ADCSequenceDisable                 
000075b5  ADCSequenceEnable                  
00007761  ADCSequenceOverflow                
00007779  ADCSequenceOverflowClear           
0000766d  ADCSequenceStepConfigure           
0000778f  ADCSequenceUnderflow               
000077a7  ADCSequenceUnderflowClear          
00007823  ADCSoftwareOversampleConfigure     
0000791b  ADCSoftwareOversampleDataGet       
0000785b  ADCSoftwareOversampleStepConfigure 
000106bb  C$$EXIT                            
00010137  C$$IO$$                            
0001008f  CPUbasepriGet                      
00010081  CPUbasepriSet                      
0001005b  CPUcpsid                           
00010071  CPUcpsie                           
00010067  CPUprimask                         
0001007d  CPUwfi                             
0000eb2f  FPUDisable                         
0000eb1d  FPUEnable                          
0000eb9b  FPUFlushToZeroModeSet              
0000eb67  FPUHalfPrecisionModeSet            
0000eb4f  FPULazyStackingEnable              
0000eb81  FPUNaNModeSet                      
0000ebb5  FPURoundingModeSet                 
0000eb5b  FPUStackingDisable                 
0000eb3d  FPUStackingEnable                  
00006003  GPIOADCTriggerDisable              
00005fe5  GPIOADCTriggerEnable               
00005fc7  GPIODMATriggerDisable              
00005fa9  GPIODMATriggerEnable               
0000555b  GPIODirModeGet                     
000054ff  GPIODirModeSet                     
00005ac3  GPIOIntClear                       
00005a87  GPIOIntDisable                     
00005a6d  GPIOIntEnable                      
00005ad7  GPIOIntRegister                    
00005aa1  GPIOIntStatus                      
0000564b  GPIOIntTypeGet                     
000055a7  GPIOIntTypeSet                     
00005af5  GPIOIntUnregister                  
0000591b  GPIOPadConfigGet                   
000056e1  GPIOPadConfigSet                   
00005f4b  GPIOPinConfigure                   
00005b0f  GPIOPinRead                        
00005b47  GPIOPinTypeADC                     
00005b6b  GPIOPinTypeCAN                     
00005f17  GPIOPinTypeCIR                     
00005b8f  GPIOPinTypeComparator              
00005bb3  GPIOPinTypeEPI                     
00005bd7  GPIOPinTypeEthernetLED             
00005bfb  GPIOPinTypeEthernetMII             
00005c1f  GPIOPinTypeGPIOInput               
00005c43  GPIOPinTypeGPIOOutput              
00005c67  GPIOPinTypeGPIOOutputOD            
00005c8b  GPIOPinTypeI2C                     
00005caf  GPIOPinTypeI2CSCL                  
00005ecf  GPIOPinTypeKBColumn                
00005eab  GPIOPinTypeKBRow                   
00005cd3  GPIOPinTypeLCD                     
00005ef3  GPIOPinTypeLEDSeq                  
00005cf7  GPIOPinTypeLPC                     
00005d1b  GPIOPinTypePECIRx                  
00005d3f  GPIOPinTypePECITx                  
00005d63  GPIOPinTypePWM                     
00005d87  GPIOPinTypeQEI                     
00005dab  GPIOPinTypeSSI                     
00005dcf  GPIOPinTypeTimer                   
00005df3  GPIOPinTypeUART                    
00005e17  GPIOPinTypeUSBAnalog               
00005e3b  GPIOPinTypeUSBDigital              
00005e5f  GPIOPinTypeWakeHigh                
00005e85  GPIOPinTypeWakeLow                 
00005f3b  GPIOPinWakeStatus                  
00005b27  GPIOPinWrite                       
0000fe05  HOSTclose                          
0000f601  HOSTlseek                          
0000f7fd  HOSTopen                           
0000f919  HOSTread                           
0000f595  HOSTrename                         
0000fe49  HOSTunlink                         
0000f971  HOSTwrite                          
0000821f  I2CFIFODataGet                     
00008239  I2CFIFODataGetNonBlocking          
000081d5  I2CFIFODataPut                     
000081f7  I2CFIFODataPutNonBlocking          
000081c5  I2CFIFOStatus                      
00007db9  I2CIntRegister                     
00007dd7  I2CIntUnregister                   
00008275  I2CMasterBurstCountGet             
0000825f  I2CMasterBurstLengthSet            
0000801d  I2CMasterBusBusy                   
00008005  I2CMasterBusy                      
00008035  I2CMasterControl                   
00008089  I2CMasterDataGet                   
00008073  I2CMasterDataPut                   
00007d85  I2CMasterDisable                   
00007d51  I2CMasterEnable                    
00008047  I2CMasterErr                       
00008283  I2CMasterGlitchFilterConfigSet     
00007c87  I2CMasterInitExpClk                
00007f7f  I2CMasterIntClear                  
00007f9d  I2CMasterIntClearEx                
00007e4b  I2CMasterIntDisable                
00007e5b  I2CMasterIntDisableEx              
00007df1  I2CMasterIntEnable                 
00007e01  I2CMasterIntEnableEx               
00007ea5  I2CMasterIntStatus                 
00007ee9  I2CMasterIntStatusEx               
00007ff7  I2CMasterLineStateGet              
00007fd5  I2CMasterSlaveAddrSet              
00008097  I2CMasterTimeoutSet                
00008185  I2CRxFIFOConfigSet                 
000081ad  I2CRxFIFOFlush                     
000080a9  I2CSlaveACKOverride                
000080db  I2CSlaveACKValueSet                
00007d13  I2CSlaveAddressSet                 
00008135  I2CSlaveDataGet                    
0000811d  I2CSlaveDataPut                    
00007d9b  I2CSlaveDisable                    
00007d67  I2CSlaveEnable                     
000082b3  I2CSlaveFIFODisable                
0000829b  I2CSlaveFIFOEnable                 
00007cf9  I2CSlaveInit                       
00007faf  I2CSlaveIntClear                   
00007fc1  I2CSlaveIntClearEx                 
00007e73  I2CSlaveIntDisable                 
00007e8b  I2CSlaveIntDisableEx               
00007e19  I2CSlaveIntEnable                  
00007e31  I2CSlaveIntEnableEx                
00007f15  I2CSlaveIntStatus                  
00007f5d  I2CSlaveIntStatusEx                
0000810d  I2CSlaveStatus                     
00008145  I2CTxFIFOConfigSet                 
0000816d  I2CTxFIFOFlush                     
0000a821  IntDisable                         
0000a7af  IntEnable                          
0000a893  IntIsEnabled                       
0000a673  IntMasterDisable                   
0000a663  IntMasterEnable                    
0000a989  IntPendClear                       
0000a919  IntPendSet                         
0000a78b  IntPriorityGet                     
0000a703  IntPriorityGroupingGet             
0000a6e9  IntPriorityGroupingSet             
0000a9e3  IntPriorityMaskGet                 
0000a9d7  IntPriorityMaskSet                 
0000a73b  IntPrioritySet                     
0000a683  IntRegister                        
0000a9eb  IntTrigger                         
0000a6d5  IntUnregister                      
00010099  InternalUSBStartOfFrameTick        
0001068b  ResetISR                           
0000b3bd  SSIAdvDataPutFrameEnd              
0000b3e3  SSIAdvDataPutFrameEndNonBlocking   
0000b425  SSIAdvFrameHoldDisable             
0000b40f  SSIAdvFrameHoldEnable              
0000b3a1  SSIAdvModeSet                      
0000b34b  SSIBusy                            
0000b37d  SSIClockSourceGet                  
0000b369  SSIClockSourceSet                  
0000b153  SSIConfigSetExpClk                 
0000b333  SSIDMADisable                      
0000b31b  SSIDMAEnable                       
0000b2dd  SSIDataGet                         
0000b2f9  SSIDataGetNonBlocking              
0000b2a3  SSIDataPut                         
0000b2bd  SSIDataPutNonBlocking              
0000b1f5  SSIDisable                         
0000b1df  SSIEnable                          
0000b291  SSIIntClear                        
0000b25b  SSIIntDisable                      
0000b243  SSIIntEnable                       
0000b20b  SSIIntRegister                     
0000b273  SSIIntStatus                       
0000b229  SSIIntUnregister                   
0000543f  SysCtlAltClkConfig                 
00004c15  SysCtlClockFreqSet                 
000050f9  SysCtlClockGet                     
00005423  SysCtlClockOutConfig               
00004f2d  SysCtlClockSet                     
00004b15  SysCtlDeepSleep                    
000052c5  SysCtlDeepSleepClockConfigSet      
000052a7  SysCtlDeepSleepClockSet            
00004af5  SysCtlDeepSleepPowerSet            
000106b1  SysCtlDelay                        
000046a3  SysCtlFlashSectorSizeGet           
00004677  SysCtlFlashSizeGet                 
0000539b  SysCtlGPIOAHBDisable               
0000537f  SysCtlGPIOAHBEnable                
00004a89  SysCtlIntClear                     
00004a71  SysCtlIntDisable                   
00004a5d  SysCtlIntEnable                    
00004a35  SysCtlIntRegister                  
00004a99  SysCtlIntStatus                    
00004a4d  SysCtlIntUnregister                
00004adb  SysCtlLDODeepSleepGet              
00004acb  SysCtlLDODeepSleepSet              
00004ac5  SysCtlLDOSleepGet                  
00004ab5  SysCtlLDOSleepSet                  
00004b4b  SysCtlMOSCConfigSet                
0000540f  SysCtlNMIClear                     
00005409  SysCtlNMIStatus                    
00004b61  SysCtlPIOSCCalibrate               
00005369  SysCtlPWMClockGet                  
0000534f  SysCtlPWMClockSet                  
000049e1  SysCtlPeripheralClockGating        
00004999  SysCtlPeripheralDeepSleepDisable   
00004949  SysCtlPeripheralDeepSleepEnable    
00004885  SysCtlPeripheralDisable            
00004849  SysCtlPeripheralEnable             
00004785  SysCtlPeripheralPowerOff           
00004749  SysCtlPeripheralPowerOn            
000046c9  SysCtlPeripheralPresent            
00004709  SysCtlPeripheralReady              
000047c1  SysCtlPeripheralReset              
0000490d  SysCtlPeripheralSleepDisable       
000048c9  SysCtlPeripheralSleepEnable        
00004b05  SysCtlReset                        
00004bc1  SysCtlResetBehaviorGet             
00004bb1  SysCtlResetBehaviorSet             
00004b37  SysCtlResetCauseClear              
00004b31  SysCtlResetCauseGet                
0000466d  SysCtlSRAMSizeGet                  
00004b0d  SysCtlSleep                        
00004ae1  SysCtlSleepPowerSet                
000053c9  SysCtlUSBPLLDisable                
000053b7  SysCtlUSBPLLEnable                 
000053f5  SysCtlVoltageEventClear            
000053d9  SysCtlVoltageEventConfig           
000053e9  SysCtlVoltageEventStatus           
00008885  TimerADCEventGet                   
00008873  TimerADCEventSet                   
000085a9  TimerClockSourceGet                
0000857f  TimerClockSourceSet                
00008373  TimerConfigure                     
00008493  TimerControlEvent                  
000083ef  TimerControlLevel                  
000084bd  TimerControlStall                  
00008425  TimerControlTrigger                
000084f3  TimerControlWaitOnTrigger          
000088a5  TimerDMAEventGet                   
00008893  TimerDMAEventSet                   
00008355  TimerDisable                       
00008337  TimerEnable                        
0000884f  TimerIntClear                      
00008819  TimerIntDisable                    
00008801  TimerIntEnable                     
000087bb  TimerIntRegister                   
00008831  TimerIntStatus                     
000087e3  TimerIntUnregister                 
00008673  TimerLoadGet                       
000086a9  TimerLoadGet64                     
00008649  TimerLoadSet                       
0000868f  TimerLoadSet64                     
00008753  TimerMatchGet                      
00008789  TimerMatchGet64                    
00008729  TimerMatchSet                      
0000876f  TimerMatchSet64                    
000085e3  TimerPrescaleGet                   
0000862d  TimerPrescaleMatchGet              
000085ff  TimerPrescaleMatchSet              
000085b9  TimerPrescaleSet                   
00008569  TimerRTCDisable                    
00008553  TimerRTCEnable                     
00008861  TimerSynchronize                   
000088b3  TimerUpdateMode                    
000086db  TimerValueGet                      
000086f7  TimerValueGet64                    
00008ed9  UART9BitAddrSend                   
00008eb3  UART9BitAddrSet                    
00008e9d  UART9BitDisable                    
00008e87  UART9BitEnable                     
00008d2b  UARTBreakCtl                       
00008d55  UARTBusy                           
00008cd3  UARTCharGet                        
00008cb7  UARTCharGetNonBlocking             
00008d0d  UARTCharPut                        
00008ce9  UARTCharPutNonBlocking             
00008c7b  UARTCharsAvail                     
00008e77  UARTClockSourceGet                 
00008e63  UARTClockSourceSet                 
00008a4b  UARTConfigGetExpClk                
000089d5  UARTConfigSetExpClk                
00008e29  UARTDMADisable                     
00008e11  UARTDMAEnable                      
00008abb  UARTDisable                        
00008b3f  UARTDisableSIR                     
00008a97  UARTEnable                         
00008b11  UARTEnableSIR                      
00008afb  UARTFIFODisable                    
00008ae5  UARTFIFOEnable                     
000089ad  UARTFIFOLevelGet                   
00008995  UARTFIFOLevelSet                   
00008c3b  UARTFlowControlGet                 
00008c1f  UARTFlowControlSet                 
00008dff  UARTIntClear                       
00008dc9  UARTIntDisable                     
00008db1  UARTIntEnable                      
00008d73  UARTIntRegister                    
00008de1  UARTIntStatus                      
00008d91  UARTIntUnregister                  
00008bd5  UARTModemControlClear              
00008bf9  UARTModemControlGet                
00008b9d  UARTModemControlSet                
00008c0b  UARTModemStatusGet                 
00008983  UARTParityModeGet                  
00008967  UARTParityModeSet                  
00008e53  UARTRxErrorClear                   
00008e41  UARTRxErrorGet                     
00008b87  UARTSmartCardDisable               
00008b55  UARTSmartCardEnable                
00008c99  UARTSpaceAvail                     
00009485  UARTStdioConfig                    
00008c69  UARTTxIntModeGet                   
00008c4d  UARTTxIntModeSet                   
000095d5  UARTgetc                           
0000951b  UARTgets                           
000098f7  UARTprintf                         
000095fd  UARTvprintf                        
000094cb  UARTwrite                          
000105a9  USB0DeviceIntHandler               
0000323f  USBClockDisable                    
00003223  USBClockEnable                     
0000320f  USBControllerVersion               
0000fac5  USBDCDConfigDescGet                
0001030f  USBDCDConfigDescGetNum             
00010575  USBDCDConfigDescGetSize            
000104e9  USBDCDConfigGetInterface           
000100d1  USBDCDConfigGetInterfaceEndpoint   
00010505  USBDCDStallEP0                     
00003377  USBDMAChannelAddressGet            
0000335b  USBDMAChannelAddressSet            
000032e1  USBDMAChannelConfigSet             
000033ab  USBDMAChannelCountGet              
0000338f  USBDMAChannelCountSet              
000032c1  USBDMAChannelDisable               
000032a1  USBDMAChannelEnable                
00003271  USBDMAChannelIntDisable            
00003251  USBDMAChannelIntEnable             
00003291  USBDMAChannelIntStatus             
00003311  USBDMAChannelStatus                
00003331  USBDMAChannelStatusClear           
000033c3  USBDMANumChannels                  
0001033b  USBDescGet                         
00010395  USBDescGetNum                      
0000267d  USBDevAddrGet                      
00002669  USBDevAddrSet                      
0000263d  USBDevConnect                      
00002653  USBDevDisconnect                   
000029b3  USBDevEndpointConfigGet            
000028c1  USBDevEndpointConfigSet            
00002d3d  USBDevEndpointDataAck              
00002567  USBDevEndpointStall                
000025c9  USBDevEndpointStallClear           
000023e3  USBDevEndpointStatusClear          
0000352f  USBDevLPMConfig                    
0000355d  USBDevLPMDisable                   
00003545  USBDevLPMEnable                    
00003517  USBDevLPMRemoteWake                
00003177  USBDevMode                         
000021a9  USBDevSpeedGet                     
0000d76d  USBDeviceConfig                    
0000eeed  USBDeviceConfigAlternate           
0000e971  USBDeviceEnumHandler               
0000fd2d  USBDeviceEnumResetHandler          
0000d61d  USBDeviceIntHandlerInternal        
0000fb15  USBDeviceResumeTickHandler         
00003129  USBEndpointDMAChannel              
00002b6f  USBEndpointDMAConfigSet            
00002c41  USBEndpointDMADisable              
00002c07  USBEndpointDMAEnable               
00002c7b  USBEndpointDataAvail               
00002cb3  USBEndpointDataGet                 
00002dad  USBEndpointDataPut                 
00002e11  USBEndpointDataSend                
00002501  USBEndpointDataToggleClear         
000031db  USBEndpointPacketCountSet          
0000236f  USBEndpointStatus                  
000030ff  USBFIFOAddrGet                     
00002b09  USBFIFOConfigGet                   
00002aa3  USBFIFOConfigSet                   
00002e69  USBFIFOFlush                       
000030c3  USBFrameNumberGet                  
00002117  USBHighSpeed                       
00002f79  USBHostAddrGet                     
00002f41  USBHostAddrSet                     
00002691  USBHostEndpointConfig              
00002d7b  USBHostEndpointDataAck             
00002465  USBHostEndpointDataToggle          
0000253b  USBHostEndpointPing                
0000282b  USBHostEndpointSpeed               
0000239b  USBHostEndpointStatusClear         
0000300b  USBHostHubAddrGet                  
00002fa7  USBHostHubAddrSet                  
000034db  USBHostLPMConfig                   
000034ff  USBHostLPMResume                   
00003493  USBHostLPMSend                     
00003165  USBHostMode                        
00003039  USBHostPwrConfig                   
000030ab  USBHostPwrDisable                  
00003093  USBHostPwrEnable                   
0000307b  USBHostPwrFaultDisable             
00003063  USBHostPwrFaultEnable              
00002ed9  USBHostRequestIN                   
00002f01  USBHostRequestINClear              
00002f2f  USBHostRequestStatus               
000020e9  USBHostReset                       
00002145  USBHostResume                      
00002173  USBHostSpeedGet                    
000020d3  USBHostSuspend                     
000021c1  USBIntDisableControl               
00002285  USBIntDisableEndpoint              
000021ff  USBIntEnableControl                
000022b3  USBIntEnableEndpoint               
00002337  USBIntRegister                     
00002239  USBIntStatusControl                
000022e1  USBIntStatusEndpoint               
00002355  USBIntUnregister                   
00003589  USBLPMEndpointGet                  
000035e9  USBLPMIntDisable                   
000035cf  USBLPMIntEnable                    
000035bf  USBLPMIntStatus                    
00003575  USBLPMLinkStateGet                 
000035a5  USBLPMRemoteWakeEnabled            
0000319b  USBModeConfig                      
00003115  USBModeGet                         
000031fb  USBNumEndpointsGet                 
00003189  USBOTGMode                         
000030d1  USBOTGSessionRequest               
000031af  USBPHYPowerOff                     
000031c5  USBPHYPowerOn                      
000033d5  USBULPIConfig                      
00003403  USBULPIDisable                     
000033eb  USBULPIEnable                      
0000341b  USBULPIRegRead                     
00003453  USBULPIRegWrite                    
20003ffc  __CIOBUF_                          
20005508  __STACK_END                        
00000400  __STACK_SIZE                       
20005308  __STACK_TOP                        
00000010  __SYSMEM_SIZE                      
00011370  __TI_CINIT_Base                    
00011388  __TI_CINIT_Limit                   
00011354  __TI_Handler_Table_Base            
00011360  __TI_Handler_Table_Limit           
0000fed1  __TI_auto_init_nobinit_nopinit     
000101e5  __TI_cleanup                       
2000506c  __TI_cleanup_ptr                   
0000f2ed  __TI_closefile                     
0000f669  __TI_decompress_lzss               
00010671  __TI_decompress_none               
0000fbfd  __TI_doflush                       
20005070  __TI_dtors_ptr                     
20005074  __TI_enable_exit_profile_output    
2000505c  __TI_ft_end                        
0000fa1f  __TI_ltoa                          
ffffffff  __TI_pprof_out_hndl                
00006029  __TI_printfi                       
ffffffff  __TI_prof_data_size                
ffffffff  __TI_prof_data_start               
00010219  __TI_readmsg                       
00000000  __TI_static_base__                 
200042fc  __TI_tmpnams                       
00010109  __TI_writemsg                      
0000f799  __TI_wrt_ok                        
0001067f  __TI_zero_init                     
0000ef79  __aeabi_cdcmpeq                    
0000ef79  __aeabi_cdcmple                    
0000efff  __aeabi_cdrcmple                   
0000fdbd  __aeabi_d2iz                       
0000ff59  __aeabi_d2uiz                      
0000d037  __aeabi_dadd                       
0000d9f1  __aeabi_ddiv                       
0000e4f5  __aeabi_dmul                       
0000d02d  __aeabi_dsub                       
000106a1  __aeabi_errno_addr                 
00010141  __aeabi_f2d                        
000102e1  __aeabi_i2d                        
00006a77  __aeabi_idiv0                      
00006a77  __aeabi_ldiv0                      
0000f1f9  __aeabi_memclr                     
0000f1f9  __aeabi_memclr4                    
0000f1f9  __aeabi_memclr8                    
0000ec8f  __aeabi_memcpy                     
0000ec8f  __aeabi_memcpy4                    
0000ec8f  __aeabi_memcpy8                    
0000f1fb  __aeabi_memset                     
0000f1fb  __aeabi_memset4                    
0000f1fb  __aeabi_memset8                    
20005068  __aeabi_stderr                     
20005060  __aeabi_stdin                      
20005064  __aeabi_stdout                     
000104c9  __aeabi_ui2d                       
0000ff9d  __aeabi_uidiv                      
0000ff9d  __aeabi_uidivmod                   
0000edc5  __aeabi_uldivmod                   
ffffffff  __binit__                          
ffffffff  __c_args__                         
UNDEFED   __mpu_init                         
20005108  __stack                            
20000000  __start___llvm_prf_cnts            
20000000  __stop___llvm_prf_cnts             
00010521  _abort_msg                         
0001024d  _c_int00_noargs                    
000107e0  _ctypes_                           
20004920  _device                            
20004830  _ftable                            
2000509c  _lock                              
00003603  _nop                               
20004998  _stream                            
20005508  _sys_memory                        
UNDEFED   _system_post_cinit                 
000106b7  _system_pre_init                   
200050a0  _unlock                            
000106bb  abort                              
200046dc  adc_info                           
200050b4  adc_pin_struct                     
00008fbd  add_i2c_msg                        
0000993d  add_page                           
0000a081  ads1x15_drawdata                   
0000a199  ads1x15_drawinput                  
0000a015  ads1x15_drawpage                   
00009e21  ads1x15_looper_task                
00009ee7  ads1x15_midi_task                  
0000e2f9  aligned_alloc                      
0000fc49  atoi                               
0000ea73  bgd_color                          
ffffffff  binit                              
0000ea65  bold_text_color                    
0000eac5  clear_below_line                   
0000eabb  clear_in_line                      
0000eab1  clear_line                         
0000eaa7  clear_terminal                     
0000f8bd  close                              
00009c11  console_task                       
0000d29b  control_drawdata                   
0000d31b  control_drawinput                  
0000d1e5  control_drawpage                   
0001058f  copysign                           
0001058f  copysignl                          
0000c72d  create_error                       
0000ea81  cursor_pos                         
000006a5  eTaskGetState                      
20005104  errno                              
0000fd75  exit                               
0000f17d  fflush                             
000102b1  finddevice                         
0000e0d5  fputs                              
0000e6d5  free                               
0000f6d1  frexp                              
0000f6d1  frexpl                             
0000f735  fseek                              
20005090  g_bUSBTimerInitialized             
20000000  g_pfnRAMVectors                    
200045a0  g_pfnTickHandlers                  
00000000  g_pfnVectors                       
20004718  g_ppsDevInfo                       
20004460  g_psDCDInst                        
200045b8  g_pvTickInstance                   
20005094  g_ui32CurrentUSBTick               
20005098  g_ui32USBSOFCount                  
0000a3d1  get_adc_config                     
0000a449  get_adc_struct                     
0000a415  get_adc_val                        
0000f15f  get_board_type                     
0000b06b  get_channel                        
0000e3f9  get_char                           
0000cdbf  get_gpi_config                     
0000ce1d  get_gpi_struct                     
0000d473  get_gpo                            
0000d403  get_gpo_config                     
0000e081  get_octave                         
00009ffd  get_sensitivity                    
00009fe5  get_volume                         
0000ff15  getdevice                          
200046e4  gpis_info                          
200046ec  gpo_info                           
2000471c  green_debug                        
0000ddbf  homepage_drawdata                  
0000ddc1  homepage_drawinput                 
0000dd75  homepage_drawpage                  
0000def5  host_uart_task                     
200050dc  i2c_msg_queue                      
00009045  i2c_task                           
0000a21d  init_adc                           
00009dc1  init_ads1x15                       
0000f101  init_board_select                  
0000992d  init_console                       
0000e461  init_console_uart                  
00006a79  init_drumpad                       
0000ccad  init_gpis                          
0000d35d  init_gpos                          
0000de99  init_host_uart                     
00008f21  init_i2c                           
0000c79f  init_logger                        
0000c539  init_looper_board                  
0000b43d  init_looper_buttons                
0000be99  init_looper_effects                
0000c0f1  init_looper_volumes                
0000dfb9  init_midi_buttons                  
0000ada5  init_midi_channel_select           
0000b9b5  init_midi_ctrl_board               
0000cae1  init_midi_knobs                    
000099f9  is_on_screen                       
0000e1e9  ldexp                              
0000e1e9  ldexpl                             
0000c7f1  logger_drawdata                    
0000c88b  logger_drawinput                   
0000c7b7  logger_drawpage                    
0000a561  looper_adc_task                    
0000b49d  looper_buttons_task                
200050c4  looper_gpi_info                    
0001104c  looper_gpo_info                    
00010439  lseek                              
0000f361  main                               
000106a9  malloc                             
0000e2f9  memalign                           
00010559  memccpy                            
000104a9  memchr                             
0000ec8f  memcpy                             
0000f201  memset                             
0000a4e5  midi_adc_task                      
0000dfed  midi_buttons_task                  
0000afc3  midi_channel_select_task           
200050cc  midi_gpi_info                      
00011054  midi_gpo_info                      
2000468c  midi_knobs                         
200046f4  parmbuf                            
00004521  pcQueueGetName                     
00000d49  pcTaskGetName                      
0000e087  pressure_sense_is_on               
00006d89  process_drumpad                    
0000bec1  process_effects                    
0000aa21  process_joystick                   
0000c119  process_looper_volumes             
0000cb13  process_midi_knobs                 
0000ce6d  pvPortMalloc                       
00001a85  pvTaskIncrementMutexHeldCount      
200049e8  pxCurrentTCB                       
0000b729  pxPortInitialiseStack              
0000ce03  read_gpi                           
00010369  remove                             
0000ea9d  restore_cursor_pos                 
0000ea93  save_cursor_pos                    
0000e1e9  scalbn                             
0000e1e9  scalbnl                            
0000c047  send_effects                       
0000c315  send_midi_message                  
0000df41  send_to_host                       
0000df5d  send_to_host_from_isr              
0000c2f3  send_volumes                       
0000c78d  set_error                          
0000d447  set_gpo                            
0000ea49  set_text_mode                      
0000e7b9  setvbuf                            
00007411  slope_drawdata                     
00007413  slope_drawinput                    
0000740f  slope_drawpage                     
0000ffdd  sprintf                            
00010621  strchr                             
00010609  strcmp                             
00010637  strcpy                             
0001064b  strlen                             
00010179  strncpy                            
0000fccd  taskmanager_drawdata               
0000fccf  taskmanager_drawinput              
0000fc95  taskmanager_drawpage               
0000ea57  text_color                         
0000df7b  uartmsg_drawdata                   
0000df7d  uartmsg_drawinput                  
0000df79  uartmsg_drawpage                   
2000026c  ucHeap                             
00004251  ucQueueGetQueueType                
0001105c  ulMaxSyscallInterruptPriority      
0000e8a5  ulPortGetIPSR                      
00001a9d  ulTaskNotifyTake                   
00010369  unlink                             
0000dc09  uxListRemove                       
00004231  uxQueueGetQueueNumber              
00004179  uxQueueMessagesWaiting             
000041dd  uxQueueMessagesWaitingFromISR      
000041a9  uxQueueSpacesAvailable             
00000d43  uxTaskGetNumberOfTasks             
00000d91  uxTaskGetSystemState               
0000133b  uxTaskGetTaskNumber                
0000075b  uxTaskPriorityGet                  
0000078d  uxTaskPriorityGetFromISR           
00001a63  uxTaskResetEventItemValue          
000103cf  vApplicationIdleHook               
000103bf  vApplicationMallocFailedHook       
000103d1  vApplicationStackOverflowHook      
0000db27  vListInitialise                    
0000db57  vListInitialiseItem                
0000dba3  vListInsert                        
0000db67  vListInsertEnd                     
0000e961  vPortEnableVFP                     
0000b849  vPortEndScheduler                  
0000b86d  vPortEnterCritical                 
0000b8af  vPortExitCritical                  
0000cf6d  vPortFree                          
0000cfd1  vPortInitialiseBlocks              
0000e91d  vPortSVCHandler                    
0000b901  vPortSetupTimerInterrupt           
0000e93d  vPortStartFirstTask                
0000b91d  vPortValidateInterruptPriority     
000044df  vQueueAddToRegistry                
00004207  vQueueDelete                       
0000423f  vQueueSetQueueNumber               
00004561  vQueueUnregisterQueue              
0000063d  vTaskDelay                         
00000559  vTaskDelayUntil                    
0000048f  vTaskDelete                        
00000be9  vTaskEndScheduler                  
00001441  vTaskGetInfo                       
00001273  vTaskInternalSetTimeOutState       
00001951  vTaskList                          
00001333  vTaskMissedYield                   
00001e69  vTaskNotifyGiveFromISR             
0000105f  vTaskPlaceOnEventList              
000010a1  vTaskPlaceOnUnorderedEventList     
000017fd  vTaskPriorityDisinheritAfterTimeout
000007d1  vTaskPrioritySet                   
000011a9  vTaskRemoveFromUnorderedEventList  
00000a49  vTaskResume                        
0000135b  vTaskSetTaskNumber                 
00001241  vTaskSetTimeOutState               
00000b81  vTaskStartScheduler                
00000905  vTaskSuspend                       
00000c05  vTaskSuspendAll                    
00000f99  vTaskSwitchContext                 
0001065f  wcslen                             
00010461  write                              
0000cfcb  xPortGetFreeHeapSize               
0000e8bd  xPortPendSVHandler                 
0000b7b5  xPortStartScheduler                
0000b8db  xPortSysTickHandler                
000037bd  xQueueCreateCountingSemaphore      
00003791  xQueueCreateMutex                  
000036b9  xQueueGenericCreate                
00003605  xQueueGenericReset                 
00003815  xQueueGenericSend                  
000039a9  xQueueGenericSendFromISR           
00003aad  xQueueGiveFromISR                  
0000444b  xQueueIsQueueEmptyFromISR          
000044a5  xQueueIsQueueFullFromISR           
00003e9d  xQueuePeek                         
000040cd  xQueuePeekFromISR                  
00003ba1  xQueueReceive                      
00003ff5  xQueueReceiveFromISR               
200044f0  xQueueRegistry                     
00003cf3  xQueueSemaphoreTake                
0000128d  xTaskCheckForTimeOut               
0000026d  xTaskCreate                        
00001bc9  xTaskGenericNotify                 
00001d09  xTaskGenericNotifyFromISR          
00001615  xTaskGetCurrentTaskHandle          
00000d1f  xTaskGetTickCount                  
00000d2f  xTaskGetTickCountFromISR           
00000e7d  xTaskIncrementTick                 
[...]
00008145  I2CTxFIFOConfigSet                 
0000816d  I2CTxFIFOFlush                     
00008185  I2CRxFIFOConfigSet                 
000081ad  I2CRxFIFOFlush                     
000081c5  I2CFIFOStatus                      
000081d5  I2CFIFODataPut                     
000081f7  I2CFIFODataPutNonBlocking          
0000821f  I2CFIFODataGet                     
00008239  I2CFIFODataGetNonBlocking          
0000825f  I2CMasterBurstLengthSet            
00008275  I2CMasterBurstCountGet             
00008283  I2CMasterGlitchFilterConfigSet     
0000829b  I2CSlaveFIFOEnable                 
000082b3  I2CSlaveFIFODisable                
00008337  TimerEnable                        
00008355  TimerDisable                       
00008373  TimerConfigure                     
000083ef  TimerControlLevel                  
00008425  TimerControlTrigger                
00008493  TimerControlEvent                  
000084bd  TimerControlStall                  
000084f3  TimerControlWaitOnTrigger          
00008553  TimerRTCEnable                     
00008569  TimerRTCDisable                    
0000857f  TimerClockSourceSet                
000085a9  TimerClockSourceGet                
000085b9  TimerPrescaleSet                   
000085e3  TimerPrescaleGet                   
000085ff  TimerPrescaleMatchSet              
0000862d  TimerPrescaleMatchGet              
00008649  TimerLoadSet                       
00008673  TimerLoadGet                       
0000868f  TimerLoadSet64                     
000086a9  TimerLoadGet64                     
000086db  TimerValueGet                      
000086f7  TimerValueGet64                    
00008729  TimerMatchSet                      
00008753  TimerMatchGet                      
0000876f  TimerMatchSet64                    
00008789  TimerMatchGet64                    
000087bb  TimerIntRegister                   
000087e3  TimerIntUnregister                 
00008801  TimerIntEnable                     
00008819  TimerIntDisable                    
00008831  TimerIntStatus                     
0000884f  TimerIntClear                      
00008861  TimerSynchronize                   
00008873  TimerADCEventSet                   
00008885  TimerADCEventGet                   
00008893  TimerDMAEventSet                   
000088a5  TimerDMAEventGet                   
000088b3  TimerUpdateMode                    
00008967  UARTParityModeSet                  
00008983  UARTParityModeGet                  
00008995  UARTFIFOLevelSet                   
000089ad  UARTFIFOLevelGet                   
000089d5  UARTConfigSetExpClk                
00008a4b  UARTConfigGetExpClk                
00008a97  UARTEnable                         
00008abb  UARTDisable                        
00008ae5  UARTFIFOEnable                     
00008afb  UARTFIFODisable                    
00008b11  UARTEnableSIR                      
00008b3f  UARTDisableSIR                     
00008b55  UARTSmartCardEnable                
00008b87  UARTSmartCardDisable               
00008b9d  UARTModemControlSet                
00008bd5  UARTModemControlClear              
00008bf9  UARTModemControlGet                
00008c0b  UARTModemStatusGet                 
00008c1f  UARTFlowControlSet                 
00008c3b  UARTFlowControlGet                 
00008c4d  UARTTxIntModeSet                   
00008c69  UARTTxIntModeGet                   
00008c7b  UARTCharsAvail                     
00008c99  UARTSpaceAvail                     
00008cb7  UARTCharGetNonBlocking             
00008cd3  UARTCharGet                        
00008ce9  UARTCharPutNonBlocking             
00008d0d  UARTCharPut                        
00008d2b  UARTBreakCtl                       
00008d55  UARTBusy                           
00008d73  UARTIntRegister                    
00008d91  UARTIntUnregister                  
00008db1  UARTIntEnable                      
00008dc9  UARTIntDisable                     
00008de1  UARTIntStatus                      
00008dff  UARTIntClear                       
00008e11  UARTDMAEnable                      
00008e29  UARTDMADisable                     
00008e41  UARTRxErrorGet                     
00008e53  UARTRxErrorClear                   
00008e63  UARTClockSourceSet                 
00008e77  UARTClockSourceGet                 
00008e87  UART9BitEnable                     
00008e9d  UART9BitDisable                    
00008eb3  UART9BitAddrSet                    
00008ed9  UART9BitAddrSend                   
00008f21  init_i2c                           
00008fbd  add_i2c_msg                        
00009045  i2c_task                           
00009485  UARTStdioConfig                    
000094cb  UARTwrite                          
0000951b  UARTgets                           
000095d5  UARTgetc                           
000095fd  UARTvprintf                        
000098f7  UARTprintf                         
0000992d  init_console                       
0000993d  add_page                           
000099f9  is_on_screen                       
00009c11  console_task                       
00009dc1  init_ads1x15                       
00009e21  ads1x15_looper_task                
00009ee7  ads1x15_midi_task                  
00009fe5  get_volume                         
00009ffd  get_sensitivity                    
0000a015  ads1x15_drawpage                   
0000a081  ads1x15_drawdata                   
0000a199  ads1x15_drawinput                  
0000a21d  init_adc                           
0000a3d1  get_adc_config                     
0000a415  get_adc_val                        
0000a449  get_adc_struct                     
0000a453  ADCSeq0Handler                     
0000a493  ADCSeq1Handler                     
0000a4e5  midi_adc_task                      
0000a561  looper_adc_task                    
0000a663  IntMasterEnable                    
0000a673  IntMasterDisable                   
0000a683  IntRegister                        
0000a6d5  IntUnregister                      
0000a6e9  IntPriorityGroupingSet             
0000a703  IntPriorityGroupingGet             
0000a73b  IntPrioritySet                     
0000a78b  IntPriorityGet                     
0000a7af  IntEnable                          
0000a821  IntDisable                         
0000a893  IntIsEnabled                       
0000a919  IntPendSet                         
0000a989  IntPendClear                       
0000a9d7  IntPriorityMaskSet                 
0000a9e3  IntPriorityMaskGet                 
0000a9eb  IntTrigger                         
0000aa21  process_joystick                   
0000ada5  init_midi_channel_select           
0000afc3  midi_channel_select_task           
0000b06b  get_channel                        
0000b153  SSIConfigSetExpClk                 
0000b1df  SSIEnable                          
0000b1f5  SSIDisable                         
0000b20b  SSIIntRegister                     
0000b229  SSIIntUnregister                   
0000b243  SSIIntEnable                       
0000b25b  SSIIntDisable                      
0000b273  SSIIntStatus                       
0000b291  SSIIntClear                        
0000b2a3  SSIDataPut                         
0000b2bd  SSIDataPutNonBlocking              
0000b2dd  SSIDataGet                         
0000b2f9  SSIDataGetNonBlocking              
0000b31b  SSIDMAEnable                       
0000b333  SSIDMADisable                      
0000b34b  SSIBusy                            
0000b369  SSIClockSourceSet                  
0000b37d  SSIClockSourceGet                  
0000b3a1  SSIAdvModeSet                      
0000b3bd  SSIAdvDataPutFrameEnd              
0000b3e3  SSIAdvDataPutFrameEndNonBlocking   
0000b40f  SSIAdvFrameHoldEnable              
0000b425  SSIAdvFrameHoldDisable             
0000b43d  init_looper_buttons                
0000b49d  looper_buttons_task                
0000b729  pxPortInitialiseStack              
0000b7b5  xPortStartScheduler                
0000b849  vPortEndScheduler                  
0000b86d  vPortEnterCritical                 
0000b8af  vPortExitCritical                  
0000b8db  xPortSysTickHandler                
0000b901  vPortSetupTimerInterrupt           
0000b91d  vPortValidateInterruptPriority     
0000b9b5  init_midi_ctrl_board               
0000be99  init_looper_effects                
0000bec1  process_effects                    
0000c047  send_effects                       
0000c0f1  init_looper_volumes                
0000c119  process_looper_volumes             
0000c2f3  send_volumes                       
0000c315  send_midi_message                  
0000c539  init_looper_board                  
0000c72d  create_error                       
0000c78d  set_error                          
0000c79f  init_logger                        
0000c7b7  logger_drawpage                    
0000c7f1  logger_drawdata                    
0000c88b  logger_drawinput                   
0000cae1  init_midi_knobs                    
0000cb13  process_midi_knobs                 
0000ccad  init_gpis                          
0000cdbf  get_gpi_config                     
0000ce03  read_gpi                           
0000ce1d  get_gpi_struct                     
0000ce6d  pvPortMalloc                       
0000cf6d  vPortFree                          
0000cfcb  xPortGetFreeHeapSize               
0000cfd1  vPortInitialiseBlocks              
0000d02d  __aeabi_dsub                       
0000d037  __aeabi_dadd                       
0000d1e5  control_drawpage                   
0000d29b  control_drawdata                   
0000d31b  control_drawinput                  
0000d35d  init_gpos                          
0000d403  get_gpo_config                     
0000d447  set_gpo                            
0000d473  get_gpo                            
0000d61d  USBDeviceIntHandlerInternal        
0000d76d  USBDeviceConfig                    
0000d9f1  __aeabi_ddiv                       
0000db27  vListInitialise                    
0000db57  vListInitialiseItem                
0000db67  vListInsertEnd                     
0000dba3  vListInsert                        
0000dc09  uxListRemove                       
0000dd75  homepage_drawpage                  
0000ddbf  homepage_drawdata                  
0000ddc1  homepage_drawinput                 
0000de99  init_host_uart                     
0000def5  host_uart_task                     
0000df41  send_to_host                       
0000df5d  send_to_host_from_isr              
0000df79  uartmsg_drawpage                   
0000df7b  uartmsg_drawdata                   
0000df7d  uartmsg_drawinput                  
0000dfb9  init_midi_buttons                  
0000dfed  midi_buttons_task                  
0000e081  get_octave                         
0000e087  pressure_sense_is_on               
0000e0d5  fputs                              
0000e1e9  ldexp                              
0000e1e9  ldexpl                             
0000e1e9  scalbn                             
0000e1e9  scalbnl                            
0000e2f9  aligned_alloc                      
0000e2f9  memalign                           
0000e3f9  get_char                           
0000e461  init_console_uart                  
0000e4f5  __aeabi_dmul                       
0000e6d5  free                               
0000e7b9  setvbuf                            
0000e8a5  ulPortGetIPSR                      
0000e8bd  xPortPendSVHandler                 
0000e91d  vPortSVCHandler                    
0000e93d  vPortStartFirstTask                
0000e961  vPortEnableVFP                     
0000e971  USBDeviceEnumHandler               
0000ea49  set_text_mode                      
0000ea57  text_color                         
0000ea65  bold_text_color                    
0000ea73  bgd_color                          
0000ea81  cursor_pos                         
0000ea93  save_cursor_pos                    
0000ea9d  restore_cursor_pos                 
0000eaa7  clear_terminal                     
0000eab1  clear_line                         
0000eabb  clear_in_line                      
0000eac5  clear_below_line                   
0000eb1d  FPUEnable                          
0000eb2f  FPUDisable                         
0000eb3d  FPUStackingEnable                  
0000eb4f  FPULazyStackingEnable              
0000eb5b  FPUStackingDisable                 
0000eb67  FPUHalfPrecisionModeSet            
0000eb81  FPUNaNModeSet                      
0000eb9b  FPUFlushToZeroModeSet              
0000ebb5  FPURoundingModeSet                 
0000ec8f  __aeabi_memcpy                     
0000ec8f  __aeabi_memcpy4                    
0000ec8f  __aeabi_memcpy8                    
0000ec8f  memcpy                             
0000edc5  __aeabi_uldivmod                   
0000eeed  USBDeviceConfigAlternate           
0000ef79  __aeabi_cdcmpeq                    
0000ef79  __aeabi_cdcmple                    
0000efff  __aeabi_cdrcmple                   
0000f101  init_board_select                  
0000f15f  get_board_type                     
0000f17d  fflush                             
0000f1f9  __aeabi_memclr                     
0000f1f9  __aeabi_memclr4                    
0000f1f9  __aeabi_memclr8                    
0000f1fb  __aeabi_memset                     
0000f1fb  __aeabi_memset4                    
0000f1fb  __aeabi_memset8                    
0000f201  memset                             
0000f2ed  __TI_closefile                     
0000f361  main                               
0000f595  HOSTrename                         
0000f601  HOSTlseek                          
0000f669  __TI_decompress_lzss               
0000f6d1  frexp                              
0000f6d1  frexpl                             
0000f735  fseek                              
0000f799  __TI_wrt_ok                        
0000f7fd  HOSTopen                           
0000f8bd  close                              
0000f919  HOSTread                           
0000f971  HOSTwrite                          
0000fa1f  __TI_ltoa                          
0000fac5  USBDCDConfigDescGet                
0000fb15  USBDeviceResumeTickHandler         
0000fbfd  __TI_doflush                       
0000fc49  atoi                               
0000fc95  taskmanager_drawpage               
0000fccd  taskmanager_drawdata               
0000fccf  taskmanager_drawinput              
0000fd2d  USBDeviceEnumResetHandler          
0000fd75  exit                               
0000fdbd  __aeabi_d2iz                       
0000fe05  HOSTclose                          
0000fe49  HOSTunlink                         
0000fed1  __TI_auto_init_nobinit_nopinit     
0000ff15  getdevice                          
0000ff59  __aeabi_d2uiz                      
0000ff9d  __aeabi_uidiv                      
0000ff9d  __aeabi_uidivmod                   
0000ffdd  sprintf                            
0001005b  CPUcpsid                           
00010067  CPUprimask                         
00010071  CPUcpsie                           
0001007d  CPUwfi                             
00010081  CPUbasepriSet                      
0001008f  CPUbasepriGet                      
00010099  InternalUSBStartOfFrameTick        
000100d1  USBDCDConfigGetInterfaceEndpoint   
00010109  __TI_writemsg                      
00010137  C$$IO$$                            
00010141  __aeabi_f2d                        
00010179  strncpy                            
000101e5  __TI_cleanup                       
00010219  __TI_readmsg                       
0001024d  _c_int00_noargs                    
000102b1  finddevice                         
000102e1  __aeabi_i2d                        
0001030f  USBDCDConfigDescGetNum             
0001033b  USBDescGet                         
00010369  remove                             
00010369  unlink                             
00010395  USBDescGetNum                      
000103bf  vApplicationMallocFailedHook       
000103cf  vApplicationIdleHook               
000103d1  vApplicationStackOverflowHook      
00010439  lseek                              
00010461  write                              
000104a9  memchr                             
000104c9  __aeabi_ui2d                       
000104e9  USBDCDConfigGetInterface           
00010505  USBDCDStallEP0                     
00010521  _abort_msg                         
00010559  memccpy                            
00010575  USBDCDConfigDescGetSize            
0001058f  copysign                           
0001058f  copysignl                          
000105a9  USB0DeviceIntHandler               
00010609  strcmp                             
00010621  strchr                             
00010637  strcpy                             
0001064b  strlen                             
0001065f  wcslen                             
00010671  __TI_decompress_none               
0001067f  __TI_zero_init                     
0001068b  ResetISR                           
000106a1  __aeabi_errno_addr                 
000106a9  malloc                             
000106b1  SysCtlDelay                        
000106b7  _system_pre_init                   
000106bb  C$$EXIT                            
000106bb  abort                              
000107e0  _ctypes_                           
0001104c  looper_gpo_info                    
00011054  midi_gpo_info                      
0001105c  ulMaxSyscallInterruptPriority      
00011354  __TI_Handler_Table_Base            
00011360  __TI_Handler_Table_Limit           
00011370  __TI_CINIT_Base                    
00011388  __TI_CINIT_Limit                   
20000000  __start___llvm_prf_cnts            
20000000  __stop___llvm_prf_cnts             
20000000  g_pfnRAMVectors                    
2000026c  ucHeap                             
20003ffc  __CIOBUF_                          
200042fc  __TI_tmpnams                       
20004460  g_psDCDInst                        
200044f0  xQueueRegistry                     
200045a0  g_pfnTickHandlers                  
200045b8  g_pvTickInstance                   
2000468c  midi_knobs                         
200046dc  adc_info                           
200046e4  gpis_info                          
200046ec  gpo_info                           
200046f4  parmbuf                            
20004718  g_ppsDevInfo                       
2000471c  green_debug                        
20004830  _ftable                            
20004920  _device                            
20004998  _stream                            
200049e8  pxCurrentTCB                       
2000505c  __TI_ft_end                        
20005060  __aeabi_stdin                      
20005064  __aeabi_stdout                     
20005068  __aeabi_stderr                     
2000506c  __TI_cleanup_ptr                   
20005070  __TI_dtors_ptr                     
20005074  __TI_enable_exit_profile_output    
20005090  g_bUSBTimerInitialized             
20005094  g_ui32CurrentUSBTick               
20005098  g_ui32USBSOFCount                  
2000509c  _lock                              
200050a0  _unlock                            
200050b4  adc_pin_struct                     
200050c4  looper_gpi_info                    
200050cc  midi_gpi_info                      
200050dc  i2c_msg_queue                      
20005104  errno                              
20005108  __stack                            
20005308  __STACK_TOP                        
20005508  __STACK_END                        
20005508  _sys_memory                        
ffffffff  __TI_pprof_out_hndl                
ffffffff  __TI_prof_data_size                
ffffffff  __TI_prof_data_start               
ffffffff  __binit__                          
ffffffff  __c_args__                         
ffffffff  binit                              
UNDEFED   __mpu_init                         
UNDEFED   _system_post_cinit                 

[799 symbols]
