******************************************************************************
                  TI ARM Linker PC v20.2.2                     
******************************************************************************
>> Linked Wed Apr  7 18:04:57 2021

OUTPUT FILE NAME:   <drum_pad.out>
ENTRY POINT SYMBOL: "_c_int00_noargs"  address: 0000ca39


MEMORY CONFIGURATION

         name            origin    length      used     unused   attr    fill
----------------------  --------  ---------  --------  --------  ----  --------
  FLASH                 00000000   00040000  0000d70a  000328f6  R  X
  SRAM                  20000000   00008000  00007568  00000a98  RW X


SEGMENT ALLOCATION MAP

run origin  load origin   length   init length attrs members
----------  ----------- ---------- ----------- ----- -------
00000000    00000000    0000d710   0000d710    r-x
  00000000    00000000    0000026c   0000026c    r-- .intvecs
  0000026c    0000026c    0000ca8e   0000ca8e    r-x .text
  0000ccfc    0000ccfc    00000848   00000848    r-- .const
  0000d548    0000d548    000001c8   000001c8    r-- .cinit
20000000    20000000    00007570   00000000    rw-
  20000000    20000000    0000026c   00000000    rw- .vtable
  20000270    20000270    00006ba0   00000000    rw- .bss
  20006e10    20006e10    0000054c   00000000    rw- .data
  20007360    20007360    00000200   00000000    rw- .stack
  20007560    20007560    00000010   00000000    rw- .sysmem


SECTION ALLOCATION MAP

 output                                  attributes/
section   page    origin      length       input sections
--------  ----  ----------  ----------   ----------------
.intvecs   0    00000000    0000026c     
                  00000000    0000026c     tm4c123gh6pm_startup_ccs.obj (.intvecs)

.text      0    0000026c    0000ca8e     
                  0000026c    00001e58     tasks.obj (.text)
                  000020c4    00001098     queue.obj (.text)
                  0000315c    00000ef4     sysctl.obj (.text)
                  00004050    00000b88     gpio.obj (.text)
                  00004bd8    00000a4e     rtsv7M4_T_le_v4SPD16_eabi.lib : _printfi.c.obj (.text:__TI_printfi)
                  00005626    00000002                                   : _lock.c.obj (.text:_nop)
                  00005628    00000830     timers.obj (.text)
                  00005e58    000007c2     adc.obj (.text)
                  0000661a    00000002     rtsv7M4_T_le_v4SPD16_eabi.lib : div0.asm.obj (.text)
                  0000661c    0000069c     i2c.obj (.text)
                  00006cb8    00000642     timer.obj (.text)
                  000072fa    00000002     --HOLE-- [fill = 0]
                  000072fc    00000618     uart.obj (.text)
                  00007914    0000055c     event_groups.obj (.text)
                  00007e70    0000053c     I2C_task.obj (.text)
                  000083ac    000004a8     uartstdio.obj (.text)
                  00008854    00000494     console_task.obj (.text)
                  00008ce8    000003f4     drum_pad_functions.obj (.text)
                  000090dc    000003c0     interrupt.obj (.text)
                  0000949c    00000344     ADC_task.obj (.text)
                  000097e0    0000028c     port.obj (.text)
                  00009a6c    00000270     rtsv7M4_T_le_v4SPD16_eabi.lib : _printfi.c.obj (.text:_pconv_a)
                  00009cdc    00000230     logger.obj (.text)
                  00009f0c    000001e4     main.obj (.text)
                  0000a0f0    000001d0     rtsv7M4_T_le_v4SPD16_eabi.lib : _printfi.c.obj (.text:_pconv_g)
                  0000a2c0    000001c0     heap_2.obj (.text)
                  0000a480    000001b6     rtsv7M4_T_le_v4SPD16_eabi.lib : fd_add_t2.asm.obj (.text)
                  0000a636    00000002     --HOLE-- [fill = 0]
                  0000a638    000001b4     host_uart_task.obj (.text)
                  0000a7ec    0000018c     GPIs.obj (.text)
                  0000a978    00000178     control_page.obj (.text)
                  0000aaf0    00000144     GPOs.obj (.text)
                  0000ac34    0000013c     rtsv7M4_T_le_v4SPD16_eabi.lib : _printfi.c.obj (.text:_pconv_e)
                  0000ad70    00000136                                   : fd_div_t2.asm.obj (.text)
                  0000aea6    00000002     --HOLE-- [fill = 0]
                  0000aea8    00000130     homepage.obj (.text)
                  0000afd8    0000012a     list.obj (.text)
                  0000b102    00000002     --HOLE-- [fill = 0]
                  0000b104    00000124     rtsv7M4_T_le_v4SPD16_eabi.lib : _printfi.c.obj (.text:fcvt)
                  0000b228    00000114                                   : fputs.c.obj (.text:fputs)
                  0000b33c    00000110                                   : s_scalbn.c.obj (.text:scalbn)
                  0000b44c    00000100                                   : memory.c.obj (.text:aligned_alloc)
                  0000b54c    000000fc                                   : fd_mul_t2.asm.obj (.text)
                  0000b648    000000f0     console_uart.obj (.text)
                  0000b738    000000e4     rtsv7M4_T_le_v4SPD16_eabi.lib : memory.c.obj (.text:free)
                  0000b81c    000000dc                                   : setvbuf.c.obj (.text:setvbuf)
                  0000b8f8    000000da     portasm.obj (.text)
                  0000b9d2    00000002     --HOLE-- [fill = 0]
                  0000b9d4    000000d2     text_controls.obj (.text)
                  0000baa6    00000002     --HOLE-- [fill = 0]
                  0000baa8    000000c0     fpu.obj (.text)
                  0000bb68    000000b1     rtsv7M4_T_le_v4SPD16_eabi.lib : _printfi.c.obj (.text:_ltostr)
                  0000bc19    00000001     --HOLE-- [fill = 0]
                  0000bc1a    0000009c                                   : memcpy_t2.asm.obj (.text)
                  0000bcb6    00000096                                   : ull_div_t2.asm.obj (.text)
                  0000bd4c    00000086                                   : fd_cmp_t2.asm.obj (.text:__aeabi_cdcmple)
                  0000bdd2    00000086                                   : fd_cmp_t2.asm.obj (.text:__aeabi_cdrcmple)
                  0000be58    0000007c                                   : fflush.c.obj (.text:fflush)
                  0000bed4    0000007a                                   : memset_t2.asm.obj (.text)
                  0000bf4e    00000002     --HOLE-- [fill = 0]
                  0000bf50    00000074                                   : fclose.c.obj (.text:__TI_closefile)
                  0000bfc4    00000070                                   : memory.c.obj (.text:split)
                  0000c034    0000006e                                   : _printfi.c.obj (.text:_mcpy)
                  0000c0a2    00000002     --HOLE-- [fill = 0]
                  0000c0a4    0000006c                                   : hostrename.c.obj (.text:HOSTrename)
                  0000c110    00000068                                   : hostlseek.c.obj (.text:HOSTlseek)
                  0000c178    00000068                                   : copy_decompress_lzss.c.obj (.text:decompress:lzss:__TI_decompress_lzss)
                  0000c1e0    00000064                                   : s_frexp.c.obj (.text:frexp)
                  0000c244    00000064                                   : fseek.c.obj (.text:fseek)
                  0000c2a8    00000062                                   : _io_perm.c.obj (.text:__TI_wrt_ok)
                  0000c30a    00000002     --HOLE-- [fill = 0]
                  0000c30c    00000060                                   : hostopen.c.obj (.text:HOSTopen)
                  0000c36c    0000005c                                   : close.c.obj (.text:close)
                  0000c3c8    00000058                                   : hostread.c.obj (.text:HOSTread)
                  0000c420    00000058                                   : hostwrite.c.obj (.text:HOSTwrite)
                  0000c478    00000056                                   : _printfi.c.obj (.text:_pconv_f)
                  0000c4ce    00000054                                   : _ltoa.c.obj (.text:__TI_ltoa)
                  0000c522    00000052                                   : _printfi.c.obj (.text:_ecpy)
                  0000c574    0000004c                                   : fflush.c.obj (.text:__TI_doflush)
                  0000c5c0    0000004c                                   : atoi.c.obj (.text:atoi)
                  0000c60c    0000004c     task_manager_page.obj (.text)
                  0000c658    00000048     rtsv7M4_T_le_v4SPD16_eabi.lib : exit.c.obj (.text:exit)
                  0000c6a0    00000048                                   : fd_toi_t2.asm.obj (.text)
                  0000c6e8    00000044                                   : hostclose.c.obj (.text:HOSTclose)
                  0000c72c    00000044                                   : hostunlink.c.obj (.text:HOSTunlink)
                  0000c770    00000044                                   : autoinit.c.obj (.text:__TI_auto_init_nobinit_nopinit:__TI_auto_init_nobinit_nopinit)
                  0000c7b4    00000044                                   : getdevice.c.obj (.text:getdevice)
                  0000c7f8    00000040                                   : u_divt2.asm.obj (.text)
                  0000c838    00000040                                   : sprintf.c.obj (.text:sprintf)
                  0000c878    0000003e                                   : _printfi.c.obj (.text:_fcpy)
                  0000c8b6    0000003e     cpu.obj (.text)
                  0000c8f4    00000038     rtsv7M4_T_le_v4SPD16_eabi.lib : trgmsg.c.obj (.text:__TI_writemsg)
                  0000c92c    00000038                                   : fs_tod_t2.asm.obj (.text)
                  0000c964    00000036                                   : ull_tofs_t2.asm.obj (.text)
                  0000c99a    00000036                                   : strncpy.c.obj (.text:strncpy)
                  0000c9d0    00000034                                   : fopen.c.obj (.text:__TI_cleanup)
                  0000ca04    00000034                                   : trgmsg.c.obj (.text:__TI_readmsg)
                  0000ca38    00000034                                   : boot_cortex_m.c.obj (.text:_c_int00_noargs:_c_int00_noargs)
                  0000ca6c    00000030                                   : getdevice.c.obj (.text:finddevice)
                  0000ca9c    0000002e                                   : i_tofd_t2.asm.obj (.text)
                  0000caca    00000002     --HOLE-- [fill = 0]
                  0000cacc    0000002c                                   : unlink.c.obj (.text:unlink)
                  0000caf8    0000002a     hooks.obj (.text)
                  0000cb22    00000002     --HOLE-- [fill = 0]
                  0000cb24    00000028     rtsv7M4_T_le_v4SPD16_eabi.lib : memory.c.obj (.text:free_list_insert)
                  0000cb4c    00000028                                   : lseek.c.obj (.text:lseek)
                  0000cb74    00000028                                   : write.c.obj (.text:write)
                  0000cb9c    00000020                                   : memchr.c.obj (.text:memchr)
                  0000cbbc    0000001c                                   : assert.c.obj (.text:_abort_msg)
                  0000cbd8    0000001c                                   : memory.c.obj (.text:free_list_remove)
                  0000cbf4    0000001c                                   : memccpy.c.obj (.text:memccpy)
                  0000cc10    0000001a                                   : s_copysign.c.obj (.text:copysign)
                  0000cc2a    00000018                                   : sprintf.c.obj (.text:_outs)
                  0000cc42    00000018                                   : strcmp.c.obj (.text:strcmp)
                  0000cc5a    00000016                                   : strchr.c.obj (.text:strchr)
                  0000cc70    00000014                                   : strcpy.c.obj (.text:strcpy)
                  0000cc84    00000014                                   : strlen.c.obj (.text:strlen)
                  0000cc98    00000012                                   : wcslen.c.obj (.text:wcslen)
                  0000ccaa    0000000e                                   : copy_decompress_none.c.obj (.text:decompress:none:__TI_decompress_none)
                  0000ccb8    0000000c                                   : copy_zero_init.c.obj (.text:decompress:ZI:__TI_zero_init)
                  0000ccc4    0000000c     tm4c123gh6pm_startup_ccs.obj (.text)
                  0000ccd0    0000000a     rtsv7M4_T_le_v4SPD16_eabi.lib : sprintf.c.obj (.text:_outc)
                  0000ccda    00000002     --HOLE-- [fill = 0]
                  0000ccdc    00000008                                   : errno.c.obj (.text:__aeabi_errno_addr)
                  0000cce4    00000008                                   : memory.c.obj (.text:malloc)
                  0000ccec    00000006     sysctl.obj (.text:SysCtlDelay)
                  0000ccf2    00000004     rtsv7M4_T_le_v4SPD16_eabi.lib : pre_init.c.obj (.text:_system_pre_init)
                  0000ccf6    00000004                                   : exit.c.obj (.text:abort:abort)

.const     0    0000ccfc    00000848     
                  0000ccfc    00000120     sysctl.obj (.const:g_pppui32XTALtoVCO)
                  0000ce1c    00000101     rtsv7M4_T_le_v4SPD16_eabi.lib : ctype.c.obj (.const:.string:_ctypes_)
                  0000cf1d    00000003     --HOLE-- [fill = 0]
                  0000cf20    000000c0     gpio.obj (.const:g_ppui32GPIOIntMapBlizzard)
                  0000cfe0    000000c0     gpio.obj (.const:g_ppui32GPIOIntMapSnowflake)
                  0000d0a0    0000009c     interrupt.obj (.const:g_pui32Regs)
                  0000d13c    00000090     gpio.obj (.const:g_pui32GPIOBaseAddrs)
                  0000d1cc    0000006c     sysctl.obj (.const:g_pui32Xtals)
                  0000d238    00000060     ADC_task.obj (.const:.string)
                  0000d298    00000060     timer.obj (.const:g_ppui32TimerIntMap)
                  0000d2f8    00000050     i2c.obj (.const:g_ppui32I2CIntMapSnowflake)
                  0000d348    00000040     timer.obj (.const:g_ppui32TimerIntMapSnowflake)
                  0000d388    00000040     uart.obj (.const:g_ppui32UARTIntMap)
                  0000d3c8    00000040     uart.obj (.const:g_ppui32UARTIntMapSnowflake)
                  0000d408    00000030     i2c.obj (.const:g_ppui32I2CIntMap)
                  0000d438    00000030     sysctl.obj (.const:g_sXTALtoMEMTIM)
                  0000d468    00000022     GPOs.obj (.const:.string)
                  0000d48a    00000002     --HOLE-- [fill = 0]
                  0000d48c    00000020     interrupt.obj (.const:g_pui32Priority)
                  0000d4ac    00000014     interrupt.obj (.const:g_pui32Dii16Regs)
                  0000d4c0    00000014     interrupt.obj (.const:g_pui32EnRegs)
                  0000d4d4    00000014     interrupt.obj (.const:g_pui32PendRegs)
                  0000d4e8    00000014     interrupt.obj (.const:g_pui32UnpendRegs)
                  0000d4fc    00000012     uartstdio.obj (.const:.string)
                  0000d50e    00000002     --HOLE-- [fill = 0]
                  0000d510    0000000c     uartstdio.obj (.const:g_ui32UARTBase)
                  0000d51c    0000000c     uartstdio.obj (.const:g_ui32UARTPeriph)
                  0000d528    00000008     sysctl.obj (.const:g_pui32VCOFrequencies)
                  0000d530    00000008     GPOs.obj (.const:gpo_info)
                  0000d538    00000008     port.obj (.const)
                  0000d540    00000004     uartstdio.obj (.const)

.cinit     0    0000d548    000001c8     
                  0000d548    0000018e     (.cinit..data.load) [load image, compression = lzss]
                  0000d6d6    00000002     --HOLE-- [fill = 0]
                  0000d6d8    0000000c     (__TI_handler_table)
                  0000d6e4    00000004     --HOLE-- [fill = 0]
                  0000d6e8    00000008     (.cinit..bss.load) [load image, compression = zero_init]
                  0000d6f0    00000008     (.cinit..vtable.load) [load image, compression = zero_init]
                  0000d6f8    00000018     (__TI_cinit_table)

.init_array 
*          0    00000000    00000000     UNINITIALIZED

.vtable    0    20000000    0000026c     UNINITIALIZED
                  20000000    0000026c     interrupt.obj (.vtable)

.bss       0    20000270    00006ba0     UNINITIALIZED
                  20000270    00006400     (.common:ucHeap)
                  20006670    00000190     task_manager_page.obj (.bss:write_buffer)
                  20006800    00000180     (.common:pad_states)
                  20006980    00000120     rtsv7M4_T_le_v4SPD16_eabi.lib : trgmsg.c.obj (.bss:_CIOBUF_)
                  20006aa0    000000f0     logger.obj (.bss:errors)
                  20006b90    000000a0     (.common:__TI_tmpnams)
                  20006c30    00000064     tasks.obj (.bss:pxReadyTasksLists)
                  20006c94    00000040     (.common:xQueueRegistry)
                  20006cd4    00000020     ADC_task.obj (.bss:adc00_step_values)
                  20006cf4    00000014     drum_pad_functions.obj (.bss:float_string)
                  20006d08    00000014     timers.obj (.bss:xActiveTimerList1)
                  20006d1c    00000014     timers.obj (.bss:xActiveTimerList2)
                  20006d30    00000014     tasks.obj (.bss:xDelayedTaskList1)
                  20006d44    00000014     tasks.obj (.bss:xDelayedTaskList2)
                  20006d58    00000014     tasks.obj (.bss:xPendingReadyList)
                  20006d6c    00000014     tasks.obj (.bss:xSuspendedTaskList)
                  20006d80    00000014     tasks.obj (.bss:xTasksWaitingTermination)
                  20006d94    00000010     ADC_task.obj (.bss:adc11_step_values)
                  20006da4    00000008     host_uart_task.obj (.bss)
                  20006dac    00000008     tasks.obj (.bss)
                  20006db4    00000008     timers.obj (.bss)
                  20006dbc    00000008     heap_2.obj (.bss:xEnd)
                  20006dc4    00000008     heap_2.obj (.bss:xStart)
                  20006dcc    00000008     (.common:adc_info)
                  20006dd4    00000008     (.common:gpis_info)
                  20006ddc    00000008     (.common:parmbuf)
                  20006de4    00000004     I2C_task.obj (.bss)
                  20006de8    00000004     console_uart.obj (.bss)
                  20006dec    00000004     drum_pad_functions.obj (.bss)
                  20006df0    00000004     adc.obj (.bss:g_pui8OversampleFactor)
                  20006df4    00000004     (.common:addr_ack_err)
                  20006df8    00000004     (.common:arb_lost_err)
                  20006dfc    00000004     (.common:blue_debug)
                  20006e00    00000004     (.common:clk_tout_err)
                  20006e04    00000004     (.common:data_ack_err)
                  20006e08    00000004     (.common:green_debug)
                  20006e0c    00000004     (.common:red_debug)

.data      0    20006e10    0000054c     UNINITIALIZED
                  20006e10    000000f0     rtsv7M4_T_le_v4SPD16_eabi.lib : defs.c.obj (.data:_ftable)
                  20006f00    000000a8     console_task.obj (.data:console_pages)
                  20006fa8    00000078     rtsv7M4_T_le_v4SPD16_eabi.lib : host_device.c.obj (.data:_device)
                  20007020    00000050                                   : host_device.c.obj (.data:_stream)
                  20007070    00000034     tasks.obj (.data)
                  200070a4    00000030     ADC_task.obj (.data:adc_pins)
                  200070d4    00000024     ADC_task.obj (.data:pad0)
                  200070f8    00000024     ADC_task.obj (.data:pad10)
                  2000711c    00000024     ADC_task.obj (.data:pad11)
                  20007140    00000024     ADC_task.obj (.data:pad1)
                  20007164    00000024     ADC_task.obj (.data:pad2)
                  20007188    00000024     ADC_task.obj (.data:pad3)
                  200071ac    00000024     ADC_task.obj (.data:pad4)
                  200071d0    00000024     ADC_task.obj (.data:pad5)
                  200071f4    00000024     ADC_task.obj (.data:pad6)
                  20007218    00000024     ADC_task.obj (.data:pad7)
                  2000723c    00000024     ADC_task.obj (.data:pad8)
                  20007260    00000024     ADC_task.obj (.data:pad9)
                  20007284    00000014     GPOs.obj (.data:blue_led)
                  20007298    00000014     GPOs.obj (.data:green_led)
                  200072ac    00000014     GPOs.obj (.data:red_led)
                  200072c0    00000011     console_task.obj (.data)
                  200072d1    00000003     --HOLE--
                  200072d4    00000010     rtsv7M4_T_le_v4SPD16_eabi.lib : defs.c.obj (.data)
                  200072e4    0000000c                                   : exit.c.obj (.data:$O1$$)
                  200072f0    0000000c     GPOs.obj (.data:gpos)
                  200072fc    0000000c     port.obj (.data)
                  20007308    0000000c     timers.obj (.data)
                  20007314    00000008     rtsv7M4_T_le_v4SPD16_eabi.lib : _lock.c.obj (.data:$O1$$)
                  2000731c    00000008                                   : memory.c.obj (.data:$O1$$)
                  20007324    00000008     ADC_task.obj (.data:adc_pin_struct)
                  2000732c    00000008     GPIs.obj (.data:gpi_info)
                  20007334    00000008     heap_2.obj (.data)
                  2000733c    00000005     I2C_task.obj (.data)
                  20007341    00000003     --HOLE--
                  20007344    00000005     uartstdio.obj (.data)
                  20007349    00000003     --HOLE--
                  2000734c    00000004     ADC_task.obj (.data)
                  20007350    00000004     host_uart_task.obj (.data)
                  20007354    00000004     logger.obj (.data)
                  20007358    00000004     rtsv7M4_T_le_v4SPD16_eabi.lib : errno.c.obj (.data)

.stack     0    20007360    00000200     UNINITIALIZED
                  20007360    00000004     rtsv7M4_T_le_v4SPD16_eabi.lib : boot_cortex_m.c.obj (.stack)
                  20007364    000001fc     --HOLE--

.sysmem    0    20007560    00000010     UNINITIALIZED
                  20007560    00000010     rtsv7M4_T_le_v4SPD16_eabi.lib : memory.c.obj (.sysmem)

__llvm_prf_cnts 
*          0    20000000    00000000     UNINITIALIZED

MODULE SUMMARY

       Module                         code    ro data   rw data
       ------                         ----    -------   -------
    .\
       ADC_task.obj                   836     96        26140  
       drum_pad_functions.obj         1012    0         408    
       I2C_task.obj                   1340    0         25     
       console_task.obj               1172    0         185    
       logger.obj                     560     0         256    
       tm4c123gh6pm_startup_ccs.obj   12      620       0      
       main.obj                       484     0         0      
       task_manager_page.obj          76      0         400    
       heap_2.obj                     448     0         24     
       host_uart_task.obj             436     0         12     
       GPOs.obj                       324     42        72     
       GPIs.obj                       396     0         8      
       control_page.obj               376     0         16     
       homepage.obj                   304     0         0      
       console_uart.obj               240     0         4      
       text_controls.obj              210     0         0      
       hooks.obj                      42      0         0      
    +--+------------------------------+-------+---------+---------+
       Total:                         8268    758       27550  
                                                               
    .\FreeRTOS\
       tasks.obj                      7768    0         260    
       queue.obj                      4248    0         64     
       timers.obj                     2096    0         60     
       event_groups.obj               1372    0         0      
       list.obj                       298     0         0      
    +--+------------------------------+-------+---------+---------+
       Total:                         15782   0         384    
                                                               
    .\FreeRTOS\portable\CCS\ARM_CM4F\
       port.obj                       652     8         12     
       portasm.obj                    218     0         0      
    +--+------------------------------+-------+---------+---------+
       Total:                         870     8         12     
                                                               
    .\driverlib\
       sysctl.obj                     3834    452       0      
       gpio.obj                       2952    528       0      
       adc.obj                        1986    0         4      
       interrupt.obj                  960     268       620    
       i2c.obj                        1692    128       0      
       timer.obj                      1602    160       0      
       uart.obj                       1560    128       0      
       fpu.obj                        192     0         0      
       cpu.obj                        62      0         0      
    +--+------------------------------+-------+---------+---------+
       Total:                         14840   1664      624    
                                                               
    .\utils\
       uartstdio.obj                  1192    46        5      
    +--+------------------------------+-------+---------+---------+
       Total:                         1192    46        5      
                                                               
    C:\ti\ccs1020\ccs\tools\compiler\ti-cgt-arm_20.2.2.LTS\lib\rtsv7M4_T_le_v4SPD16_eabi.lib
       _printfi.c.obj                 4851    0         0      
       memory.c.obj                   672     0         8      
       fd_add_t2.asm.obj              438     0         0      
       defs.c.obj                     0       0         416    
       trgmsg.c.obj                   108     0         288    
       fd_div_t2.asm.obj              310     0         0      
       fputs.c.obj                    276     0         0      
       s_scalbn.c.obj                 272     0         0      
       fd_cmp_t2.asm.obj              268     0         0      
       ctype.c.obj                    0       257       0      
       fd_mul_t2.asm.obj              252     0         0      
       setvbuf.c.obj                  220     0         0      
       fflush.c.obj                   200     0         0      
       host_device.c.obj              0       0         200    
       memcpy_t2.asm.obj              156     0         0      
       ull_div_t2.asm.obj             150     0         0      
       memset_t2.asm.obj              122     0         0      
       fclose.c.obj                   116     0         0      
       getdevice.c.obj                116     0         0      
       hostrename.c.obj               108     0         0      
       copy_decompress_lzss.c.obj     104     0         0      
       hostlseek.c.obj                104     0         0      
       hostopen.c.obj                 96      0         8      
       fseek.c.obj                    100     0         0      
       s_frexp.c.obj                  100     0         0      
       _io_perm.c.obj                 98      0         0      
       sprintf.c.obj                  98      0         0      
       close.c.obj                    92      0         0      
       exit.c.obj                     76      0         12     
       hostread.c.obj                 88      0         0      
       hostwrite.c.obj                88      0         0      
       _ltoa.c.obj                    84      0         0      
       atoi.c.obj                     76      0         0      
       fd_toi_t2.asm.obj              72      0         0      
       autoinit.c.obj                 68      0         0      
       hostclose.c.obj                68      0         0      
       hostunlink.c.obj               68      0         0      
       u_divt2.asm.obj                64      0         0      
       fs_tod_t2.asm.obj              56      0         0      
       strncpy.c.obj                  54      0         0      
       ull_tofs_t2.asm.obj            54      0         0      
       boot_cortex_m.c.obj            52      0         0      
       fopen.c.obj                    52      0         0      
       i_tofd_t2.asm.obj              46      0         0      
       unlink.c.obj                   44      0         0      
       lseek.c.obj                    40      0         0      
       write.c.obj                    40      0         0      
       memchr.c.obj                   32      0         0      
       assert.c.obj                   28      0         0      
       memccpy.c.obj                  28      0         0      
       s_copysign.c.obj               26      0         0      
       strcmp.c.obj                   24      0         0      
       strchr.c.obj                   22      0         0      
       strcpy.c.obj                   20      0         0      
       strlen.c.obj                   20      0         0      
       wcslen.c.obj                   18      0         0      
       copy_decompress_none.c.obj     14      0         0      
       copy_zero_init.c.obj           12      0         0      
       errno.c.obj                    8       0         4      
       _lock.c.obj                    2       0         8      
       pre_init.c.obj                 4       0         0      
       div0.asm.obj                   2       0         0      
    +--+------------------------------+-------+---------+---------+
       Total:                         10877   257       944    
                                                               
       Heap:                          0       0         16     
       Stack:                         0       0         512    
       Linker Generated:              0       450       0      
    +--+------------------------------+-------+---------+---------+
       Grand Total:                   51829   3183      30047  


LINKER GENERATED COPY TABLES

__TI_cinit_table @ 0000d6f8 records: 3, size/record: 8, table size: 24
	.data: load addr=0000d548, load size=0000018e bytes, run addr=20006e10, run size=0000054c bytes, compression=lzss
	.bss: load addr=0000d6e8, load size=00000008 bytes, run addr=20000270, run size=00006ba0 bytes, compression=zero_init
	.vtable: load addr=0000d6f0, load size=00000008 bytes, run addr=20000000, run size=0000026c bytes, compression=zero_init


LINKER GENERATED HANDLER TABLE

__TI_handler_table @ 0000d6d8 records: 3, size/record: 4, table size: 12
	index: 0, handler: __TI_zero_init
	index: 1, handler: __TI_decompress_lzss
	index: 2, handler: __TI_decompress_none


GLOBAL SYMBOLS: SORTED ALPHABETICALLY BY Name 

address   name                               
-------   ----                               
00006595  ADCBusy                            
000065dd  ADCClockConfigGet                  
000065b3  ADCClockConfigSet                  
000063af  ADCComparatorConfigure             
0000647f  ADCComparatorIntClear              
00006435  ADCComparatorIntDisable            
00006453  ADCComparatorIntEnable             
00006471  ADCComparatorIntStatus             
000063cb  ADCComparatorRegionSet             
000063ef  ADCComparatorReset                 
0000637d  ADCHardwareOversampleConfigure     
00005f93  ADCIntClear                        
000064f7  ADCIntClearEx                      
00005ef9  ADCIntDisable                      
00006491  ADCIntDisableEx                    
00005f15  ADCIntEnable                       
000064a9  ADCIntEnableEx                     
00005eb3  ADCIntRegister                     
00005f3b  ADCIntStatus                       
000064c5  ADCIntStatusEx                     
00005edb  ADCIntUnregister                   
0000654f  ADCPhaseDelayGet                   
0000653d  ADCPhaseDelaySet                   
000061f3  ADCProcessorTrigger                
0000652b  ADCReferenceGet                    
0000650f  ADCReferenceSet                    
0000968b  ADCSeq0Handler                     
000096c1  ADCSeq1Handler                     
00005fdd  ADCSequenceConfigure               
00006579  ADCSequenceDMADisable              
0000655d  ADCSequenceDMAEnable               
000061b1  ADCSequenceDataGet                 
00005fc3  ADCSequenceDisable                 
00005fa9  ADCSequenceEnable                  
00006155  ADCSequenceOverflow                
0000616d  ADCSequenceOverflowClear           
00006061  ADCSequenceStepConfigure           
00006183  ADCSequenceUnderflow               
0000619b  ADCSequenceUnderflowClear          
00006217  ADCSoftwareOversampleConfigure     
0000630f  ADCSoftwareOversampleDataGet       
0000624f  ADCSoftwareOversampleStepConfigure 
0000ccf7  C$$EXIT                            
0000c923  C$$IO$$                            
0000c8eb  CPUbasepriGet                      
0000c8dd  CPUbasepriSet                      
0000c8b7  CPUcpsid                           
0000c8cd  CPUcpsie                           
0000c8c3  CPUprimask                         
0000c8d9  CPUwfi                             
0000babb  FPUDisable                         
0000baa9  FPUEnable                          
0000bb27  FPUFlushToZeroModeSet              
0000baf3  FPUHalfPrecisionModeSet            
0000badb  FPULazyStackingEnable              
0000bb0d  FPUNaNModeSet                      
0000bb41  FPURoundingModeSet                 
0000bae7  FPUStackingDisable                 
0000bac9  FPUStackingEnable                  
00004bb3  GPIOADCTriggerDisable              
00004b95  GPIOADCTriggerEnable               
00004b77  GPIODMATriggerDisable              
00004b59  GPIODMATriggerEnable               
0000410b  GPIODirModeGet                     
000040af  GPIODirModeSet                     
00004673  GPIOIntClear                       
00004637  GPIOIntDisable                     
0000461d  GPIOIntEnable                      
00004687  GPIOIntRegister                    
00004651  GPIOIntStatus                      
000041fb  GPIOIntTypeGet                     
00004157  GPIOIntTypeSet                     
000046a5  GPIOIntUnregister                  
000044cb  GPIOPadConfigGet                   
00004291  GPIOPadConfigSet                   
00004afb  GPIOPinConfigure                   
000046bf  GPIOPinRead                        
000046f7  GPIOPinTypeADC                     
0000471b  GPIOPinTypeCAN                     
00004ac7  GPIOPinTypeCIR                     
0000473f  GPIOPinTypeComparator              
00004763  GPIOPinTypeEPI                     
00004787  GPIOPinTypeEthernetLED             
000047ab  GPIOPinTypeEthernetMII             
000047cf  GPIOPinTypeGPIOInput               
000047f3  GPIOPinTypeGPIOOutput              
00004817  GPIOPinTypeGPIOOutputOD            
0000483b  GPIOPinTypeI2C                     
0000485f  GPIOPinTypeI2CSCL                  
00004a7f  GPIOPinTypeKBColumn                
00004a5b  GPIOPinTypeKBRow                   
00004883  GPIOPinTypeLCD                     
00004aa3  GPIOPinTypeLEDSeq                  
000048a7  GPIOPinTypeLPC                     
000048cb  GPIOPinTypePECIRx                  
000048ef  GPIOPinTypePECITx                  
00004913  GPIOPinTypePWM                     
00004937  GPIOPinTypeQEI                     
0000495b  GPIOPinTypeSSI                     
0000497f  GPIOPinTypeTimer                   
000049a3  GPIOPinTypeUART                    
000049c7  GPIOPinTypeUSBAnalog               
000049eb  GPIOPinTypeUSBDigital              
00004a0f  GPIOPinTypeWakeHigh                
00004a35  GPIOPinTypeWakeLow                 
00004aeb  GPIOPinWakeStatus                  
000046d7  GPIOPinWrite                       
0000c6e9  HOSTclose                          
0000c111  HOSTlseek                          
0000c30d  HOSTopen                           
0000c3c9  HOSTread                           
0000c0a5  HOSTrename                         
0000c72d  HOSTunlink                         
0000c421  HOSTwrite                          
00006c13  I2CFIFODataGet                     
00006c2d  I2CFIFODataGetNonBlocking          
00006bc9  I2CFIFODataPut                     
00006beb  I2CFIFODataPutNonBlocking          
00006bb9  I2CFIFOStatus                      
000067ad  I2CIntRegister                     
000067cb  I2CIntUnregister                   
00006c69  I2CMasterBurstCountGet             
00006c53  I2CMasterBurstLengthSet            
00006a11  I2CMasterBusBusy                   
000069f9  I2CMasterBusy                      
00006a29  I2CMasterControl                   
00006a7d  I2CMasterDataGet                   
00006a67  I2CMasterDataPut                   
00006779  I2CMasterDisable                   
00006745  I2CMasterEnable                    
00006a3b  I2CMasterErr                       
00006c77  I2CMasterGlitchFilterConfigSet     
0000667b  I2CMasterInitExpClk                
00006973  I2CMasterIntClear                  
00006991  I2CMasterIntClearEx                
0000683f  I2CMasterIntDisable                
0000684f  I2CMasterIntDisableEx              
000067e5  I2CMasterIntEnable                 
000067f5  I2CMasterIntEnableEx               
00006899  I2CMasterIntStatus                 
000068dd  I2CMasterIntStatusEx               
000069eb  I2CMasterLineStateGet              
000069c9  I2CMasterSlaveAddrSet              
00006a8b  I2CMasterTimeoutSet                
00006b79  I2CRxFIFOConfigSet                 
00006ba1  I2CRxFIFOFlush                     
00006a9d  I2CSlaveACKOverride                
00006acf  I2CSlaveACKValueSet                
00006707  I2CSlaveAddressSet                 
00006b29  I2CSlaveDataGet                    
00006b11  I2CSlaveDataPut                    
0000678f  I2CSlaveDisable                    
0000675b  I2CSlaveEnable                     
00006ca7  I2CSlaveFIFODisable                
00006c8f  I2CSlaveFIFOEnable                 
000066ed  I2CSlaveInit                       
000069a3  I2CSlaveIntClear                   
000069b5  I2CSlaveIntClearEx                 
00006867  I2CSlaveIntDisable                 
0000687f  I2CSlaveIntDisableEx               
0000680d  I2CSlaveIntEnable                  
00006825  I2CSlaveIntEnableEx                
00006909  I2CSlaveIntStatus                  
00006951  I2CSlaveIntStatusEx                
00006b01  I2CSlaveStatus                     
00006b39  I2CTxFIFOConfigSet                 
00006b61  I2CTxFIFOFlush                     
0000929d  IntDisable                         
0000922b  IntEnable                          
0000930f  IntIsEnabled                       
000090ef  IntMasterDisable                   
000090df  IntMasterEnable                    
00009405  IntPendClear                       
00009395  IntPendSet                         
00009207  IntPriorityGet                     
0000917f  IntPriorityGroupingGet             
00009165  IntPriorityGroupingSet             
0000945f  IntPriorityMaskGet                 
00009453  IntPriorityMaskSet                 
000091b7  IntPrioritySet                     
000090ff  IntRegister                        
00009467  IntTrigger                         
00009151  IntUnregister                      
0000ccc5  ResetISR                           
00003fef  SysCtlAltClkConfig                 
000037c5  SysCtlClockFreqSet                 
00003ca9  SysCtlClockGet                     
00003fd3  SysCtlClockOutConfig               
00003add  SysCtlClockSet                     
000036c5  SysCtlDeepSleep                    
00003e75  SysCtlDeepSleepClockConfigSet      
00003e57  SysCtlDeepSleepClockSet            
000036a5  SysCtlDeepSleepPowerSet            
0000cced  SysCtlDelay                        
00003253  SysCtlFlashSectorSizeGet           
00003227  SysCtlFlashSizeGet                 
00003f4b  SysCtlGPIOAHBDisable               
00003f2f  SysCtlGPIOAHBEnable                
00003639  SysCtlIntClear                     
00003621  SysCtlIntDisable                   
0000360d  SysCtlIntEnable                    
000035e5  SysCtlIntRegister                  
00003649  SysCtlIntStatus                    
000035fd  SysCtlIntUnregister                
0000368b  SysCtlLDODeepSleepGet              
0000367b  SysCtlLDODeepSleepSet              
00003675  SysCtlLDOSleepGet                  
00003665  SysCtlLDOSleepSet                  
000036fb  SysCtlMOSCConfigSet                
00003fbf  SysCtlNMIClear                     
00003fb9  SysCtlNMIStatus                    
00003711  SysCtlPIOSCCalibrate               
00003f19  SysCtlPWMClockGet                  
00003eff  SysCtlPWMClockSet                  
00003591  SysCtlPeripheralClockGating        
00003549  SysCtlPeripheralDeepSleepDisable   
000034f9  SysCtlPeripheralDeepSleepEnable    
00003435  SysCtlPeripheralDisable            
000033f9  SysCtlPeripheralEnable             
00003335  SysCtlPeripheralPowerOff           
000032f9  SysCtlPeripheralPowerOn            
00003279  SysCtlPeripheralPresent            
000032b9  SysCtlPeripheralReady              
00003371  SysCtlPeripheralReset              
000034bd  SysCtlPeripheralSleepDisable       
00003479  SysCtlPeripheralSleepEnable        
000036b5  SysCtlReset                        
00003771  SysCtlResetBehaviorGet             
00003761  SysCtlResetBehaviorSet             
000036e7  SysCtlResetCauseClear              
000036e1  SysCtlResetCauseGet                
0000321d  SysCtlSRAMSizeGet                  
000036bd  SysCtlSleep                        
00003691  SysCtlSleepPowerSet                
00003f79  SysCtlUSBPLLDisable                
00003f67  SysCtlUSBPLLEnable                 
00003fa5  SysCtlVoltageEventClear            
00003f89  SysCtlVoltageEventConfig           
00003f99  SysCtlVoltageEventStatus           
00007279  TimerADCEventGet                   
00007267  TimerADCEventSet                   
00006f9d  TimerClockSourceGet                
00006f73  TimerClockSourceSet                
00006d67  TimerConfigure                     
00006e87  TimerControlEvent                  
00006de3  TimerControlLevel                  
00006eb1  TimerControlStall                  
00006e19  TimerControlTrigger                
00006ee7  TimerControlWaitOnTrigger          
00007299  TimerDMAEventGet                   
00007287  TimerDMAEventSet                   
00006d49  TimerDisable                       
00006d2b  TimerEnable                        
00007243  TimerIntClear                      
0000720d  TimerIntDisable                    
000071f5  TimerIntEnable                     
000071af  TimerIntRegister                   
00007225  TimerIntStatus                     
000071d7  TimerIntUnregister                 
00007067  TimerLoadGet                       
0000709d  TimerLoadGet64                     
0000703d  TimerLoadSet                       
00007083  TimerLoadSet64                     
00007147  TimerMatchGet                      
0000717d  TimerMatchGet64                    
0000711d  TimerMatchSet                      
00007163  TimerMatchSet64                    
00006fd7  TimerPrescaleGet                   
00007021  TimerPrescaleMatchGet              
00006ff3  TimerPrescaleMatchSet              
00006fad  TimerPrescaleSet                   
00006f5d  TimerRTCDisable                    
00006f47  TimerRTCEnable                     
00007255  TimerSynchronize                   
000072a7  TimerUpdateMode                    
000070cf  TimerValueGet                      
000070eb  TimerValueGet64                    
000078cd  UART9BitAddrSend                   
000078a7  UART9BitAddrSet                    
00007891  UART9BitDisable                    
0000787b  UART9BitEnable                     
0000771f  UARTBreakCtl                       
00007749  UARTBusy                           
000076c7  UARTCharGet                        
000076ab  UARTCharGetNonBlocking             
00007701  UARTCharPut                        
000076dd  UARTCharPutNonBlocking             
0000766f  UARTCharsAvail                     
0000786b  UARTClockSourceGet                 
00007857  UARTClockSourceSet                 
0000743f  UARTConfigGetExpClk                
000073c9  UARTConfigSetExpClk                
0000781d  UARTDMADisable                     
00007805  UARTDMAEnable                      
000074af  UARTDisable                        
00007533  UARTDisableSIR                     
0000748b  UARTEnable                         
00007505  UARTEnableSIR                      
000074ef  UARTFIFODisable                    
000074d9  UARTFIFOEnable                     
000073a1  UARTFIFOLevelGet                   
00007389  UARTFIFOLevelSet                   
0000762f  UARTFlowControlGet                 
00007613  UARTFlowControlSet                 
000077f3  UARTIntClear                       
000077bd  UARTIntDisable                     
000077a5  UARTIntEnable                      
00007767  UARTIntRegister                    
000077d5  UARTIntStatus                      
00007785  UARTIntUnregister                  
000075c9  UARTModemControlClear              
000075ed  UARTModemControlGet                
00007591  UARTModemControlSet                
000075ff  UARTModemStatusGet                 
00007377  UARTParityModeGet                  
0000735b  UARTParityModeSet                  
00007847  UARTRxErrorClear                   
00007835  UARTRxErrorGet                     
0000757b  UARTSmartCardDisable               
00007549  UARTSmartCardEnable                
0000768d  UARTSpaceAvail                     
000083ad  UARTStdioConfig                    
0000765d  UARTTxIntModeGet                   
00007641  UARTTxIntModeSet                   
000084fd  UARTgetc                           
00008443  UARTgets                           
0000881f  UARTprintf                         
00008525  UARTvprintf                        
000083f3  UARTwrite                          
20006980  __CIOBUF_                          
20007560  __STACK_END                        
00000200  __STACK_SIZE                       
20007560  __STACK_TOP                        
00000010  __SYSMEM_SIZE                      
0000d6f8  __TI_CINIT_Base                    
0000d710  __TI_CINIT_Limit                   
0000d6d8  __TI_Handler_Table_Base            
0000d6e4  __TI_Handler_Table_Limit           
0000c771  __TI_auto_init_nobinit_nopinit     
0000c9d1  __TI_cleanup                       
200072e4  __TI_cleanup_ptr                   
0000bf51  __TI_closefile                     
0000c179  __TI_decompress_lzss               
0000ccab  __TI_decompress_none               
0000c575  __TI_doflush                       
200072e8  __TI_dtors_ptr                     
200072ec  __TI_enable_exit_profile_output    
200072d4  __TI_ft_end                        
0000c4cf  __TI_ltoa                          
ffffffff  __TI_pprof_out_hndl                
00004bd9  __TI_printfi                       
ffffffff  __TI_prof_data_size                
ffffffff  __TI_prof_data_start               
0000ca05  __TI_readmsg                       
00000000  __TI_static_base__                 
20006b90  __TI_tmpnams                       
0000c8f5  __TI_writemsg                      
0000c2a9  __TI_wrt_ok                        
0000ccb9  __TI_zero_init                     
0000bd4d  __aeabi_cdcmpeq                    
0000bd4d  __aeabi_cdcmple                    
0000bdd3  __aeabi_cdrcmple                   
0000c6a1  __aeabi_d2iz                       
0000a48b  __aeabi_dadd                       
0000ad71  __aeabi_ddiv                       
0000b54d  __aeabi_dmul                       
0000a481  __aeabi_dsub                       
0000ccdd  __aeabi_errno_addr                 
0000c92d  __aeabi_f2d                        
0000ca9d  __aeabi_i2d                        
0000661b  __aeabi_idiv0                      
0000661b  __aeabi_ldiv0                      
0000bed5  __aeabi_memclr                     
0000bed5  __aeabi_memclr4                    
0000bed5  __aeabi_memclr8                    
0000bc1b  __aeabi_memcpy                     
0000bc1b  __aeabi_memcpy4                    
0000bc1b  __aeabi_memcpy8                    
0000bed7  __aeabi_memset                     
0000bed7  __aeabi_memset4                    
0000bed7  __aeabi_memset8                    
200072e0  __aeabi_stderr                     
200072d8  __aeabi_stdin                      
200072dc  __aeabi_stdout                     
0000c7f9  __aeabi_uidiv                      
0000c7f9  __aeabi_uidivmod                   
0000c965  __aeabi_ul2f                       
0000bcb7  __aeabi_uldivmod                   
ffffffff  __binit__                          
ffffffff  __c_args__                         
UNDEFED   __mpu_init                         
20007360  __stack                            
20000000  __start___llvm_prf_cnts            
20000000  __stop___llvm_prf_cnts             
0000cbbd  _abort_msg                         
0000ca39  _c_int00_noargs                    
0000ce1c  _ctypes_                           
20006fa8  _device                            
20006e10  _ftable                            
20007314  _lock                              
00005627  _nop                               
20007020  _stream                            
20007560  _sys_memory                        
UNDEFED   _system_post_cinit                 
0000ccf3  _system_pre_init                   
20007318  _unlock                            
0000ccf7  abort                              
20006dcc  adc_info                           
20007324  adc_pin_struct                     
000096f7  adc_task                           
00007efb  add_i2c_msg                        
00008865  add_page                           
20006df4  addr_ack_err                       
0000b44d  aligned_alloc                      
20006df8  arb_lost_err                       
0000c5c1  atoi                               
0000b9ff  bgd_color                          
ffffffff  binit                              
20006dfc  blue_debug                         
0000b9f1  bold_text_color                    
0000ba51  clear_below_line                   
0000ba47  clear_in_line                      
0000ba3d  clear_line                         
0000ba33  clear_terminal                     
20006e00  clk_tout_err                       
0000c36d  close                              
00008b39  console_task                       
0000aa2f  control_drawdata                   
0000aaaf  control_drawinput                  
0000a979  control_drawpage                   
0000cc11  copysign                           
0000cc11  copysignl                          
00009cdd  create_error                       
0000ba0d  cursor_pos                         
20006e04  data_ack_err                       
000006a5  eTaskGetState                      
20007358  errno                              
0000c659  exit                               
0000be59  fflush                             
0000ca6d  finddevice                         
0000b229  fputs                              
0000b739  free                               
0000c1e1  frexp                              
0000c1e1  frexpl                             
0000c245  fseek                              
20000000  g_pfnRAMVectors                    
00000000  g_pfnVectors                       
00009609  get_adc_config                     
00009681  get_adc_struct                     
0000964d  get_adc_val                        
0000b649  get_char                           
0000a8d1  get_gpi_config                     
0000a933  get_gpi_struct                     
0000abe3  get_gpo                            
0000ab73  get_gpo_config                     
0000c7b5  getdevice                          
2000732c  gpi_info                           
20006dd4  gpis_info                          
0000d530  gpo_info                           
20006e08  green_debug                        
0000aefb  homepage_drawdata                  
0000aefd  homepage_drawinput                 
0000aea9  homepage_drawpage                  
0000a6b3  host_uart_task                     
2000733c  i2c_msg_queue                      
00007f85  i2c_task                           
0000949d  init_adc                           
00008855  init_console                       
0000b6b1  init_console_uart                  
00008ce9  init_drumpad                       
0000a7ed  init_gpis                          
0000aaf1  init_gpos                          
0000a639  init_host_uart                     
00007e71  init_i2c                           
00009d4f  init_logger                        
00008921  is_on_screen                       
0000b33d  ldexp                              
0000b33d  ldexpl                             
00009db5  logger_drawdata                    
00009e65  logger_drawinput                   
00009d7b  logger_drawpage                    
0000cb4d  lseek                              
00009f0d  main                               
0000cce5  malloc                             
0000b44d  memalign                           
0000cbf5  memccpy                            
0000cb9d  memchr                             
0000bc1b  memcpy                             
0000bedd  memset                             
20006800  pad_states                         
20006ddc  parmbuf                            
00003075  pcQueueGetName                     
00000d55  pcTaskGetName                      
00005845  pcTimerGetName                     
00008d55  process_drumpad                    
0000a2c1  pvPortMalloc                       
00001b01  pvTaskIncrementMutexHeldCount      
00005d3d  pvTimerGetTimerID                  
20007070  pxCurrentTCB                       
000097e1  pxPortInitialiseStack              
0000a915  read_gpi                           
20006e0c  red_debug                          
0000cacd  remove                             
0000ba29  restore_cursor_pos                 
0000ba1f  save_cursor_pos                    
0000b33d  scalbn                             
0000b33d  scalbnl                            
0000a767  send_to_host                       
0000a783  send_to_host_from_isr              
00009d3d  set_error                          
0000abb7  set_gpo                            
0000b9d5  set_text_mode                      
0000b81d  setvbuf                            
00009077  slope_drawdata                     
00009079  slope_drawinput                    
00009075  slope_drawpage                     
0000c839  sprintf                            
0000cc5b  strchr                             
0000cc43  strcmp                             
0000cc71  strcpy                             
0000cc85  strlen                             
0000c99b  strncpy                            
0000c645  taskmanager_drawdata               
0000c647  taskmanager_drawinput              
0000c60d  taskmanager_drawpage               
0000b9e3  text_color                         
0000a7a1  uartmsg_drawdata                   
0000a7a3  uartmsg_drawinput                  
0000a79f  uartmsg_drawpage                   
20000270  ucHeap                             
00002da5  ucQueueGetQueueType                
0000d538  ulMaxSyscallInterruptPriority      
0000b909  ulPortGetIPSR                      
00001b19  ulTaskNotifyTake                   
0000cacd  unlink                             
00007e37  uxEventGroupGetNumber              
0000b0bb  uxListRemove                       
00002d85  uxQueueGetQueueNumber              
00002ccf  uxQueueMessagesWaiting             
00002d31  uxQueueMessagesWaitingFromISR      
00002cfd  uxQueueSpacesAvailable             
00000d4f  uxTaskGetNumberOfTasks             
00000d9d  uxTaskGetSystemState               
00001387  uxTaskGetTaskNumber                
0000075b  uxTaskPriorityGet                  
0000078d  uxTaskPriorityGetFromISR           
00001adf  uxTaskResetEventItemValue          
00005e1b  uxTimerGetTimerNumber              
0000cb09  vApplicationIdleHook               
0000caf9  vApplicationMallocFailedHook       
0000cb0b  vApplicationStackOverflowHook      
00007dd1  vEventGroupClearBitsCallback       
00007d6b  vEventGroupDelete                  
00007dc1  vEventGroupSetBitsCallback         
00007e57  vEventGroupSetNumber               
0000afd9  vListInitialise                    
0000b009  vListInitialiseItem                
0000b055  vListInsert                        
0000b019  vListInsertEnd                     
0000b9c5  vPortEnableVFP                     
00009901  vPortEndScheduler                  
00009925  vPortEnterCritical                 
00009967  vPortExitCritical                  
0000a3c1  vPortFree                          
0000a425  vPortInitialiseBlocks              
0000b981  vPortSVCHandler                    
000099b9  vPortSetupTimerInterrupt           
0000b9a1  vPortStartFirstTask                
000099d5  vPortValidateInterruptPriority     
00003033  vQueueAddToRegistry                
00002d5b  vQueueDelete                       
00002d93  vQueueSetQueueNumber               
000030b5  vQueueUnregisterQueue              
000030f9  vQueueWaitForMessageRestricted     
0000063d  vTaskDelay                         
00000559  vTaskDelayUntil                    
0000048f  vTaskDelete                        
00000bf5  vTaskEndScheduler                  
0000148d  vTaskGetInfo                       
000012bf  vTaskInternalSetTimeOutState       
000019cd  vTaskList                          
0000137f  vTaskMissedYield                   
00001ee5  vTaskNotifyGiveFromISR             
0000106f  vTaskPlaceOnEventList              
00001111  vTaskPlaceOnEventListRestricted    
000010b1  vTaskPlaceOnUnorderedEventList     
00001879  vTaskPriorityDisinheritAfterTimeout
000007d1  vTaskPrioritySet                   
000011f5  vTaskRemoveFromUnorderedEventList  
00000a49  vTaskResume                        
000013a7  vTaskSetTaskNumber                 
0000128d  vTaskSetTimeOutState               
00000b81  vTaskStartScheduler                
00000905  vTaskSuspend                       
00000c15  vTaskSuspendAll                    
00000fa9  vTaskSwitchContext                 
000057d1  vTimerSetReloadMode                
00005d6b  vTimerSetTimerID                   
00005e29  vTimerSetTimerNumber               
0000cc99  wcslen                             
0000cb75  write                              
00007bc7  xEventGroupClearBits               
00007c25  xEventGroupClearBitsFromISR        
00007915  xEventGroupCreate                  
00007c3d  xEventGroupGetBitsFromISR          
00007c71  xEventGroupSetBits                 
00007e17  xEventGroupSetBitsFromISR          
00007935  xEventGroupSync                    
00007a67  xEventGroupWaitBits                
0000a41f  xPortGetFreeHeapSize               
0000b921  xPortPendSVHandler                 
0000986d  xPortStartScheduler                
00009993  xPortSysTickHandler                
0000227d  xQueueCreateCountingSemaphore      
00002251  xQueueCreateMutex                  
00002179  xQueueGenericCreate                
000020c5  xQueueGenericReset                 
000022d9  xQueueGenericSend                  
0000248d  xQueueGenericSendFromISR           
00002595  xQueueGiveFromISR                  
00002f9f  xQueueIsQueueEmptyFromISR          
00002ff9  xQueueIsQueueFullFromISR           
000029cd  xQueuePeek                         
00002c23  xQueuePeekFromISR                  
00002685  xQueueReceive                      
00002b4b  xQueueReceiveFromISR               
20006c94  xQueueRegistry                     
000027fd  xQueueSemaphoreTake                
000012d9  xTaskCheckForTimeOut               
0000026d  xTaskCreate                        
00001c45  xTaskGenericNotify                 
00001d85  xTaskGenericNotifyFromISR          
00001661  xTaskGetCurrentTaskHandle          
00001675  xTaskGetSchedulerState             
00000d2b  xTaskGetTickCount                  
00000d3b  xTaskGetTickCountFromISR           
00000e8d  xTaskIncrementTick                 
00001fcd  xTaskNotifyStateClear              
00001b8f  xTaskNotifyWait                    
0000179b  xTaskPriorityDisinherit            
000016c1  xTaskPriorityInherit               
00001155  xTaskRemoveFromEventList           
00000c29  xTaskResumeAll                     
00000add  xTaskResumeFromISR                 
00005667  xTimerCreate                       
00005629  xTimerCreateTimerTask              
00005709  xTimerGenericCommand               
0000581b  xTimerGetExpiryTime                
000057ab  xTimerGetPeriod                    
00005789  xTimerGetTimerDaemonTaskHandle     
00005d01  xTimerIsTimerActive                
00005dcf  xTimerPendFunctionCall             
00005d99  xTimerPendFunctionCallFromISR      


GLOBAL SYMBOLS: SORTED BY Symbol Address 

address   name                               
-------   ----                               
00000000  __TI_static_base__                 
00000000  g_pfnVectors                       
00000010  __SYSMEM_SIZE                      
00000200  __STACK_SIZE                       
0000026d  xTaskCreate                        
0000048f  vTaskDelete                        
00000559  vTaskDelayUntil                    
0000063d  vTaskDelay                         
000006a5  eTaskGetState                      
0000075b  uxTaskPriorityGet                  
0000078d  uxTaskPriorityGetFromISR           
000007d1  vTaskPrioritySet                   
00000905  vTaskSuspend                       
00000a49  vTaskResume                        
00000add  xTaskResumeFromISR                 
00000b81  vTaskStartScheduler                
00000bf5  vTaskEndScheduler                  
00000c15  vTaskSuspendAll                    
00000c29  xTaskResumeAll                     
00000d2b  xTaskGetTickCount                  
00000d3b  xTaskGetTickCountFromISR           
00000d4f  uxTaskGetNumberOfTasks             
00000d55  pcTaskGetName                      
00000d9d  uxTaskGetSystemState               
00000e8d  xTaskIncrementTick                 
00000fa9  vTaskSwitchContext                 
0000106f  vTaskPlaceOnEventList              
000010b1  vTaskPlaceOnUnorderedEventList     
00001111  vTaskPlaceOnEventListRestricted    
00001155  xTaskRemoveFromEventList           
000011f5  vTaskRemoveFromUnorderedEventList  
0000128d  vTaskSetTimeOutState               
000012bf  vTaskInternalSetTimeOutState       
000012d9  xTaskCheckForTimeOut               
0000137f  vTaskMissedYield                   
00001387  uxTaskGetTaskNumber                
000013a7  vTaskSetTaskNumber                 
0000148d  vTaskGetInfo                       
00001661  xTaskGetCurrentTaskHandle          
00001675  xTaskGetSchedulerState             
000016c1  xTaskPriorityInherit               
0000179b  xTaskPriorityDisinherit            
00001879  vTaskPriorityDisinheritAfterTimeout
000019cd  vTaskList                          
00001adf  uxTaskResetEventItemValue          
00001b01  pvTaskIncrementMutexHeldCount      
00001b19  ulTaskNotifyTake                   
00001b8f  xTaskNotifyWait                    
00001c45  xTaskGenericNotify                 
00001d85  xTaskGenericNotifyFromISR          
00001ee5  vTaskNotifyGiveFromISR             
00001fcd  xTaskNotifyStateClear              
000020c5  xQueueGenericReset                 
00002179  xQueueGenericCreate                
00002251  xQueueCreateMutex                  
0000227d  xQueueCreateCountingSemaphore      
000022d9  xQueueGenericSend                  
0000248d  xQueueGenericSendFromISR           
00002595  xQueueGiveFromISR                  
00002685  xQueueReceive                      
000027fd  xQueueSemaphoreTake                
000029cd  xQueuePeek                         
00002b4b  xQueueReceiveFromISR               
00002c23  xQueuePeekFromISR                  
00002ccf  uxQueueMessagesWaiting             
00002cfd  uxQueueSpacesAvailable             
00002d31  uxQueueMessagesWaitingFromISR      
00002d5b  vQueueDelete                       
00002d85  uxQueueGetQueueNumber              
00002d93  vQueueSetQueueNumber               
00002da5  ucQueueGetQueueType                
00002f9f  xQueueIsQueueEmptyFromISR          
00002ff9  xQueueIsQueueFullFromISR           
00003033  vQueueAddToRegistry                
00003075  pcQueueGetName                     
000030b5  vQueueUnregisterQueue              
000030f9  vQueueWaitForMessageRestricted     
0000321d  SysCtlSRAMSizeGet                  
00003227  SysCtlFlashSizeGet                 
00003253  SysCtlFlashSectorSizeGet           
00003279  SysCtlPeripheralPresent            
000032b9  SysCtlPeripheralReady              
000032f9  SysCtlPeripheralPowerOn            
00003335  SysCtlPeripheralPowerOff           
00003371  SysCtlPeripheralReset              
000033f9  SysCtlPeripheralEnable             
00003435  SysCtlPeripheralDisable            
00003479  SysCtlPeripheralSleepEnable        
000034bd  SysCtlPeripheralSleepDisable       
000034f9  SysCtlPeripheralDeepSleepEnable    
00003549  SysCtlPeripheralDeepSleepDisable   
00003591  SysCtlPeripheralClockGating        
000035e5  SysCtlIntRegister                  
000035fd  SysCtlIntUnregister                
0000360d  SysCtlIntEnable                    
00003621  SysCtlIntDisable                   
00003639  SysCtlIntClear                     
00003649  SysCtlIntStatus                    
00003665  SysCtlLDOSleepSet                  
00003675  SysCtlLDOSleepGet                  
0000367b  SysCtlLDODeepSleepSet              
0000368b  SysCtlLDODeepSleepGet              
00003691  SysCtlSleepPowerSet                
000036a5  SysCtlDeepSleepPowerSet            
000036b5  SysCtlReset                        
000036bd  SysCtlSleep                        
000036c5  SysCtlDeepSleep                    
000036e1  SysCtlResetCauseGet                
000036e7  SysCtlResetCauseClear              
000036fb  SysCtlMOSCConfigSet                
00003711  SysCtlPIOSCCalibrate               
00003761  SysCtlResetBehaviorSet             
00003771  SysCtlResetBehaviorGet             
000037c5  SysCtlClockFreqSet                 
00003add  SysCtlClockSet                     
00003ca9  SysCtlClockGet                     
00003e57  SysCtlDeepSleepClockSet            
00003e75  SysCtlDeepSleepClockConfigSet      
00003eff  SysCtlPWMClockSet                  
00003f19  SysCtlPWMClockGet                  
00003f2f  SysCtlGPIOAHBEnable                
00003f4b  SysCtlGPIOAHBDisable               
00003f67  SysCtlUSBPLLEnable                 
00003f79  SysCtlUSBPLLDisable                
00003f89  SysCtlVoltageEventConfig           
00003f99  SysCtlVoltageEventStatus           
00003fa5  SysCtlVoltageEventClear            
00003fb9  SysCtlNMIStatus                    
00003fbf  SysCtlNMIClear                     
00003fd3  SysCtlClockOutConfig               
00003fef  SysCtlAltClkConfig                 
000040af  GPIODirModeSet                     
0000410b  GPIODirModeGet                     
00004157  GPIOIntTypeSet                     
000041fb  GPIOIntTypeGet                     
00004291  GPIOPadConfigSet                   
000044cb  GPIOPadConfigGet                   
0000461d  GPIOIntEnable                      
00004637  GPIOIntDisable                     
00004651  GPIOIntStatus                      
00004673  GPIOIntClear                       
00004687  GPIOIntRegister                    
000046a5  GPIOIntUnregister                  
000046bf  GPIOPinRead                        
000046d7  GPIOPinWrite                       
000046f7  GPIOPinTypeADC                     
0000471b  GPIOPinTypeCAN                     
0000473f  GPIOPinTypeComparator              
00004763  GPIOPinTypeEPI                     
00004787  GPIOPinTypeEthernetLED             
000047ab  GPIOPinTypeEthernetMII             
000047cf  GPIOPinTypeGPIOInput               
000047f3  GPIOPinTypeGPIOOutput              
00004817  GPIOPinTypeGPIOOutputOD            
0000483b  GPIOPinTypeI2C                     
0000485f  GPIOPinTypeI2CSCL                  
00004883  GPIOPinTypeLCD                     
000048a7  GPIOPinTypeLPC                     
000048cb  GPIOPinTypePECIRx                  
000048ef  GPIOPinTypePECITx                  
00004913  GPIOPinTypePWM                     
00004937  GPIOPinTypeQEI                     
0000495b  GPIOPinTypeSSI                     
0000497f  GPIOPinTypeTimer                   
000049a3  GPIOPinTypeUART                    
000049c7  GPIOPinTypeUSBAnalog               
000049eb  GPIOPinTypeUSBDigital              
00004a0f  GPIOPinTypeWakeHigh                
00004a35  GPIOPinTypeWakeLow                 
00004a5b  GPIOPinTypeKBRow                   
00004a7f  GPIOPinTypeKBColumn                
00004aa3  GPIOPinTypeLEDSeq                  
00004ac7  GPIOPinTypeCIR                     
00004aeb  GPIOPinWakeStatus                  
00004afb  GPIOPinConfigure                   
00004b59  GPIODMATriggerEnable               
00004b77  GPIODMATriggerDisable              
00004b95  GPIOADCTriggerEnable               
00004bb3  GPIOADCTriggerDisable              
00004bd9  __TI_printfi                       
00005627  _nop                               
00005629  xTimerCreateTimerTask              
00005667  xTimerCreate                       
00005709  xTimerGenericCommand               
00005789  xTimerGetTimerDaemonTaskHandle     
000057ab  xTimerGetPeriod                    
000057d1  vTimerSetReloadMode                
0000581b  xTimerGetExpiryTime                
00005845  pcTimerGetName                     
00005d01  xTimerIsTimerActive                
00005d3d  pvTimerGetTimerID                  
00005d6b  vTimerSetTimerID                   
00005d99  xTimerPendFunctionCallFromISR      
00005dcf  xTimerPendFunctionCall             
00005e1b  uxTimerGetTimerNumber              
00005e29  vTimerSetTimerNumber               
00005eb3  ADCIntRegister                     
00005edb  ADCIntUnregister                   
00005ef9  ADCIntDisable                      
00005f15  ADCIntEnable                       
00005f3b  ADCIntStatus                       
00005f93  ADCIntClear                        
00005fa9  ADCSequenceEnable                  
00005fc3  ADCSequenceDisable                 
00005fdd  ADCSequenceConfigure               
00006061  ADCSequenceStepConfigure           
00006155  ADCSequenceOverflow                
0000616d  ADCSequenceOverflowClear           
00006183  ADCSequenceUnderflow               
0000619b  ADCSequenceUnderflowClear          
000061b1  ADCSequenceDataGet                 
000061f3  ADCProcessorTrigger                
00006217  ADCSoftwareOversampleConfigure     
0000624f  ADCSoftwareOversampleStepConfigure 
0000630f  ADCSoftwareOversampleDataGet       
0000637d  ADCHardwareOversampleConfigure     
000063af  ADCComparatorConfigure             
000063cb  ADCComparatorRegionSet             
000063ef  ADCComparatorReset                 
00006435  ADCComparatorIntDisable            
00006453  ADCComparatorIntEnable             
00006471  ADCComparatorIntStatus             
0000647f  ADCComparatorIntClear              
00006491  ADCIntDisableEx                    
000064a9  ADCIntEnableEx                     
000064c5  ADCIntStatusEx                     
000064f7  ADCIntClearEx                      
0000650f  ADCReferenceSet                    
0000652b  ADCReferenceGet                    
0000653d  ADCPhaseDelaySet                   
0000654f  ADCPhaseDelayGet                   
0000655d  ADCSequenceDMAEnable               
00006579  ADCSequenceDMADisable              
00006595  ADCBusy                            
000065b3  ADCClockConfigSet                  
000065dd  ADCClockConfigGet                  
0000661b  __aeabi_idiv0                      
0000661b  __aeabi_ldiv0                      
0000667b  I2CMasterInitExpClk                
000066ed  I2CSlaveInit                       
00006707  I2CSlaveAddressSet                 
00006745  I2CMasterEnable                    
0000675b  I2CSlaveEnable                     
00006779  I2CMasterDisable                   
0000678f  I2CSlaveDisable                    
000067ad  I2CIntRegister                     
000067cb  I2CIntUnregister                   
000067e5  I2CMasterIntEnable                 
000067f5  I2CMasterIntEnableEx               
0000680d  I2CSlaveIntEnable                  
00006825  I2CSlaveIntEnableEx                
0000683f  I2CMasterIntDisable                
0000684f  I2CMasterIntDisableEx              
00006867  I2CSlaveIntDisable                 
0000687f  I2CSlaveIntDisableEx               
00006899  I2CMasterIntStatus                 
000068dd  I2CMasterIntStatusEx               
00006909  I2CSlaveIntStatus                  
00006951  I2CSlaveIntStatusEx                
00006973  I2CMasterIntClear                  
00006991  I2CMasterIntClearEx                
000069a3  I2CSlaveIntClear                   
000069b5  I2CSlaveIntClearEx                 
000069c9  I2CMasterSlaveAddrSet              
000069eb  I2CMasterLineStateGet              
000069f9  I2CMasterBusy                      
00006a11  I2CMasterBusBusy                   
00006a29  I2CMasterControl                   
00006a3b  I2CMasterErr                       
00006a67  I2CMasterDataPut                   
00006a7d  I2CMasterDataGet                   
00006a8b  I2CMasterTimeoutSet                
00006a9d  I2CSlaveACKOverride                
00006acf  I2CSlaveACKValueSet                
00006b01  I2CSlaveStatus                     
00006b11  I2CSlaveDataPut                    
00006b29  I2CSlaveDataGet                    
00006b39  I2CTxFIFOConfigSet                 
00006b61  I2CTxFIFOFlush                     
00006b79  I2CRxFIFOConfigSet                 
00006ba1  I2CRxFIFOFlush                     
00006bb9  I2CFIFOStatus                      
00006bc9  I2CFIFODataPut                     
00006beb  I2CFIFODataPutNonBlocking          
00006c13  I2CFIFODataGet                     
00006c2d  I2CFIFODataGetNonBlocking          
00006c53  I2CMasterBurstLengthSet            
00006c69  I2CMasterBurstCountGet             
00006c77  I2CMasterGlitchFilterConfigSet     
00006c8f  I2CSlaveFIFOEnable                 
00006ca7  I2CSlaveFIFODisable                
00006d2b  TimerEnable                        
00006d49  TimerDisable                       
00006d67  TimerConfigure                     
00006de3  TimerControlLevel                  
00006e19  TimerControlTrigger                
00006e87  TimerControlEvent                  
00006eb1  TimerControlStall                  
00006ee7  TimerControlWaitOnTrigger          
00006f47  TimerRTCEnable                     
00006f5d  TimerRTCDisable                    
00006f73  TimerClockSourceSet                
00006f9d  TimerClockSourceGet                
00006fad  TimerPrescaleSet                   
00006fd7  TimerPrescaleGet                   
00006ff3  TimerPrescaleMatchSet              
00007021  TimerPrescaleMatchGet              
0000703d  TimerLoadSet                       
00007067  TimerLoadGet                       
00007083  TimerLoadSet64                     
0000709d  TimerLoadGet64                     
000070cf  TimerValueGet                      
000070eb  TimerValueGet64                    
0000711d  TimerMatchSet                      
00007147  TimerMatchGet                      
00007163  TimerMatchSet64                    
0000717d  TimerMatchGet64                    
000071af  TimerIntRegister                   
000071d7  TimerIntUnregister                 
000071f5  TimerIntEnable                     
0000720d  TimerIntDisable                    
00007225  TimerIntStatus                     
00007243  TimerIntClear                      
00007255  TimerSynchronize                   
00007267  TimerADCEventSet                   
00007279  TimerADCEventGet                   
00007287  TimerDMAEventSet                   
00007299  TimerDMAEventGet                   
000072a7  TimerUpdateMode                    
0000735b  UARTParityModeSet                  
00007377  UARTParityModeGet                  
00007389  UARTFIFOLevelSet                   
000073a1  UARTFIFOLevelGet                   
000073c9  UARTConfigSetExpClk                
0000743f  UARTConfigGetExpClk                
0000748b  UARTEnable                         
000074af  UARTDisable                        
000074d9  UARTFIFOEnable                     
000074ef  UARTFIFODisable                    
00007505  UARTEnableSIR                      
00007533  UARTDisableSIR                     
00007549  UARTSmartCardEnable                
0000757b  UARTSmartCardDisable               
00007591  UARTModemControlSet                
000075c9  UARTModemControlClear              
000075ed  UARTModemControlGet                
000075ff  UARTModemStatusGet                 
00007613  UARTFlowControlSet                 
0000762f  UARTFlowControlGet                 
00007641  UARTTxIntModeSet                   
0000765d  UARTTxIntModeGet                   
0000766f  UARTCharsAvail                     
0000768d  UARTSpaceAvail                     
000076ab  UARTCharGetNonBlocking             
000076c7  UARTCharGet                        
000076dd  UARTCharPutNonBlocking             
00007701  UARTCharPut                        
0000771f  UARTBreakCtl                       
00007749  UARTBusy                           
00007767  UARTIntRegister                    
00007785  UARTIntUnregister                  
000077a5  UARTIntEnable                      
000077bd  UARTIntDisable                     
000077d5  UARTIntStatus                      
000077f3  UARTIntClear                       
00007805  UARTDMAEnable                      
0000781d  UARTDMADisable                     
00007835  UARTRxErrorGet                     
00007847  UARTRxErrorClear                   
00007857  UARTClockSourceSet                 
0000786b  UARTClockSourceGet                 
0000787b  UART9BitEnable                     
00007891  UART9BitDisable                    
000078a7  UART9BitAddrSet                    
000078cd  UART9BitAddrSend                   
00007915  xEventGroupCreate                  
00007935  xEventGroupSync                    
00007a67  xEventGroupWaitBits                
00007bc7  xEventGroupClearBits               
00007c25  xEventGroupClearBitsFromISR        
00007c3d  xEventGroupGetBitsFromISR          
00007c71  xEventGroupSetBits                 
00007d6b  vEventGroupDelete                  
00007dc1  vEventGroupSetBitsCallback         
00007dd1  vEventGroupClearBitsCallback       
00007e17  xEventGroupSetBitsFromISR          
00007e37  uxEventGroupGetNumber              
00007e57  vEventGroupSetNumber               
00007e71  init_i2c                           
00007efb  add_i2c_msg                        
00007f85  i2c_task                           
000083ad  UARTStdioConfig                    
000083f3  UARTwrite                          
00008443  UARTgets                           
000084fd  UARTgetc                           
00008525  UARTvprintf                        
0000881f  UARTprintf                         
00008855  init_console                       
00008865  add_page                           
00008921  is_on_screen                       
00008b39  console_task                       
00008ce9  init_drumpad                       
00008d55  process_drumpad                    
00009075  slope_drawpage                     
00009077  slope_drawdata                     
00009079  slope_drawinput                    
000090df  IntMasterEnable                    
000090ef  IntMasterDisable                   
000090ff  IntRegister                        
00009151  IntUnregister                      
00009165  IntPriorityGroupingSet             
0000917f  IntPriorityGroupingGet             
000091b7  IntPrioritySet                     
00009207  IntPriorityGet                     
0000922b  IntEnable                          
0000929d  IntDisable                         
0000930f  IntIsEnabled                       
00009395  IntPendSet                         
00009405  IntPendClear                       
00009453  IntPriorityMaskSet                 
0000945f  IntPriorityMaskGet                 
00009467  IntTrigger                         
0000949d  init_adc                           
00009609  get_adc_config                     
0000964d  get_adc_val                        
00009681  get_adc_struct                     
0000968b  ADCSeq0Handler                     
000096c1  ADCSeq1Handler                     
000096f7  adc_task                           
000097e1  pxPortInitialiseStack              
0000986d  xPortStartScheduler                
00009901  vPortEndScheduler                  
00009925  vPortEnterCritical                 
00009967  vPortExitCritical                  
00009993  xPortSysTickHandler                
000099b9  vPortSetupTimerInterrupt           
000099d5  vPortValidateInterruptPriority     
00009cdd  create_error                       
00009d3d  set_error                          
00009d4f  init_logger                        
00009d7b  logger_drawpage                    
00009db5  logger_drawdata                    
00009e65  logger_drawinput                   
00009f0d  main                               
0000a2c1  pvPortMalloc                       
0000a3c1  vPortFree                          
0000a41f  xPortGetFreeHeapSize               
0000a425  vPortInitialiseBlocks              
0000a481  __aeabi_dsub                       
0000a48b  __aeabi_dadd                       
0000a639  init_host_uart                     
0000a6b3  host_uart_task                     
0000a767  send_to_host                       
0000a783  send_to_host_from_isr              
0000a79f  uartmsg_drawpage                   
0000a7a1  uartmsg_drawdata                   
0000a7a3  uartmsg_drawinput                  
0000a7ed  init_gpis                          
0000a8d1  get_gpi_config                     
0000a915  read_gpi                           
0000a933  get_gpi_struct                     
0000a979  control_drawpage                   
0000aa2f  control_drawdata                   
0000aaaf  control_drawinput                  
0000aaf1  init_gpos                          
0000ab73  get_gpo_config                     
0000abb7  set_gpo                            
0000abe3  get_gpo                            
0000ad71  __aeabi_ddiv                       
0000aea9  homepage_drawpage                  
0000aefb  homepage_drawdata                  
0000aefd  homepage_drawinput                 
0000afd9  vListInitialise                    
0000b009  vListInitialiseItem                
0000b019  vListInsertEnd                     
0000b055  vListInsert                        
0000b0bb  uxListRemove                       
0000b229  fputs                              
0000b33d  ldexp                              
0000b33d  ldexpl                             
0000b33d  scalbn                             
0000b33d  scalbnl                            
0000b44d  aligned_alloc                      
0000b44d  memalign                           
0000b54d  __aeabi_dmul                       
0000b649  get_char                           
0000b6b1  init_console_uart                  
0000b739  free                               
0000b81d  setvbuf                            
0000b909  ulPortGetIPSR                      
0000b921  xPortPendSVHandler                 
0000b981  vPortSVCHandler                    
0000b9a1  vPortStartFirstTask                
0000b9c5  vPortEnableVFP                     
0000b9d5  set_text_mode                      
0000b9e3  text_color                         
0000b9f1  bold_text_color                    
0000b9ff  bgd_color                          
0000ba0d  cursor_pos                         
0000ba1f  save_cursor_pos                    
0000ba29  restore_cursor_pos                 
0000ba33  clear_terminal                     
0000ba3d  clear_line                         
0000ba47  clear_in_line                      
0000ba51  clear_below_line                   
0000baa9  FPUEnable                          
0000babb  FPUDisable                         
0000bac9  FPUStackingEnable                  
0000badb  FPULazyStackingEnable              
0000bae7  FPUStackingDisable                 
0000baf3  FPUHalfPrecisionModeSet            
0000bb0d  FPUNaNModeSet                      
0000bb27  FPUFlushToZeroModeSet              
0000bb41  FPURoundingModeSet                 
0000bc1b  __aeabi_memcpy                     
0000bc1b  __aeabi_memcpy4                    
0000bc1b  __aeabi_memcpy8                    
0000bc1b  memcpy                             
0000bcb7  __aeabi_uldivmod                   
0000bd4d  __aeabi_cdcmpeq                    
0000bd4d  __aeabi_cdcmple                    
0000bdd3  __aeabi_cdrcmple                   
0000be59  fflush                             
0000bed5  __aeabi_memclr                     
0000bed5  __aeabi_memclr4                    
0000bed5  __aeabi_memclr8                    
0000bed7  __aeabi_memset                     
0000bed7  __aeabi_memset4                    
0000bed7  __aeabi_memset8                    
0000bedd  memset                             
0000bf51  __TI_closefile                     
0000c0a5  HOSTrename                         
0000c111  HOSTlseek                          
0000c179  __TI_decompress_lzss               
0000c1e1  frexp                              
0000c1e1  frexpl                             
0000c245  fseek                              
0000c2a9  __TI_wrt_ok                        
0000c30d  HOSTopen                           
0000c36d  close                              
0000c3c9  HOSTread                           
0000c421  HOSTwrite                          
0000c4cf  __TI_ltoa                          
0000c575  __TI_doflush                       
0000c5c1  atoi                               
0000c60d  taskmanager_drawpage               
0000c645  taskmanager_drawdata               
0000c647  taskmanager_drawinput              
0000c659  exit                               
0000c6a1  __aeabi_d2iz                       
0000c6e9  HOSTclose                          
0000c72d  HOSTunlink                         
0000c771  __TI_auto_init_nobinit_nopinit     
0000c7b5  getdevice                          
0000c7f9  __aeabi_uidiv                      
0000c7f9  __aeabi_uidivmod                   
0000c839  sprintf                            
0000c8b7  CPUcpsid                           
0000c8c3  CPUprimask                         
0000c8cd  CPUcpsie                           
0000c8d9  CPUwfi                             
0000c8dd  CPUbasepriSet                      
0000c8eb  CPUbasepriGet                      
0000c8f5  __TI_writemsg                      
0000c923  C$$IO$$                            
0000c92d  __aeabi_f2d                        
0000c965  __aeabi_ul2f                       
0000c99b  strncpy                            
0000c9d1  __TI_cleanup                       
0000ca05  __TI_readmsg                       
0000ca39  _c_int00_noargs                    
0000ca6d  finddevice                         
0000ca9d  __aeabi_i2d                        
0000cacd  remove                             
0000cacd  unlink                             
0000caf9  vApplicationMallocFailedHook       
0000cb09  vApplicationIdleHook               
0000cb0b  vApplicationStackOverflowHook      
0000cb4d  lseek                              
0000cb75  write                              
0000cb9d  memchr                             
0000cbbd  _abort_msg                         
0000cbf5  memccpy                            
0000cc11  copysign                           
0000cc11  copysignl                          
0000cc43  strcmp                             
0000cc5b  strchr                             
0000cc71  strcpy                             
0000cc85  strlen                             
0000cc99  wcslen                             
0000ccab  __TI_decompress_none               
0000ccb9  __TI_zero_init                     
0000ccc5  ResetISR                           
0000ccdd  __aeabi_errno_addr                 
0000cce5  malloc                             
0000cced  SysCtlDelay                        
0000ccf3  _system_pre_init                   
0000ccf7  C$$EXIT                            
0000ccf7  abort                              
0000ce1c  _ctypes_                           
0000d530  gpo_info                           
0000d538  ulMaxSyscallInterruptPriority      
0000d6d8  __TI_Handler_Table_Base            
0000d6e4  __TI_Handler_Table_Limit           
0000d6f8  __TI_CINIT_Base                    
0000d710  __TI_CINIT_Limit                   
20000000  __start___llvm_prf_cnts            
20000000  __stop___llvm_prf_cnts             
20000000  g_pfnRAMVectors                    
20000270  ucHeap                             
20006800  pad_states                         
20006980  __CIOBUF_                          
20006b90  __TI_tmpnams                       
20006c94  xQueueRegistry                     
20006dcc  adc_info                           
20006dd4  gpis_info                          
20006ddc  parmbuf                            
20006df4  addr_ack_err                       
20006df8  arb_lost_err                       
20006dfc  blue_debug                         
20006e00  clk_tout_err                       
20006e04  data_ack_err                       
20006e08  green_debug                        
20006e0c  red_debug                          
20006e10  _ftable                            
20006fa8  _device                            
20007020  _stream                            
20007070  pxCurrentTCB                       
200072d4  __TI_ft_end                        
200072d8  __aeabi_stdin                      
200072dc  __aeabi_stdout                     
200072e0  __aeabi_stderr                     
200072e4  __TI_cleanup_ptr                   
200072e8  __TI_dtors_ptr                     
200072ec  __TI_enable_exit_profile_output    
20007314  _lock                              
20007318  _unlock                            
20007324  adc_pin_struct                     
2000732c  gpi_info                           
2000733c  i2c_msg_queue                      
20007358  errno                              
20007360  __stack                            
20007560  __STACK_END                        
20007560  __STACK_TOP                        
20007560  _sys_memory                        
ffffffff  __TI_pprof_out_hndl                
ffffffff  __TI_prof_data_size                
ffffffff  __TI_prof_data_start               
ffffffff  __binit__                          
ffffffff  __c_args__                         
ffffffff  binit                              
UNDEFED   __mpu_init                         
UNDEFED   _system_post_cinit                 

[653 symbols]
