******************************************************************************
                  TI ARM Linker PC v20.2.2                     
******************************************************************************
>> Linked Fri Apr  9 08:20:07 2021

OUTPUT FILE NAME:   <drum_pad.out>
ENTRY POINT SYMBOL: "_c_int00_noargs"  address: 0000cb15


MEMORY CONFIGURATION

         name            origin    length      used     unused   attr    fill
----------------------  --------  ---------  --------  --------  ----  --------
  FLASH                 00000000   00040000  0000d7e6  0003281a  R  X
  SRAM                  20000000   00008000  000074e0  00000b20  RW X


SEGMENT ALLOCATION MAP

run origin  load origin   length   init length attrs members
----------  ----------- ---------- ----------- ----- -------
00000000    00000000    0000d7e8   0000d7e8    r-x
  00000000    00000000    0000026c   0000026c    r-- .intvecs
  0000026c    0000026c    0000cb6a   0000cb6a    r-x .text
  0000cdd8    0000cdd8    00000848   00000848    r-- .const
  0000d620    0000d620    000001c8   000001c8    r-- .cinit
20000000    20000000    000074e0   00000000    rw-
  20000000    20000000    0000026c   00000000    rw- .vtable
  2000026c    2000026c    00006b18   00000000    rw- .bss
  20006d84    20006d84    0000054c   00000000    rw- .data
  200072d0    200072d0    00000200   00000000    rw- .stack
  200074d0    200074d0    00000010   00000000    rw- .sysmem


SECTION ALLOCATION MAP

 output                                  attributes/
section   page    origin      length       input sections
--------  ----  ----------  ----------   ----------------
.intvecs   0    00000000    0000026c     
                  00000000    0000026c     tm4c123gh6pm_startup_ccs.obj (.intvecs)

.text      0    0000026c    0000cb6a     
                  0000026c    00001e58     tasks.obj (.text)
                  000020c4    00001098     queue.obj (.text)
                  0000315c    00000ef4     sysctl.obj (.text)
                  00004050    00000b88     gpio.obj (.text)
                  00004bd8    00000a4e     rtsv7M4_T_le_v4SPD16_eabi.lib : _printfi.c.obj (.text:__TI_printfi)
                  00005626    00000002                                   : _lock.c.obj (.text:_nop)
                  00005628    00000830     timers.obj (.text)
                  00005e58    000007c2     adc.obj (.text)
                  0000661a    00000002     rtsv7M4_T_le_v4SPD16_eabi.lib : div0.asm.obj (.text)
                  0000661c    0000069c     i2c.obj (.text)
                  00006cb8    00000642     timer.obj (.text)
                  000072fa    00000002     --HOLE-- [fill = 0]
                  000072fc    00000618     uart.obj (.text)
                  00007914    0000055c     event_groups.obj (.text)
                  00007e70    0000053c     I2C_task.obj (.text)
                  000083ac    000004a8     uartstdio.obj (.text)
                  00008854    0000049c     drum_pad_functions.obj (.text)
                  00008cf0    00000494     console_task.obj (.text)
                  00009184    000003c0     interrupt.obj (.text)
                  00009544    000003ac     ADC_task.obj (.text)
                  000098f0    0000028c     port.obj (.text)
                  00009b7c    00000270     rtsv7M4_T_le_v4SPD16_eabi.lib : _printfi.c.obj (.text:_pconv_a)
                  00009dec    00000230     logger.obj (.text)
                  0000a01c    000001e4     main.obj (.text)
                  0000a200    000001d0     rtsv7M4_T_le_v4SPD16_eabi.lib : _printfi.c.obj (.text:_pconv_g)
                  0000a3d0    000001c0     heap_2.obj (.text)
                  0000a590    000001b6     rtsv7M4_T_le_v4SPD16_eabi.lib : fd_add_t2.asm.obj (.text)
                  0000a746    00000002     --HOLE-- [fill = 0]
                  0000a748    000001b4     host_uart_task.obj (.text)
                  0000a8fc    0000018c     GPIs.obj (.text)
                  0000aa88    00000178     control_page.obj (.text)
                  0000ac00    00000144     GPOs.obj (.text)
                  0000ad44    0000013c     rtsv7M4_T_le_v4SPD16_eabi.lib : _printfi.c.obj (.text:_pconv_e)
                  0000ae80    00000136                                   : fd_div_t2.asm.obj (.text)
                  0000afb6    00000002     --HOLE-- [fill = 0]
                  0000afb8    00000130     homepage.obj (.text)
                  0000b0e8    0000012a     list.obj (.text)
                  0000b212    00000002     --HOLE-- [fill = 0]
                  0000b214    00000124     rtsv7M4_T_le_v4SPD16_eabi.lib : _printfi.c.obj (.text:fcvt)
                  0000b338    00000114                                   : fputs.c.obj (.text:fputs)
                  0000b44c    00000110                                   : s_scalbn.c.obj (.text:scalbn)
                  0000b55c    00000100                                   : memory.c.obj (.text:aligned_alloc)
                  0000b65c    000000fc                                   : fd_mul_t2.asm.obj (.text)
                  0000b758    000000f0     console_uart.obj (.text)
                  0000b848    000000e4     rtsv7M4_T_le_v4SPD16_eabi.lib : memory.c.obj (.text:free)
                  0000b92c    000000dc                                   : setvbuf.c.obj (.text:setvbuf)
                  0000ba08    000000da     portasm.obj (.text)
                  0000bae2    00000002     --HOLE-- [fill = 0]
                  0000bae4    000000d2     text_controls.obj (.text)
                  0000bbb6    00000002     --HOLE-- [fill = 0]
                  0000bbb8    000000c0     fpu.obj (.text)
                  0000bc78    000000b1     rtsv7M4_T_le_v4SPD16_eabi.lib : _printfi.c.obj (.text:_ltostr)
                  0000bd29    00000001     --HOLE-- [fill = 0]
                  0000bd2a    0000009c                                   : memcpy_t2.asm.obj (.text)
                  0000bdc6    00000096                                   : ull_div_t2.asm.obj (.text)
                  0000be5c    00000086                                   : fd_cmp_t2.asm.obj (.text:__aeabi_cdcmple)
                  0000bee2    00000086                                   : fd_cmp_t2.asm.obj (.text:__aeabi_cdrcmple)
                  0000bf68    0000007c                                   : fflush.c.obj (.text:fflush)
                  0000bfe4    0000007a                                   : memset_t2.asm.obj (.text)
                  0000c05e    00000002     --HOLE-- [fill = 0]
                  0000c060    00000074                                   : fclose.c.obj (.text:__TI_closefile)
                  0000c0d4    00000070                                   : memory.c.obj (.text:split)
                  0000c144    0000006e                                   : _printfi.c.obj (.text:_mcpy)
                  0000c1b2    00000002     --HOLE-- [fill = 0]
                  0000c1b4    0000006c                                   : hostrename.c.obj (.text:HOSTrename)
                  0000c220    00000068                                   : hostlseek.c.obj (.text:HOSTlseek)
                  0000c288    00000068                                   : copy_decompress_lzss.c.obj (.text:decompress:lzss:__TI_decompress_lzss)
                  0000c2f0    00000064                                   : s_frexp.c.obj (.text:frexp)
                  0000c354    00000064                                   : fseek.c.obj (.text:fseek)
                  0000c3b8    00000062                                   : _io_perm.c.obj (.text:__TI_wrt_ok)
                  0000c41a    00000002     --HOLE-- [fill = 0]
                  0000c41c    00000060                                   : hostopen.c.obj (.text:HOSTopen)
                  0000c47c    0000005c                                   : close.c.obj (.text:close)
                  0000c4d8    00000058                                   : hostread.c.obj (.text:HOSTread)
                  0000c530    00000058                                   : hostwrite.c.obj (.text:HOSTwrite)
                  0000c588    00000056                                   : _printfi.c.obj (.text:_pconv_f)
                  0000c5de    00000054                                   : _ltoa.c.obj (.text:__TI_ltoa)
                  0000c632    00000052                                   : _printfi.c.obj (.text:_ecpy)
                  0000c684    0000004c                                   : fflush.c.obj (.text:__TI_doflush)
                  0000c6d0    0000004c                                   : atoi.c.obj (.text:atoi)
                  0000c71c    0000004c     task_manager_page.obj (.text)
                  0000c768    00000048     rtsv7M4_T_le_v4SPD16_eabi.lib : exit.c.obj (.text:exit)
                  0000c7b0    00000048                                   : fd_toi_t2.asm.obj (.text)
                  0000c7f8    00000044                                   : hostclose.c.obj (.text:HOSTclose)
                  0000c83c    00000044                                   : hostunlink.c.obj (.text:HOSTunlink)
                  0000c880    00000044                                   : autoinit.c.obj (.text:__TI_auto_init_nobinit_nopinit:__TI_auto_init_nobinit_nopinit)
                  0000c8c4    00000044                                   : getdevice.c.obj (.text:getdevice)
                  0000c908    00000040                                   : u_divt2.asm.obj (.text)
                  0000c948    00000040                                   : sprintf.c.obj (.text:sprintf)
                  0000c988    0000003e                                   : _printfi.c.obj (.text:_fcpy)
                  0000c9c6    0000003e     cpu.obj (.text)
                  0000ca04    00000038     rtsv7M4_T_le_v4SPD16_eabi.lib : trgmsg.c.obj (.text:__TI_writemsg)
                  0000ca3c    00000038                                   : fs_tod_t2.asm.obj (.text)
                  0000ca74    00000036                                   : strncpy.c.obj (.text:strncpy)
                  0000caaa    00000002     --HOLE-- [fill = 0]
                  0000caac    00000034                                   : fopen.c.obj (.text:__TI_cleanup)
                  0000cae0    00000034                                   : trgmsg.c.obj (.text:__TI_readmsg)
                  0000cb14    00000034                                   : boot_cortex_m.c.obj (.text:_c_int00_noargs:_c_int00_noargs)
                  0000cb48    00000030                                   : getdevice.c.obj (.text:finddevice)
                  0000cb78    0000002e                                   : i_tofd_t2.asm.obj (.text)
                  0000cba6    00000002     --HOLE-- [fill = 0]
                  0000cba8    0000002c                                   : unlink.c.obj (.text:unlink)
                  0000cbd4    0000002a     hooks.obj (.text)
                  0000cbfe    00000002     --HOLE-- [fill = 0]
                  0000cc00    00000028     rtsv7M4_T_le_v4SPD16_eabi.lib : memory.c.obj (.text:free_list_insert)
                  0000cc28    00000028                                   : lseek.c.obj (.text:lseek)
                  0000cc50    00000028                                   : write.c.obj (.text:write)
                  0000cc78    00000020                                   : memchr.c.obj (.text:memchr)
                  0000cc98    0000001c                                   : assert.c.obj (.text:_abort_msg)
                  0000ccb4    0000001c                                   : memory.c.obj (.text:free_list_remove)
                  0000ccd0    0000001c                                   : memccpy.c.obj (.text:memccpy)
                  0000ccec    0000001a                                   : s_copysign.c.obj (.text:copysign)
                  0000cd06    00000018                                   : sprintf.c.obj (.text:_outs)
                  0000cd1e    00000018                                   : strcmp.c.obj (.text:strcmp)
                  0000cd36    00000016                                   : strchr.c.obj (.text:strchr)
                  0000cd4c    00000014                                   : strcpy.c.obj (.text:strcpy)
                  0000cd60    00000014                                   : strlen.c.obj (.text:strlen)
                  0000cd74    00000012                                   : wcslen.c.obj (.text:wcslen)
                  0000cd86    0000000e                                   : copy_decompress_none.c.obj (.text:decompress:none:__TI_decompress_none)
                  0000cd94    0000000c                                   : copy_zero_init.c.obj (.text:decompress:ZI:__TI_zero_init)
                  0000cda0    0000000c     tm4c123gh6pm_startup_ccs.obj (.text)
                  0000cdac    0000000a     rtsv7M4_T_le_v4SPD16_eabi.lib : sprintf.c.obj (.text:_outc)
                  0000cdb6    00000002     --HOLE-- [fill = 0]
                  0000cdb8    00000008                                   : errno.c.obj (.text:__aeabi_errno_addr)
                  0000cdc0    00000008                                   : memory.c.obj (.text:malloc)
                  0000cdc8    00000006     sysctl.obj (.text:SysCtlDelay)
                  0000cdce    00000004     rtsv7M4_T_le_v4SPD16_eabi.lib : pre_init.c.obj (.text:_system_pre_init)
                  0000cdd2    00000004                                   : exit.c.obj (.text:abort:abort)

.const     0    0000cdd8    00000848     
                  0000cdd8    00000120     sysctl.obj (.const:g_pppui32XTALtoVCO)
                  0000cef8    00000101     rtsv7M4_T_le_v4SPD16_eabi.lib : ctype.c.obj (.const:.string:_ctypes_)
                  0000cff9    00000003     --HOLE-- [fill = 0]
                  0000cffc    000000c0     gpio.obj (.const:g_ppui32GPIOIntMapBlizzard)
                  0000d0bc    000000c0     gpio.obj (.const:g_ppui32GPIOIntMapSnowflake)
                  0000d17c    0000009c     interrupt.obj (.const:g_pui32Regs)
                  0000d218    00000090     gpio.obj (.const:g_pui32GPIOBaseAddrs)
                  0000d2a8    0000006c     sysctl.obj (.const:g_pui32Xtals)
                  0000d314    00000060     ADC_task.obj (.const:.string)
                  0000d374    00000060     timer.obj (.const:g_ppui32TimerIntMap)
                  0000d3d4    00000050     i2c.obj (.const:g_ppui32I2CIntMapSnowflake)
                  0000d424    00000040     timer.obj (.const:g_ppui32TimerIntMapSnowflake)
                  0000d464    00000040     uart.obj (.const:g_ppui32UARTIntMap)
                  0000d4a4    00000040     uart.obj (.const:g_ppui32UARTIntMapSnowflake)
                  0000d4e4    00000030     i2c.obj (.const:g_ppui32I2CIntMap)
                  0000d514    00000030     sysctl.obj (.const:g_sXTALtoMEMTIM)
                  0000d544    00000022     GPOs.obj (.const:.string)
                  0000d566    00000002     --HOLE-- [fill = 0]
                  0000d568    00000020     interrupt.obj (.const:g_pui32Priority)
                  0000d588    00000014     interrupt.obj (.const:g_pui32Dii16Regs)
                  0000d59c    00000014     interrupt.obj (.const:g_pui32EnRegs)
                  0000d5b0    00000014     interrupt.obj (.const:g_pui32PendRegs)
                  0000d5c4    00000014     interrupt.obj (.const:g_pui32UnpendRegs)
                  0000d5d8    00000012     uartstdio.obj (.const:.string)
                  0000d5ea    00000002     --HOLE-- [fill = 0]
                  0000d5ec    0000000c     uartstdio.obj (.const:g_ui32UARTBase)
                  0000d5f8    0000000c     uartstdio.obj (.const:g_ui32UARTPeriph)
                  0000d604    00000008     sysctl.obj (.const:g_pui32VCOFrequencies)
                  0000d60c    00000008     GPOs.obj (.const:gpo_info)
                  0000d614    00000008     port.obj (.const)
                  0000d61c    00000004     uartstdio.obj (.const)

.cinit     0    0000d620    000001c8     
                  0000d620    0000018e     (.cinit..data.load) [load image, compression = lzss]
                  0000d7ae    00000002     --HOLE-- [fill = 0]
                  0000d7b0    0000000c     (__TI_handler_table)
                  0000d7bc    00000004     --HOLE-- [fill = 0]
                  0000d7c0    00000008     (.cinit..bss.load) [load image, compression = zero_init]
                  0000d7c8    00000008     (.cinit..vtable.load) [load image, compression = zero_init]
                  0000d7d0    00000018     (__TI_cinit_table)

.init_array 
*          0    00000000    00000000     UNINITIALIZED

.vtable    0    20000000    0000026c     UNINITIALIZED
                  20000000    0000026c     interrupt.obj (.vtable)

.bss       0    2000026c    00006b18     UNINITIALIZED
                  2000026c    00006400     (.common:ucHeap)
                  2000666c    00000190     task_manager_page.obj (.bss:write_buffer)
                  200067fc    00000120     rtsv7M4_T_le_v4SPD16_eabi.lib : trgmsg.c.obj (.bss:_CIOBUF_)
                  2000691c    000000f0     logger.obj (.bss:errors)
                  20006a0c    000000f0     (.common:pad_states)
                  20006afc    000000a0     (.common:__TI_tmpnams)
                  20006b9c    00000064     tasks.obj (.bss:pxReadyTasksLists)
                  20006c00    00000040     (.common:xQueueRegistry)
                  20006c40    00000020     ADC_task.obj (.bss:adc00_step_values)
                  20006c60    00000014     drum_pad_functions.obj (.bss:float_string)
                  20006c74    00000014     timers.obj (.bss:xActiveTimerList1)
                  20006c88    00000014     timers.obj (.bss:xActiveTimerList2)
                  20006c9c    00000014     tasks.obj (.bss:xDelayedTaskList1)
                  20006cb0    00000014     tasks.obj (.bss:xDelayedTaskList2)
                  20006cc4    00000014     tasks.obj (.bss:xPendingReadyList)
                  20006cd8    00000014     tasks.obj (.bss:xSuspendedTaskList)
                  20006cec    00000014     tasks.obj (.bss:xTasksWaitingTermination)
                  20006d00    00000010     ADC_task.obj (.bss:adc11_step_values)
                  20006d10    00000008     ADC_task.obj (.bss)
                  20006d18    00000008     host_uart_task.obj (.bss)
                  20006d20    00000008     tasks.obj (.bss)
                  20006d28    00000008     timers.obj (.bss)
                  20006d30    00000008     heap_2.obj (.bss:xEnd)
                  20006d38    00000008     heap_2.obj (.bss:xStart)
                  20006d40    00000008     (.common:adc_info)
                  20006d48    00000008     (.common:gpis_info)
                  20006d50    00000008     (.common:parmbuf)
                  20006d58    00000004     I2C_task.obj (.bss)
                  20006d5c    00000004     console_uart.obj (.bss)
                  20006d60    00000004     drum_pad_functions.obj (.bss)
                  20006d64    00000004     adc.obj (.bss:g_pui8OversampleFactor)
                  20006d68    00000004     (.common:addr_ack_err)
                  20006d6c    00000004     (.common:arb_lost_err)
                  20006d70    00000004     (.common:blue_debug)
                  20006d74    00000004     (.common:clk_tout_err)
                  20006d78    00000004     (.common:data_ack_err)
                  20006d7c    00000004     (.common:green_debug)
                  20006d80    00000004     (.common:red_debug)

.data      0    20006d84    0000054c     UNINITIALIZED
                  20006d84    000000f0     rtsv7M4_T_le_v4SPD16_eabi.lib : defs.c.obj (.data:_ftable)
                  20006e74    000000a8     console_task.obj (.data:console_pages)
                  20006f1c    00000078     rtsv7M4_T_le_v4SPD16_eabi.lib : host_device.c.obj (.data:_device)
                  20006f94    00000050                                   : host_device.c.obj (.data:_stream)
                  20006fe4    00000034     tasks.obj (.data)
                  20007018    00000030     ADC_task.obj (.data:adc_pins)
                  20007048    00000024     ADC_task.obj (.data:pad0)
                  2000706c    00000024     ADC_task.obj (.data:pad10)
                  20007090    00000024     ADC_task.obj (.data:pad11)
                  200070b4    00000024     ADC_task.obj (.data:pad1)
                  200070d8    00000024     ADC_task.obj (.data:pad2)
                  200070fc    00000024     ADC_task.obj (.data:pad3)
                  20007120    00000024     ADC_task.obj (.data:pad4)
                  20007144    00000024     ADC_task.obj (.data:pad5)
                  20007168    00000024     ADC_task.obj (.data:pad6)
                  2000718c    00000024     ADC_task.obj (.data:pad7)
                  200071b0    00000024     ADC_task.obj (.data:pad8)
                  200071d4    00000024     ADC_task.obj (.data:pad9)
                  200071f8    00000014     GPOs.obj (.data:blue_led)
                  2000720c    00000014     GPOs.obj (.data:green_led)
                  20007220    00000014     GPOs.obj (.data:red_led)
                  20007234    00000011     console_task.obj (.data)
                  20007245    00000003     --HOLE--
                  20007248    00000010     rtsv7M4_T_le_v4SPD16_eabi.lib : defs.c.obj (.data)
                  20007258    0000000c                                   : exit.c.obj (.data:$O1$$)
                  20007264    0000000c     GPOs.obj (.data:gpos)
                  20007270    0000000c     port.obj (.data)
                  2000727c    0000000c     timers.obj (.data)
                  20007288    00000008     rtsv7M4_T_le_v4SPD16_eabi.lib : _lock.c.obj (.data:$O1$$)
                  20007290    00000008                                   : memory.c.obj (.data:$O1$$)
                  20007298    00000008     ADC_task.obj (.data:adc_pin_struct)
                  200072a0    00000008     GPIs.obj (.data:gpi_info)
                  200072a8    00000008     heap_2.obj (.data)
                  200072b0    00000005     I2C_task.obj (.data)
                  200072b5    00000003     --HOLE--
                  200072b8    00000005     uartstdio.obj (.data)
                  200072bd    00000003     --HOLE--
                  200072c0    00000004     ADC_task.obj (.data)
                  200072c4    00000004     host_uart_task.obj (.data)
                  200072c8    00000004     logger.obj (.data)
                  200072cc    00000004     rtsv7M4_T_le_v4SPD16_eabi.lib : errno.c.obj (.data)

.stack     0    200072d0    00000200     UNINITIALIZED
                  200072d0    00000004     rtsv7M4_T_le_v4SPD16_eabi.lib : boot_cortex_m.c.obj (.stack)
                  200072d4    000001fc     --HOLE--

.sysmem    0    200074d0    00000010     UNINITIALIZED
                  200074d0    00000010     rtsv7M4_T_le_v4SPD16_eabi.lib : memory.c.obj (.sysmem)

__llvm_prf_cnts 
*          0    20000000    00000000     UNINITIALIZED

MODULE SUMMARY

       Module                         code    ro data   rw data
       ------                         ----    -------   -------
    .\
       ADC_task.obj                   940     96        26148  
       drum_pad_functions.obj         1180    0         264    
       I2C_task.obj                   1340    0         25     
       console_task.obj               1172    0         185    
       logger.obj                     560     0         256    
       tm4c123gh6pm_startup_ccs.obj   12      620       0      
       main.obj                       484     0         0      
       task_manager_page.obj          76      0         400    
       heap_2.obj                     448     0         24     
       host_uart_task.obj             436     0         12     
       GPOs.obj                       324     42        72     
       GPIs.obj                       396     0         8      
       control_page.obj               376     0         16     
       homepage.obj                   304     0         0      
       console_uart.obj               240     0         4      
       text_controls.obj              210     0         0      
       hooks.obj                      42      0         0      
    +--+------------------------------+-------+---------+---------+
       Total:                         8540    758       27414  
                                                               
    .\FreeRTOS\
       tasks.obj                      7768    0         260    
       queue.obj                      4248    0         64     
       timers.obj                     2096    0         60     
       event_groups.obj               1372    0         0      
       list.obj                       298     0         0      
    +--+------------------------------+-------+---------+---------+
       Total:                         15782   0         384    
                                                               
    .\FreeRTOS\portable\CCS\ARM_CM4F\
       port.obj                       652     8         12     
       portasm.obj                    218     0         0      
    +--+------------------------------+-------+---------+---------+
       Total:                         870     8         12     
                                                               
    .\driverlib\
       sysctl.obj                     3834    452       0      
       gpio.obj                       2952    528       0      
       adc.obj                        1986    0         4      
       interrupt.obj                  960     268       620    
       i2c.obj                        1692    128       0      
       timer.obj                      1602    160       0      
       uart.obj                       1560    128       0      
       fpu.obj                        192     0         0      
       cpu.obj                        62      0         0      
    +--+------------------------------+-------+---------+---------+
       Total:                         14840   1664      624    
                                                               
    .\utils\
       uartstdio.obj                  1192    46        5      
    +--+------------------------------+-------+---------+---------+
       Total:                         1192    46        5      
                                                               
    C:\ti\ccs1020\ccs\tools\compiler\ti-cgt-arm_20.2.2.LTS\lib\rtsv7M4_T_le_v4SPD16_eabi.lib
       _printfi.c.obj                 4851    0         0      
       memory.c.obj                   672     0         8      
       fd_add_t2.asm.obj              438     0         0      
       defs.c.obj                     0       0         416    
       trgmsg.c.obj                   108     0         288    
       fd_div_t2.asm.obj              310     0         0      
       fputs.c.obj                    276     0         0      
       s_scalbn.c.obj                 272     0         0      
       fd_cmp_t2.asm.obj              268     0         0      
       ctype.c.obj                    0       257       0      
       fd_mul_t2.asm.obj              252     0         0      
       setvbuf.c.obj                  220     0         0      
       fflush.c.obj                   200     0         0      
       host_device.c.obj              0       0         200    
       memcpy_t2.asm.obj              156     0         0      
       ull_div_t2.asm.obj             150     0         0      
       memset_t2.asm.obj              122     0         0      
       fclose.c.obj                   116     0         0      
       getdevice.c.obj                116     0         0      
       hostrename.c.obj               108     0         0      
       copy_decompress_lzss.c.obj     104     0         0      
       hostlseek.c.obj                104     0         0      
       hostopen.c.obj                 96      0         8      
       fseek.c.obj                    100     0         0      
       s_frexp.c.obj                  100     0         0      
       _io_perm.c.obj                 98      0         0      
       sprintf.c.obj                  98      0         0      
       close.c.obj                    92      0         0      
       exit.c.obj                     76      0         12     
       hostread.c.obj                 88      0         0      
       hostwrite.c.obj                88      0         0      
       _ltoa.c.obj                    84      0         0      
       atoi.c.obj                     76      0         0      
       fd_toi_t2.asm.obj              72      0         0      
       autoinit.c.obj                 68      0         0      
       hostclose.c.obj                68      0         0      
       hostunlink.c.obj               68      0         0      
       u_divt2.asm.obj                64      0         0      
       fs_tod_t2.asm.obj              56      0         0      
       strncpy.c.obj                  54      0         0      
       boot_cortex_m.c.obj            52      0         0      
       fopen.c.obj                    52      0         0      
       i_tofd_t2.asm.obj              46      0         0      
       unlink.c.obj                   44      0         0      
       lseek.c.obj                    40      0         0      
       write.c.obj                    40      0         0      
       memchr.c.obj                   32      0         0      
       assert.c.obj                   28      0         0      
       memccpy.c.obj                  28      0         0      
       s_copysign.c.obj               26      0         0      
       strcmp.c.obj                   24      0         0      
       strchr.c.obj                   22      0         0      
       strcpy.c.obj                   20      0         0      
       strlen.c.obj                   20      0         0      
       wcslen.c.obj                   18      0         0      
       copy_decompress_none.c.obj     14      0         0      
       copy_zero_init.c.obj           12      0         0      
       errno.c.obj                    8       0         4      
       _lock.c.obj                    2       0         8      
       pre_init.c.obj                 4       0         0      
       div0.asm.obj                   2       0         0      
    +--+------------------------------+-------+---------+---------+
       Total:                         10823   257       944    
                                                               
       Heap:                          0       0         16     
       Stack:                         0       0         512    
       Linker Generated:              0       450       0      
    +--+------------------------------+-------+---------+---------+
       Grand Total:                   52047   3183      29911  


LINKER GENERATED COPY TABLES

__TI_cinit_table @ 0000d7d0 records: 3, size/record: 8, table size: 24
	.data: load addr=0000d620, load size=0000018e bytes, run addr=20006d84, run size=0000054c bytes, compression=lzss
	.bss: load addr=0000d7c0, load size=00000008 bytes, run addr=2000026c, run size=00006b18 bytes, compression=zero_init
	.vtable: load addr=0000d7c8, load size=00000008 bytes, run addr=20000000, run size=0000026c bytes, compression=zero_init


LINKER GENERATED HANDLER TABLE

__TI_handler_table @ 0000d7b0 records: 3, size/record: 4, table size: 12
	index: 0, handler: __TI_zero_init
	index: 1, handler: __TI_decompress_lzss
	index: 2, handler: __TI_decompress_none


GLOBAL SYMBOLS: SORTED ALPHABETICALLY BY Name 

address   name                               
-------   ----                               
00006595  ADCBusy                            
000065dd  ADCClockConfigGet                  
000065b3  ADCClockConfigSet                  
000063af  ADCComparatorConfigure             
0000647f  ADCComparatorIntClear              
00006435  ADCComparatorIntDisable            
00006453  ADCComparatorIntEnable             
00006471  ADCComparatorIntStatus             
000063cb  ADCComparatorRegionSet             
000063ef  ADCComparatorReset                 
0000637d  ADCHardwareOversampleConfigure     
00005f93  ADCIntClear                        
000064f7  ADCIntClearEx                      
00005ef9  ADCIntDisable                      
00006491  ADCIntDisableEx                    
00005f15  ADCIntEnable                       
000064a9  ADCIntEnableEx                     
00005eb3  ADCIntRegister                     
00005f3b  ADCIntStatus                       
000064c5  ADCIntStatusEx                     
00005edb  ADCIntUnregister                   
0000654f  ADCPhaseDelayGet                   
0000653d  ADCPhaseDelaySet                   
000061f3  ADCProcessorTrigger                
0000652b  ADCReferenceGet                    
0000650f  ADCReferenceSet                    
00009767  ADCSeq0Handler                     
000097c1  ADCSeq1Handler                     
00005fdd  ADCSequenceConfigure               
00006579  ADCSequenceDMADisable              
0000655d  ADCSequenceDMAEnable               
000061b1  ADCSequenceDataGet                 
00005fc3  ADCSequenceDisable                 
00005fa9  ADCSequenceEnable                  
00006155  ADCSequenceOverflow                
0000616d  ADCSequenceOverflowClear           
00006061  ADCSequenceStepConfigure           
00006183  ADCSequenceUnderflow               
0000619b  ADCSequenceUnderflowClear          
00006217  ADCSoftwareOversampleConfigure     
0000630f  ADCSoftwareOversampleDataGet       
0000624f  ADCSoftwareOversampleStepConfigure 
0000cdd3  C$$EXIT                            
0000ca33  C$$IO$$                            
0000c9fb  CPUbasepriGet                      
0000c9ed  CPUbasepriSet                      
0000c9c7  CPUcpsid                           
0000c9dd  CPUcpsie                           
0000c9d3  CPUprimask                         
0000c9e9  CPUwfi                             
0000bbcb  FPUDisable                         
0000bbb9  FPUEnable                          
0000bc37  FPUFlushToZeroModeSet              
0000bc03  FPUHalfPrecisionModeSet            
0000bbeb  FPULazyStackingEnable              
0000bc1d  FPUNaNModeSet                      
0000bc51  FPURoundingModeSet                 
0000bbf7  FPUStackingDisable                 
0000bbd9  FPUStackingEnable                  
00004bb3  GPIOADCTriggerDisable              
00004b95  GPIOADCTriggerEnable               
00004b77  GPIODMATriggerDisable              
00004b59  GPIODMATriggerEnable               
0000410b  GPIODirModeGet                     
000040af  GPIODirModeSet                     
00004673  GPIOIntClear                       
00004637  GPIOIntDisable                     
0000461d  GPIOIntEnable                      
00004687  GPIOIntRegister                    
00004651  GPIOIntStatus                      
000041fb  GPIOIntTypeGet                     
00004157  GPIOIntTypeSet                     
000046a5  GPIOIntUnregister                  
000044cb  GPIOPadConfigGet                   
00004291  GPIOPadConfigSet                   
00004afb  GPIOPinConfigure                   
000046bf  GPIOPinRead                        
000046f7  GPIOPinTypeADC                     
0000471b  GPIOPinTypeCAN                     
00004ac7  GPIOPinTypeCIR                     
0000473f  GPIOPinTypeComparator              
00004763  GPIOPinTypeEPI                     
00004787  GPIOPinTypeEthernetLED             
000047ab  GPIOPinTypeEthernetMII             
000047cf  GPIOPinTypeGPIOInput               
000047f3  GPIOPinTypeGPIOOutput              
00004817  GPIOPinTypeGPIOOutputOD            
0000483b  GPIOPinTypeI2C                     
0000485f  GPIOPinTypeI2CSCL                  
00004a7f  GPIOPinTypeKBColumn                
00004a5b  GPIOPinTypeKBRow                   
00004883  GPIOPinTypeLCD                     
00004aa3  GPIOPinTypeLEDSeq                  
000048a7  GPIOPinTypeLPC                     
000048cb  GPIOPinTypePECIRx                  
000048ef  GPIOPinTypePECITx                  
00004913  GPIOPinTypePWM                     
00004937  GPIOPinTypeQEI                     
0000495b  GPIOPinTypeSSI                     
0000497f  GPIOPinTypeTimer                   
000049a3  GPIOPinTypeUART                    
000049c7  GPIOPinTypeUSBAnalog               
000049eb  GPIOPinTypeUSBDigital              
00004a0f  GPIOPinTypeWakeHigh                
00004a35  GPIOPinTypeWakeLow                 
00004aeb  GPIOPinWakeStatus                  
000046d7  GPIOPinWrite                       
0000c7f9  HOSTclose                          
0000c221  HOSTlseek                          
0000c41d  HOSTopen                           
0000c4d9  HOSTread                           
0000c1b5  HOSTrename                         
0000c83d  HOSTunlink                         
0000c531  HOSTwrite                          
00006c13  I2CFIFODataGet                     
00006c2d  I2CFIFODataGetNonBlocking          
00006bc9  I2CFIFODataPut                     
00006beb  I2CFIFODataPutNonBlocking          
00006bb9  I2CFIFOStatus                      
000067ad  I2CIntRegister                     
000067cb  I2CIntUnregister                   
00006c69  I2CMasterBurstCountGet             
00006c53  I2CMasterBurstLengthSet            
00006a11  I2CMasterBusBusy                   
000069f9  I2CMasterBusy                      
00006a29  I2CMasterControl                   
00006a7d  I2CMasterDataGet                   
00006a67  I2CMasterDataPut                   
00006779  I2CMasterDisable                   
00006745  I2CMasterEnable                    
00006a3b  I2CMasterErr                       
00006c77  I2CMasterGlitchFilterConfigSet     
0000667b  I2CMasterInitExpClk                
00006973  I2CMasterIntClear                  
00006991  I2CMasterIntClearEx                
0000683f  I2CMasterIntDisable                
0000684f  I2CMasterIntDisableEx              
000067e5  I2CMasterIntEnable                 
000067f5  I2CMasterIntEnableEx               
00006899  I2CMasterIntStatus                 
000068dd  I2CMasterIntStatusEx               
000069eb  I2CMasterLineStateGet              
000069c9  I2CMasterSlaveAddrSet              
00006a8b  I2CMasterTimeoutSet                
00006b79  I2CRxFIFOConfigSet                 
00006ba1  I2CRxFIFOFlush                     
00006a9d  I2CSlaveACKOverride                
00006acf  I2CSlaveACKValueSet                
00006707  I2CSlaveAddressSet                 
00006b29  I2CSlaveDataGet                    
00006b11  I2CSlaveDataPut                    
0000678f  I2CSlaveDisable                    
0000675b  I2CSlaveEnable                     
00006ca7  I2CSlaveFIFODisable                
00006c8f  I2CSlaveFIFOEnable                 
000066ed  I2CSlaveInit                       
000069a3  I2CSlaveIntClear                   
000069b5  I2CSlaveIntClearEx                 
00006867  I2CSlaveIntDisable                 
0000687f  I2CSlaveIntDisableEx               
0000680d  I2CSlaveIntEnable                  
00006825  I2CSlaveIntEnableEx                
00006909  I2CSlaveIntStatus                  
00006951  I2CSlaveIntStatusEx                
00006b01  I2CSlaveStatus                     
00006b39  I2CTxFIFOConfigSet                 
00006b61  I2CTxFIFOFlush                     
00009345  IntDisable                         
000092d3  IntEnable                          
000093b7  IntIsEnabled                       
00009197  IntMasterDisable                   
00009187  IntMasterEnable                    
000094ad  IntPendClear                       
0000943d  IntPendSet                         
000092af  IntPriorityGet                     
00009227  IntPriorityGroupingGet             
0000920d  IntPriorityGroupingSet             
00009507  IntPriorityMaskGet                 
000094fb  IntPriorityMaskSet                 
0000925f  IntPrioritySet                     
000091a7  IntRegister                        
0000950f  IntTrigger                         
000091f9  IntUnregister                      
0000cda1  ResetISR                           
00003fef  SysCtlAltClkConfig                 
000037c5  SysCtlClockFreqSet                 
00003ca9  SysCtlClockGet                     
00003fd3  SysCtlClockOutConfig               
00003add  SysCtlClockSet                     
000036c5  SysCtlDeepSleep                    
00003e75  SysCtlDeepSleepClockConfigSet      
00003e57  SysCtlDeepSleepClockSet            
000036a5  SysCtlDeepSleepPowerSet            
0000cdc9  SysCtlDelay                        
00003253  SysCtlFlashSectorSizeGet           
00003227  SysCtlFlashSizeGet                 
00003f4b  SysCtlGPIOAHBDisable               
00003f2f  SysCtlGPIOAHBEnable                
00003639  SysCtlIntClear                     
00003621  SysCtlIntDisable                   
0000360d  SysCtlIntEnable                    
000035e5  SysCtlIntRegister                  
00003649  SysCtlIntStatus                    
000035fd  SysCtlIntUnregister                
0000368b  SysCtlLDODeepSleepGet              
0000367b  SysCtlLDODeepSleepSet              
00003675  SysCtlLDOSleepGet                  
00003665  SysCtlLDOSleepSet                  
000036fb  SysCtlMOSCConfigSet                
00003fbf  SysCtlNMIClear                     
00003fb9  SysCtlNMIStatus                    
00003711  SysCtlPIOSCCalibrate               
00003f19  SysCtlPWMClockGet                  
00003eff  SysCtlPWMClockSet                  
00003591  SysCtlPeripheralClockGating        
00003549  SysCtlPeripheralDeepSleepDisable   
000034f9  SysCtlPeripheralDeepSleepEnable    
00003435  SysCtlPeripheralDisable            
000033f9  SysCtlPeripheralEnable             
00003335  SysCtlPeripheralPowerOff           
000032f9  SysCtlPeripheralPowerOn            
00003279  SysCtlPeripheralPresent            
000032b9  SysCtlPeripheralReady              
00003371  SysCtlPeripheralReset              
000034bd  SysCtlPeripheralSleepDisable       
00003479  SysCtlPeripheralSleepEnable        
000036b5  SysCtlReset                        
00003771  SysCtlResetBehaviorGet             
00003761  SysCtlResetBehaviorSet             
000036e7  SysCtlResetCauseClear              
000036e1  SysCtlResetCauseGet                
0000321d  SysCtlSRAMSizeGet                  
000036bd  SysCtlSleep                        
00003691  SysCtlSleepPowerSet                
00003f79  SysCtlUSBPLLDisable                
00003f67  SysCtlUSBPLLEnable                 
00003fa5  SysCtlVoltageEventClear            
00003f89  SysCtlVoltageEventConfig           
00003f99  SysCtlVoltageEventStatus           
00007279  TimerADCEventGet                   
00007267  TimerADCEventSet                   
00006f9d  TimerClockSourceGet                
00006f73  TimerClockSourceSet                
00006d67  TimerConfigure                     
00006e87  TimerControlEvent                  
00006de3  TimerControlLevel                  
00006eb1  TimerControlStall                  
00006e19  TimerControlTrigger                
00006ee7  TimerControlWaitOnTrigger          
00007299  TimerDMAEventGet                   
00007287  TimerDMAEventSet                   
00006d49  TimerDisable                       
00006d2b  TimerEnable                        
00007243  TimerIntClear                      
0000720d  TimerIntDisable                    
000071f5  TimerIntEnable                     
000071af  TimerIntRegister                   
00007225  TimerIntStatus                     
000071d7  TimerIntUnregister                 
00007067  TimerLoadGet                       
0000709d  TimerLoadGet64                     
0000703d  TimerLoadSet                       
00007083  TimerLoadSet64                     
00007147  TimerMatchGet                      
0000717d  TimerMatchGet64                    
0000711d  TimerMatchSet                      
00007163  TimerMatchSet64                    
00006fd7  TimerPrescaleGet                   
00007021  TimerPrescaleMatchGet              
00006ff3  TimerPrescaleMatchSet              
00006fad  TimerPrescaleSet                   
00006f5d  TimerRTCDisable                    
00006f47  TimerRTCEnable                     
00007255  TimerSynchronize                   
000072a7  TimerUpdateMode                    
000070cf  TimerValueGet                      
000070eb  TimerValueGet64                    
000078cd  UART9BitAddrSend                   
000078a7  UART9BitAddrSet                    
00007891  UART9BitDisable                    
0000787b  UART9BitEnable                     
0000771f  UARTBreakCtl                       
00007749  UARTBusy                           
000076c7  UARTCharGet                        
000076ab  UARTCharGetNonBlocking             
00007701  UARTCharPut                        
000076dd  UARTCharPutNonBlocking             
0000766f  UARTCharsAvail                     
0000786b  UARTClockSourceGet                 
00007857  UARTClockSourceSet                 
0000743f  UARTConfigGetExpClk                
000073c9  UARTConfigSetExpClk                
0000781d  UARTDMADisable                     
00007805  UARTDMAEnable                      
000074af  UARTDisable                        
00007533  UARTDisableSIR                     
0000748b  UARTEnable                         
00007505  UARTEnableSIR                      
000074ef  UARTFIFODisable                    
000074d9  UARTFIFOEnable                     
000073a1  UARTFIFOLevelGet                   
00007389  UARTFIFOLevelSet                   
0000762f  UARTFlowControlGet                 
00007613  UARTFlowControlSet                 
000077f3  UARTIntClear                       
000077bd  UARTIntDisable                     
000077a5  UARTIntEnable                      
00007767  UARTIntRegister                    
000077d5  UARTIntStatus                      
00007785  UARTIntUnregister                  
000075c9  UARTModemControlClear              
000075ed  UARTModemControlGet                
00007591  UARTModemControlSet                
000075ff  UARTModemStatusGet                 
00007377  UARTParityModeGet                  
0000735b  UARTParityModeSet                  
00007847  UARTRxErrorClear                   
00007835  UARTRxErrorGet                     
0000757b  UARTSmartCardDisable               
00007549  UARTSmartCardEnable                
0000768d  UARTSpaceAvail                     
000083ad  UARTStdioConfig                    
0000765d  UARTTxIntModeGet                   
00007641  UARTTxIntModeSet                   
000084fd  UARTgetc                           
00008443  UARTgets                           
0000881f  UARTprintf                         
00008525  UARTvprintf                        
000083f3  UARTwrite                          
200067fc  __CIOBUF_                          
200074d0  __STACK_END                        
00000200  __STACK_SIZE                       
200074d0  __STACK_TOP                        
00000010  __SYSMEM_SIZE                      
0000d7d0  __TI_CINIT_Base                    
0000d7e8  __TI_CINIT_Limit                   
0000d7b0  __TI_Handler_Table_Base            
0000d7bc  __TI_Handler_Table_Limit           
0000c881  __TI_auto_init_nobinit_nopinit     
0000caad  __TI_cleanup                       
20007258  __TI_cleanup_ptr                   
0000c061  __TI_closefile                     
0000c289  __TI_decompress_lzss               
0000cd87  __TI_decompress_none               
0000c685  __TI_doflush                       
2000725c  __TI_dtors_ptr                     
20007260  __TI_enable_exit_profile_output    
20007248  __TI_ft_end                        
0000c5df  __TI_ltoa                          
ffffffff  __TI_pprof_out_hndl                
00004bd9  __TI_printfi                       
ffffffff  __TI_prof_data_size                
ffffffff  __TI_prof_data_start               
0000cae1  __TI_readmsg                       
00000000  __TI_static_base__                 
20006afc  __TI_tmpnams                       
0000ca05  __TI_writemsg                      
0000c3b9  __TI_wrt_ok                        
0000cd95  __TI_zero_init                     
0000be5d  __aeabi_cdcmpeq                    
0000be5d  __aeabi_cdcmple                    
0000bee3  __aeabi_cdrcmple                   
0000c7b1  __aeabi_d2iz                       
0000a59b  __aeabi_dadd                       
0000ae81  __aeabi_ddiv                       
0000b65d  __aeabi_dmul                       
0000a591  __aeabi_dsub                       
0000cdb9  __aeabi_errno_addr                 
0000ca3d  __aeabi_f2d                        
0000cb79  __aeabi_i2d                        
0000661b  __aeabi_idiv0                      
0000661b  __aeabi_ldiv0                      
0000bfe5  __aeabi_memclr                     
0000bfe5  __aeabi_memclr4                    
0000bfe5  __aeabi_memclr8                    
0000bd2b  __aeabi_memcpy                     
0000bd2b  __aeabi_memcpy4                    
0000bd2b  __aeabi_memcpy8                    
0000bfe7  __aeabi_memset                     
0000bfe7  __aeabi_memset4                    
0000bfe7  __aeabi_memset8                    
20007254  __aeabi_stderr                     
2000724c  __aeabi_stdin                      
20007250  __aeabi_stdout                     
0000c909  __aeabi_uidiv                      
0000c909  __aeabi_uidivmod                   
0000bdc7  __aeabi_uldivmod                   
ffffffff  __binit__                          
ffffffff  __c_args__                         
UNDEFED   __mpu_init                         
200072d0  __stack                            
20000000  __start___llvm_prf_cnts            
20000000  __stop___llvm_prf_cnts             
0000cc99  _abort_msg                         
0000cb15  _c_int00_noargs                    
0000cef8  _ctypes_                           
20006f1c  _device                            
20006d84  _ftable                            
20007288  _lock                              
00005627  _nop                               
20006f94  _stream                            
200074d0  _sys_memory                        
UNDEFED   _system_post_cinit                 
0000cdcf  _system_pre_init                   
2000728c  _unlock                            
0000cdd3  abort                              
20006d40  adc_info                           
20007298  adc_pin_struct                     
00009815  adc_task                           
00007efb  add_i2c_msg                        
00008d01  add_page                           
20006d68  addr_ack_err                       
0000b55d  aligned_alloc                      
20006d6c  arb_lost_err                       
0000c6d1  atoi                               
0000bb0f  bgd_color                          
ffffffff  binit                              
20006d70  blue_debug                         
0000bb01  bold_text_color                    
0000bb61  clear_below_line                   
0000bb57  clear_in_line                      
0000bb4d  clear_line                         
0000bb43  clear_terminal                     
20006d74  clk_tout_err                       
0000c47d  close                              
00008fd5  console_task                       
0000ab3f  control_drawdata                   
0000abbf  control_drawinput                  
0000aa89  control_drawpage                   
0000cced  copysign                           
0000cced  copysignl                          
00009ded  create_error                       
0000bb1d  cursor_pos                         
20006d78  data_ack_err                       
000006a5  eTaskGetState                      
200072cc  errno                              
0000c769  exit                               
0000bf69  fflush                             
0000cb49  finddevice                         
0000b339  fputs                              
0000b849  free                               
0000c2f1  frexp                              
0000c2f1  frexpl                             
0000c355  fseek                              
20000000  g_pfnRAMVectors                    
00000000  g_pfnVectors                       
000096e5  get_adc_config                     
0000975d  get_adc_struct                     
00009729  get_adc_val                        
0000b759  get_char                           
0000a9e1  get_gpi_config                     
0000aa43  get_gpi_struct                     
0000acf3  get_gpo                            
0000ac83  get_gpo_config                     
0000c8c5  getdevice                          
200072a0  gpi_info                           
20006d48  gpis_info                          
0000d60c  gpo_info                           
20006d7c  green_debug                        
0000b00b  homepage_drawdata                  
0000b00d  homepage_drawinput                 
0000afb9  homepage_drawpage                  
0000a7c3  host_uart_task                     
200072b0  i2c_msg_queue                      
00007f85  i2c_task                           
00009545  init_adc                           
00008cf1  init_console                       
0000b7c1  init_console_uart                  
00008855  init_drumpad                       
0000a8fd  init_gpis                          
0000ac01  init_gpos                          
0000a749  init_host_uart                     
00007e71  init_i2c                           
00009e5f  init_logger                        
00008dbd  is_on_screen                       
0000b44d  ldexp                              
0000b44d  ldexpl                             
00009ec5  logger_drawdata                    
00009f75  logger_drawinput                   
00009e8b  logger_drawpage                    
0000cc29  lseek                              
0000a01d  main                               
0000cdc1  malloc                             
0000b55d  memalign                           
0000ccd1  memccpy                            
0000cc79  memchr                             
0000bd2b  memcpy                             
0000bfed  memset                             
20006a0c  pad_states                         
20006d50  parmbuf                            
00003075  pcQueueGetName                     
00000d55  pcTaskGetName                      
00005845  pcTimerGetName                     
00008897  process_drumpad                    
0000a3d1  pvPortMalloc                       
00001b01  pvTaskIncrementMutexHeldCount      
00005d3d  pvTimerGetTimerID                  
20006fe4  pxCurrentTCB                       
000098f1  pxPortInitialiseStack              
0000aa25  read_gpi                           
20006d80  red_debug                          
0000cba9  remove                             
0000bb39  restore_cursor_pos                 
0000bb2f  save_cursor_pos                    
0000b44d  scalbn                             
0000b44d  scalbnl                            
0000a877  send_to_host                       
0000a893  send_to_host_from_isr              
00009e4d  set_error                          
0000acc7  set_gpo                            
0000bae5  set_text_mode                      
0000b92d  setvbuf                            
00008c8f  slope_drawdata                     
00008c91  slope_drawinput                    
00008c8d  slope_drawpage                     
0000c949  sprintf                            
0000cd37  strchr                             
0000cd1f  strcmp                             
0000cd4d  strcpy                             
0000cd61  strlen                             
0000ca75  strncpy                            
0000c755  taskmanager_drawdata               
0000c757  taskmanager_drawinput              
0000c71d  taskmanager_drawpage               
0000baf3  text_color                         
0000a8b1  uartmsg_drawdata                   
0000a8b3  uartmsg_drawinput                  
0000a8af  uartmsg_drawpage                   
2000026c  ucHeap                             
00002da5  ucQueueGetQueueType                
0000d614  ulMaxSyscallInterruptPriority      
0000ba19  ulPortGetIPSR                      
00001b19  ulTaskNotifyTake                   
0000cba9  unlink                             
00007e37  uxEventGroupGetNumber              
0000b1cb  uxListRemove                       
00002d85  uxQueueGetQueueNumber              
00002ccf  uxQueueMessagesWaiting             
00002d31  uxQueueMessagesWaitingFromISR      
00002cfd  uxQueueSpacesAvailable             
00000d4f  uxTaskGetNumberOfTasks             
00000d9d  uxTaskGetSystemState               
00001387  uxTaskGetTaskNumber                
0000075b  uxTaskPriorityGet                  
0000078d  uxTaskPriorityGetFromISR           
00001adf  uxTaskResetEventItemValue          
00005e1b  uxTimerGetTimerNumber              
0000cbe5  vApplicationIdleHook               
0000cbd5  vApplicationMallocFailedHook       
0000cbe7  vApplicationStackOverflowHook      
00007dd1  vEventGroupClearBitsCallback       
00007d6b  vEventGroupDelete                  
00007dc1  vEventGroupSetBitsCallback         
00007e57  vEventGroupSetNumber               
0000b0e9  vListInitialise                    
0000b119  vListInitialiseItem                
0000b165  vListInsert                        
0000b129  vListInsertEnd                     
0000bad5  vPortEnableVFP                     
00009a11  vPortEndScheduler                  
00009a35  vPortEnterCritical                 
00009a77  vPortExitCritical                  
0000a4d1  vPortFree                          
0000a535  vPortInitialiseBlocks              
0000ba91  vPortSVCHandler                    
00009ac9  vPortSetupTimerInterrupt           
0000bab1  vPortStartFirstTask                
00009ae5  vPortValidateInterruptPriority     
00003033  vQueueAddToRegistry                
00002d5b  vQueueDelete                       
00002d93  vQueueSetQueueNumber               
000030b5  vQueueUnregisterQueue              
000030f9  vQueueWaitForMessageRestricted     
0000063d  vTaskDelay                         
00000559  vTaskDelayUntil                    
0000048f  vTaskDelete                        
00000bf5  vTaskEndScheduler                  
0000148d  vTaskGetInfo                       
000012bf  vTaskInternalSetTimeOutState       
000019cd  vTaskList                          
0000137f  vTaskMissedYield                   
00001ee5  vTaskNotifyGiveFromISR             
0000106f  vTaskPlaceOnEventList              
00001111  vTaskPlaceOnEventListRestricted    
000010b1  vTaskPlaceOnUnorderedEventList     
00001879  vTaskPriorityDisinheritAfterTimeout
000007d1  vTaskPrioritySet                   
000011f5  vTaskRemoveFromUnorderedEventList  
00000a49  vTaskResume                        
000013a7  vTaskSetTaskNumber                 
0000128d  vTaskSetTimeOutState               
00000b81  vTaskStartScheduler                
00000905  vTaskSuspend                       
00000c15  vTaskSuspendAll                    
00000fa9  vTaskSwitchContext                 
000057d1  vTimerSetReloadMode                
00005d6b  vTimerSetTimerID                   
00005e29  vTimerSetTimerNumber               
0000cd75  wcslen                             
0000cc51  write                              
00007bc7  xEventGroupClearBits               
00007c25  xEventGroupClearBitsFromISR        
00007915  xEventGroupCreate                  
00007c3d  xEventGroupGetBitsFromISR          
00007c71  xEventGroupSetBits                 
00007e17  xEventGroupSetBitsFromISR          
00007935  xEventGroupSync                    
00007a67  xEventGroupWaitBits                
0000a52f  xPortGetFreeHeapSize               
0000ba31  xPortPendSVHandler                 
0000997d  xPortStartScheduler                
00009aa3  xPortSysTickHandler                
0000227d  xQueueCreateCountingSemaphore      
00002251  xQueueCreateMutex                  
00002179  xQueueGenericCreate                
000020c5  xQueueGenericReset                 
000022d9  xQueueGenericSend                  
0000248d  xQueueGenericSendFromISR           
00002595  xQueueGiveFromISR                  
00002f9f  xQueueIsQueueEmptyFromISR          
00002ff9  xQueueIsQueueFullFromISR           
000029cd  xQueuePeek                         
00002c23  xQueuePeekFromISR                  
00002685  xQueueReceive                      
00002b4b  xQueueReceiveFromISR               
20006c00  xQueueRegistry                     
000027fd  xQueueSemaphoreTake                
000012d9  xTaskCheckForTimeOut               
0000026d  xTaskCreate                        
00001c45  xTaskGenericNotify                 
00001d85  xTaskGenericNotifyFromISR          
00001661  xTaskGetCurrentTaskHandle          
00001675  xTaskGetSchedulerState             
00000d2b  xTaskGetTickCount                  
00000d3b  xTaskGetTickCountFromISR           
00000e8d  xTaskIncrementTick                 
00001fcd  xTaskNotifyStateClear              
00001b8f  xTaskNotifyWait                    
0000179b  xTaskPriorityDisinherit            
000016c1  xTaskPriorityInherit               
00001155  xTaskRemoveFromEventList           
00000c29  xTaskResumeAll                     
00000add  xTaskResumeFromISR                 
00005667  xTimerCreate                       
00005629  xTimerCreateTimerTask              
00005709  xTimerGenericCommand               
0000581b  xTimerGetExpiryTime                
000057ab  xTimerGetPeriod                    
00005789  xTimerGetTimerDaemonTaskHandle     
00005d01  xTimerIsTimerActive                
00005dcf  xTimerPendFunctionCall             
00005d99  xTimerPendFunctionCallFromISR      


GLOBAL SYMBOLS: SORTED BY Symbol Address 

address   name                               
-------   ----                               
00000000  __TI_static_base__                 
00000000  g_pfnVectors                       
00000010  __SYSMEM_SIZE                      
00000200  __STACK_SIZE                       
0000026d  xTaskCreate                        
0000048f  vTaskDelete                        
00000559  vTaskDelayUntil                    
0000063d  vTaskDelay                         
000006a5  eTaskGetState                      
0000075b  uxTaskPriorityGet                  
0000078d  uxTaskPriorityGetFromISR           
000007d1  vTaskPrioritySet                   
00000905  vTaskSuspend                       
00000a49  vTaskResume                        
00000add  xTaskResumeFromISR                 
00000b81  vTaskStartScheduler                
00000bf5  vTaskEndScheduler                  
00000c15  vTaskSuspendAll                    
00000c29  xTaskResumeAll                     
00000d2b  xTaskGetTickCount                  
00000d3b  xTaskGetTickCountFromISR           
00000d4f  uxTaskGetNumberOfTasks             
00000d55  pcTaskGetName                      
00000d9d  uxTaskGetSystemState               
00000e8d  xTaskIncrementTick                 
00000fa9  vTaskSwitchContext                 
0000106f  vTaskPlaceOnEventList              
000010b1  vTaskPlaceOnUnorderedEventList     
00001111  vTaskPlaceOnEventListRestricted    
00001155  xTaskRemoveFromEventList           
000011f5  vTaskRemoveFromUnorderedEventList  
0000128d  vTaskSetTimeOutState               
000012bf  vTaskInternalSetTimeOutState       
000012d9  xTaskCheckForTimeOut               
0000137f  vTaskMissedYield                   
00001387  uxTaskGetTaskNumber                
000013a7  vTaskSetTaskNumber                 
0000148d  vTaskGetInfo                       
00001661  xTaskGetCurrentTaskHandle          
00001675  xTaskGetSchedulerState             
000016c1  xTaskPriorityInherit               
0000179b  xTaskPriorityDisinherit            
00001879  vTaskPriorityDisinheritAfterTimeout
000019cd  vTaskList                          
00001adf  uxTaskResetEventItemValue          
00001b01  pvTaskIncrementMutexHeldCount      
00001b19  ulTaskNotifyTake                   
00001b8f  xTaskNotifyWait                    
00001c45  xTaskGenericNotify                 
00001d85  xTaskGenericNotifyFromISR          
00001ee5  vTaskNotifyGiveFromISR             
00001fcd  xTaskNotifyStateClear              
000020c5  xQueueGenericReset                 
00002179  xQueueGenericCreate                
00002251  xQueueCreateMutex                  
0000227d  xQueueCreateCountingSemaphore      
000022d9  xQueueGenericSend                  
0000248d  xQueueGenericSendFromISR           
00002595  xQueueGiveFromISR                  
00002685  xQueueReceive                      
000027fd  xQueueSemaphoreTake                
000029cd  xQueuePeek                         
00002b4b  xQueueReceiveFromISR               
00002c23  xQueuePeekFromISR                  
00002ccf  uxQueueMessagesWaiting             
00002cfd  uxQueueSpacesAvailable             
00002d31  uxQueueMessagesWaitingFromISR      
00002d5b  vQueueDelete                       
00002d85  uxQueueGetQueueNumber              
00002d93  vQueueSetQueueNumber               
00002da5  ucQueueGetQueueType                
00002f9f  xQueueIsQueueEmptyFromISR          
00002ff9  xQueueIsQueueFullFromISR           
00003033  vQueueAddToRegistry                
00003075  pcQueueGetName                     
000030b5  vQueueUnregisterQueue              
000030f9  vQueueWaitForMessageRestricted     
0000321d  SysCtlSRAMSizeGet                  
00003227  SysCtlFlashSizeGet                 
00003253  SysCtlFlashSectorSizeGet           
00003279  SysCtlPeripheralPresent            
000032b9  SysCtlPeripheralReady              
000032f9  SysCtlPeripheralPowerOn            
00003335  SysCtlPeripheralPowerOff           
00003371  SysCtlPeripheralReset              
000033f9  SysCtlPeripheralEnable             
00003435  SysCtlPeripheralDisable            
00003479  SysCtlPeripheralSleepEnable        
000034bd  SysCtlPeripheralSleepDisable       
000034f9  SysCtlPeripheralDeepSleepEnable    
00003549  SysCtlPeripheralDeepSleepDisable   
00003591  SysCtlPeripheralClockGating        
000035e5  SysCtlIntRegister                  
000035fd  SysCtlIntUnregister                
0000360d  SysCtlIntEnable                    
00003621  SysCtlIntDisable                   
00003639  SysCtlIntClear                     
00003649  SysCtlIntStatus                    
00003665  SysCtlLDOSleepSet                  
00003675  SysCtlLDOSleepGet                  
0000367b  SysCtlLDODeepSleepSet              
0000368b  SysCtlLDODeepSleepGet              
00003691  SysCtlSleepPowerSet                
000036a5  SysCtlDeepSleepPowerSet            
000036b5  SysCtlReset                        
000036bd  SysCtlSleep                        
000036c5  SysCtlDeepSleep                    
000036e1  SysCtlResetCauseGet                
000036e7  SysCtlResetCauseClear              
000036fb  SysCtlMOSCConfigSet                
00003711  SysCtlPIOSCCalibrate               
00003761  SysCtlResetBehaviorSet             
00003771  SysCtlResetBehaviorGet             
000037c5  SysCtlClockFreqSet                 
00003add  SysCtlClockSet                     
00003ca9  SysCtlClockGet                     
00003e57  SysCtlDeepSleepClockSet            
00003e75  SysCtlDeepSleepClockConfigSet      
00003eff  SysCtlPWMClockSet                  
00003f19  SysCtlPWMClockGet                  
00003f2f  SysCtlGPIOAHBEnable                
00003f4b  SysCtlGPIOAHBDisable               
00003f67  SysCtlUSBPLLEnable                 
00003f79  SysCtlUSBPLLDisable                
00003f89  SysCtlVoltageEventConfig           
00003f99  SysCtlVoltageEventStatus           
00003fa5  SysCtlVoltageEventClear            
00003fb9  SysCtlNMIStatus                    
00003fbf  SysCtlNMIClear                     
00003fd3  SysCtlClockOutConfig               
00003fef  SysCtlAltClkConfig                 
000040af  GPIODirModeSet                     
0000410b  GPIODirModeGet                     
00004157  GPIOIntTypeSet                     
000041fb  GPIOIntTypeGet                     
00004291  GPIOPadConfigSet                   
000044cb  GPIOPadConfigGet                   
0000461d  GPIOIntEnable                      
00004637  GPIOIntDisable                     
00004651  GPIOIntStatus                      
00004673  GPIOIntClear                       
00004687  GPIOIntRegister                    
000046a5  GPIOIntUnregister                  
000046bf  GPIOPinRead                        
000046d7  GPIOPinWrite                       
000046f7  GPIOPinTypeADC                     
0000471b  GPIOPinTypeCAN                     
0000473f  GPIOPinTypeComparator              
00004763  GPIOPinTypeEPI                     
00004787  GPIOPinTypeEthernetLED             
000047ab  GPIOPinTypeEthernetMII             
000047cf  GPIOPinTypeGPIOInput               
000047f3  GPIOPinTypeGPIOOutput              
00004817  GPIOPinTypeGPIOOutputOD            
0000483b  GPIOPinTypeI2C                     
0000485f  GPIOPinTypeI2CSCL                  
00004883  GPIOPinTypeLCD                     
000048a7  GPIOPinTypeLPC                     
000048cb  GPIOPinTypePECIRx                  
000048ef  GPIOPinTypePECITx                  
00004913  GPIOPinTypePWM                     
00004937  GPIOPinTypeQEI                     
0000495b  GPIOPinTypeSSI                     
0000497f  GPIOPinTypeTimer                   
000049a3  GPIOPinTypeUART                    
000049c7  GPIOPinTypeUSBAnalog               
000049eb  GPIOPinTypeUSBDigital              
00004a0f  GPIOPinTypeWakeHigh                
00004a35  GPIOPinTypeWakeLow                 
00004a5b  GPIOPinTypeKBRow                   
00004a7f  GPIOPinTypeKBColumn                
00004aa3  GPIOPinTypeLEDSeq                  
00004ac7  GPIOPinTypeCIR                     
00004aeb  GPIOPinWakeStatus                  
00004afb  GPIOPinConfigure                   
00004b59  GPIODMATriggerEnable               
00004b77  GPIODMATriggerDisable              
00004b95  GPIOADCTriggerEnable               
00004bb3  GPIOADCTriggerDisable              
00004bd9  __TI_printfi                       
00005627  _nop                               
00005629  xTimerCreateTimerTask              
00005667  xTimerCreate                       
00005709  xTimerGenericCommand               
00005789  xTimerGetTimerDaemonTaskHandle     
000057ab  xTimerGetPeriod                    
000057d1  vTimerSetReloadMode                
0000581b  xTimerGetExpiryTime                
00005845  pcTimerGetName                     
00005d01  xTimerIsTimerActive                
00005d3d  pvTimerGetTimerID                  
00005d6b  vTimerSetTimerID                   
00005d99  xTimerPendFunctionCallFromISR      
00005dcf  xTimerPendFunctionCall             
00005e1b  uxTimerGetTimerNumber              
00005e29  vTimerSetTimerNumber               
00005eb3  ADCIntRegister                     
00005edb  ADCIntUnregister                   
00005ef9  ADCIntDisable                      
00005f15  ADCIntEnable                       
00005f3b  ADCIntStatus                       
00005f93  ADCIntClear                        
00005fa9  ADCSequenceEnable                  
00005fc3  ADCSequenceDisable                 
00005fdd  ADCSequenceConfigure               
00006061  ADCSequenceStepConfigure           
00006155  ADCSequenceOverflow                
0000616d  ADCSequenceOverflowClear           
00006183  ADCSequenceUnderflow               
0000619b  ADCSequenceUnderflowClear          
000061b1  ADCSequenceDataGet                 
000061f3  ADCProcessorTrigger                
00006217  ADCSoftwareOversampleConfigure     
0000624f  ADCSoftwareOversampleStepConfigure 
0000630f  ADCSoftwareOversampleDataGet       
0000637d  ADCHardwareOversampleConfigure     
000063af  ADCComparatorConfigure             
000063cb  ADCComparatorRegionSet             
000063ef  ADCComparatorReset                 
00006435  ADCComparatorIntDisable            
00006453  ADCComparatorIntEnable             
00006471  ADCComparatorIntStatus             
0000647f  ADCComparatorIntClear              
00006491  ADCIntDisableEx                    
000064a9  ADCIntEnableEx                     
000064c5  ADCIntStatusEx                     
000064f7  ADCIntClearEx                      
0000650f  ADCReferenceSet                    
0000652b  ADCReferenceGet                    
0000653d  ADCPhaseDelaySet                   
0000654f  ADCPhaseDelayGet                   
0000655d  ADCSequenceDMAEnable               
00006579  ADCSequenceDMADisable              
00006595  ADCBusy                            
000065b3  ADCClockConfigSet                  
000065dd  ADCClockConfigGet                  
0000661b  __aeabi_idiv0                      
0000661b  __aeabi_ldiv0                      
0000667b  I2CMasterInitExpClk                
000066ed  I2CSlaveInit                       
00006707  I2CSlaveAddressSet                 
00006745  I2CMasterEnable                    
0000675b  I2CSlaveEnable                     
00006779  I2CMasterDisable                   
0000678f  I2CSlaveDisable                    
000067ad  I2CIntRegister                     
000067cb  I2CIntUnregister                   
000067e5  I2CMasterIntEnable                 
000067f5  I2CMasterIntEnableEx               
0000680d  I2CSlaveIntEnable                  
00006825  I2CSlaveIntEnableEx                
0000683f  I2CMasterIntDisable                
0000684f  I2CMasterIntDisableEx              
00006867  I2CSlaveIntDisable                 
0000687f  I2CSlaveIntDisableEx               
00006899  I2CMasterIntStatus                 
000068dd  I2CMasterIntStatusEx               
00006909  I2CSlaveIntStatus                  
00006951  I2CSlaveIntStatusEx                
00006973  I2CMasterIntClear                  
00006991  I2CMasterIntClearEx                
000069a3  I2CSlaveIntClear                   
000069b5  I2CSlaveIntClearEx                 
000069c9  I2CMasterSlaveAddrSet              
000069eb  I2CMasterLineStateGet              
000069f9  I2CMasterBusy                      
00006a11  I2CMasterBusBusy                   
00006a29  I2CMasterControl                   
00006a3b  I2CMasterErr                       
00006a67  I2CMasterDataPut                   
00006a7d  I2CMasterDataGet                   
00006a8b  I2CMasterTimeoutSet                
00006a9d  I2CSlaveACKOverride                
00006acf  I2CSlaveACKValueSet                
00006b01  I2CSlaveStatus                     
00006b11  I2CSlaveDataPut                    
00006b29  I2CSlaveDataGet                    
00006b39  I2CTxFIFOConfigSet                 
00006b61  I2CTxFIFOFlush                     
00006b79  I2CRxFIFOConfigSet                 
00006ba1  I2CRxFIFOFlush                     
00006bb9  I2CFIFOStatus                      
00006bc9  I2CFIFODataPut                     
00006beb  I2CFIFODataPutNonBlocking          
00006c13  I2CFIFODataGet                     
00006c2d  I2CFIFODataGetNonBlocking          
00006c53  I2CMasterBurstLengthSet            
00006c69  I2CMasterBurstCountGet             
00006c77  I2CMasterGlitchFilterConfigSet     
00006c8f  I2CSlaveFIFOEnable                 
00006ca7  I2CSlaveFIFODisable                
00006d2b  TimerEnable                        
00006d49  TimerDisable                       
00006d67  TimerConfigure                     
00006de3  TimerControlLevel                  
00006e19  TimerControlTrigger                
00006e87  TimerControlEvent                  
00006eb1  TimerControlStall                  
00006ee7  TimerControlWaitOnTrigger          
00006f47  TimerRTCEnable                     
00006f5d  TimerRTCDisable                    
00006f73  TimerClockSourceSet                
00006f9d  TimerClockSourceGet                
00006fad  TimerPrescaleSet                   
00006fd7  TimerPrescaleGet                   
00006ff3  TimerPrescaleMatchSet              
00007021  TimerPrescaleMatchGet              
0000703d  TimerLoadSet                       
00007067  TimerLoadGet                       
00007083  TimerLoadSet64                     
0000709d  TimerLoadGet64                     
000070cf  TimerValueGet                      
000070eb  TimerValueGet64                    
0000711d  TimerMatchSet                      
00007147  TimerMatchGet                      
00007163  TimerMatchSet64                    
0000717d  TimerMatchGet64                    
000071af  TimerIntRegister                   
000071d7  TimerIntUnregister                 
000071f5  TimerIntEnable                     
0000720d  TimerIntDisable                    
00007225  TimerIntStatus                     
00007243  TimerIntClear                      
00007255  TimerSynchronize                   
00007267  TimerADCEventSet                   
00007279  TimerADCEventGet                   
00007287  TimerDMAEventSet                   
00007299  TimerDMAEventGet                   
000072a7  TimerUpdateMode                    
0000735b  UARTParityModeSet                  
00007377  UARTParityModeGet                  
00007389  UARTFIFOLevelSet                   
000073a1  UARTFIFOLevelGet                   
000073c9  UARTConfigSetExpClk                
0000743f  UARTConfigGetExpClk                
0000748b  UARTEnable                         
000074af  UARTDisable                        
000074d9  UARTFIFOEnable                     
000074ef  UARTFIFODisable                    
00007505  UARTEnableSIR                      
00007533  UARTDisableSIR                     
00007549  UARTSmartCardEnable                
0000757b  UARTSmartCardDisable               
00007591  UARTModemControlSet                
000075c9  UARTModemControlClear              
000075ed  UARTModemControlGet                
000075ff  UARTModemStatusGet                 
00007613  UARTFlowControlSet                 
0000762f  UARTFlowControlGet                 
00007641  UARTTxIntModeSet                   
0000765d  UARTTxIntModeGet                   
0000766f  UARTCharsAvail                     
0000768d  UARTSpaceAvail                     
000076ab  UARTCharGetNonBlocking             
000076c7  UARTCharGet                        
000076dd  UARTCharPutNonBlocking             
00007701  UARTCharPut                        
0000771f  UARTBreakCtl                       
00007749  UARTBusy                           
00007767  UARTIntRegister                    
00007785  UARTIntUnregister                  
000077a5  UARTIntEnable                      
000077bd  UARTIntDisable                     
000077d5  UARTIntStatus                      
000077f3  UARTIntClear                       
00007805  UARTDMAEnable                      
0000781d  UARTDMADisable                     
00007835  UARTRxErrorGet                     
00007847  UARTRxErrorClear                   
00007857  UARTClockSourceSet                 
0000786b  UARTClockSourceGet                 
0000787b  UART9BitEnable                     
00007891  UART9BitDisable                    
000078a7  UART9BitAddrSet                    
000078cd  UART9BitAddrSend                   
00007915  xEventGroupCreate                  
00007935  xEventGroupSync                    
00007a67  xEventGroupWaitBits                
00007bc7  xEventGroupClearBits               
00007c25  xEventGroupClearBitsFromISR        
00007c3d  xEventGroupGetBitsFromISR          
00007c71  xEventGroupSetBits                 
00007d6b  vEventGroupDelete                  
00007dc1  vEventGroupSetBitsCallback         
00007dd1  vEventGroupClearBitsCallback       
00007e17  xEventGroupSetBitsFromISR          
00007e37  uxEventGroupGetNumber              
00007e57  vEventGroupSetNumber               
00007e71  init_i2c                           
00007efb  add_i2c_msg                        
00007f85  i2c_task                           
000083ad  UARTStdioConfig                    
000083f3  UARTwrite                          
00008443  UARTgets                           
000084fd  UARTgetc                           
00008525  UARTvprintf                        
0000881f  UARTprintf                         
00008855  init_drumpad                       
00008897  process_drumpad                    
00008c8d  slope_drawpage                     
00008c8f  slope_drawdata                     
00008c91  slope_drawinput                    
00008cf1  init_console                       
00008d01  add_page                           
00008dbd  is_on_screen                       
00008fd5  console_task                       
00009187  IntMasterEnable                    
00009197  IntMasterDisable                   
000091a7  IntRegister                        
000091f9  IntUnregister                      
0000920d  IntPriorityGroupingSet             
00009227  IntPriorityGroupingGet             
0000925f  IntPrioritySet                     
000092af  IntPriorityGet                     
000092d3  IntEnable                          
00009345  IntDisable                         
000093b7  IntIsEnabled                       
0000943d  IntPendSet                         
000094ad  IntPendClear                       
000094fb  IntPriorityMaskSet                 
00009507  IntPriorityMaskGet                 
0000950f  IntTrigger                         
00009545  init_adc                           
000096e5  get_adc_config                     
00009729  get_adc_val                        
0000975d  get_adc_struct                     
00009767  ADCSeq0Handler                     
000097c1  ADCSeq1Handler                     
00009815  adc_task                           
000098f1  pxPortInitialiseStack              
0000997d  xPortStartScheduler                
00009a11  vPortEndScheduler                  
00009a35  vPortEnterCritical                 
00009a77  vPortExitCritical                  
00009aa3  xPortSysTickHandler                
00009ac9  vPortSetupTimerInterrupt           
00009ae5  vPortValidateInterruptPriority     
00009ded  create_error                       
00009e4d  set_error                          
00009e5f  init_logger                        
00009e8b  logger_drawpage                    
00009ec5  logger_drawdata                    
00009f75  logger_drawinput                   
0000a01d  main                               
0000a3d1  pvPortMalloc                       
0000a4d1  vPortFree                          
0000a52f  xPortGetFreeHeapSize               
0000a535  vPortInitialiseBlocks              
0000a591  __aeabi_dsub                       
0000a59b  __aeabi_dadd                       
0000a749  init_host_uart                     
0000a7c3  host_uart_task                     
0000a877  send_to_host                       
0000a893  send_to_host_from_isr              
0000a8af  uartmsg_drawpage                   
0000a8b1  uartmsg_drawdata                   
0000a8b3  uartmsg_drawinput                  
0000a8fd  init_gpis                          
0000a9e1  get_gpi_config                     
0000aa25  read_gpi                           
0000aa43  get_gpi_struct                     
0000aa89  control_drawpage                   
0000ab3f  control_drawdata                   
0000abbf  control_drawinput                  
0000ac01  init_gpos                          
0000ac83  get_gpo_config                     
0000acc7  set_gpo                            
0000acf3  get_gpo                            
0000ae81  __aeabi_ddiv                       
0000afb9  homepage_drawpage                  
0000b00b  homepage_drawdata                  
0000b00d  homepage_drawinput                 
0000b0e9  vListInitialise                    
0000b119  vListInitialiseItem                
0000b129  vListInsertEnd                     
0000b165  vListInsert                        
0000b1cb  uxListRemove                       
0000b339  fputs                              
0000b44d  ldexp                              
0000b44d  ldexpl                             
0000b44d  scalbn                             
0000b44d  scalbnl                            
0000b55d  aligned_alloc                      
0000b55d  memalign                           
0000b65d  __aeabi_dmul                       
0000b759  get_char                           
0000b7c1  init_console_uart                  
0000b849  free                               
0000b92d  setvbuf                            
0000ba19  ulPortGetIPSR                      
0000ba31  xPortPendSVHandler                 
0000ba91  vPortSVCHandler                    
0000bab1  vPortStartFirstTask                
0000bad5  vPortEnableVFP                     
0000bae5  set_text_mode                      
0000baf3  text_color                         
0000bb01  bold_text_color                    
0000bb0f  bgd_color                          
0000bb1d  cursor_pos                         
0000bb2f  save_cursor_pos                    
0000bb39  restore_cursor_pos                 
0000bb43  clear_terminal                     
0000bb4d  clear_line                         
0000bb57  clear_in_line                      
0000bb61  clear_below_line                   
0000bbb9  FPUEnable                          
0000bbcb  FPUDisable                         
0000bbd9  FPUStackingEnable                  
0000bbeb  FPULazyStackingEnable              
0000bbf7  FPUStackingDisable                 
0000bc03  FPUHalfPrecisionModeSet            
0000bc1d  FPUNaNModeSet                      
0000bc37  FPUFlushToZeroModeSet              
0000bc51  FPURoundingModeSet                 
0000bd2b  __aeabi_memcpy                     
0000bd2b  __aeabi_memcpy4                    
0000bd2b  __aeabi_memcpy8                    
0000bd2b  memcpy                             
0000bdc7  __aeabi_uldivmod                   
0000be5d  __aeabi_cdcmpeq                    
0000be5d  __aeabi_cdcmple                    
0000bee3  __aeabi_cdrcmple                   
0000bf69  fflush                             
0000bfe5  __aeabi_memclr                     
0000bfe5  __aeabi_memclr4                    
0000bfe5  __aeabi_memclr8                    
0000bfe7  __aeabi_memset                     
0000bfe7  __aeabi_memset4                    
0000bfe7  __aeabi_memset8                    
0000bfed  memset                             
0000c061  __TI_closefile                     
0000c1b5  HOSTrename                         
0000c221  HOSTlseek                          
0000c289  __TI_decompress_lzss               
0000c2f1  frexp                              
0000c2f1  frexpl                             
0000c355  fseek                              
0000c3b9  __TI_wrt_ok                        
0000c41d  HOSTopen                           
0000c47d  close                              
0000c4d9  HOSTread                           
0000c531  HOSTwrite                          
0000c5df  __TI_ltoa                          
0000c685  __TI_doflush                       
0000c6d1  atoi                               
0000c71d  taskmanager_drawpage               
0000c755  taskmanager_drawdata               
0000c757  taskmanager_drawinput              
0000c769  exit                               
0000c7b1  __aeabi_d2iz                       
0000c7f9  HOSTclose                          
0000c83d  HOSTunlink                         
0000c881  __TI_auto_init_nobinit_nopinit     
0000c8c5  getdevice                          
0000c909  __aeabi_uidiv                      
0000c909  __aeabi_uidivmod                   
0000c949  sprintf                            
0000c9c7  CPUcpsid                           
0000c9d3  CPUprimask                         
0000c9dd  CPUcpsie                           
0000c9e9  CPUwfi                             
0000c9ed  CPUbasepriSet                      
0000c9fb  CPUbasepriGet                      
0000ca05  __TI_writemsg                      
0000ca33  C$$IO$$                            
0000ca3d  __aeabi_f2d                        
0000ca75  strncpy                            
0000caad  __TI_cleanup                       
0000cae1  __TI_readmsg                       
0000cb15  _c_int00_noargs                    
0000cb49  finddevice                         
0000cb79  __aeabi_i2d                        
0000cba9  remove                             
0000cba9  unlink                             
0000cbd5  vApplicationMallocFailedHook       
0000cbe5  vApplicationIdleHook               
0000cbe7  vApplicationStackOverflowHook      
0000cc29  lseek                              
0000cc51  write                              
0000cc79  memchr                             
0000cc99  _abort_msg                         
0000ccd1  memccpy                            
0000cced  copysign                           
0000cced  copysignl                          
0000cd1f  strcmp                             
0000cd37  strchr                             
0000cd4d  strcpy                             
0000cd61  strlen                             
0000cd75  wcslen                             
0000cd87  __TI_decompress_none               
0000cd95  __TI_zero_init                     
0000cda1  ResetISR                           
0000cdb9  __aeabi_errno_addr                 
0000cdc1  malloc                             
0000cdc9  SysCtlDelay                        
0000cdcf  _system_pre_init                   
0000cdd3  C$$EXIT                            
0000cdd3  abort                              
0000cef8  _ctypes_                           
0000d60c  gpo_info                           
0000d614  ulMaxSyscallInterruptPriority      
0000d7b0  __TI_Handler_Table_Base            
0000d7bc  __TI_Handler_Table_Limit           
0000d7d0  __TI_CINIT_Base                    
0000d7e8  __TI_CINIT_Limit                   
20000000  __start___llvm_prf_cnts            
20000000  __stop___llvm_prf_cnts             
20000000  g_pfnRAMVectors                    
2000026c  ucHeap                             
200067fc  __CIOBUF_                          
20006a0c  pad_states                         
20006afc  __TI_tmpnams                       
20006c00  xQueueRegistry                     
20006d40  adc_info                           
20006d48  gpis_info                          
20006d50  parmbuf                            
20006d68  addr_ack_err                       
20006d6c  arb_lost_err                       
20006d70  blue_debug                         
20006d74  clk_tout_err                       
20006d78  data_ack_err                       
20006d7c  green_debug                        
20006d80  red_debug                          
20006d84  _ftable                            
20006f1c  _device                            
20006f94  _stream                            
20006fe4  pxCurrentTCB                       
20007248  __TI_ft_end                        
2000724c  __aeabi_stdin                      
20007250  __aeabi_stdout                     
20007254  __aeabi_stderr                     
20007258  __TI_cleanup_ptr                   
2000725c  __TI_dtors_ptr                     
20007260  __TI_enable_exit_profile_output    
20007288  _lock                              
2000728c  _unlock                            
20007298  adc_pin_struct                     
200072a0  gpi_info                           
200072b0  i2c_msg_queue                      
200072cc  errno                              
200072d0  __stack                            
200074d0  __STACK_END                        
200074d0  __STACK_TOP                        
200074d0  _sys_memory                        
ffffffff  __TI_pprof_out_hndl                
ffffffff  __TI_prof_data_size                
ffffffff  __TI_prof_data_start               
ffffffff  __binit__                          
ffffffff  __c_args__                         
ffffffff  binit                              
UNDEFED   __mpu_init                         
UNDEFED   _system_post_cinit                 

[652 symbols]
