******************************************************************************
                  TI ARM Linker PC v20.2.2                     
******************************************************************************
>> Linked Tue Apr 20 15:05:11 2021

OUTPUT FILE NAME:   <drum_pad.out>
ENTRY POINT SYMBOL: "_c_int00_noargs"  address: 000146d5


MEMORY CONFIGURATION

         name            origin    length      used     unused   attr    fill
----------------------  --------  ---------  --------  --------  ----  --------
  FLASH                 00000000   00040000  0001595f  0002a6a1  R  X
  SRAM                  20000000   00008000  00005f7c  00002084  RW X


SEGMENT ALLOCATION MAP

run origin  load origin   length   init length attrs members
----------  ----------- ---------- ----------- ----- -------
00000000    00000000    00015968   00015968    r-x
  00000000    00000000    0000026c   0000026c    r-- .intvecs
  0000026c    0000026c    00014882   00014882    r-x .text
  00014af0    00014af0    00000ad9   00000ad9    r-- .const
  000155d0    000155d0    00000398   00000398    r-- .cinit
20000000    20000000    00005f80   00000000    rw-
  20000000    20000000    0000026c   00000000    rw- .vtable
  2000026c    2000026c    00004d98   00000000    rw- .bss
  20005004    20005004    00000b68   00000000    rw- .data
  20005b70    20005b70    00000400   00000000    rw- .stack
  20005f70    20005f70    00000010   00000000    rw- .sysmem


SECTION ALLOCATION MAP

 output                                  attributes/
section   page    origin      length       input sections
--------  ----  ----------  ----------   ----------------
.intvecs   0    00000000    0000026c     
                  00000000    0000026c     tm4c123gh6pm_startup_ccs.obj (.intvecs)

.text      0    0000026c    00014882     
                  0000026c    00001ddc     tasks.obj (.text)
                  00002048    000015ba     usb.obj (.text)
                  00003602    00000002     rtsv7M4_T_le_v4SPD16_eabi.lib : _lock.c.obj (.text:_nop)
                  00003604    000011f4     usbdenum.obj (.text)
                  000047f8    00000fa8     queue.obj (.text)
                  000057a0    00000ef4     sysctl.obj (.text)
                  00006694    00000e64     usbdma.obj (.text)
                  000074f8    00000d10     usbdhid.obj (.text)
                  00008208    00000b88     gpio.obj (.text)
                  00008d90    00000a4e     rtsv7M4_T_le_v4SPD16_eabi.lib : _printfi.c.obj (.text:__TI_printfi)
                  000097de    00000002                                   : div0.asm.obj (.text)
                  000097e0    000007c2     adc.obj (.text)
                  00009fa2    00000002     --HOLE-- [fill = 0]
                  00009fa4    0000069c     i2c.obj (.text)
                  0000a640    00000650     drum_pad_functions.obj (.text)
                  0000ac90    00000642     timer.obj (.text)
                  0000b2d2    00000002     --HOLE-- [fill = 0]
                  0000b2d4    00000618     uart.obj (.text)
                  0000b8ec    00000564     I2C_task.obj (.text)
                  0000be50    000004e0     udma.obj (.text)
                  0000c330    000004a8     uartstdio.obj (.text)
                  0000c7d8    0000049c     usbmode.obj (.text)
                  0000cc74    00000494     console_task.obj (.text)
                  0000d108    00000458     ads1x15_task.obj (.text)
                  0000d560    00000444     ADC_task.obj (.text)
                  0000d9a4    000003f4     usblib.lib : usbhostenum.obj (.text:USBHostIntHandlerInternal)
                  0000dd98    000003c0     interrupt.obj (.text)
                  0000e158    00000388     usbdconfig.obj (.text)
                  0000e4e0    00000346     ssi.obj (.text)
                  0000e826    00000002     --HOLE-- [fill = 0]
                  0000e828    00000308     joystick_functions.obj (.text)
                  0000eb30    000002de     usbdcdesc.obj (.text)
                  0000ee0e    00000002     --HOLE-- [fill = 0]
                  0000ee10    000002dc     usbdhidgamepad.obj (.text)
                  0000f0ec    000002c8     looper_buttons_task.obj (.text)
                  0000f3b4    000002b4     rotary_enc_task.obj (.text)
                  0000f668    0000028c     port.obj (.text)
                  0000f8f4    00000270     rtsv7M4_T_le_v4SPD16_eabi.lib : _printfi.c.obj (.text:_pconv_a)
                  0000fb64    0000026c     midi_ctrl_board.obj (.text)
                  0000fdd0    00000228     logger.obj (.text)
                  0000fff8    000001ec     usb_hid_task.obj (.text)
                  000101e4    000001d2     usbdesc.obj (.text)
                  000103b6    00000002     --HOLE-- [fill = 0]
                  000103b8    000001d0     rtsv7M4_T_le_v4SPD16_eabi.lib : _printfi.c.obj (.text:_pconv_g)
                  00010588    000001d0     midi_knobs_functions.obj (.text)
                  00010758    000001cc     looper_board.obj (.text)
                  00010924    000001c0     heap_2.obj (.text)
                  00010ae4    000001b6     rtsv7M4_T_le_v4SPD16_eabi.lib : fd_add_t2.asm.obj (.text)
                  00010c9a    00000002     --HOLE-- [fill = 0]
                  00010c9c    000001ac     GPIs.obj (.text)
                  00010e48    00000190     usblib.lib : usbhostenum.obj (.text:ProcessUSBDeviceStateMachine)
                  00010fd8    00000178     control_page.obj (.text)
                  00011150    00000174     usblib.lib : usbhostenum.obj (.text:USBHCDInitInternal)
                  000112c4    00000174                : usbhhub.obj (.text:USBHHubMain)
                  00011438    00000168     GPOs.obj (.text)
                  000115a0    00000158     host_uart_task.obj (.text)
                  000116f8    00000144     midi_uart_functions.obj (.text)
                  0001183c    0000013c     rtsv7M4_T_le_v4SPD16_eabi.lib : _printfi.c.obj (.text:_pconv_e)
                  00011978    0000013c     looper_volume_functions.obj (.text)
                  00011ab4    00000136     rtsv7M4_T_le_v4SPD16_eabi.lib : fd_div_t2.asm.obj (.text)
                  00011bea    00000002     --HOLE-- [fill = 0]
                  00011bec    00000130     homepage.obj (.text)
                  00011d1c    0000012c     looper_effects.obj (.text)
                  00011e48    0000012a     list.obj (.text)
                  00011f72    00000002     --HOLE-- [fill = 0]
                  00011f74    00000124     rtsv7M4_T_le_v4SPD16_eabi.lib : _printfi.c.obj (.text:fcvt)
                  00012098    00000114                                   : fputs.c.obj (.text:fputs)
                  000121ac    00000114     midi_buttons_task.obj (.text)
                  000122c0    00000110     rtsv7M4_T_le_v4SPD16_eabi.lib : s_scalbn.c.obj (.text:scalbn)
                  000123d0    00000100     usblib.lib : usbhostenum.obj (.text:USBHCDEnumHandler)
                  000124d0    00000100     rtsv7M4_T_le_v4SPD16_eabi.lib : memory.c.obj (.text:aligned_alloc)
                  000125d0    000000fc     console_uart.obj (.text)
                  000126cc    000000fc     rtsv7M4_T_le_v4SPD16_eabi.lib : fd_mul_t2.asm.obj (.text)
                  000127c8    000000f0     usblib.lib : usbhostenum.obj (.text:USBHCDControlTransfer)
                  000128b8    000000f0                : usbhostenum.obj (.text:USBHCDInit)
                  000129a8    000000ec     usbtick.obj (.text)
                  00012a94    000000e4     rtsv7M4_T_le_v4SPD16_eabi.lib : memory.c.obj (.text:free)
                  00012b78    000000e0     usblib.lib : usbhostenum.obj (.text:USBHCDMain)
                  00012c58    000000dc     rtsv7M4_T_le_v4SPD16_eabi.lib : setvbuf.c.obj (.text:setvbuf)
                  00012d34    000000da     portasm.obj (.text)
                  00012e0e    00000002     --HOLE-- [fill = 0]
                  00012e10    000000d2     text_controls.obj (.text)
                  00012ee2    000000c8     usbulpi.obj (.text)
                  00012faa    00000002     --HOLE-- [fill = 0]
                  00012fac    000000c0     fpu.obj (.text)
                  0001306c    000000b1     rtsv7M4_T_le_v4SPD16_eabi.lib : _printfi.c.obj (.text:_ltostr)
                  0001311d    00000003     --HOLE-- [fill = 0]
                  00013120    0000009c     usblib.lib : usbhostenum.obj (.text:USBHCDDeviceDisconnected)
                  000131bc    0000009c                : usbhostenum.obj (.text:USBHCDFeatureSet)
                  00013258    0000009c     rtsv7M4_T_le_v4SPD16_eabi.lib : memcpy_t2.asm.obj (.text)
                  000132f4    00000096                                   : ull_div_t2.asm.obj (.text)
                  0001338a    00000002     --HOLE-- [fill = 0]
                  0001338c    00000090     usblib.lib : usbhostenum.obj (.text:USBHCDOpenDriver)
                  0001341c    00000086     rtsv7M4_T_le_v4SPD16_eabi.lib : fd_cmp_t2.asm.obj (.text:__aeabi_cdcmple)
                  000134a2    00000086                                   : fd_cmp_t2.asm.obj (.text:__aeabi_cdrcmple)
                  00013528    0000007c     board_select.obj (.text)
                  000135a4    0000007c     rtsv7M4_T_le_v4SPD16_eabi.lib : fflush.c.obj (.text:fflush)
                  00013620    0000007a                                   : memset_t2.asm.obj (.text)
                  0001369a    00000074     usblib.lib : usbhostenum.obj (.text:USBHCDGetConfigDescriptor)
                  0001370e    00000002     --HOLE-- [fill = 0]
                  00013710    00000074     rtsv7M4_T_le_v4SPD16_eabi.lib : fclose.c.obj (.text:__TI_closefile)
                  00013784    00000074     main.obj (.text)
                  000137f8    00000070     rtsv7M4_T_le_v4SPD16_eabi.lib : memory.c.obj (.text:split)
                  00013868    0000006e                                   : _printfi.c.obj (.text:_mcpy)
                  000138d6    00000002     --HOLE-- [fill = 0]
                  000138d8    0000006c                                   : hostrename.c.obj (.text:HOSTrename)
                  00013944    00000068                                   : hostlseek.c.obj (.text:HOSTlseek)
                  000139ac    00000068                                   : copy_decompress_lzss.c.obj (.text:decompress:lzss:__TI_decompress_lzss)
                  00013a14    00000064     usblib.lib : usbhostenum.obj (.text:USBHostCheckPipes)
                  00013a78    00000064     rtsv7M4_T_le_v4SPD16_eabi.lib : s_frexp.c.obj (.text:frexp)
                  00013adc    00000064                                   : fseek.c.obj (.text:fseek)
                  00013b40    00000062                                   : _io_perm.c.obj (.text:__TI_wrt_ok)
                  00013ba2    00000002     --HOLE-- [fill = 0]
                  00013ba4    00000060                                   : hostopen.c.obj (.text:HOSTopen)
                  00013c04    0000005c     usblib.lib : usbhostenum.obj (.text:ConfigDescAlloc)
                  00013c60    0000005c                : usbhostenum.obj (.text:USBHCDGetDeviceDescriptor)
                  00013cbc    0000005c     rtsv7M4_T_le_v4SPD16_eabi.lib : close.c.obj (.text:close)
                  00013d18    00000058                                   : hostread.c.obj (.text:HOSTread)
                  00013d70    00000058                                   : hostwrite.c.obj (.text:HOSTwrite)
                  00013dc8    00000058     usblib.lib : usbhostenum.obj (.text:USBHCDEP0StateTx)
                  00013e20    00000058                : usbhostenum.obj (.text:USBHCDHubDeviceConnected)
                  00013e78    00000056     rtsv7M4_T_le_v4SPD16_eabi.lib : _printfi.c.obj (.text:_pconv_f)
                  00013ece    00000054                                   : _ltoa.c.obj (.text:__TI_ltoa)
                  00013f22    00000052                                   : _printfi.c.obj (.text:_ecpy)
                  00013f74    00000050     usblib.lib : usbhhub.obj (.text:HubGetPortStatus)
                  00013fc4    0000004c                : usbhhub.obj (.text:HubDriverDeviceDisconnect)
                  00014010    0000004c                : usbhostenum.obj (.text:USBHCDPowerConfigSet)
                  0001405c    0000004c     rtsv7M4_T_le_v4SPD16_eabi.lib : fflush.c.obj (.text:__TI_doflush)
                  000140a8    0000004c                                   : atoi.c.obj (.text:atoi)
                  000140f4    0000004c     task_manager_page.obj (.text)
                  00014140    00000048     usblib.lib : usbhostenum.obj (.text:USBHCDSetAddress)
                  00014188    00000048                : usbhhub.obj (.text:USBHHubInit)
                  000141d0    00000048     rtsv7M4_T_le_v4SPD16_eabi.lib : exit.c.obj (.text:exit)
                  00014218    00000048                                   : fd_toi_t2.asm.obj (.text)
                  00014260    00000044                                   : hostclose.c.obj (.text:HOSTclose)
                  000142a4    00000044                                   : hostunlink.c.obj (.text:HOSTunlink)
                  000142e8    00000044                                   : autoinit.c.obj (.text:__TI_auto_init_nobinit_nopinit:__TI_auto_init_nobinit_nopinit)
                  0001432c    00000044                                   : getdevice.c.obj (.text:getdevice)
                  00014370    00000044                                   : fd_tou_t2.asm.obj (.text)
                  000143b4    00000040                                   : u_divt2.asm.obj (.text)
                  000143f4    00000040                                   : sprintf.c.obj (.text:sprintf)
                  00014434    0000003e                                   : _printfi.c.obj (.text:_fcpy)
                  00014472    0000003e     cpu.obj (.text)
                  000144b0    0000003c     usblib.lib : usbhhub.obj (.text:HubDriverReset)
                  000144ec    00000038                : usbhostenum.obj (.text:USBHCDReset)
                  00014524    00000038     rtsv7M4_T_le_v4SPD16_eabi.lib : trgmsg.c.obj (.text:__TI_writemsg)
                  0001455c    00000038                                   : fs_tod_t2.asm.obj (.text)
                  00014594    00000036     usblib.lib : usbhhub.obj (.text:HubClearPortFeature)
                  000145ca    00000036                : usbhhub.obj (.text:HubSetPortFeature)
                  00014600    00000036     rtsv7M4_T_le_v4SPD16_eabi.lib : strncpy.c.obj (.text:strncpy)
                  00014636    00000034     usblib.lib : usbhostenum.obj (.text:USBHCDSetConfig)
                  0001466a    00000002     --HOLE-- [fill = 0]
                  0001466c    00000034     rtsv7M4_T_le_v4SPD16_eabi.lib : fopen.c.obj (.text:__TI_cleanup)
                  000146a0    00000034                                   : trgmsg.c.obj (.text:__TI_readmsg)
                  000146d4    00000034                                   : boot_cortex_m.c.obj (.text:_c_int00_noargs:_c_int00_noargs)
                  00014708    00000030                                   : getdevice.c.obj (.text:finddevice)
                  00014738    0000002e                                   : i_tofd_t2.asm.obj (.text)
                  00014766    00000002     --HOLE-- [fill = 0]
                  00014768    0000002c     usblib.lib : usbhostenum.obj (.text:ConfigDescFree)
                  00014794    0000002c                : usbhostenum.obj (.text:InternalUSBHCDSendEvent)
                  000147c0    0000002c     rtsv7M4_T_le_v4SPD16_eabi.lib : unlink.c.obj (.text:unlink)
                  000147ec    0000002a     hooks.obj (.text)
                  00014816    00000002     --HOLE-- [fill = 0]
                  00014818    00000028     rtsv7M4_T_le_v4SPD16_eabi.lib : memory.c.obj (.text:free_list_insert)
                  00014840    00000028                                   : lseek.c.obj (.text:lseek)
                  00014868    00000028                                   : write.c.obj (.text:write)
                  00014890    00000020     usblib.lib : usbhhub.obj (.text:HubDriverDeviceConnect)
                  000148b0    00000020                : usbhhub.obj (.text:HubDriverDeviceReset)
                  000148d0    00000020     rtsv7M4_T_le_v4SPD16_eabi.lib : memchr.c.obj (.text:memchr)
                  000148f0    00000020                                   : u_tofd_t2.asm.obj (.text)
                  00014910    0000001c                                   : assert.c.obj (.text:_abort_msg)
                  0001492c    0000001c                                   : memory.c.obj (.text:free_list_remove)
                  00014948    0000001c                                   : memccpy.c.obj (.text:memccpy)
                  00014964    0000001a                                   : s_copysign.c.obj (.text:copysign)
                  0001497e    00000002     --HOLE-- [fill = 0]
                  00014980    00000018     usblib.lib : usbhhub.obj (.text:USBHHubEnumerationComplete)
                  00014998    00000018                : usbhhub.obj (.text:USBHHubEnumerationError)
                  000149b0    00000018     rtsv7M4_T_le_v4SPD16_eabi.lib : sprintf.c.obj (.text:_outs)
                  000149c8    00000018                                   : strcmp.c.obj (.text:strcmp)
                  000149e0    00000018     usbdhandler.obj (.text)
                  000149f8    00000016     rtsv7M4_T_le_v4SPD16_eabi.lib : strchr.c.obj (.text:strchr)
                  00014a0e    00000002     --HOLE-- [fill = 0]
                  00014a10    00000014     usblib.lib : usbhostenum.obj (.text:USBHCDPowerAutomatic)
                  00014a24    00000014                : usbhhub.obj (.text:USBHubPortSpeedSet)
                  00014a38    00000014     rtsv7M4_T_le_v4SPD16_eabi.lib : strcpy.c.obj (.text:strcpy)
                  00014a4c    00000014                                   : strlen.c.obj (.text:strlen)
                  00014a60    00000012     usblib.lib : usbhostenum.obj (.text:SendUnknownConnect)
                  00014a72    00000012     rtsv7M4_T_le_v4SPD16_eabi.lib : wcslen.c.obj (.text:wcslen)
                  00014a84    0000000e                                   : copy_decompress_none.c.obj (.text:decompress:none:__TI_decompress_none)
                  00014a92    00000002     --HOLE-- [fill = 0]
                  00014a94    0000000c     usblib.lib : usbhostenum.obj (.text:USBHCDHubDeviceDisconnected)
                  00014aa0    0000000c                : usbhostenum.obj (.text:USBHCDPowerConfigGet)
                  00014aac    0000000c     rtsv7M4_T_le_v4SPD16_eabi.lib : copy_zero_init.c.obj (.text:decompress:ZI:__TI_zero_init)
                  00014ab8    0000000c     tm4c123gh6pm_startup_ccs.obj (.text)
                  00014ac4    0000000a     rtsv7M4_T_le_v4SPD16_eabi.lib : sprintf.c.obj (.text:_outc)
                  00014ace    00000002     --HOLE-- [fill = 0]
                  00014ad0    00000008                                   : errno.c.obj (.text:__aeabi_errno_addr)
                  00014ad8    00000008                                   : memory.c.obj (.text:malloc)
                  00014ae0    00000006     sysctl.obj (.text:SysCtlDelay)
                  00014ae6    00000004     rtsv7M4_T_le_v4SPD16_eabi.lib : pre_init.c.obj (.text:_system_pre_init)
                  00014aea    00000004                                   : exit.c.obj (.text:abort:abort)

.const     0    00014af0    00000ad9     
                  00014af0    00000120     sysctl.obj (.const:g_pppui32XTALtoVCO)
                  00014c10    00000101     rtsv7M4_T_le_v4SPD16_eabi.lib : ctype.c.obj (.const:.string:_ctypes_)
                  00014d11    00000003     ads1x15_task.obj (.const:.string:ADC0_SEL)
                  00014d14    000000c0     gpio.obj (.const:g_ppui32GPIOIntMapBlizzard)
                  00014dd4    000000c0     gpio.obj (.const:g_ppui32GPIOIntMapSnowflake)
                  00014e94    0000009c     interrupt.obj (.const:g_pui32Regs)
                  00014f30    00000090     gpio.obj (.const:g_pui32GPIOBaseAddrs)
                  00014fc0    00000080     GPIs.obj (.const:.string)
                  00015040    0000006c     sysctl.obj (.const:g_pui32Xtals)
                  000150ac    00000062     GPOs.obj (.const:.string)
                  0001510e    00000001     ads1x15_task.obj (.const)
                  0001510f    00000001     --HOLE-- [fill = 0]
                  00015110    00000060     ADC_task.obj (.const:.string)
                  00015170    00000060     timer.obj (.const:g_ppui32TimerIntMap)
                  000151d0    00000050     i2c.obj (.const:g_ppui32I2CIntMapSnowflake)
                  00015220    00000040     timer.obj (.const:g_ppui32TimerIntMapSnowflake)
                  00015260    00000040     uart.obj (.const:g_ppui32UARTIntMap)
                  000152a0    00000040     uart.obj (.const:g_ppui32UARTIntMapSnowflake)
                  000152e0    00000034     usb_structs.obj (.const:.string:g_pui8ConfigString)
                  00015314    00000034     usbdenum.obj (.const:g_psUSBDStdRequests)
                  00015348    00000030     i2c.obj (.const:g_ppui32I2CIntMap)
                  00015378    00000030     usbdhid.obj (.const:g_sHIDHandlers)
                  000153a8    00000030     sysctl.obj (.const:g_sXTALtoMEMTIM)
                  000153d8    0000002c     usb_structs.obj (.const:.string:g_pui8HIDInterfaceString)
                  00015404    00000022     usb_structs.obj (.const:.string:g_pui8ProductString)
                  00015426    00000020     usbdhidgamepad.obj (.const:.string:g_pui8GameReportDescriptor)
                  00015446    00000002     --HOLE-- [fill = 0]
                  00015448    00000020     ssi.obj (.const:g_ppui32SSIIntMap)
                  00015468    00000020     ssi.obj (.const:g_ppui32SSIIntMapSnowflake)
                  00015488    00000020     interrupt.obj (.const:g_pui32Priority)
                  000154a8    00000018     usb_structs.obj (.const:g_ppui8StringDescriptors)
                  000154c0    00000014     usb_structs.obj (.const:.string:g_pui8ManufacturerString)
                  000154d4    00000014     interrupt.obj (.const:g_pui32Dii16Regs)
                  000154e8    00000014     interrupt.obj (.const:g_pui32EnRegs)
                  000154fc    00000014     interrupt.obj (.const:g_pui32PendRegs)
                  00015510    00000014     interrupt.obj (.const:g_pui32UnpendRegs)
                  00015524    00000012     usb_structs.obj (.const:.string:g_pui8SerialNumberString)
                  00015536    00000002     --HOLE-- [fill = 0]
                  00015538    00000012     uartstdio.obj (.const:.string)
                  0001554a    00000002     --HOLE-- [fill = 0]
                  0001554c    00000010     drum_pad_functions.obj (.const)
                  0001555c    0000000c     uartstdio.obj (.const:g_ui32UARTBase)
                  00015568    0000000c     uartstdio.obj (.const:g_ui32UARTPeriph)
                  00015574    00000008     sysctl.obj (.const:g_pui32VCOFrequencies)
                  0001557c    00000008     usbdhidgamepad.obj (.const:g_sHIDConfigSection)
                  00015584    00000008     usbdhidgamepad.obj (.const:g_sHIDInEndpointSection)
                  0001558c    00000008     usbdhidgamepad.obj (.const:g_sHIDInterfaceSection)
                  00015594    00000008     GPOs.obj (.const:looper_gpo_info)
                  0001559c    00000008     GPOs.obj (.const:midi_gpo_info)
                  000155a4    00000008     port.obj (.const)
                  000155ac    00000007     usbdhidgamepad.obj (.const:.string:g_pui8HIDInEndpoint)
                  000155b3    00000004     usb_structs.obj (.const:.string:g_pui8LangDescriptor)
                  000155b7    00000001     --HOLE-- [fill = 0]
                  000155b8    00000004     usbdhidgamepad.obj (.const:g_ppsHIDConfigDescriptors)
                  000155bc    00000004     uartstdio.obj (.const)
                  000155c0    00000003     ads1x15_task.obj (.const:.string:ADC1_SEL)
                  000155c3    00000003     ads1x15_task.obj (.const:.string:ADC2_SEL)
                  000155c6    00000003     ads1x15_task.obj (.const:.string:ADC3_SEL)

.cinit     0    000155d0    00000398     
                  000155d0    00000360     (.cinit..data.load) [load image, compression = lzss]
                  00015930    0000000c     (__TI_handler_table)
                  0001593c    00000004     --HOLE-- [fill = 0]
                  00015940    00000008     (.cinit..bss.load) [load image, compression = zero_init]
                  00015948    00000008     (.cinit..vtable.load) [load image, compression = zero_init]
                  00015950    00000018     (__TI_cinit_table)

.init_array 
*          0    00000000    00000000     UNINITIALIZED

.vtable    0    20000000    0000026c     UNINITIALIZED
                  20000000    0000026c     interrupt.obj (.vtable)

.bss       0    2000026c    00004d98     UNINITIALIZED
                  2000026c    00003c00     (.common:ucHeap)
                  20003e6c    000006cc     usblib.lib : usbhostenum.obj (.bss:g_sUSBHCD)
                  20004538    00000190     task_manager_page.obj (.bss:write_buffer)
                  200046c8    00000120     rtsv7M4_T_le_v4SPD16_eabi.lib : trgmsg.c.obj (.bss:_CIOBUF_)
                  200047e8    00000110     usbdma.obj (.bss:g_psUSBDMAInst)
                  200048f8    000000f0     logger.obj (.bss:errors)
                  200049e8    000000f0     (.common:pad_states)
                  20004ad8    000000a0     (.common:__TI_tmpnams)
                  20004b78    0000009c     usblib.lib : usbhhub.obj (.bss:g_sRootHub)
                  20004c14    00000064     tasks.obj (.bss:pxReadyTasksLists)
                  20004c78    00000060     looper_buttons_task.obj (.bss:looper_pins)
                  20004cd8    00000050     (.common:g_psDCDInst)
                  20004d28    00000040     usbdenum.obj (.bss:g_pui8DataBufferIn)
                  20004d68    00000040     (.common:xQueueRegistry)
                  20004da8    00000030     looper_effects.obj (.bss:effects)
                  20004dd8    00000020     ADC_task.obj (.bss:adc00_step_values)
                  20004df8    00000020     looper_volume_functions.obj (.bss:last_value)
                  20004e18    00000018     usblib.lib : usbhostenum.obj (.bss:g_pi32USBHActiveDriver)
                  20004e30    00000018                : usbhostenum.obj (.bss:g_ppvDriverInstance)
                  20004e48    00000018     (.common:g_pfnTickHandlers)
                  20004e60    00000018     (.common:g_pvTickInstance)
                  20004e78    00000014     I2C_task.obj (.bss)
                  20004e8c    00000014     drum_pad_functions.obj (.bss:float_string)
                  20004ea0    00000014     tasks.obj (.bss:xDelayedTaskList1)
                  20004eb4    00000014     tasks.obj (.bss:xDelayedTaskList2)
                  20004ec8    00000014     tasks.obj (.bss:xPendingReadyList)
                  20004edc    00000014     tasks.obj (.bss:xSuspendedTaskList)
                  20004ef0    00000014     tasks.obj (.bss:xTasksWaitingTermination)
                  20004f04    00000010     ADC_task.obj (.bss:adc11_step_values)
                  20004f14    00000010     rotary_enc_task.obj (.bss)
                  20004f24    00000010     (.common:button_states)
                  20004f34    00000010     (.common:midi_knobs)
                  20004f44    0000000d     usb_hid_task.obj (.bss)
                  20004f51    00000003     usb_hid_task.obj (.bss:sReport)
                  20004f54    00000008     ADC_task.obj (.bss)
                  20004f5c    00000008     ads1x15_task.obj (.bss:adc0_data)
                  20004f64    00000008     ads1x15_task.obj (.bss:adc1_data)
                  20004f6c    00000008     usblib.lib : usbhostenum.obj (.bss:g_pui32Alloc)
                  20004f74    00000008     GPIs.obj (.bss:gpi_info)
                  20004f7c    00000008     host_uart_task.obj (.bss)
                  20004f84    00000008     tasks.obj (.bss)
                  20004f8c    00000008     usblib.lib : usbhhub.obj (.bss)
                  20004f94    00000008     heap_2.obj (.bss:xEnd)
                  20004f9c    00000008     heap_2.obj (.bss:xStart)
                  20004fa4    00000008     (.common:adc_info)
                  20004fac    00000008     (.common:gpis_info)
                  20004fb4    00000008     (.common:gpo_info)
                  20004fbc    00000008     (.common:parmbuf)
                  20004fc4    00000006     joystick_functions.obj (.bss:js_uart_msg)
                  20004fca    00000002     ads1x15_task.obj (.bss:joy_x_data)
                  20004fcc    00000004     console_uart.obj (.bss)
                  20004fd0    00000004     drum_pad_functions.obj (.bss)
                  20004fd4    00000004     adc.obj (.bss:g_pui8OversampleFactor)
                  20004fd8    00000004     midi_buttons_task.obj (.bss)
                  20004fdc    00000004     usbdenum.obj (.bss)
                  20004fe0    00000004     usblib.lib : usbhostenum.obj (.bss)
                  20004fe4    00000004     usbmode.obj (.bss)
                  20004fe8    00000004     (.common:blue_debug)
                  20004fec    00000004     (.common:g_ppsDevInfo)
                  20004ff0    00000004     (.common:g_ui32PollRate)
                  20004ff4    00000004     (.common:green_debug)
                  20004ff8    00000004     (.common:red_debug)
                  20004ffc    00000002     ads1x15_task.obj (.bss:joy_y_data)
                  20004ffe    00000002     ads1x15_task.obj (.bss:sense_data)
                  20005000    00000002     ads1x15_task.obj (.bss:volume_data)
                  20005002    00000001     board_select.obj (.bss)
                  20005003    00000001     (.common:g_eOTGModeState)

.data      0    20005004    00000b68     UNINITIALIZED
                  20005004    00000108     console_task.obj (.data:console_pages)
                  2000510c    000000f0     rtsv7M4_T_le_v4SPD16_eabi.lib : defs.c.obj (.data:_ftable)
                  200051fc    00000098     usb_structs.obj (.data:g_sGamepadDevice)
                  20005294    00000078     rtsv7M4_T_le_v4SPD16_eabi.lib : host_device.c.obj (.data:_device)
                  2000530c    00000050                                   : host_device.c.obj (.data:_stream)
                  2000535c    00000034     tasks.obj (.data)
                  20005390    00000030     ADC_task.obj (.data:adc_pins)
                  200053c0    0000002c     GPOs.obj (.data:looper_gpos)
                  200053ec    00000024     ADC_task.obj (.data:pad0)
                  20005410    00000024     ADC_task.obj (.data:pad10)
                  20005434    00000024     ADC_task.obj (.data:pad11)
                  20005458    00000024     ADC_task.obj (.data:pad1)
                  2000547c    00000024     ADC_task.obj (.data:pad2)
                  200054a0    00000024     ADC_task.obj (.data:pad3)
                  200054c4    00000024     ADC_task.obj (.data:pad4)
                  200054e8    00000024     ADC_task.obj (.data:pad5)
                  2000550c    00000024     ADC_task.obj (.data:pad6)
                  20005530    00000024     ADC_task.obj (.data:pad7)
                  20005554    00000024     ADC_task.obj (.data:pad8)
                  20005578    00000024     ADC_task.obj (.data:pad9)
                  2000559c    00000020     ads1x15_task.obj (.data:adc00_read)
                  200055bc    00000020     ads1x15_task.obj (.data:adc01_read)
                  200055dc    00000020     ads1x15_task.obj (.data:adc02_read)
                  200055fc    00000020     ads1x15_task.obj (.data:adc03_read)
                  2000561c    00000020     ads1x15_task.obj (.data:adc10_read)
                  2000563c    00000020     ads1x15_task.obj (.data:adc11_read)
                  2000565c    00000020     ads1x15_task.obj (.data:adc12_read)
                  2000567c    00000020     ads1x15_task.obj (.data:adc13_read)
                  2000569c    00000020     ads1x15_task.obj (.data:ads1015_adc00_sel)
                  200056bc    00000020     ads1x15_task.obj (.data:ads1015_adc01_sel)
                  200056dc    00000020     ads1x15_task.obj (.data:ads1015_adc02_sel)
                  200056fc    00000020     ads1x15_task.obj (.data:ads1015_adc03_sel)
                  2000571c    00000020     ads1x15_task.obj (.data:ads1015_adc10_sel)
                  2000573c    00000020     ads1x15_task.obj (.data:ads1015_adc11_sel)
                  2000575c    00000020     ads1x15_task.obj (.data:ads1015_adc12_sel)
                  2000577c    00000020     ads1x15_task.obj (.data:ads1015_adc13_sel)
                  2000579c    00000020     GPIs.obj (.data:looper_gpi_pins)
                  200057bc    0000001c     GPIs.obj (.data:midi_gpi_pins)
                  200057d8    00000018     usblib.lib : usbhostenum.obj (.data:g_sUSBHEP0State)
                  200057f0    00000014     GPOs.obj (.data:blue_led)
                  20005804    00000014     GPOs.obj (.data:blueled)
                  20005818    00000014     GPIs.obj (.data:enc_bit_0)
                  2000582c    00000014     GPIs.obj (.data:enc_bit_1)
                  20005840    00000014     GPIs.obj (.data:enc_bit_2)
                  20005854    00000014     GPIs.obj (.data:enc_bit_3)
                  20005868    00000014     GPOs.obj (.data:green_led)
                  2000587c    00000014     GPOs.obj (.data:greenled)
                  20005890    00000014     GPOs.obj (.data:led_0)
                  200058a4    00000014     GPOs.obj (.data:led_1)
                  200058b8    00000014     GPOs.obj (.data:led_2)
                  200058cc    00000014     GPOs.obj (.data:led_3)
                  200058e0    00000014     GPOs.obj (.data:led_4)
                  200058f4    00000014     GPOs.obj (.data:led_5)
                  20005908    00000014     GPOs.obj (.data:led_6)
                  2000591c    00000014     GPOs.obj (.data:led_7)
                  20005930    00000014     GPIs.obj (.data:loop_0)
                  20005944    00000014     GPIs.obj (.data:loop_1)
                  20005958    00000014     GPIs.obj (.data:loop_2)
                  2000596c    00000014     GPIs.obj (.data:loop_3)
                  20005980    00000014     GPIs.obj (.data:loop_4)
                  20005994    00000014     GPIs.obj (.data:loop_5)
                  200059a8    00000014     GPIs.obj (.data:loop_6)
                  200059bc    00000014     GPIs.obj (.data:loop_7)
                  200059d0    00000014     GPIs.obj (.data:octave_down)
                  200059e4    00000014     GPIs.obj (.data:octave_up)
                  200059f8    00000014     GPIs.obj (.data:pressure_sense)
                  20005a0c    00000014     GPOs.obj (.data:red_led)
                  20005a20    00000014     GPOs.obj (.data:redled)
                  20005a34    00000014     usblib.lib : usbhostenum.obj (.data)
                  20005a48    00000012     usbdhid.obj (.data:g_pui8HIDDeviceDescriptor)
                  20005a5a    00000002     joystick_functions.obj (.data)
                  20005a5c    00000011     console_task.obj (.data)
                  20005a6d    00000001     looper_buttons_task.obj (.data)
                  20005a6e    00000002     --HOLE--
                  20005a70    00000010     usbdhidgamepad.obj (.data:g_psHIDSections)
                  20005a80    00000010     rtsv7M4_T_le_v4SPD16_eabi.lib : defs.c.obj (.data)
                  20005a90    0000000c                                   : exit.c.obj (.data:$O1$$)
                  20005a9c    0000000c     GPOs.obj (.data:midi_gpos)
                  20005aa8    0000000c     port.obj (.data)
                  20005ab4    0000000c     usbtick.obj (.data)
                  20005ac0    00000009     usbdhidgamepad.obj (.data:g_pui8GameDescriptor)
                  20005ac9    00000009     usbdhidgamepad.obj (.data:g_pui8HIDInterface)
                  20005ad2    00000009     usbdhidgamepad.obj (.data:g_sGameHIDDescriptor)
                  20005adb    00000001     --HOLE--
                  20005adc    00000009     usbmode.obj (.data)
                  20005ae5    00000003     --HOLE--
                  20005ae8    00000008     rtsv7M4_T_le_v4SPD16_eabi.lib : _lock.c.obj (.data:$O1$$)
                  20005af0    00000008                                   : memory.c.obj (.data:$O1$$)
                  20005af8    00000008     ADC_task.obj (.data)
                  20005b00    00000008     ADC_task.obj (.data:adc_pin_struct)
                  20005b08    00000008     usbdhidgamepad.obj (.data:g_sHIDConfigHeader)
                  20005b10    00000008     usbdhidgamepad.obj (.data:g_sHIDDescriptorSection)
                  20005b18    00000008     heap_2.obj (.data)
                  20005b20    00000008     GPIs.obj (.data:looper_gpi_info)
                  20005b28    00000008     GPIs.obj (.data:midi_gpi_info)
                  20005b30    00000008     usbdenum.obj (.data)
                  20005b38    00000005     I2C_task.obj (.data)
                  20005b3d    00000003     --HOLE--
                  20005b40    00000005     uartstdio.obj (.data)
                  20005b45    00000003     --HOLE--
                  20005b48    00000004     usbdhidgamepad.obj (.data:g_ppui8GameClassDescriptors)
                  20005b4c    00000004     host_uart_task.obj (.data)
                  20005b50    00000004     logger.obj (.data)
                  20005b54    00000004     looper_board.obj (.data)
                  20005b58    00000004     midi_buttons_task.obj (.data)
                  20005b5c    00000004     midi_ctrl_board.obj (.data)
                  20005b60    00000004     rotary_enc_task.obj (.data)
                  20005b64    00000004     rtsv7M4_T_le_v4SPD16_eabi.lib : errno.c.obj (.data)
                  20005b68    00000004     usb_hid_task.obj (.data)

.stack     0    20005b70    00000400     UNINITIALIZED
                  20005b70    00000004     rtsv7M4_T_le_v4SPD16_eabi.lib : boot_cortex_m.c.obj (.stack)
                  20005b74    000003fc     --HOLE--

.sysmem    0    20005f70    00000010     UNINITIALIZED
                  20005f70    00000010     rtsv7M4_T_le_v4SPD16_eabi.lib : memory.c.obj (.sysmem)

__llvm_prf_cnts 
*          0    20000000    00000000     UNINITIALIZED

MODULE SUMMARY

       Module                         code    ro data   rw data
       ------                         ----    -------   -------
    .\
       ADC_task.obj                   1092    96        15912  
       drum_pad_functions.obj         1616    16        264    
       ads1x15_task.obj               1112    13        536    
       console_task.obj               1172    0         281    
       I2C_task.obj                   1380    0         25     
       GPIs.obj                       428     128       384    
       GPOs.obj                       360     114       344    
       looper_buttons_task.obj        712     0         97     
       logger.obj                     552     0         256    
       joystick_functions.obj         776     0         8      
       rotary_enc_task.obj            692     0         20     
       tm4c123gh6pm_startup_ccs.obj   12      620       0      
       midi_ctrl_board.obj            620     0         4      
       usb_hid_task.obj               492     0         20     
       midi_knobs_functions.obj       464     0         16     
       task_manager_page.obj          76      0         400    
       heap_2.obj                     448     0         24     
       looper_board.obj               460     0         4      
       control_page.obj               376     0         16     
       host_uart_task.obj             344     0         12     
       looper_effects.obj             300     0         48     
       looper_volume_functions.obj    316     0         32     
       usb_structs.obj                0       196       152    
       midi_uart_functions.obj        324     0         0      
       homepage.obj                   304     0         0      
       midi_buttons_task.obj          276     0         24     
       console_uart.obj               252     0         4      
       text_controls.obj              210     0         0      
       board_select.obj               124     0         1      
       main.obj                       116     0         0      
       hooks.obj                      42      0         0      
    +--+------------------------------+-------+---------+---------+
       Total:                         15448   1183      18884  
                                                               
    .\FreeRTOS\
       tasks.obj                      7644    0         260    
       queue.obj                      4008    0         64     
       list.obj                       298     0         0      
    +--+------------------------------+-------+---------+---------+
       Total:                         11950   0         324    
                                                               
    .\FreeRTOS\portable\CCS\ARM_CM4F\
       port.obj                       652     8         12     
       portasm.obj                    218     0         0      
    +--+------------------------------+-------+---------+---------+
       Total:                         870     8         12     
                                                               
    .\driverlib\
       usb.obj                        5562    0         0      
       sysctl.obj                     3834    452       0      
       gpio.obj                       2952    528       0      
       adc.obj                        1986    0         4      
       interrupt.obj                  960     268       620    
       i2c.obj                        1692    128       0      
       timer.obj                      1602    160       0      
       uart.obj                       1560    128       0      
       udma.obj                       1248    0         0      
       ssi.obj                        838     64        0      
       fpu.obj                        192     0         0      
       cpu.obj                        62      0         0      
    +--+------------------------------+-------+---------+---------+
       Total:                         22488   1728      624    
                                                               
    .\usb\
       usbdenum.obj                   4596    52        160    
       usbdma.obj                     3684    0         272    
       usbdhid.obj                    3344    48        18     
       usbmode.obj                    1180    0         18     
       usbdconfig.obj                 904     0         0      
       usbdhidgamepad.obj             732     67        63     
       usbdcdesc.obj                  734     0         0      
       usbdesc.obj                    466     0         0      
       usbtick.obj                    236     0         60     
       usbulpi.obj                    200     0         0      
       usbdhandler.obj                24      0         0      
    +--+------------------------------+-------+---------+---------+
       Total:                         16100   167       591    
                                                               
    .\utils\
       uartstdio.obj                  1192    46        5      
    +--+------------------------------+-------+---------+---------+
       Total:                         1192    46        5      
                                                               
    C:/ti/TivaWare_C_Series-2.2.0.295/usblib/ccs/Debug/usblib.lib
       usbhostenum.obj                4182    0         1844   
       usbhhub.obj                    900     0         164    
    +--+------------------------------+-------+---------+---------+
       Total:                         5082    0         2008   
                                                               
    C:\ti\ccs1020\ccs\tools\compiler\ti-cgt-arm_20.2.2.LTS\lib\rtsv7M4_T_le_v4SPD16_eabi.lib
       _printfi.c.obj                 4851    0         0      
       memory.c.obj                   672     0         8      
       fd_add_t2.asm.obj              438     0         0      
       defs.c.obj                     0       0         416    
       trgmsg.c.obj                   108     0         288    
       fd_div_t2.asm.obj              310     0         0      
       fputs.c.obj                    276     0         0      
       s_scalbn.c.obj                 272     0         0      
       fd_cmp_t2.asm.obj              268     0         0      
       ctype.c.obj                    0       257       0      
       fd_mul_t2.asm.obj              252     0         0      
       setvbuf.c.obj                  220     0         0      
       fflush.c.obj                   200     0         0      
       host_device.c.obj              0       0         200    
       memcpy_t2.asm.obj              156     0         0      
       ull_div_t2.asm.obj             150     0         0      
       memset_t2.asm.obj              122     0         0      
       fclose.c.obj                   116     0         0      
       getdevice.c.obj                116     0         0      
       hostrename.c.obj               108     0         0      
       copy_decompress_lzss.c.obj     104     0         0      
       hostlseek.c.obj                104     0         0      
       hostopen.c.obj                 96      0         8      
       fseek.c.obj                    100     0         0      
       s_frexp.c.obj                  100     0         0      
       _io_perm.c.obj                 98      0         0      
       sprintf.c.obj                  98      0         0      
       close.c.obj                    92      0         0      
       exit.c.obj                     76      0         12     
       hostread.c.obj                 88      0         0      
       hostwrite.c.obj                88      0         0      
       _ltoa.c.obj                    84      0         0      
       atoi.c.obj                     76      0         0      
       fd_toi_t2.asm.obj              72      0         0      
       autoinit.c.obj                 68      0         0      
       fd_tou_t2.asm.obj              68      0         0      
       hostclose.c.obj                68      0         0      
       hostunlink.c.obj               68      0         0      
       u_divt2.asm.obj                64      0         0      
       fs_tod_t2.asm.obj              56      0         0      
       strncpy.c.obj                  54      0         0      
       boot_cortex_m.c.obj            52      0         0      
       fopen.c.obj                    52      0         0      
       i_tofd_t2.asm.obj              46      0         0      
       unlink.c.obj                   44      0         0      
       lseek.c.obj                    40      0         0      
       write.c.obj                    40      0         0      
       memchr.c.obj                   32      0         0      
       u_tofd_t2.asm.obj              32      0         0      
       assert.c.obj                   28      0         0      
       memccpy.c.obj                  28      0         0      
       s_copysign.c.obj               26      0         0      
       strcmp.c.obj                   24      0         0      
       strchr.c.obj                   22      0         0      
       strcpy.c.obj                   20      0         0      
       strlen.c.obj                   20      0         0      
       wcslen.c.obj                   18      0         0      
       copy_decompress_none.c.obj     14      0         0      
       copy_zero_init.c.obj           12      0         0      
       errno.c.obj                    8       0         4      
       _lock.c.obj                    2       0         8      
       pre_init.c.obj                 4       0         0      
       div0.asm.obj                   2       0         0      
    +--+------------------------------+-------+---------+---------+
       Total:                         10923   257       944    
                                                               
       Heap:                          0       0         16     
       Stack:                         0       0         1024   
       Linker Generated:              0       916       0      
    +--+------------------------------+-------+---------+---------+
       Grand Total:                   84053   4305      24432  


LINKER GENERATED COPY TABLES

__TI_cinit_table @ 00015950 records: 3, size/record: 8, table size: 24
	.data: load addr=000155d0, load size=00000360 bytes, run addr=20005004, run size=00000b68 bytes, compression=lzss
	.bss: load addr=00015940, load size=00000008 bytes, run addr=2000026c, run size=00004d98 bytes, compression=zero_init
	.vtable: load addr=00015948, load size=00000008 bytes, run addr=20000000, run size=0000026c bytes, compression=zero_init


LINKER GENERATED HANDLER TABLE

__TI_handler_table @ 00015930 records: 3, size/record: 4, table size: 12
	index: 0, handler: __TI_zero_init
	index: 1, handler: __TI_decompress_lzss
	index: 2, handler: __TI_decompress_none


GLOBAL SYMBOLS: SORTED ALPHABETICALLY BY Name 

address   name                                 
-------   ----                                 
00009f1d  ADCBusy                              
00009f65  ADCClockConfigGet                    
00009f3b  ADCClockConfigSet                    
00009d37  ADCComparatorConfigure               
00009e07  ADCComparatorIntClear                
00009dbd  ADCComparatorIntDisable              
00009ddb  ADCComparatorIntEnable               
00009df9  ADCComparatorIntStatus               
00009d53  ADCComparatorRegionSet               
00009d77  ADCComparatorReset                   
00009d05  ADCHardwareOversampleConfigure       
0000991b  ADCIntClear                          
00009e7f  ADCIntClearEx                        
00009881  ADCIntDisable                        
00009e19  ADCIntDisableEx                      
0000989d  ADCIntEnable                         
00009e31  ADCIntEnableEx                       
0000983b  ADCIntRegister                       
000098c3  ADCIntStatus                         
00009e4d  ADCIntStatusEx                       
00009863  ADCIntUnregister                     
00009ed7  ADCPhaseDelayGet                     
00009ec5  ADCPhaseDelaySet                     
00009b7b  ADCProcessorTrigger                  
00009eb3  ADCReferenceGet                      
00009e97  ADCReferenceSet                      
0000d797  ADCSeq0Handler                       
0000d7d7  ADCSeq1Handler                       
00009965  ADCSequenceConfigure                 
00009f01  ADCSequenceDMADisable                
00009ee5  ADCSequenceDMAEnable                 
00009b39  ADCSequenceDataGet                   
0000994b  ADCSequenceDisable                   
00009931  ADCSequenceEnable                    
00009add  ADCSequenceOverflow                  
00009af5  ADCSequenceOverflowClear             
000099e9  ADCSequenceStepConfigure             
00009b0b  ADCSequenceUnderflow                 
00009b23  ADCSequenceUnderflowClear            
00009b9f  ADCSoftwareOversampleConfigure       
00009c97  ADCSoftwareOversampleDataGet         
00009bd7  ADCSoftwareOversampleStepConfigure   
00014aeb  C$$EXIT                              
00014553  C$$IO$$                              
000144a7  CPUbasepriGet                        
00014499  CPUbasepriSet                        
00014473  CPUcpsid                             
00014489  CPUcpsie                             
0001447f  CPUprimask                           
00014495  CPUwfi                               
00013c05  ConfigDescAlloc                      
00014769  ConfigDescFree                       
00012fbf  FPUDisable                           
00012fad  FPUEnable                            
0001302b  FPUFlushToZeroModeSet                
00012ff7  FPUHalfPrecisionModeSet              
00012fdf  FPULazyStackingEnable                
00013011  FPUNaNModeSet                        
00013045  FPURoundingModeSet                   
00012feb  FPUStackingDisable                   
00012fcd  FPUStackingEnable                    
00008d6b  GPIOADCTriggerDisable                
00008d4d  GPIOADCTriggerEnable                 
00008d2f  GPIODMATriggerDisable                
00008d11  GPIODMATriggerEnable                 
000082c3  GPIODirModeGet                       
00008267  GPIODirModeSet                       
0000882b  GPIOIntClear                         
000087ef  GPIOIntDisable                       
000087d5  GPIOIntEnable                        
0000883f  GPIOIntRegister                      
00008809  GPIOIntStatus                        
000083b3  GPIOIntTypeGet                       
0000830f  GPIOIntTypeSet                       
0000885d  GPIOIntUnregister                    
00008683  GPIOPadConfigGet                     
00008449  GPIOPadConfigSet                     
00008cb3  GPIOPinConfigure                     
00008877  GPIOPinRead                          
000088af  GPIOPinTypeADC                       
000088d3  GPIOPinTypeCAN                       
00008c7f  GPIOPinTypeCIR                       
000088f7  GPIOPinTypeComparator                
0000891b  GPIOPinTypeEPI                       
0000893f  GPIOPinTypeEthernetLED               
00008963  GPIOPinTypeEthernetMII               
00008987  GPIOPinTypeGPIOInput                 
000089ab  GPIOPinTypeGPIOOutput                
000089cf  GPIOPinTypeGPIOOutputOD              
000089f3  GPIOPinTypeI2C                       
00008a17  GPIOPinTypeI2CSCL                    
00008c37  GPIOPinTypeKBColumn                  
00008c13  GPIOPinTypeKBRow                     
00008a3b  GPIOPinTypeLCD                       
00008c5b  GPIOPinTypeLEDSeq                    
00008a5f  GPIOPinTypeLPC                       
00008a83  GPIOPinTypePECIRx                    
00008aa7  GPIOPinTypePECITx                    
00008acb  GPIOPinTypePWM                       
00008aef  GPIOPinTypeQEI                       
00008b13  GPIOPinTypeSSI                       
00008b37  GPIOPinTypeTimer                     
00008b5b  GPIOPinTypeUART                      
00008b7f  GPIOPinTypeUSBAnalog                 
00008ba3  GPIOPinTypeUSBDigital                
00008bc7  GPIOPinTypeWakeHigh                  
00008bed  GPIOPinTypeWakeLow                   
00008ca3  GPIOPinWakeStatus                    
0000888f  GPIOPinWrite                         
0000fff9  GamepadHandler                       
00014261  HOSTclose                            
00013945  HOSTlseek                            
00013ba5  HOSTopen                             
00013d19  HOSTread                             
000138d9  HOSTrename                           
000142a5  HOSTunlink                           
00013d71  HOSTwrite                            
0000a59b  I2CFIFODataGet                       
0000a5b5  I2CFIFODataGetNonBlocking            
0000a551  I2CFIFODataPut                       
0000a573  I2CFIFODataPutNonBlocking            
0000a541  I2CFIFOStatus                        
0000a135  I2CIntRegister                       
0000a153  I2CIntUnregister                     
0000a5f1  I2CMasterBurstCountGet               
0000a5db  I2CMasterBurstLengthSet              
0000a399  I2CMasterBusBusy                     
0000a381  I2CMasterBusy                        
0000a3b1  I2CMasterControl                     
0000a405  I2CMasterDataGet                     
0000a3ef  I2CMasterDataPut                     
0000a101  I2CMasterDisable                     
0000a0cd  I2CMasterEnable                      
0000a3c3  I2CMasterErr                         
0000a5ff  I2CMasterGlitchFilterConfigSet       
0000a003  I2CMasterInitExpClk                  
0000a2fb  I2CMasterIntClear                    
0000a319  I2CMasterIntClearEx                  
0000a1c7  I2CMasterIntDisable                  
0000a1d7  I2CMasterIntDisableEx                
0000a16d  I2CMasterIntEnable                   
0000a17d  I2CMasterIntEnableEx                 
0000a221  I2CMasterIntStatus                   
0000a265  I2CMasterIntStatusEx                 
0000a373  I2CMasterLineStateGet                
0000a351  I2CMasterSlaveAddrSet                
0000a413  I2CMasterTimeoutSet                  
0000a501  I2CRxFIFOConfigSet                   
0000a529  I2CRxFIFOFlush                       
0000a425  I2CSlaveACKOverride                  
0000a457  I2CSlaveACKValueSet                  
0000a08f  I2CSlaveAddressSet                   
0000a4b1  I2CSlaveDataGet                      
0000a499  I2CSlaveDataPut                      
0000a117  I2CSlaveDisable                      
0000a0e3  I2CSlaveEnable                       
0000a62f  I2CSlaveFIFODisable                  
0000a617  I2CSlaveFIFOEnable                   
0000a075  I2CSlaveInit                         
0000a32b  I2CSlaveIntClear                     
0000a33d  I2CSlaveIntClearEx                   
0000a1ef  I2CSlaveIntDisable                   
0000a207  I2CSlaveIntDisableEx                 
0000a195  I2CSlaveIntEnable                    
0000a1ad  I2CSlaveIntEnableEx                  
0000a291  I2CSlaveIntStatus                    
0000a2d9  I2CSlaveIntStatusEx                  
0000a489  I2CSlaveStatus                       
0000a4c1  I2CTxFIFOConfigSet                   
0000a4e9  I2CTxFIFOFlush                       
0000df59  IntDisable                           
0000dee7  IntEnable                            
0000dfcb  IntIsEnabled                         
0000ddab  IntMasterDisable                     
0000dd9b  IntMasterEnable                      
0000e0c1  IntPendClear                         
0000e051  IntPendSet                           
0000dec3  IntPriorityGet                       
0000de3b  IntPriorityGroupingGet               
0000de21  IntPriorityGroupingSet               
0000e11b  IntPriorityMaskGet                   
0000e10f  IntPriorityMaskSet                   
0000de73  IntPrioritySet                       
0000ddbb  IntRegister                          
0000e123  IntTrigger                           
0000de0d  IntUnregister                        
00014795  InternalUSBHCDSendEvent              
000129ef  InternalUSBRegisterTickHandler       
00012a3f  InternalUSBStartOfFrameTick          
000129a9  InternalUSBTickInit                  
000129e7  InternalUSBTickReset                 
0000cb61  OTGDeviceDisconnect                  
00014ab9  ResetISR                             
0000e7a9  SSIAdvDataPutFrameEnd                
0000e7cf  SSIAdvDataPutFrameEndNonBlocking     
0000e811  SSIAdvFrameHoldDisable               
0000e7fb  SSIAdvFrameHoldEnable                
0000e78d  SSIAdvModeSet                        
0000e737  SSIBusy                              
0000e769  SSIClockSourceGet                    
0000e755  SSIClockSourceSet                    
0000e53f  SSIConfigSetExpClk                   
0000e71f  SSIDMADisable                        
0000e707  SSIDMAEnable                         
0000e6c9  SSIDataGet                           
0000e6e5  SSIDataGetNonBlocking                
0000e68f  SSIDataPut                           
0000e6a9  SSIDataPutNonBlocking                
0000e5e1  SSIDisable                           
0000e5cb  SSIEnable                            
0000e67d  SSIIntClear                          
0000e647  SSIIntDisable                        
0000e62f  SSIIntEnable                         
0000e5f7  SSIIntRegister                       
0000e65f  SSIIntStatus                         
0000e615  SSIIntUnregister                     
00006633  SysCtlAltClkConfig                   
00005e09  SysCtlClockFreqSet                   
000062ed  SysCtlClockGet                       
00006617  SysCtlClockOutConfig                 
00006121  SysCtlClockSet                       
00005d09  SysCtlDeepSleep                      
000064b9  SysCtlDeepSleepClockConfigSet        
0000649b  SysCtlDeepSleepClockSet              
00005ce9  SysCtlDeepSleepPowerSet              
00014ae1  SysCtlDelay                          
00005897  SysCtlFlashSectorSizeGet             
0000586b  SysCtlFlashSizeGet                   
0000658f  SysCtlGPIOAHBDisable                 
00006573  SysCtlGPIOAHBEnable                  
00005c7d  SysCtlIntClear                       
00005c65  SysCtlIntDisable                     
00005c51  SysCtlIntEnable                      
00005c29  SysCtlIntRegister                    
00005c8d  SysCtlIntStatus                      
00005c41  SysCtlIntUnregister                  
00005ccf  SysCtlLDODeepSleepGet                
00005cbf  SysCtlLDODeepSleepSet                
00005cb9  SysCtlLDOSleepGet                    
00005ca9  SysCtlLDOSleepSet                    
00005d3f  SysCtlMOSCConfigSet                  
00006603  SysCtlNMIClear                       
000065fd  SysCtlNMIStatus                      
00005d55  SysCtlPIOSCCalibrate                 
0000655d  SysCtlPWMClockGet                    
00006543  SysCtlPWMClockSet                    
00005bd5  SysCtlPeripheralClockGating          
00005b8d  SysCtlPeripheralDeepSleepDisable     
00005b3d  SysCtlPeripheralDeepSleepEnable      
00005a79  SysCtlPeripheralDisable              
00005a3d  SysCtlPeripheralEnable               
00005979  SysCtlPeripheralPowerOff             
0000593d  SysCtlPeripheralPowerOn              
000058bd  SysCtlPeripheralPresent              
000058fd  SysCtlPeripheralReady                
000059b5  SysCtlPeripheralReset                
00005b01  SysCtlPeripheralSleepDisable         
00005abd  SysCtlPeripheralSleepEnable          
00005cf9  SysCtlReset                          
00005db5  SysCtlResetBehaviorGet               
00005da5  SysCtlResetBehaviorSet               
00005d2b  SysCtlResetCauseClear                
00005d25  SysCtlResetCauseGet                  
00005861  SysCtlSRAMSizeGet                    
00005d01  SysCtlSleep                          
00005cd5  SysCtlSleepPowerSet                  
000065bd  SysCtlUSBPLLDisable                  
000065ab  SysCtlUSBPLLEnable                   
000065e9  SysCtlVoltageEventClear              
000065cd  SysCtlVoltageEventConfig             
000065dd  SysCtlVoltageEventStatus             
0000b251  TimerADCEventGet                     
0000b23f  TimerADCEventSet                     
0000af75  TimerClockSourceGet                  
0000af4b  TimerClockSourceSet                  
0000ad3f  TimerConfigure                       
0000ae5f  TimerControlEvent                    
0000adbb  TimerControlLevel                    
0000ae89  TimerControlStall                    
0000adf1  TimerControlTrigger                  
0000aebf  TimerControlWaitOnTrigger            
0000b271  TimerDMAEventGet                     
0000b25f  TimerDMAEventSet                     
0000ad21  TimerDisable                         
0000ad03  TimerEnable                          
0000b21b  TimerIntClear                        
0000b1e5  TimerIntDisable                      
0000b1cd  TimerIntEnable                       
0000b187  TimerIntRegister                     
0000b1fd  TimerIntStatus                       
0000b1af  TimerIntUnregister                   
0000b03f  TimerLoadGet                         
0000b075  TimerLoadGet64                       
0000b015  TimerLoadSet                         
0000b05b  TimerLoadSet64                       
0000b11f  TimerMatchGet                        
0000b155  TimerMatchGet64                      
0000b0f5  TimerMatchSet                        
0000b13b  TimerMatchSet64                      
0000afaf  TimerPrescaleGet                     
0000aff9  TimerPrescaleMatchGet                
0000afcb  TimerPrescaleMatchSet                
0000af85  TimerPrescaleSet                     
0000af35  TimerRTCDisable                      
0000af1f  TimerRTCEnable                       
0000b22d  TimerSynchronize                     
0000b27f  TimerUpdateMode                      
0000b0a7  TimerValueGet                        
0000b0c3  TimerValueGet64                      
0000b8a5  UART9BitAddrSend                     
0000b87f  UART9BitAddrSet                      
0000b869  UART9BitDisable                      
0000b853  UART9BitEnable                       
0000b6f7  UARTBreakCtl                         
0000b721  UARTBusy                             
0000b69f  UARTCharGet                          
0000b683  UARTCharGetNonBlocking               
0000b6d9  UARTCharPut                          
0000b6b5  UARTCharPutNonBlocking               
0000b647  UARTCharsAvail                       
0000b843  UARTClockSourceGet                   
0000b82f  UARTClockSourceSet                   
0000b417  UARTConfigGetExpClk                  
0000b3a1  UARTConfigSetExpClk                  
0000b7f5  UARTDMADisable                       
0000b7dd  UARTDMAEnable                        
0000b487  UARTDisable                          
0000b50b  UARTDisableSIR                       
0000b463  UARTEnable                           
0000b4dd  UARTEnableSIR                        
0000b4c7  UARTFIFODisable                      
0000b4b1  UARTFIFOEnable                       
0000b379  UARTFIFOLevelGet                     
0000b361  UARTFIFOLevelSet                     
0000b607  UARTFlowControlGet                   
0000b5eb  UARTFlowControlSet                   
0000b7cb  UARTIntClear                         
0000b795  UARTIntDisable                       
0000b77d  UARTIntEnable                        
0000b73f  UARTIntRegister                      
0000b7ad  UARTIntStatus                        
0000b75d  UARTIntUnregister                    
0000b5a1  UARTModemControlClear                
0000b5c5  UARTModemControlGet                  
0000b569  UARTModemControlSet                  
0000b5d7  UARTModemStatusGet                   
0000b34f  UARTParityModeGet                    
0000b333  UARTParityModeSet                    
0000b81f  UARTRxErrorClear                     
0000b80d  UARTRxErrorGet                       
0000b553  UARTSmartCardDisable                 
0000b521  UARTSmartCardEnable                  
0000b665  UARTSpaceAvail                       
0000c331  UARTStdioConfig                      
0000b635  UARTTxIntModeGet                     
0000b619  UARTTxIntModeSet                     
0000c481  UARTgetc                             
0000c3c7  UARTgets                             
0000c7a3  UARTprintf                           
0000c4a9  UARTvprintf                          
0000c377  UARTwrite                            
00012ee3  ULPIConfigSet                        
00012f85  ULPIPowerTransceiver                 
000149e1  USB0DeviceIntHandler                 
0000c895  USB0DualModeIntHandler               
0000ca7d  USB0OTGModeIntHandler                
0000323f  USBClockDisable                      
00003223  USBClockEnable                       
0000320f  USBControllerVersion                 
0000ec89  USBDCDConfigDescGet                  
0000ec3b  USBDCDConfigDescGetNum               
0000ec03  USBDCDConfigDescGetSize              
0000ed6b  USBDCDConfigGetInterface             
0000eda1  USBDCDConfigGetInterfaceEndpoint     
0000ed17  USBDCDConfigGetNumAlternateInterfaces
00003605  USBDCDDeviceInfoInit                 
000039b9  USBDCDFeatureGet                     
000038f5  USBDCDFeatureSet                     
00003655  USBDCDInit                           
0000388b  USBDCDPowerStatusSet                 
000039ed  USBDCDRemoteWakeLPM                  
00003a0d  USBDCDRemoteWakeupRequest            
0000381b  USBDCDRequestDataEP0                 
00003841  USBDCDSendDataEP0                    
00003863  USBDCDSetDefaultConfiguration        
00003875  USBDCDStallEP0                       
000037d3  USBDCDTerm                           
00007ec5  USBDHIDCompositeInit                 
0000ef7d  USBDHIDGamepadCompositeInit          
0000ef2f  USBDHIDGamepadInit                   
0000f059  USBDHIDGamepadSendReport             
0000f0b5  USBDHIDGamepadTerm                   
00007e8f  USBDHIDInit                          
000080e5  USBDHIDPacketRead                    
000081e5  USBDHIDPowerStatusSet                
000081f9  USBDHIDRemoteWakeupRequest           
00008065  USBDHIDReportWrite                   
000081a7  USBDHIDRxPacketAvailable             
00008031  USBDHIDSetRxCBData                   
0000804b  USBDHIDSetTxCBData                   
00008019  USBDHIDTerm                          
00008189  USBDHIDTxPacketAvailable             
00003377  USBDMAChannelAddressGet              
0000335b  USBDMAChannelAddressSet              
000032e1  USBDMAChannelConfigSet               
000033ab  USBDMAChannelCountGet                
0000338f  USBDMAChannelCountSet                
000032c1  USBDMAChannelDisable                 
000032a1  USBDMAChannelEnable                  
00003271  USBDMAChannelIntDisable              
00003251  USBDMAChannelIntEnable               
00003291  USBDMAChannelIntStatus               
00003311  USBDMAChannelStatus                  
00003331  USBDMAChannelStatusClear             
000033c3  USBDMANumChannels                    
00010241  USBDescGet                           
00010365  USBDescGetInterface                  
00010393  USBDescGetInterfaceEndpoint          
000101e5  USBDescGetNum                        
000102ab  USBDescGetNumAlternateInterfaces     
0000267d  USBDevAddrGet                        
00002669  USBDevAddrSet                        
0000263d  USBDevConnect                        
00002653  USBDevDisconnect                     
000029b3  USBDevEndpointConfigGet              
000028c1  USBDevEndpointConfigSet              
00002d3d  USBDevEndpointDataAck                
00002567  USBDevEndpointStall                  
000025c9  USBDevEndpointStallClear             
000023e3  USBDevEndpointStatusClear            
0000352f  USBDevLPMConfig                      
0000355d  USBDevLPMDisable                     
00003545  USBDevLPMEnable                      
00003517  USBDevLPMRemoteWake                  
00003177  USBDevMode                           
000021a9  USBDevSpeedGet                       
0000e21f  USBDeviceConfig                      
0000e415  USBDeviceConfigAlternate             
00003b25  USBDeviceEnumHandler                 
00003c45  USBDeviceEnumResetHandler            
00004615  USBDeviceIntHandlerInternal          
00003a41  USBDeviceResumeTickHandler           
0000c8e1  USBDualModeInit                      
0000c93f  USBDualModeTerm                      
00003129  USBEndpointDMAChannel                
00002b6f  USBEndpointDMAConfigSet              
00002c41  USBEndpointDMADisable                
00002c07  USBEndpointDMAEnable                 
00002c7b  USBEndpointDataAvail                 
00002cb3  USBEndpointDataGet                   
00002dad  USBEndpointDataPut                   
00002e11  USBEndpointDataSend                  
00002501  USBEndpointDataToggleClear           
000031db  USBEndpointPacketCountSet            
0000236f  USBEndpointStatus                    
000030ff  USBFIFOAddrGet                       
00002b09  USBFIFOConfigGet                     
00002aa3  USBFIFOConfigSet                     
00002e69  USBFIFOFlush                         
000030c3  USBFrameNumberGet                    
000127c9  USBHCDControlTransfer                
000131bd  USBHCDFeatureSet                     
00013e21  USBHCDHubDeviceConnected             
00014a95  USBHCDHubDeviceDisconnected          
000128b9  USBHCDInit                           
00012b79  USBHCDMain                           
00014a11  USBHCDPowerAutomatic                 
00014aa1  USBHCDPowerConfigGet                 
00014011  USBHCDPowerConfigSet                 
000144ed  USBHCDReset                          
00014141  USBHCDSetAddress                     
00014637  USBHCDSetConfig                      
00014981  USBHHubEnumerationComplete           
00014999  USBHHubEnumerationError              
00014189  USBHHubInit                          
000112c5  USBHHubMain                          
00002117  USBHighSpeed                         
00002f79  USBHostAddrGet                       
00002f41  USBHostAddrSet                       
00013a15  USBHostCheckPipes                    
00002691  USBHostEndpointConfig                
00002d7b  USBHostEndpointDataAck               
00002465  USBHostEndpointDataToggle            
0000253b  USBHostEndpointPing                  
0000282b  USBHostEndpointSpeed                 
0000239b  USBHostEndpointStatusClear           
0000300b  USBHostHubAddrGet                    
00002fa7  USBHostHubAddrSet                    
0000d9a5  USBHostIntHandlerInternal            
000034db  USBHostLPMConfig                     
000034ff  USBHostLPMResume                     
00003493  USBHostLPMSend                       
00003165  USBHostMode                          
00003039  USBHostPwrConfig                     
000030ab  USBHostPwrDisable                    
00003093  USBHostPwrEnable                     
0000307b  USBHostPwrFaultDisable               
00003063  USBHostPwrFaultEnable                
00002ed9  USBHostRequestIN                     
00002f01  USBHostRequestINClear                
00002f2f  USBHostRequestStatus                 
000020e9  USBHostReset                         
00002145  USBHostResume                        
00002173  USBHostSpeedGet                      
000020d3  USBHostSuspend                       
000021c1  USBIntDisableControl                 
00002285  USBIntDisableEndpoint                
000021ff  USBIntEnableControl                  
000022b3  USBIntEnableEndpoint                 
00002337  USBIntRegister                       
00002239  USBIntStatusControl                  
000022e1  USBIntStatusEndpoint                 
00002355  USBIntUnregister                     
00003589  USBLPMEndpointGet                    
000035e9  USBLPMIntDisable                     
000035cf  USBLPMIntEnable                      
000035bf  USBLPMIntStatus                      
00003575  USBLPMLinkStateGet                   
000035a5  USBLPMRemoteWakeEnabled              
000072f7  USBLibDMAAddrGet                     
00007327  USBLibDMAInit                        
0000730f  USBLibDMASizeGet                     
0000319b  USBModeConfig                        
00003115  USBModeGet                           
000031fb  USBNumEndpointsGet                   
0000cc17  USBOTGFeatureSet                     
0000cb81  USBOTGMain                           
00003189  USBOTGMode                           
0000c989  USBOTGModeInit                       
0000c961  USBOTGModeTerm                       
0000ca57  USBOTGPollRate                       
000030d1  USBOTGSessionRequest                 
000031af  USBPHYPowerOff                       
000031c5  USBPHYPowerOn                        
0000c859  USBStackModeSet                      
000033d5  USBULPIConfig                        
00003403  USBULPIDisable                       
000033eb  USBULPIEnable                        
0000341b  USBULPIRegRead                       
00003453  USBULPIRegWrite                      
200046c8  __CIOBUF_                            
20005f70  __STACK_END                          
00000400  __STACK_SIZE                         
20005d70  __STACK_TOP                          
00000010  __SYSMEM_SIZE                        
00015950  __TI_CINIT_Base                      
00015968  __TI_CINIT_Limit                     
00015930  __TI_Handler_Table_Base              
0001593c  __TI_Handler_Table_Limit             
000142e9  __TI_auto_init_nobinit_nopinit       
0001466d  __TI_cleanup                         
20005a90  __TI_cleanup_ptr                     
00013711  __TI_closefile                       
000139ad  __TI_decompress_lzss                 
00014a85  __TI_decompress_none                 
0001405d  __TI_doflush                         
20005a94  __TI_dtors_ptr                       
20005a98  __TI_enable_exit_profile_output      
20005a80  __TI_ft_end                          
00013ecf  __TI_ltoa                            
ffffffff  __TI_pprof_out_hndl                  
00008d91  __TI_printfi                         
ffffffff  __TI_prof_data_size                  
ffffffff  __TI_prof_data_start                 
000146a1  __TI_readmsg                         
00000000  __TI_static_base__                   
20004ad8  __TI_tmpnams                         
00014525  __TI_writemsg                        
00013b41  __TI_wrt_ok                          
00014aad  __TI_zero_init                       
0001341d  __aeabi_cdcmpeq                      
0001341d  __aeabi_cdcmple                      
000134a3  __aeabi_cdrcmple                     
00014219  __aeabi_d2iz                         
00014371  __aeabi_d2uiz                        
00010aef  __aeabi_dadd                         
00011ab5  __aeabi_ddiv                         
000126cd  __aeabi_dmul                         
00010ae5  __aeabi_dsub                         
00014ad1  __aeabi_errno_addr                   
0001455d  __aeabi_f2d                          
00014739  __aeabi_i2d                          
000097df  __aeabi_idiv0                        
000097df  __aeabi_ldiv0                        
00013621  __aeabi_memclr                       
00013621  __aeabi_memclr4                      
00013621  __aeabi_memclr8                      
00013259  __aeabi_memcpy                       
00013259  __aeabi_memcpy4                      
00013259  __aeabi_memcpy8                      
00013623  __aeabi_memset                       
00013623  __aeabi_memset4                      
00013623  __aeabi_memset8                      
20005a8c  __aeabi_stderr                       
20005a84  __aeabi_stdin                        
20005a88  __aeabi_stdout                       
000148f1  __aeabi_ui2d                         
000143b5  __aeabi_uidiv                        
000143b5  __aeabi_uidivmod                     
000132f5  __aeabi_uldivmod                     
ffffffff  __binit__                            
ffffffff  __c_args__                           
UNDEFED   __mpu_init                           
20005b70  __stack                              
20000000  __start___llvm_prf_cnts              
20000000  __stop___llvm_prf_cnts               
00014911  _abort_msg                           
000146d5  _c_int00_noargs                      
00014c10  _ctypes_                             
20005294  _device                              
2000510c  _ftable                              
20005ae8  _lock                                
00003603  _nop                                 
2000530c  _stream                              
20005f70  _sys_memory                          
UNDEFED   _system_post_cinit                   
00014ae7  _system_pre_init                     
20005aec  _unlock                              
00014aeb  abort                                
0000d169  ad1x15_looper_task                   
20004fa4  adc_info                             
20005b00  adc_pin_struct                       
0000b989  add_i2c_msg                          
0000cc85  add_page                             
0000d3c1  ads1x15_drawdata                     
[...]
0000be6f  uDMAChannelEnable                    
0000be87  uDMAChannelDisable                   
0000be9f  uDMAChannelIsEnabled                 
0000bec7  uDMAControlBaseSet                   
0000bed7  uDMAControlBaseGet                   
0000bedd  uDMAControlAlternateBaseGet          
0000bee3  uDMAChannelRequest                   
0000befb  uDMAChannelAttributeEnable           
0000bf4f  uDMAChannelAttributeDisable          
0000bfa3  uDMAChannelAttributeGet              
0000c013  uDMAChannelControlSet                
0000c055  uDMAChannelTransferSet               
0000c14d  uDMAChannelScatterGatherSet          
0000c1d9  uDMAChannelSizeGet                   
0000c221  uDMAChannelModeGet                   
0000c267  uDMAIntRegister                      
0000c27d  uDMAIntUnregister                    
0000c28f  uDMAIntStatus                        
0000c295  uDMAIntClear                         
0000c2a9  uDMAChannelAssign                    
0000c2f1  uDMAChannelSelectSecondary           
0000c305  uDMAChannelSelectDefault             
0000c331  UARTStdioConfig                      
0000c377  UARTwrite                            
0000c3c7  UARTgets                             
0000c481  UARTgetc                             
0000c4a9  UARTvprintf                          
0000c7a3  UARTprintf                           
0000c859  USBStackModeSet                      
0000c895  USB0DualModeIntHandler               
0000c8e1  USBDualModeInit                      
0000c93f  USBDualModeTerm                      
0000c961  USBOTGModeTerm                       
0000c989  USBOTGModeInit                       
0000ca57  USBOTGPollRate                       
0000ca7d  USB0OTGModeIntHandler                
0000cb61  OTGDeviceDisconnect                  
0000cb81  USBOTGMain                           
0000cc17  USBOTGFeatureSet                     
0000cc75  init_console                         
0000cc85  add_page                             
0000cd41  is_on_screen                         
0000cf59  console_task                         
0000d109  init_ads1x15                         
0000d169  ad1x15_looper_task                   
0000d22f  ads1x15_midi_task                    
0000d327  get_volume                           
0000d33f  get_sensitivity                      
0000d357  ads1x15_drawpage                     
0000d3c1  ads1x15_drawdata                     
0000d4dd  ads1x15_drawinput                    
0000d561  init_adc                             
0000d715  get_adc_config                       
0000d759  get_adc_val                          
0000d78d  get_adc_struct                       
0000d797  ADCSeq0Handler                       
0000d7d7  ADCSeq1Handler                       
0000d829  midi_adc_task                        
0000d8a5  looper_adc_task                      
0000d9a5  USBHostIntHandlerInternal            
0000dd9b  IntMasterEnable                      
0000ddab  IntMasterDisable                     
0000ddbb  IntRegister                          
0000de0d  IntUnregister                        
0000de21  IntPriorityGroupingSet               
0000de3b  IntPriorityGroupingGet               
0000de73  IntPrioritySet                       
0000dec3  IntPriorityGet                       
0000dee7  IntEnable                            
0000df59  IntDisable                           
0000dfcb  IntIsEnabled                         
0000e051  IntPendSet                           
0000e0c1  IntPendClear                         
0000e10f  IntPriorityMaskSet                   
0000e11b  IntPriorityMaskGet                   
0000e123  IntTrigger                           
0000e21f  USBDeviceConfig                      
0000e415  USBDeviceConfigAlternate             
0000e53f  SSIConfigSetExpClk                   
0000e5cb  SSIEnable                            
0000e5e1  SSIDisable                           
0000e5f7  SSIIntRegister                       
0000e615  SSIIntUnregister                     
0000e62f  SSIIntEnable                         
0000e647  SSIIntDisable                        
0000e65f  SSIIntStatus                         
0000e67d  SSIIntClear                          
0000e68f  SSIDataPut                           
0000e6a9  SSIDataPutNonBlocking                
0000e6c9  SSIDataGet                           
0000e6e5  SSIDataGetNonBlocking                
0000e707  SSIDMAEnable                         
0000e71f  SSIDMADisable                        
0000e737  SSIBusy                              
0000e755  SSIClockSourceSet                    
0000e769  SSIClockSourceGet                    
0000e78d  SSIAdvModeSet                        
0000e7a9  SSIAdvDataPutFrameEnd                
0000e7cf  SSIAdvDataPutFrameEndNonBlocking     
0000e7fb  SSIAdvFrameHoldEnable                
0000e811  SSIAdvFrameHoldDisable               
0000e829  process_joystick                     
0000ec03  USBDCDConfigDescGetSize              
0000ec3b  USBDCDConfigDescGetNum               
0000ec89  USBDCDConfigDescGet                  
0000ed17  USBDCDConfigGetNumAlternateInterfaces
0000ed6b  USBDCDConfigGetInterface             
0000eda1  USBDCDConfigGetInterfaceEndpoint     
0000ef2f  USBDHIDGamepadInit                   
0000ef7d  USBDHIDGamepadCompositeInit          
0000f059  USBDHIDGamepadSendReport             
0000f0b5  USBDHIDGamepadTerm                   
0000f0ed  init_looper_buttons                  
0000f14d  looper_buttons_task                  
0000f3b5  init_rotary_enc                      
0000f441  rotary_enc_task                      
0000f61d  get_channel                          
0000f669  pxPortInitialiseStack                
0000f6f5  xPortStartScheduler                  
0000f789  vPortEndScheduler                    
0000f7ad  vPortEnterCritical                   
0000f7ef  vPortExitCritical                    
0000f81b  xPortSysTickHandler                  
0000f841  vPortSetupTimerInterrupt             
0000f85d  vPortValidateInterruptPriority       
0000fb65  init_midi_ctrl_board                 
0000fdd1  create_error                         
0000fe31  set_error                            
0000fe53  init_logger                          
0000fe7f  logger_drawpage                      
0000feb9  logger_drawdata                      
0000ff53  logger_drawinput                     
0000fff9  GamepadHandler                       
0001006d  init_usb_hid                         
000100d5  usb_hid_task                         
00010143  usb_hid_send                         
00010157  usb_hid_send_from_isr                
0001016b  usbhid_drawpage                      
0001016d  usbhid_drawdata                      
0001016f  usbhid_drawinput                     
000101e5  USBDescGetNum                        
00010241  USBDescGet                           
000102ab  USBDescGetNumAlternateInterfaces     
00010365  USBDescGetInterface                  
00010393  USBDescGetInterfaceEndpoint          
00010589  init_midi_knobs                      
000105bb  process_midi_knobs                   
00010759  init_looper_board                    
00010925  pvPortMalloc                         
00010a25  vPortFree                            
00010a83  xPortGetFreeHeapSize                 
00010a89  vPortInitialiseBlocks                
00010ae5  __aeabi_dsub                         
00010aef  __aeabi_dadd                         
00010c9d  init_gpis                            
00010d9d  get_gpi_config                       
00010de1  read_gpi                             
00010dfb  get_gpi_struct                       
00010fd9  control_drawpage                     
0001108f  control_drawdata                     
0001110f  control_drawinput                    
000112c5  USBHHubMain                          
00011439  init_gpos                            
000114d7  get_gpo_config                       
0001151b  set_gpo                              
00011547  get_gpo                              
000115a1  init_host_uart                       
00011615  host_uart_task                       
00011677  send_to_host                         
00011693  send_to_host_from_isr                
000116af  uartmsg_drawpage                     
000116b1  uartmsg_drawdata                     
000116b3  uartmsg_drawinput                    
000116f9  send_midi_message                    
00011979  init_looper_volumes                  
000119a1  process_looper_volumes               
00011ab5  __aeabi_ddiv                         
00011bed  homepage_drawpage                    
00011c3f  homepage_drawdata                    
00011c41  homepage_drawinput                   
00011d1d  init_looper_effects                  
00011d45  process_effects                      
00011e49  vListInitialise                      
00011e79  vListInitialiseItem                  
00011e89  vListInsertEnd                       
00011ec5  vListInsert                          
00011f2b  uxListRemove                         
00012099  fputs                                
000121ad  init_midi_buttons                    
000121db  midi_buttons_task                    
0001226f  get_octave                           
00012275  pressure_sense_is_on                 
000122c1  ldexp                                
000122c1  ldexpl                               
000122c1  scalbn                               
000122c1  scalbnl                              
000124d1  aligned_alloc                        
000124d1  memalign                             
000125d1  get_char                             
00012639  init_console_uart                    
000126cd  __aeabi_dmul                         
000127c9  USBHCDControlTransfer                
000128b9  USBHCDInit                           
000129a9  InternalUSBTickInit                  
000129e7  InternalUSBTickReset                 
000129ef  InternalUSBRegisterTickHandler       
00012a3f  InternalUSBStartOfFrameTick          
00012a95  free                                 
00012b79  USBHCDMain                           
00012c59  setvbuf                              
00012d45  ulPortGetIPSR                        
00012d5d  xPortPendSVHandler                   
00012dbd  vPortSVCHandler                      
00012ddd  vPortStartFirstTask                  
00012e01  vPortEnableVFP                       
00012e11  set_text_mode                        
00012e1f  text_color                           
00012e2d  bold_text_color                      
00012e3b  bgd_color                            
00012e49  cursor_pos                           
00012e5b  save_cursor_pos                      
00012e65  restore_cursor_pos                   
00012e6f  clear_terminal                       
00012e79  clear_line                           
00012e83  clear_in_line                        
00012e8d  clear_below_line                     
00012ee3  ULPIConfigSet                        
00012f85  ULPIPowerTransceiver                 
00012fad  FPUEnable                            
00012fbf  FPUDisable                           
00012fcd  FPUStackingEnable                    
00012fdf  FPULazyStackingEnable                
00012feb  FPUStackingDisable                   
00012ff7  FPUHalfPrecisionModeSet              
00013011  FPUNaNModeSet                        
0001302b  FPUFlushToZeroModeSet                
00013045  FPURoundingModeSet                   
000131bd  USBHCDFeatureSet                     
00013259  __aeabi_memcpy                       
00013259  __aeabi_memcpy4                      
00013259  __aeabi_memcpy8                      
00013259  memcpy                               
000132f5  __aeabi_uldivmod                     
0001341d  __aeabi_cdcmpeq                      
0001341d  __aeabi_cdcmple                      
000134a3  __aeabi_cdrcmple                     
00013529  init_board_select                    
00013587  get_board_type                       
000135a5  fflush                               
00013621  __aeabi_memclr                       
00013621  __aeabi_memclr4                      
00013621  __aeabi_memclr8                      
00013623  __aeabi_memset                       
00013623  __aeabi_memset4                      
00013623  __aeabi_memset8                      
00013629  memset                               
00013711  __TI_closefile                       
00013785  main                                 
000138d9  HOSTrename                           
00013945  HOSTlseek                            
000139ad  __TI_decompress_lzss                 
00013a15  USBHostCheckPipes                    
00013a79  frexp                                
00013a79  frexpl                               
00013add  fseek                                
00013b41  __TI_wrt_ok                          
00013ba5  HOSTopen                             
00013c05  ConfigDescAlloc                      
00013cbd  close                                
00013d19  HOSTread                             
00013d71  HOSTwrite                            
00013e21  USBHCDHubDeviceConnected             
00013ecf  __TI_ltoa                            
00014011  USBHCDPowerConfigSet                 
0001405d  __TI_doflush                         
000140a9  atoi                                 
000140f5  taskmanager_drawpage                 
0001412d  taskmanager_drawdata                 
0001412f  taskmanager_drawinput                
00014141  USBHCDSetAddress                     
00014189  USBHHubInit                          
000141d1  exit                                 
00014219  __aeabi_d2iz                         
00014261  HOSTclose                            
000142a5  HOSTunlink                           
000142e9  __TI_auto_init_nobinit_nopinit       
0001432d  getdevice                            
00014371  __aeabi_d2uiz                        
000143b5  __aeabi_uidiv                        
000143b5  __aeabi_uidivmod                     
000143f5  sprintf                              
00014473  CPUcpsid                             
0001447f  CPUprimask                           
00014489  CPUcpsie                             
00014495  CPUwfi                               
00014499  CPUbasepriSet                        
000144a7  CPUbasepriGet                        
000144ed  USBHCDReset                          
00014525  __TI_writemsg                        
00014553  C$$IO$$                              
0001455d  __aeabi_f2d                          
00014601  strncpy                              
00014637  USBHCDSetConfig                      
0001466d  __TI_cleanup                         
000146a1  __TI_readmsg                         
000146d5  _c_int00_noargs                      
00014709  finddevice                           
00014739  __aeabi_i2d                          
00014769  ConfigDescFree                       
00014795  InternalUSBHCDSendEvent              
000147c1  remove                               
000147c1  unlink                               
000147ed  vApplicationMallocFailedHook         
000147fd  vApplicationIdleHook                 
000147ff  vApplicationStackOverflowHook        
00014841  lseek                                
00014869  write                                
000148d1  memchr                               
000148f1  __aeabi_ui2d                         
00014911  _abort_msg                           
00014949  memccpy                              
00014965  copysign                             
00014965  copysignl                            
00014981  USBHHubEnumerationComplete           
00014999  USBHHubEnumerationError              
000149c9  strcmp                               
000149e1  USB0DeviceIntHandler                 
000149f9  strchr                               
00014a11  USBHCDPowerAutomatic                 
00014a39  strcpy                               
00014a4d  strlen                               
00014a73  wcslen                               
00014a85  __TI_decompress_none                 
00014a95  USBHCDHubDeviceDisconnected          
00014aa1  USBHCDPowerConfigGet                 
00014aad  __TI_zero_init                       
00014ab9  ResetISR                             
00014ad1  __aeabi_errno_addr                   
00014ad9  malloc                               
00014ae1  SysCtlDelay                          
00014ae7  _system_pre_init                     
00014aeb  C$$EXIT                              
00014aeb  abort                                
00014c10  _ctypes_                             
000152e0  g_pui8ConfigString                   
00015378  g_sHIDHandlers                       
000154a8  g_ppui8StringDescriptors             
00015594  looper_gpo_info                      
0001559c  midi_gpo_info                        
000155a4  ulMaxSyscallInterruptPriority        
00015930  __TI_Handler_Table_Base              
0001593c  __TI_Handler_Table_Limit             
00015950  __TI_CINIT_Base                      
00015968  __TI_CINIT_Limit                     
20000000  __start___llvm_prf_cnts              
20000000  __stop___llvm_prf_cnts               
20000000  g_pfnRAMVectors                      
2000026c  ucHeap                               
200046c8  __CIOBUF_                            
200049e8  pad_states                           
20004ad8  __TI_tmpnams                         
20004cd8  g_psDCDInst                          
20004d68  xQueueRegistry                       
20004e48  g_pfnTickHandlers                    
20004e60  g_pvTickInstance                     
20004f24  button_states                        
20004f34  midi_knobs                           
20004fa4  adc_info                             
20004fac  gpis_info                            
20004fb4  gpo_info                             
20004fbc  parmbuf                              
20004fe8  blue_debug                           
20004fec  g_ppsDevInfo                         
20004ff0  g_ui32PollRate                       
20004ff4  green_debug                          
20004ff8  red_debug                            
20005003  g_eOTGModeState                      
2000510c  _ftable                              
200051fc  g_sGamepadDevice                     
20005294  _device                              
2000530c  _stream                              
2000535c  pxCurrentTCB                         
20005a48  g_pui8HIDDeviceDescriptor            
20005a5a  js_x_state                           
20005a5b  js_y_state                           
20005a80  __TI_ft_end                          
20005a84  __aeabi_stdin                        
20005a88  __aeabi_stdout                       
20005a8c  __aeabi_stderr                       
20005a90  __TI_cleanup_ptr                     
20005a94  __TI_dtors_ptr                       
20005a98  __TI_enable_exit_profile_output      
20005ab4  g_bUSBTimerInitialized               
20005ab8  g_ui32CurrentUSBTick                 
20005abc  g_ui32USBSOFCount                    
20005adc  g_iUSBMode                           
20005ae0  g_ui32WaitTicks                      
20005ae8  _lock                                
20005aec  _unlock                              
20005b00  adc_pin_struct                       
20005b20  looper_gpi_info                      
20005b28  midi_gpi_info                        
20005b38  i2c_msg_queue                        
20005b64  errno                                
20005b70  __stack                              
20005d70  __STACK_TOP                          
20005f70  __STACK_END                          
20005f70  _sys_memory                          
ffffffff  __TI_pprof_out_hndl                  
ffffffff  __TI_prof_data_size                  
ffffffff  __TI_prof_data_start                 
ffffffff  __binit__                            
ffffffff  __c_args__                           
ffffffff  binit                                
UNDEFED   __mpu_init                           
UNDEFED   _system_post_cinit                   

[916 symbols]
