******************************************************************************
                  TI ARM Linker PC v20.2.2                     
******************************************************************************
>> Linked Mon Apr 12 09:15:31 2021

OUTPUT FILE NAME:   <drum_pad.out>
ENTRY POINT SYMBOL: "_c_int00_noargs"  address: 0000c64d


MEMORY CONFIGURATION

         name            origin    length      used     unused   attr    fill
----------------------  --------  ---------  --------  --------  ----  --------
  FLASH                 00000000   00040000  0000d431  00032bcf  R  X
  SRAM                  20000000   00008000  00004eb1  0000314f  RW X


SEGMENT ALLOCATION MAP

run origin  load origin   length   init length attrs members
----------  ----------- ---------- ----------- ----- -------
00000000    00000000    0000d438   0000d438    r-x
  00000000    00000000    0000026c   0000026c    r-- .intvecs
  0000026c    0000026c    0000c6a2   0000c6a2    r-x .text
  0000c910    0000c910    000008d3   000008d3    r-- .const
  0000d1e8    0000d1e8    00000250   00000250    r-- .cinit
20000000    20000000    00004eb8   00000000    rw-
  20000000    20000000    0000026c   00000000    rw- .vtable
  2000026c    2000026c    00004311   00000000    rw- .bss
  20004580    20004580    00000724   00000000    rw- .data
  20004ca8    20004ca8    00000200   00000000    rw- .stack
  20004ea8    20004ea8    00000010   00000000    rw- .sysmem


SECTION ALLOCATION MAP

 output                                  attributes/
section   page    origin      length       input sections
--------  ----  ----------  ----------   ----------------
.intvecs   0    00000000    0000026c     
                  00000000    0000026c     tm4c123gh6pm_startup_ccs.obj (.intvecs)

.text      0    0000026c    0000c6a2     
                  0000026c    00001ddc     tasks.obj (.text)
                  00002048    00000fa8     queue.obj (.text)
                  00002ff0    00000ef4     sysctl.obj (.text)
                  00003ee4    00000b88     gpio.obj (.text)
                  00004a6c    00000a4e     rtsv7M4_T_le_v4SPD16_eabi.lib : _printfi.c.obj (.text:__TI_printfi)
                  000054ba    00000002                                   : _lock.c.obj (.text:_nop)
                  000054bc    000007c2     adc.obj (.text)
                  00005c7e    00000002     rtsv7M4_T_le_v4SPD16_eabi.lib : div0.asm.obj (.text)
                  00005c80    0000069c     i2c.obj (.text)
                  0000631c    00000642     timer.obj (.text)
                  0000695e    00000002     --HOLE-- [fill = 0]
                  00006960    00000618     uart.obj (.text)
                  00006f78    00000558     I2C_task.obj (.text)
                  000074d0    000004bc     drum_pad_functions.obj (.text)
                  0000798c    000004a8     uartstdio.obj (.text)
                  00007e34    00000494     console_task.obj (.text)
                  000082c8    000003d4     ADC_task.obj (.text)
                  0000869c    000003c0     interrupt.obj (.text)
                  00008a5c    00000346     ssi.obj (.text)
                  00008da2    00000002     --HOLE-- [fill = 0]
                  00008da4    000002b4     rotary_enc_task.obj (.text)
                  00009058    0000028c     port.obj (.text)
                  000092e4    00000270     rtsv7M4_T_le_v4SPD16_eabi.lib : _printfi.c.obj (.text:_pconv_a)
                  00009554    00000240     midi_ctrl_board.obj (.text)
                  00009794    00000228     logger.obj (.text)
                  000099bc    000001d0     rtsv7M4_T_le_v4SPD16_eabi.lib : _printfi.c.obj (.text:_pconv_g)
                  00009b8c    000001c0     heap_2.obj (.text)
                  00009d4c    000001b6     rtsv7M4_T_le_v4SPD16_eabi.lib : fd_add_t2.asm.obj (.text)
                  00009f02    00000002     --HOLE-- [fill = 0]
                  00009f04    000001b4     host_uart_task.obj (.text)
                  0000a0b8    000001b0     GPIs.obj (.text)
                  0000a268    00000178     control_page.obj (.text)
                  0000a3e0    00000168     GPOs.obj (.text)
                  0000a548    00000150     looper_board.obj (.text)
                  0000a698    0000013c     rtsv7M4_T_le_v4SPD16_eabi.lib : _printfi.c.obj (.text:_pconv_e)
                  0000a7d4    00000136                                   : fd_div_t2.asm.obj (.text)
                  0000a90a    00000002     --HOLE-- [fill = 0]
                  0000a90c    00000130     homepage.obj (.text)
                  0000aa3c    0000012a     list.obj (.text)
                  0000ab66    00000002     --HOLE-- [fill = 0]
                  0000ab68    00000124     rtsv7M4_T_le_v4SPD16_eabi.lib : _printfi.c.obj (.text:fcvt)
                  0000ac8c    00000114                                   : fputs.c.obj (.text:fputs)
                  0000ada0    00000110                                   : s_scalbn.c.obj (.text:scalbn)
                  0000aeb0    00000100                                   : memory.c.obj (.text:aligned_alloc)
                  0000afb0    000000fc                                   : fd_mul_t2.asm.obj (.text)
                  0000b0ac    000000f4     ads1x15_task.obj (.text)
                  0000b1a0    000000f0     console_uart.obj (.text)
                  0000b290    000000e4     rtsv7M4_T_le_v4SPD16_eabi.lib : memory.c.obj (.text:free)
                  0000b374    000000dc                                   : setvbuf.c.obj (.text:setvbuf)
                  0000b450    000000da     portasm.obj (.text)
                  0000b52a    00000002     --HOLE-- [fill = 0]
                  0000b52c    000000d2     text_controls.obj (.text)
                  0000b5fe    00000002     --HOLE-- [fill = 0]
                  0000b600    000000c0     fpu.obj (.text)
                  0000b6c0    000000b1     rtsv7M4_T_le_v4SPD16_eabi.lib : _printfi.c.obj (.text:_ltostr)
                  0000b771    00000001     --HOLE-- [fill = 0]
                  0000b772    0000009c                                   : memcpy_t2.asm.obj (.text)
                  0000b80e    00000096                                   : ull_div_t2.asm.obj (.text)
                  0000b8a4    00000086                                   : fd_cmp_t2.asm.obj (.text:__aeabi_cdcmple)
                  0000b92a    00000086                                   : fd_cmp_t2.asm.obj (.text:__aeabi_cdrcmple)
                  0000b9b0    0000007c     board_select.obj (.text)
                  0000ba2c    0000007c     rtsv7M4_T_le_v4SPD16_eabi.lib : fflush.c.obj (.text:fflush)
                  0000baa8    0000007a                                   : memset_t2.asm.obj (.text)
                  0000bb22    00000002     --HOLE-- [fill = 0]
                  0000bb24    00000074                                   : fclose.c.obj (.text:__TI_closefile)
                  0000bb98    00000074     main.obj (.text)
                  0000bc0c    00000070     rtsv7M4_T_le_v4SPD16_eabi.lib : memory.c.obj (.text:split)
                  0000bc7c    0000006e                                   : _printfi.c.obj (.text:_mcpy)
                  0000bcea    00000002     --HOLE-- [fill = 0]
                  0000bcec    0000006c                                   : hostrename.c.obj (.text:HOSTrename)
                  0000bd58    00000068                                   : hostlseek.c.obj (.text:HOSTlseek)
                  0000bdc0    00000068                                   : copy_decompress_lzss.c.obj (.text:decompress:lzss:__TI_decompress_lzss)
                  0000be28    00000064                                   : s_frexp.c.obj (.text:frexp)
                  0000be8c    00000064                                   : fseek.c.obj (.text:fseek)
                  0000bef0    00000062                                   : _io_perm.c.obj (.text:__TI_wrt_ok)
                  0000bf52    00000002     --HOLE-- [fill = 0]
                  0000bf54    00000060                                   : hostopen.c.obj (.text:HOSTopen)
                  0000bfb4    0000005c                                   : close.c.obj (.text:close)
                  0000c010    00000058                                   : hostread.c.obj (.text:HOSTread)
                  0000c068    00000058                                   : hostwrite.c.obj (.text:HOSTwrite)
                  0000c0c0    00000056                                   : _printfi.c.obj (.text:_pconv_f)
                  0000c116    00000054                                   : _ltoa.c.obj (.text:__TI_ltoa)
                  0000c16a    00000052                                   : _printfi.c.obj (.text:_ecpy)
                  0000c1bc    0000004c                                   : fflush.c.obj (.text:__TI_doflush)
                  0000c208    0000004c                                   : atoi.c.obj (.text:atoi)
                  0000c254    0000004c     task_manager_page.obj (.text)
                  0000c2a0    00000048     rtsv7M4_T_le_v4SPD16_eabi.lib : exit.c.obj (.text:exit)
                  0000c2e8    00000048                                   : fd_toi_t2.asm.obj (.text)
                  0000c330    00000044                                   : hostclose.c.obj (.text:HOSTclose)
                  0000c374    00000044                                   : hostunlink.c.obj (.text:HOSTunlink)
                  0000c3b8    00000044                                   : autoinit.c.obj (.text:__TI_auto_init_nobinit_nopinit:__TI_auto_init_nobinit_nopinit)
                  0000c3fc    00000044                                   : getdevice.c.obj (.text:getdevice)
                  0000c440    00000040                                   : u_divt2.asm.obj (.text)
                  0000c480    00000040                                   : sprintf.c.obj (.text:sprintf)
                  0000c4c0    0000003e                                   : _printfi.c.obj (.text:_fcpy)
                  0000c4fe    0000003e     cpu.obj (.text)
                  0000c53c    00000038     rtsv7M4_T_le_v4SPD16_eabi.lib : trgmsg.c.obj (.text:__TI_writemsg)
                  0000c574    00000038                                   : fs_tod_t2.asm.obj (.text)
                  0000c5ac    00000036                                   : strncpy.c.obj (.text:strncpy)
                  0000c5e2    00000002     --HOLE-- [fill = 0]
                  0000c5e4    00000034                                   : fopen.c.obj (.text:__TI_cleanup)
                  0000c618    00000034                                   : trgmsg.c.obj (.text:__TI_readmsg)
                  0000c64c    00000034                                   : boot_cortex_m.c.obj (.text:_c_int00_noargs:_c_int00_noargs)
                  0000c680    00000030                                   : getdevice.c.obj (.text:finddevice)
                  0000c6b0    0000002e                                   : i_tofd_t2.asm.obj (.text)
                  0000c6de    00000002     --HOLE-- [fill = 0]
                  0000c6e0    0000002c                                   : unlink.c.obj (.text:unlink)
                  0000c70c    0000002a     hooks.obj (.text)
                  0000c736    00000002     --HOLE-- [fill = 0]
                  0000c738    00000028     rtsv7M4_T_le_v4SPD16_eabi.lib : memory.c.obj (.text:free_list_insert)
                  0000c760    00000028                                   : lseek.c.obj (.text:lseek)
                  0000c788    00000028                                   : write.c.obj (.text:write)
                  0000c7b0    00000020                                   : memchr.c.obj (.text:memchr)
                  0000c7d0    0000001c                                   : assert.c.obj (.text:_abort_msg)
                  0000c7ec    0000001c                                   : memory.c.obj (.text:free_list_remove)
                  0000c808    0000001c                                   : memccpy.c.obj (.text:memccpy)
                  0000c824    0000001a                                   : s_copysign.c.obj (.text:copysign)
                  0000c83e    00000018                                   : sprintf.c.obj (.text:_outs)
                  0000c856    00000018                                   : strcmp.c.obj (.text:strcmp)
                  0000c86e    00000016                                   : strchr.c.obj (.text:strchr)
                  0000c884    00000014                                   : strcpy.c.obj (.text:strcpy)
                  0000c898    00000014                                   : strlen.c.obj (.text:strlen)
                  0000c8ac    00000012                                   : wcslen.c.obj (.text:wcslen)
                  0000c8be    0000000e                                   : copy_decompress_none.c.obj (.text:decompress:none:__TI_decompress_none)
                  0000c8cc    0000000c                                   : copy_zero_init.c.obj (.text:decompress:ZI:__TI_zero_init)
                  0000c8d8    0000000c     tm4c123gh6pm_startup_ccs.obj (.text)
                  0000c8e4    0000000a     rtsv7M4_T_le_v4SPD16_eabi.lib : sprintf.c.obj (.text:_outc)
                  0000c8ee    00000002     --HOLE-- [fill = 0]
                  0000c8f0    00000008                                   : errno.c.obj (.text:__aeabi_errno_addr)
                  0000c8f8    00000008                                   : memory.c.obj (.text:malloc)
                  0000c900    00000006     sysctl.obj (.text:SysCtlDelay)
                  0000c906    00000004     rtsv7M4_T_le_v4SPD16_eabi.lib : pre_init.c.obj (.text:_system_pre_init)
                  0000c90a    00000004                                   : exit.c.obj (.text:abort:abort)

.const     0    0000c910    000008d3     
                  0000c910    00000120     sysctl.obj (.const:g_pppui32XTALtoVCO)
                  0000ca30    00000101     rtsv7M4_T_le_v4SPD16_eabi.lib : ctype.c.obj (.const:.string:_ctypes_)
                  0000cb31    00000003     ads1x15_task.obj (.const:.string:JOY_X_SEL)
                  0000cb34    000000c0     gpio.obj (.const:g_ppui32GPIOIntMapBlizzard)
                  0000cbf4    000000c0     gpio.obj (.const:g_ppui32GPIOIntMapSnowflake)
                  0000ccb4    0000009c     interrupt.obj (.const:g_pui32Regs)
                  0000cd50    00000090     gpio.obj (.const:g_pui32GPIOBaseAddrs)
                  0000cde0    0000006c     sysctl.obj (.const:g_pui32Xtals)
                  0000ce4c    00000060     ADC_task.obj (.const:.string)
                  0000ceac    00000060     timer.obj (.const:g_ppui32TimerIntMap)
                  0000cf0c    00000050     i2c.obj (.const:g_ppui32I2CIntMapSnowflake)
                  0000cf5c    00000040     GPIs.obj (.const:.string)
                  0000cf9c    00000040     timer.obj (.const:g_ppui32TimerIntMapSnowflake)
                  0000cfdc    00000040     uart.obj (.const:g_ppui32UARTIntMap)
                  0000d01c    00000040     uart.obj (.const:g_ppui32UARTIntMapSnowflake)
                  0000d05c    00000030     i2c.obj (.const:g_ppui32I2CIntMap)
                  0000d08c    00000030     sysctl.obj (.const:g_sXTALtoMEMTIM)
                  0000d0bc    00000022     GPOs.obj (.const:.string)
                  0000d0de    00000001     ads1x15_task.obj (.const)
                  0000d0df    00000001     --HOLE-- [fill = 0]
                  0000d0e0    00000020     ssi.obj (.const:g_ppui32SSIIntMap)
                  0000d100    00000020     ssi.obj (.const:g_ppui32SSIIntMapSnowflake)
                  0000d120    00000020     interrupt.obj (.const:g_pui32Priority)
                  0000d140    00000014     interrupt.obj (.const:g_pui32Dii16Regs)
                  0000d154    00000014     interrupt.obj (.const:g_pui32EnRegs)
                  0000d168    00000014     interrupt.obj (.const:g_pui32PendRegs)
                  0000d17c    00000014     interrupt.obj (.const:g_pui32UnpendRegs)
                  0000d190    00000012     uartstdio.obj (.const:.string)
                  0000d1a2    00000002     --HOLE-- [fill = 0]
                  0000d1a4    0000000c     uartstdio.obj (.const:g_ui32UARTBase)
                  0000d1b0    0000000c     uartstdio.obj (.const:g_ui32UARTPeriph)
                  0000d1bc    00000008     sysctl.obj (.const:g_pui32VCOFrequencies)
                  0000d1c4    00000008     GPOs.obj (.const:looper_gpo_info)
                  0000d1cc    00000008     GPOs.obj (.const:midi_gpo_info)
                  0000d1d4    00000008     port.obj (.const)
                  0000d1dc    00000004     uartstdio.obj (.const)
                  0000d1e0    00000003     ads1x15_task.obj (.const:.string:JOY_Y_SEL)

.cinit     0    0000d1e8    00000250     
                  0000d1e8    0000021a     (.cinit..data.load) [load image, compression = lzss]
                  0000d402    00000002     --HOLE-- [fill = 0]
                  0000d404    0000000c     (__TI_handler_table)
                  0000d410    00000008     (.cinit..bss.load) [load image, compression = zero_init]
                  0000d418    00000008     (.cinit..vtable.load) [load image, compression = zero_init]
                  0000d420    00000018     (__TI_cinit_table)

.init_array 
*          0    00000000    00000000     UNINITIALIZED

.vtable    0    20000000    0000026c     UNINITIALIZED
                  20000000    0000026c     interrupt.obj (.vtable)

.bss       0    2000026c    00004311     UNINITIALIZED
                  2000026c    00003c00     (.common:ucHeap)
                  20003e6c    00000190     task_manager_page.obj (.bss:write_buffer)
                  20003ffc    00000120     rtsv7M4_T_le_v4SPD16_eabi.lib : trgmsg.c.obj (.bss:_CIOBUF_)
                  2000411c    000000f0     logger.obj (.bss:errors)
                  2000420c    000000f0     (.common:pad_states)
                  200042fc    000000a0     (.common:__TI_tmpnams)
                  2000439c    00000064     tasks.obj (.bss:pxReadyTasksLists)
                  20004400    00000040     (.common:xQueueRegistry)
                  20004440    00000020     ADC_task.obj (.bss:adc00_step_values)
                  20004460    00000014     drum_pad_functions.obj (.bss:float_string)
                  20004474    00000014     rotary_enc_task.obj (.bss)
                  20004488    00000014     tasks.obj (.bss:xDelayedTaskList1)
                  2000449c    00000014     tasks.obj (.bss:xDelayedTaskList2)
                  200044b0    00000014     tasks.obj (.bss:xPendingReadyList)
                  200044c4    00000014     tasks.obj (.bss:xSuspendedTaskList)
                  200044d8    00000014     tasks.obj (.bss:xTasksWaitingTermination)
                  200044ec    00000010     ADC_task.obj (.bss:adc11_step_values)
                  200044fc    00000008     ADC_task.obj (.bss)
                  20004504    00000008     GPIs.obj (.bss:gpi_info)
                  2000450c    00000008     host_uart_task.obj (.bss)
                  20004514    00000008     tasks.obj (.bss)
                  2000451c    00000008     heap_2.obj (.bss:xEnd)
                  20004524    00000008     heap_2.obj (.bss:xStart)
                  2000452c    00000008     (.common:adc_info)
                  20004534    00000008     (.common:gpis_info)
                  2000453c    00000008     (.common:gpo_info)
                  20004544    00000008     (.common:parmbuf)
                  2000454c    00000004     I2C_task.obj (.bss)
                  20004550    00000004     console_uart.obj (.bss)
                  20004554    00000004     drum_pad_functions.obj (.bss)
                  20004558    00000004     adc.obj (.bss:g_pui8OversampleFactor)
                  2000455c    00000004     (.common:addr_ack_err)
                  20004560    00000004     (.common:arb_lost_err)
                  20004564    00000004     (.common:blue_debug)
                  20004568    00000004     (.common:clk_tout_err)
                  2000456c    00000004     (.common:data_ack_err)
                  20004570    00000004     (.common:green_debug)
                  20004574    00000004     (.common:red_debug)
                  20004578    00000002     ads1x15_task.obj (.bss:joy_x_data)
                  2000457a    00000002     ads1x15_task.obj (.bss:joy_y_data)
                  2000457c    00000001     board_select.obj (.bss)

.data      0    20004580    00000724     UNINITIALIZED
                  20004580    00000108     console_task.obj (.data:console_pages)
                  20004688    000000f0     rtsv7M4_T_le_v4SPD16_eabi.lib : defs.c.obj (.data:_ftable)
                  20004778    00000078                                   : host_device.c.obj (.data:_device)
                  200047f0    00000050                                   : host_device.c.obj (.data:_stream)
                  20004840    00000034     tasks.obj (.data)
                  20004874    00000030     ADC_task.obj (.data:adc_pins)
                  200048a4    00000024     ADC_task.obj (.data:pad0)
                  200048c8    00000024     ADC_task.obj (.data:pad10)
                  200048ec    00000024     ADC_task.obj (.data:pad11)
                  20004910    00000024     ADC_task.obj (.data:pad1)
                  20004934    00000024     ADC_task.obj (.data:pad2)
                  20004958    00000024     ADC_task.obj (.data:pad3)
                  2000497c    00000024     ADC_task.obj (.data:pad4)
                  200049a0    00000024     ADC_task.obj (.data:pad5)
                  200049c4    00000024     ADC_task.obj (.data:pad6)
                  200049e8    00000024     ADC_task.obj (.data:pad7)
                  20004a0c    00000024     ADC_task.obj (.data:pad8)
                  20004a30    00000024     ADC_task.obj (.data:pad9)
                  20004a54    00000020     ads1x15_task.obj (.data:joy_x_read)
                  20004a74    00000020     ads1x15_task.obj (.data:joy_x_sel)
                  20004a94    00000020     ads1x15_task.obj (.data:joy_y_read)
                  20004ab4    00000020     ads1x15_task.obj (.data:joy_y_sel)
                  20004ad4    0000001c     GPIs.obj (.data:midi_gpi_pins)
                  20004af0    00000014     GPOs.obj (.data:blue_led)
                  20004b04    00000014     GPOs.obj (.data:blueled)
                  20004b18    00000014     GPIs.obj (.data:enc_bit_0)
                  20004b2c    00000014     GPIs.obj (.data:enc_bit_1)
                  20004b40    00000014     GPIs.obj (.data:enc_bit_2)
                  20004b54    00000014     GPIs.obj (.data:enc_bit_3)
                  20004b68    00000014     GPOs.obj (.data:green_led)
                  20004b7c    00000014     GPOs.obj (.data:greenled)
                  20004b90    00000014     GPIs.obj (.data:octave_down)
                  20004ba4    00000014     GPIs.obj (.data:octave_up)
                  20004bb8    00000014     GPIs.obj (.data:pressure_sense)
                  20004bcc    00000014     GPOs.obj (.data:red_led)
                  20004be0    00000014     GPOs.obj (.data:redled)
                  20004bf4    00000011     console_task.obj (.data)
                  20004c05    00000003     --HOLE--
                  20004c08    00000010     rtsv7M4_T_le_v4SPD16_eabi.lib : defs.c.obj (.data)
                  20004c18    0000000c                                   : exit.c.obj (.data:$O1$$)
                  20004c24    0000000c     GPOs.obj (.data:looper_gpos)
                  20004c30    0000000c     GPOs.obj (.data:midi_gpos)
                  20004c3c    0000000c     port.obj (.data)
                  20004c48    00000008     rtsv7M4_T_le_v4SPD16_eabi.lib : _lock.c.obj (.data:$O1$$)
                  20004c50    00000008                                   : memory.c.obj (.data:$O1$$)
                  20004c58    00000008     ADC_task.obj (.data)
                  20004c60    00000008     ADC_task.obj (.data:adc_pin_struct)
                  20004c68    00000008     heap_2.obj (.data)
                  20004c70    00000008     GPIs.obj (.data:looper_gpi_info)
                  20004c78    00000008     GPIs.obj (.data:midi_gpi_info)
                  20004c80    00000005     I2C_task.obj (.data)
                  20004c85    00000003     --HOLE--
                  20004c88    00000005     uartstdio.obj (.data)
                  20004c8d    00000003     --HOLE--
                  20004c90    00000004     host_uart_task.obj (.data)
                  20004c94    00000004     logger.obj (.data)
                  20004c98    00000004     looper_board.obj (.data)
                  20004c9c    00000004     midi_ctrl_board.obj (.data)
                  20004ca0    00000004     rtsv7M4_T_le_v4SPD16_eabi.lib : errno.c.obj (.data)

.stack     0    20004ca8    00000200     UNINITIALIZED
                  20004ca8    00000004     rtsv7M4_T_le_v4SPD16_eabi.lib : boot_cortex_m.c.obj (.stack)
                  20004cac    000001fc     --HOLE--

.sysmem    0    20004ea8    00000010     UNINITIALIZED
                  20004ea8    00000010     rtsv7M4_T_le_v4SPD16_eabi.lib : memory.c.obj (.sysmem)

__llvm_prf_cnts 
*          0    20000000    00000000     UNINITIALIZED

MODULE SUMMARY

       Module                         code    ro data   rw data
       ------                         ----    -------   -------
    .\
       ADC_task.obj                   980     96        15912  
       drum_pad_functions.obj         1212    0         264    
       console_task.obj               1172    0         281    
       I2C_task.obj                   1368    0         25     
       logger.obj                     552     0         256    
       rotary_enc_task.obj            692     0         20     
       GPIs.obj                       432     64        192    
       tm4c123gh6pm_startup_ccs.obj   12      620       0      
       midi_ctrl_board.obj            576     0         4      
       GPOs.obj                       360     50        152    
       task_manager_page.obj          76      0         400    
       heap_2.obj                     448     0         24     
       host_uart_task.obj             436     0         12     
       control_page.obj               376     0         16     
       ads1x15_task.obj               244     7         132    
       looper_board.obj               336     0         4      
       homepage.obj                   304     0         0      
       console_uart.obj               240     0         4      
       text_controls.obj              210     0         0      
       board_select.obj               124     0         1      
       main.obj                       116     0         0      
       hooks.obj                      42      0         0      
    +--+------------------------------+-------+---------+---------+
       Total:                         10308   837       17699  
                                                               
    .\FreeRTOS\
       tasks.obj                      7644    0         260    
       queue.obj                      4008    0         64     
       list.obj                       298     0         0      
    +--+------------------------------+-------+---------+---------+
       Total:                         11950   0         324    
                                                               
    .\FreeRTOS\portable\CCS\ARM_CM4F\
       port.obj                       652     8         12     
       portasm.obj                    218     0         0      
    +--+------------------------------+-------+---------+---------+
       Total:                         870     8         12     
                                                               
    .\driverlib\
       sysctl.obj                     3834    452       0      
       gpio.obj                       2952    528       0      
       adc.obj                        1986    0         4      
       interrupt.obj                  960     268       620    
       i2c.obj                        1692    128       0      
       timer.obj                      1602    160       0      
       uart.obj                       1560    128       0      
       ssi.obj                        838     64        0      
       fpu.obj                        192     0         0      
       cpu.obj                        62      0         0      
    +--+------------------------------+-------+---------+---------+
       Total:                         15678   1728      624    
                                                               
    .\utils\
       uartstdio.obj                  1192    46        5      
    +--+------------------------------+-------+---------+---------+
       Total:                         1192    46        5      
                                                               
    C:\ti\ccs1020\ccs\tools\compiler\ti-cgt-arm_20.2.2.LTS\lib\rtsv7M4_T_le_v4SPD16_eabi.lib
       _printfi.c.obj                 4851    0         0      
       memory.c.obj                   672     0         8      
       fd_add_t2.asm.obj              438     0         0      
       defs.c.obj                     0       0         416    
       trgmsg.c.obj                   108     0         288    
       fd_div_t2.asm.obj              310     0         0      
       fputs.c.obj                    276     0         0      
       s_scalbn.c.obj                 272     0         0      
       fd_cmp_t2.asm.obj              268     0         0      
       ctype.c.obj                    0       257       0      
       fd_mul_t2.asm.obj              252     0         0      
       setvbuf.c.obj                  220     0         0      
       fflush.c.obj                   200     0         0      
       host_device.c.obj              0       0         200    
       memcpy_t2.asm.obj              156     0         0      
       ull_div_t2.asm.obj             150     0         0      
       memset_t2.asm.obj              122     0         0      
       fclose.c.obj                   116     0         0      
       getdevice.c.obj                116     0         0      
       hostrename.c.obj               108     0         0      
       copy_decompress_lzss.c.obj     104     0         0      
       hostlseek.c.obj                104     0         0      
       hostopen.c.obj                 96      0         8      
       fseek.c.obj                    100     0         0      
       s_frexp.c.obj                  100     0         0      
       _io_perm.c.obj                 98      0         0      
       sprintf.c.obj                  98      0         0      
       close.c.obj                    92      0         0      
       exit.c.obj                     76      0         12     
       hostread.c.obj                 88      0         0      
       hostwrite.c.obj                88      0         0      
       _ltoa.c.obj                    84      0         0      
       atoi.c.obj                     76      0         0      
       fd_toi_t2.asm.obj              72      0         0      
       autoinit.c.obj                 68      0         0      
       hostclose.c.obj                68      0         0      
       hostunlink.c.obj               68      0         0      
       u_divt2.asm.obj                64      0         0      
       fs_tod_t2.asm.obj              56      0         0      
       strncpy.c.obj                  54      0         0      
       boot_cortex_m.c.obj            52      0         0      
       fopen.c.obj                    52      0         0      
       i_tofd_t2.asm.obj              46      0         0      
       unlink.c.obj                   44      0         0      
       lseek.c.obj                    40      0         0      
       write.c.obj                    40      0         0      
       memchr.c.obj                   32      0         0      
       assert.c.obj                   28      0         0      
       memccpy.c.obj                  28      0         0      
       s_copysign.c.obj               26      0         0      
       strcmp.c.obj                   24      0         0      
       strchr.c.obj                   22      0         0      
       strcpy.c.obj                   20      0         0      
       strlen.c.obj                   20      0         0      
       wcslen.c.obj                   18      0         0      
       copy_decompress_none.c.obj     14      0         0      
       copy_zero_init.c.obj           12      0         0      
       errno.c.obj                    8       0         4      
       _lock.c.obj                    2       0         8      
       pre_init.c.obj                 4       0         0      
       div0.asm.obj                   2       0         0      
    +--+------------------------------+-------+---------+---------+
       Total:                         10823   257       944    
                                                               
       Heap:                          0       0         16     
       Stack:                         0       0         512    
       Linker Generated:              0       590       0      
    +--+------------------------------+-------+---------+---------+
       Grand Total:                   50821   3466      20136  


LINKER GENERATED COPY TABLES

__TI_cinit_table @ 0000d420 records: 3, size/record: 8, table size: 24
	.data: load addr=0000d1e8, load size=0000021a bytes, run addr=20004580, run size=00000724 bytes, compression=lzss
	.bss: load addr=0000d410, load size=00000008 bytes, run addr=2000026c, run size=00004311 bytes, compression=zero_init
	.vtable: load addr=0000d418, load size=00000008 bytes, run addr=20000000, run size=0000026c bytes, compression=zero_init


LINKER GENERATED HANDLER TABLE

__TI_handler_table @ 0000d404 records: 3, size/record: 4, table size: 12
	index: 0, handler: __TI_zero_init
	index: 1, handler: __TI_decompress_lzss
	index: 2, handler: __TI_decompress_none


GLOBAL SYMBOLS: SORTED ALPHABETICALLY BY Name 

address   name                               
-------   ----                               
00005bf9  ADCBusy                            
00005c41  ADCClockConfigGet                  
00005c17  ADCClockConfigSet                  
00005a13  ADCComparatorConfigure             
00005ae3  ADCComparatorIntClear              
00005a99  ADCComparatorIntDisable            
00005ab7  ADCComparatorIntEnable             
00005ad5  ADCComparatorIntStatus             
00005a2f  ADCComparatorRegionSet             
00005a53  ADCComparatorReset                 
000059e1  ADCHardwareOversampleConfigure     
000055f7  ADCIntClear                        
00005b5b  ADCIntClearEx                      
0000555d  ADCIntDisable                      
00005af5  ADCIntDisableEx                    
00005579  ADCIntEnable                       
00005b0d  ADCIntEnableEx                     
00005517  ADCIntRegister                     
0000559f  ADCIntStatus                       
00005b29  ADCIntStatusEx                     
0000553f  ADCIntUnregister                   
00005bb3  ADCPhaseDelayGet                   
00005ba1  ADCPhaseDelaySet                   
00005857  ADCProcessorTrigger                
00005b8f  ADCReferenceGet                    
00005b73  ADCReferenceSet                    
000084ff  ADCSeq0Handler                     
0000853f  ADCSeq1Handler                     
00005641  ADCSequenceConfigure               
00005bdd  ADCSequenceDMADisable              
00005bc1  ADCSequenceDMAEnable               
00005815  ADCSequenceDataGet                 
00005627  ADCSequenceDisable                 
0000560d  ADCSequenceEnable                  
000057b9  ADCSequenceOverflow                
000057d1  ADCSequenceOverflowClear           
000056c5  ADCSequenceStepConfigure           
000057e7  ADCSequenceUnderflow               
000057ff  ADCSequenceUnderflowClear          
0000587b  ADCSoftwareOversampleConfigure     
00005973  ADCSoftwareOversampleDataGet       
000058b3  ADCSoftwareOversampleStepConfigure 
0000c90b  C$$EXIT                            
0000c56b  C$$IO$$                            
0000c533  CPUbasepriGet                      
0000c525  CPUbasepriSet                      
0000c4ff  CPUcpsid                           
0000c515  CPUcpsie                           
0000c50b  CPUprimask                         
0000c521  CPUwfi                             
0000b613  FPUDisable                         
0000b601  FPUEnable                          
0000b67f  FPUFlushToZeroModeSet              
0000b64b  FPUHalfPrecisionModeSet            
0000b633  FPULazyStackingEnable              
0000b665  FPUNaNModeSet                      
0000b699  FPURoundingModeSet                 
0000b63f  FPUStackingDisable                 
0000b621  FPUStackingEnable                  
00004a47  GPIOADCTriggerDisable              
00004a29  GPIOADCTriggerEnable               
00004a0b  GPIODMATriggerDisable              
000049ed  GPIODMATriggerEnable               
00003f9f  GPIODirModeGet                     
00003f43  GPIODirModeSet                     
00004507  GPIOIntClear                       
000044cb  GPIOIntDisable                     
000044b1  GPIOIntEnable                      
0000451b  GPIOIntRegister                    
000044e5  GPIOIntStatus                      
0000408f  GPIOIntTypeGet                     
00003feb  GPIOIntTypeSet                     
00004539  GPIOIntUnregister                  
0000435f  GPIOPadConfigGet                   
00004125  GPIOPadConfigSet                   
0000498f  GPIOPinConfigure                   
00004553  GPIOPinRead                        
0000458b  GPIOPinTypeADC                     
000045af  GPIOPinTypeCAN                     
0000495b  GPIOPinTypeCIR                     
000045d3  GPIOPinTypeComparator              
000045f7  GPIOPinTypeEPI                     
0000461b  GPIOPinTypeEthernetLED             
0000463f  GPIOPinTypeEthernetMII             
00004663  GPIOPinTypeGPIOInput               
00004687  GPIOPinTypeGPIOOutput              
000046ab  GPIOPinTypeGPIOOutputOD            
000046cf  GPIOPinTypeI2C                     
000046f3  GPIOPinTypeI2CSCL                  
00004913  GPIOPinTypeKBColumn                
000048ef  GPIOPinTypeKBRow                   
00004717  GPIOPinTypeLCD                     
00004937  GPIOPinTypeLEDSeq                  
0000473b  GPIOPinTypeLPC                     
0000475f  GPIOPinTypePECIRx                  
00004783  GPIOPinTypePECITx                  
000047a7  GPIOPinTypePWM                     
000047cb  GPIOPinTypeQEI                     
000047ef  GPIOPinTypeSSI                     
00004813  GPIOPinTypeTimer                   
00004837  GPIOPinTypeUART                    
0000485b  GPIOPinTypeUSBAnalog               
0000487f  GPIOPinTypeUSBDigital              
000048a3  GPIOPinTypeWakeHigh                
000048c9  GPIOPinTypeWakeLow                 
0000497f  GPIOPinWakeStatus                  
0000456b  GPIOPinWrite                       
0000c331  HOSTclose                          
0000bd59  HOSTlseek                          
0000bf55  HOSTopen                           
0000c011  HOSTread                           
0000bced  HOSTrename                         
0000c375  HOSTunlink                         
0000c069  HOSTwrite                          
00006277  I2CFIFODataGet                     
00006291  I2CFIFODataGetNonBlocking          
0000622d  I2CFIFODataPut                     
0000624f  I2CFIFODataPutNonBlocking          
0000621d  I2CFIFOStatus                      
00005e11  I2CIntRegister                     
00005e2f  I2CIntUnregister                   
000062cd  I2CMasterBurstCountGet             
000062b7  I2CMasterBurstLengthSet            
00006075  I2CMasterBusBusy                   
0000605d  I2CMasterBusy                      
0000608d  I2CMasterControl                   
000060e1  I2CMasterDataGet                   
000060cb  I2CMasterDataPut                   
00005ddd  I2CMasterDisable                   
00005da9  I2CMasterEnable                    
0000609f  I2CMasterErr                       
000062db  I2CMasterGlitchFilterConfigSet     
00005cdf  I2CMasterInitExpClk                
00005fd7  I2CMasterIntClear                  
00005ff5  I2CMasterIntClearEx                
00005ea3  I2CMasterIntDisable                
00005eb3  I2CMasterIntDisableEx              
00005e49  I2CMasterIntEnable                 
00005e59  I2CMasterIntEnableEx               
00005efd  I2CMasterIntStatus                 
00005f41  I2CMasterIntStatusEx               
0000604f  I2CMasterLineStateGet              
0000602d  I2CMasterSlaveAddrSet              
000060ef  I2CMasterTimeoutSet                
000061dd  I2CRxFIFOConfigSet                 
00006205  I2CRxFIFOFlush                     
00006101  I2CSlaveACKOverride                
00006133  I2CSlaveACKValueSet                
00005d6b  I2CSlaveAddressSet                 
0000618d  I2CSlaveDataGet                    
00006175  I2CSlaveDataPut                    
00005df3  I2CSlaveDisable                    
00005dbf  I2CSlaveEnable                     
0000630b  I2CSlaveFIFODisable                
000062f3  I2CSlaveFIFOEnable                 
00005d51  I2CSlaveInit                       
00006007  I2CSlaveIntClear                   
00006019  I2CSlaveIntClearEx                 
00005ecb  I2CSlaveIntDisable                 
00005ee3  I2CSlaveIntDisableEx               
00005e71  I2CSlaveIntEnable                  
00005e89  I2CSlaveIntEnableEx                
00005f6d  I2CSlaveIntStatus                  
00005fb5  I2CSlaveIntStatusEx                
00006165  I2CSlaveStatus                     
0000619d  I2CTxFIFOConfigSet                 
000061c5  I2CTxFIFOFlush                     
0000885d  IntDisable                         
000087eb  IntEnable                          
000088cf  IntIsEnabled                       
000086af  IntMasterDisable                   
0000869f  IntMasterEnable                    
000089c5  IntPendClear                       
00008955  IntPendSet                         
000087c7  IntPriorityGet                     
0000873f  IntPriorityGroupingGet             
00008725  IntPriorityGroupingSet             
00008a1f  IntPriorityMaskGet                 
00008a13  IntPriorityMaskSet                 
00008777  IntPrioritySet                     
000086bf  IntRegister                        
00008a27  IntTrigger                         
00008711  IntUnregister                      
0000c8d9  ResetISR                           
00008d25  SSIAdvDataPutFrameEnd              
00008d4b  SSIAdvDataPutFrameEndNonBlocking   
00008d8d  SSIAdvFrameHoldDisable             
00008d77  SSIAdvFrameHoldEnable              
00008d09  SSIAdvModeSet                      
00008cb3  SSIBusy                            
00008ce5  SSIClockSourceGet                  
00008cd1  SSIClockSourceSet                  
00008abb  SSIConfigSetExpClk                 
00008c9b  SSIDMADisable                      
00008c83  SSIDMAEnable                       
00008c45  SSIDataGet                         
00008c61  SSIDataGetNonBlocking              
00008c0b  SSIDataPut                         
00008c25  SSIDataPutNonBlocking              
00008b5d  SSIDisable                         
00008b47  SSIEnable                          
00008bf9  SSIIntClear                        
00008bc3  SSIIntDisable                      
00008bab  SSIIntEnable                       
00008b73  SSIIntRegister                     
00008bdb  SSIIntStatus                       
00008b91  SSIIntUnregister                   
00003e83  SysCtlAltClkConfig                 
00003659  SysCtlClockFreqSet                 
00003b3d  SysCtlClockGet                     
00003e67  SysCtlClockOutConfig               
00003971  SysCtlClockSet                     
00003559  SysCtlDeepSleep                    
00003d09  SysCtlDeepSleepClockConfigSet      
00003ceb  SysCtlDeepSleepClockSet            
00003539  SysCtlDeepSleepPowerSet            
0000c901  SysCtlDelay                        
000030e7  SysCtlFlashSectorSizeGet           
000030bb  SysCtlFlashSizeGet                 
00003ddf  SysCtlGPIOAHBDisable               
00003dc3  SysCtlGPIOAHBEnable                
000034cd  SysCtlIntClear                     
000034b5  SysCtlIntDisable                   
000034a1  SysCtlIntEnable                    
00003479  SysCtlIntRegister                  
000034dd  SysCtlIntStatus                    
00003491  SysCtlIntUnregister                
0000351f  SysCtlLDODeepSleepGet              
0000350f  SysCtlLDODeepSleepSet              
00003509  SysCtlLDOSleepGet                  
000034f9  SysCtlLDOSleepSet                  
0000358f  SysCtlMOSCConfigSet                
00003e53  SysCtlNMIClear                     
00003e4d  SysCtlNMIStatus                    
000035a5  SysCtlPIOSCCalibrate               
00003dad  SysCtlPWMClockGet                  
00003d93  SysCtlPWMClockSet                  
00003425  SysCtlPeripheralClockGating        
000033dd  SysCtlPeripheralDeepSleepDisable   
0000338d  SysCtlPeripheralDeepSleepEnable    
000032c9  SysCtlPeripheralDisable            
0000328d  SysCtlPeripheralEnable             
000031c9  SysCtlPeripheralPowerOff           
0000318d  SysCtlPeripheralPowerOn            
0000310d  SysCtlPeripheralPresent            
0000314d  SysCtlPeripheralReady              
00003205  SysCtlPeripheralReset              
00003351  SysCtlPeripheralSleepDisable       
0000330d  SysCtlPeripheralSleepEnable        
00003549  SysCtlReset                        
00003605  SysCtlResetBehaviorGet             
000035f5  SysCtlResetBehaviorSet             
0000357b  SysCtlResetCauseClear              
00003575  SysCtlResetCauseGet                
000030b1  SysCtlSRAMSizeGet                  
00003551  SysCtlSleep                        
00003525  SysCtlSleepPowerSet                
00003e0d  SysCtlUSBPLLDisable                
00003dfb  SysCtlUSBPLLEnable                 
00003e39  SysCtlVoltageEventClear            
00003e1d  SysCtlVoltageEventConfig           
00003e2d  SysCtlVoltageEventStatus           
000068dd  TimerADCEventGet                   
000068cb  TimerADCEventSet                   
00006601  TimerClockSourceGet                
000065d7  TimerClockSourceSet                
000063cb  TimerConfigure                     
000064eb  TimerControlEvent                  
00006447  TimerControlLevel                  
00006515  TimerControlStall                  
0000647d  TimerControlTrigger                
0000654b  TimerControlWaitOnTrigger          
000068fd  TimerDMAEventGet                   
000068eb  TimerDMAEventSet                   
000063ad  TimerDisable                       
0000638f  TimerEnable                        
000068a7  TimerIntClear                      
00006871  TimerIntDisable                    
00006859  TimerIntEnable                     
00006813  TimerIntRegister                   
00006889  TimerIntStatus                     
0000683b  TimerIntUnregister                 
000066cb  TimerLoadGet                       
00006701  TimerLoadGet64                     
000066a1  TimerLoadSet                       
000066e7  TimerLoadSet64                     
000067ab  TimerMatchGet                      
000067e1  TimerMatchGet64                    
00006781  TimerMatchSet                      
000067c7  TimerMatchSet64                    
0000663b  TimerPrescaleGet                   
00006685  TimerPrescaleMatchGet              
00006657  TimerPrescaleMatchSet              
00006611  TimerPrescaleSet                   
000065c1  TimerRTCDisable                    
000065ab  TimerRTCEnable                     
000068b9  TimerSynchronize                   
0000690b  TimerUpdateMode                    
00006733  TimerValueGet                      
0000674f  TimerValueGet64                    
00006f31  UART9BitAddrSend                   
00006f0b  UART9BitAddrSet                    
00006ef5  UART9BitDisable                    
00006edf  UART9BitEnable                     
00006d83  UARTBreakCtl                       
00006dad  UARTBusy                           
00006d2b  UARTCharGet                        
00006d0f  UARTCharGetNonBlocking             
00006d65  UARTCharPut                        
00006d41  UARTCharPutNonBlocking             
00006cd3  UARTCharsAvail                     
00006ecf  UARTClockSourceGet                 
00006ebb  UARTClockSourceSet                 
00006aa3  UARTConfigGetExpClk                
00006a2d  UARTConfigSetExpClk                
00006e81  UARTDMADisable                     
00006e69  UARTDMAEnable                      
00006b13  UARTDisable                        
00006b97  UARTDisableSIR                     
00006aef  UARTEnable                         
00006b69  UARTEnableSIR                      
00006b53  UARTFIFODisable                    
00006b3d  UARTFIFOEnable                     
00006a05  UARTFIFOLevelGet                   
000069ed  UARTFIFOLevelSet                   
00006c93  UARTFlowControlGet                 
00006c77  UARTFlowControlSet                 
00006e57  UARTIntClear                       
00006e21  UARTIntDisable                     
00006e09  UARTIntEnable                      
00006dcb  UARTIntRegister                    
00006e39  UARTIntStatus                      
00006de9  UARTIntUnregister                  
00006c2d  UARTModemControlClear              
00006c51  UARTModemControlGet                
00006bf5  UARTModemControlSet                
00006c63  UARTModemStatusGet                 
000069db  UARTParityModeGet                  
000069bf  UARTParityModeSet                  
00006eab  UARTRxErrorClear                   
00006e99  UARTRxErrorGet                     
00006bdf  UARTSmartCardDisable               
00006bad  UARTSmartCardEnable                
00006cf1  UARTSpaceAvail                     
0000798d  UARTStdioConfig                    
00006cc1  UARTTxIntModeGet                   
00006ca5  UARTTxIntModeSet                   
00007add  UARTgetc                           
00007a23  UARTgets                           
00007dff  UARTprintf                         
00007b05  UARTvprintf                        
000079d3  UARTwrite                          
20003ffc  __CIOBUF_                          
20004ea8  __STACK_END                        
00000200  __STACK_SIZE                       
20004ea8  __STACK_TOP                        
00000010  __SYSMEM_SIZE                      
0000d420  __TI_CINIT_Base                    
0000d438  __TI_CINIT_Limit                   
0000d404  __TI_Handler_Table_Base            
0000d410  __TI_Handler_Table_Limit           
0000c3b9  __TI_auto_init_nobinit_nopinit     
0000c5e5  __TI_cleanup                       
20004c18  __TI_cleanup_ptr                   
0000bb25  __TI_closefile                     
0000bdc1  __TI_decompress_lzss               
0000c8bf  __TI_decompress_none               
0000c1bd  __TI_doflush                       
20004c1c  __TI_dtors_ptr                     
20004c20  __TI_enable_exit_profile_output    
20004c08  __TI_ft_end                        
0000c117  __TI_ltoa                          
ffffffff  __TI_pprof_out_hndl                
00004a6d  __TI_printfi                       
ffffffff  __TI_prof_data_size                
ffffffff  __TI_prof_data_start               
0000c619  __TI_readmsg                       
00000000  __TI_static_base__                 
200042fc  __TI_tmpnams                       
0000c53d  __TI_writemsg                      
0000bef1  __TI_wrt_ok                        
0000c8cd  __TI_zero_init                     
0000b8a5  __aeabi_cdcmpeq                    
0000b8a5  __aeabi_cdcmple                    
0000b92b  __aeabi_cdrcmple                   
0000c2e9  __aeabi_d2iz                       
00009d57  __aeabi_dadd                       
0000a7d5  __aeabi_ddiv                       
0000afb1  __aeabi_dmul                       
00009d4d  __aeabi_dsub                       
0000c8f1  __aeabi_errno_addr                 
0000c575  __aeabi_f2d                        
0000c6b1  __aeabi_i2d                        
00005c7f  __aeabi_idiv0                      
00005c7f  __aeabi_ldiv0                      
0000baa9  __aeabi_memclr                     
0000baa9  __aeabi_memclr4                    
0000baa9  __aeabi_memclr8                    
0000b773  __aeabi_memcpy                     
0000b773  __aeabi_memcpy4                    
0000b773  __aeabi_memcpy8                    
0000baab  __aeabi_memset                     
0000baab  __aeabi_memset4                    
0000baab  __aeabi_memset8                    
20004c14  __aeabi_stderr                     
20004c0c  __aeabi_stdin                      
20004c10  __aeabi_stdout                     
0000c441  __aeabi_uidiv                      
0000c441  __aeabi_uidivmod                   
0000b80f  __aeabi_uldivmod                   
ffffffff  __binit__                          
ffffffff  __c_args__                         
UNDEFED   __mpu_init                         
20004ca8  __stack                            
20000000  __start___llvm_prf_cnts            
20000000  __stop___llvm_prf_cnts             
0000c7d1  _abort_msg                         
0000c64d  _c_int00_noargs                    
0000ca30  _ctypes_                           
20004778  _device                            
20004688  _ftable                            
20004c48  _lock                              
000054bb  _nop                               
200047f0  _stream                            
20004ea8  _sys_memory                        
UNDEFED   _system_post_cinit                 
0000c907  _system_pre_init                   
20004c4c  _unlock                            
0000c90b  abort                              
2000452c  adc_info                           
20004c60  adc_pin_struct                     
00008591  adc_task                           
0000700b  add_i2c_msg                        
00007e45  add_page                           
2000455c  addr_ack_err                       
0000b109  ads1x15_drawdata                   
0000b14d  ads1x15_drawinput                  
0000b0f1  ads1x15_drawpage                   
0000b0bb  ads1x15_midi_task                  
0000aeb1  aligned_alloc                      
20004560  arb_lost_err                       
0000c209  atoi                               
0000b557  bgd_color                          
ffffffff  binit                              
20004564  blue_debug                         
0000b549  bold_text_color                    
0000b5a9  clear_below_line                   
0000b59f  clear_in_line                      
0000b595  clear_line                         
0000b58b  clear_terminal                     
20004568  clk_tout_err                       
0000bfb5  close                              
00008119  console_task                       
0000a31f  control_drawdata                   
0000a39f  control_drawinput                  
0000a269  control_drawpage                   
0000c825  copysign                           
0000c825  copysignl                          
00009795  create_error                       
0000b565  cursor_pos                         
2000456c  data_ack_err                       
000006a5  eTaskGetState                      
20004ca0  errno                              
0000c2a1  exit                               
0000ba2d  fflush                             
0000c681  finddevice                         
0000ac8d  fputs                              
0000b291  free                               
0000be29  frexp                              
0000be29  frexpl                             
0000be8d  fseek                              
20000000  g_pfnRAMVectors                    
00000000  g_pfnVectors                       
0000847d  get_adc_config                     
000084f5  get_adc_struct                     
000084c1  get_adc_val                        
0000ba0f  get_board_type                     
0000900d  get_channel                        
0000b1a1  get_char                           
0000a1b9  get_gpi_config                     
0000a21b  get_gpi_struct                     
0000a4ef  get_gpo                            
0000a47f  get_gpo_config                     
0000c3fd  getdevice                          
20004534  gpis_info                          
2000453c  gpo_info                           
20004570  green_debug                        
0000a95f  homepage_drawdata                  
0000a961  homepage_drawinput                 
0000a90d  homepage_drawpage                  
00009f7f  host_uart_task                     
20004c80  i2c_msg_queue                      
00007095  i2c_task                           
000082c9  init_adc                           
0000b0ad  init_ads1x15                       
0000b9b1  init_board_select                  
00007e35  init_console                       
0000b209  init_console_uart                  
000074d1  init_drumpad                       
0000a0b9  init_gpis                          
0000a3e1  init_gpos                          
00009f05  init_host_uart                     
00006f79  init_i2c                           
00009817  init_logger                        
0000a549  init_looper_board                  
00009555  init_midi_ctrl_board               
00008da5  init_rotary_enc                    
00007f01  is_on_screen                       
0000ada1  ldexp                              
0000ada1  ldexpl                             
0000987d  logger_drawdata                    
00009917  logger_drawinput                   
00009843  logger_drawpage                    
20004c70  looper_gpi_info                    
0000d1c4  looper_gpo_info                    
0000c761  lseek                              
0000bb99  main                               
0000c8f9  malloc                             
0000aeb1  memalign                           
0000c809  memccpy                            
0000c7b1  memchr                             
0000b773  memcpy                             
0000bab1  memset                             
20004c78  midi_gpi_info                      
0000d1cc  midi_gpo_info                      
2000420c  pad_states                         
20004544  parmbuf                            
00002f65  pcQueueGetName                     
00000d49  pcTaskGetName                      
00007513  process_drumpad                    
00009b8d  pvPortMalloc                       
00001a85  pvTaskIncrementMutexHeldCount      
20004840  pxCurrentTCB                       
00009059  pxPortInitialiseStack              
0000a1fd  read_gpi                           
20004574  red_debug                          
0000c6e1  remove                             
0000b581  restore_cursor_pos                 
00008e31  rotary_enc_task                    
0000b577  save_cursor_pos                    
0000ada1  scalbn                             
0000ada1  scalbnl                            
0000a033  send_to_host                       
0000a04f  send_to_host_from_isr              
000097f5  set_error                          
0000a4c3  set_gpo                            
0000b52d  set_text_mode                      
0000b375  setvbuf                            
0000792d  slope_drawdata                     
0000792f  slope_drawinput                    
0000792b  slope_drawpage                     
0000c481  sprintf                            
0000c86f  strchr                             
0000c857  strcmp                             
0000c885  strcpy                             
0000c899  strlen                             
0000c5ad  strncpy                            
0000c28d  taskmanager_drawdata               
0000c28f  taskmanager_drawinput              
0000c255  taskmanager_drawpage               
0000b53b  text_color                         
0000a06d  uartmsg_drawdata                   
0000a06f  uartmsg_drawinput                  
0000a06b  uartmsg_drawpage                   
2000026c  ucHeap                             
00002c95  ucQueueGetQueueType                
0000d1d4  ulMaxSyscallInterruptPriority      
0000b461  ulPortGetIPSR                      
00001a9d  ulTaskNotifyTake                   
0000c6e1  unlink                             
0000ab1f  uxListRemove                       
00002c75  uxQueueGetQueueNumber              
00002bbd  uxQueueMessagesWaiting             
00002c21  uxQueueMessagesWaitingFromISR      
00002bed  uxQueueSpacesAvailable             
00000d43  uxTaskGetNumberOfTasks             
00000d91  uxTaskGetSystemState               
0000133b  uxTaskGetTaskNumber                
0000075b  uxTaskPriorityGet                  
0000078d  uxTaskPriorityGetFromISR           
00001a63  uxTaskResetEventItemValue          
0000c71d  vApplicationIdleHook               
0000c70d  vApplicationMallocFailedHook       
0000c71f  vApplicationStackOverflowHook      
0000aa3d  vListInitialise                    
0000aa6d  vListInitialiseItem                
0000aab9  vListInsert                        
0000aa7d  vListInsertEnd                     
0000b51d  vPortEnableVFP                     
00009179  vPortEndScheduler                  
0000919d  vPortEnterCritical                 
000091df  vPortExitCritical                  
00009c8d  vPortFree                          
00009cf1  vPortInitialiseBlocks              
0000b4d9  vPortSVCHandler                    
00009231  vPortSetupTimerInterrupt           
0000b4f9  vPortStartFirstTask                
0000924d  vPortValidateInterruptPriority     
00002f23  vQueueAddToRegistry                
00002c4b  vQueueDelete                       
00002c83  vQueueSetQueueNumber               
00002fa5  vQueueUnregisterQueue              
0000063d  vTaskDelay                         
00000559  vTaskDelayUntil                    
0000048f  vTaskDelete                        
00000be9  vTaskEndScheduler                  
00001441  vTaskGetInfo                       
00001273  vTaskInternalSetTimeOutState       
00001951  vTaskList                          
00001333  vTaskMissedYield                   
00001e69  vTaskNotifyGiveFromISR             
0000105f  vTaskPlaceOnEventList              
000010a1  vTaskPlaceOnUnorderedEventList     
000017fd  vTaskPriorityDisinheritAfterTimeout
000007d1  vTaskPrioritySet                   
000011a9  vTaskRemoveFromUnorderedEventList  
00000a49  vTaskResume                        
0000135b  vTaskSetTaskNumber                 
00001241  vTaskSetTimeOutState               
00000b81  vTaskStartScheduler                
00000905  vTaskSuspend                       
00000c05  vTaskSuspendAll                    
00000f99  vTaskSwitchContext                 
0000c8ad  wcslen                             
0000c789  write                              
00009ceb  xPortGetFreeHeapSize               
0000b479  xPortPendSVHandler                 
000090e5  xPortStartScheduler                
0000920b  xPortSysTickHandler                
00002201  xQueueCreateCountingSemaphore      
000021d5  xQueueCreateMutex                  
000020fd  xQueueGenericCreate                
00002049  xQueueGenericReset                 
00002259  xQueueGenericSend                  
000023ed  xQueueGenericSendFromISR           
000024f1  xQueueGiveFromISR                  
00002e8f  xQueueIsQueueEmptyFromISR          
00002ee9  xQueueIsQueueFullFromISR           
000028e1  xQueuePeek                         
00002b11  xQueuePeekFromISR                  
000025e5  xQueueReceive                      
00002a39  xQueueReceiveFromISR               
20004400  xQueueRegistry                     
00002737  xQueueSemaphoreTake                
0000128d  xTaskCheckForTimeOut               
0000026d  xTaskCreate                        
00001bc9  xTaskGenericNotify                 
00001d09  xTaskGenericNotifyFromISR          
00001615  xTaskGetCurrentTaskHandle          
00000d1f  xTaskGetTickCount                  
00000d2f  xTaskGetTickCountFromISR           
00000e7d  xTaskIncrementTick                 
00001f51  xTaskNotifyStateClear              
00001b13  xTaskNotifyWait                    
00001727  xTaskPriorityDisinherit            
0000164d  xTaskPriorityInherit               
00001105  xTaskRemoveFromEventList           
00000c1d  xTaskResumeAll                     
00000add  xTaskResumeFromISR                 


GLOBAL SYMBOLS: SORTED BY Symbol Address 

address   name                               
-------   ----                               
00000000  __TI_static_base__                 
00000000  g_pfnVectors                       
00000010  __SYSMEM_SIZE                      
00000200  __STACK_SIZE                       
0000026d  xTaskCreate                        
0000048f  vTaskDelete                        
00000559  vTaskDelayUntil                    
0000063d  vTaskDelay                         
000006a5  eTaskGetState                      
0000075b  uxTaskPriorityGet                  
0000078d  uxTaskPriorityGetFromISR           
000007d1  vTaskPrioritySet                   
00000905  vTaskSuspend                       
00000a49  vTaskResume                        
00000add  xTaskResumeFromISR                 
00000b81  vTaskStartScheduler                
00000be9  vTaskEndScheduler                  
00000c05  vTaskSuspendAll                    
00000c1d  xTaskResumeAll                     
00000d1f  xTaskGetTickCount                  
00000d2f  xTaskGetTickCountFromISR           
00000d43  uxTaskGetNumberOfTasks             
00000d49  pcTaskGetName                      
00000d91  uxTaskGetSystemState               
00000e7d  xTaskIncrementTick                 
00000f99  vTaskSwitchContext                 
0000105f  vTaskPlaceOnEventList              
000010a1  vTaskPlaceOnUnorderedEventList     
00001105  xTaskRemoveFromEventList           
000011a9  vTaskRemoveFromUnorderedEventList  
00001241  vTaskSetTimeOutState               
00001273  vTaskInternalSetTimeOutState       
0000128d  xTaskCheckForTimeOut               
00001333  vTaskMissedYield                   
0000133b  uxTaskGetTaskNumber                
0000135b  vTaskSetTaskNumber                 
00001441  vTaskGetInfo                       
00001615  xTaskGetCurrentTaskHandle          
0000164d  xTaskPriorityInherit               
00001727  xTaskPriorityDisinherit            
000017fd  vTaskPriorityDisinheritAfterTimeout
00001951  vTaskList                          
00001a63  uxTaskResetEventItemValue          
00001a85  pvTaskIncrementMutexHeldCount      
00001a9d  ulTaskNotifyTake                   
00001b13  xTaskNotifyWait                    
00001bc9  xTaskGenericNotify                 
00001d09  xTaskGenericNotifyFromISR          
00001e69  vTaskNotifyGiveFromISR             
00001f51  xTaskNotifyStateClear              
00002049  xQueueGenericReset                 
000020fd  xQueueGenericCreate                
000021d5  xQueueCreateMutex                  
00002201  xQueueCreateCountingSemaphore      
00002259  xQueueGenericSend                  
000023ed  xQueueGenericSendFromISR           
000024f1  xQueueGiveFromISR                  
000025e5  xQueueReceive                      
00002737  xQueueSemaphoreTake                
000028e1  xQueuePeek                         
00002a39  xQueueReceiveFromISR               
00002b11  xQueuePeekFromISR                  
00002bbd  uxQueueMessagesWaiting             
00002bed  uxQueueSpacesAvailable             
00002c21  uxQueueMessagesWaitingFromISR      
00002c4b  vQueueDelete                       
00002c75  uxQueueGetQueueNumber              
00002c83  vQueueSetQueueNumber               
00002c95  ucQueueGetQueueType                
00002e8f  xQueueIsQueueEmptyFromISR          
00002ee9  xQueueIsQueueFullFromISR           
00002f23  vQueueAddToRegistry                
00002f65  pcQueueGetName                     
00002fa5  vQueueUnregisterQueue              
000030b1  SysCtlSRAMSizeGet                  
000030bb  SysCtlFlashSizeGet                 
000030e7  SysCtlFlashSectorSizeGet           
0000310d  SysCtlPeripheralPresent            
0000314d  SysCtlPeripheralReady              
0000318d  SysCtlPeripheralPowerOn            
000031c9  SysCtlPeripheralPowerOff           
00003205  SysCtlPeripheralReset              
0000328d  SysCtlPeripheralEnable             
000032c9  SysCtlPeripheralDisable            
0000330d  SysCtlPeripheralSleepEnable        
00003351  SysCtlPeripheralSleepDisable       
0000338d  SysCtlPeripheralDeepSleepEnable    
000033dd  SysCtlPeripheralDeepSleepDisable   
00003425  SysCtlPeripheralClockGating        
00003479  SysCtlIntRegister                  
00003491  SysCtlIntUnregister                
000034a1  SysCtlIntEnable                    
000034b5  SysCtlIntDisable                   
000034cd  SysCtlIntClear                     
000034dd  SysCtlIntStatus                    
000034f9  SysCtlLDOSleepSet                  
00003509  SysCtlLDOSleepGet                  
0000350f  SysCtlLDODeepSleepSet              
0000351f  SysCtlLDODeepSleepGet              
00003525  SysCtlSleepPowerSet                
00003539  SysCtlDeepSleepPowerSet            
00003549  SysCtlReset                        
00003551  SysCtlSleep                        
00003559  SysCtlDeepSleep                    
00003575  SysCtlResetCauseGet                
0000357b  SysCtlResetCauseClear              
0000358f  SysCtlMOSCConfigSet                
000035a5  SysCtlPIOSCCalibrate               
000035f5  SysCtlResetBehaviorSet             
00003605  SysCtlResetBehaviorGet             
00003659  SysCtlClockFreqSet                 
00003971  SysCtlClockSet                     
00003b3d  SysCtlClockGet                     
00003ceb  SysCtlDeepSleepClockSet            
00003d09  SysCtlDeepSleepClockConfigSet      
00003d93  SysCtlPWMClockSet                  
00003dad  SysCtlPWMClockGet                  
00003dc3  SysCtlGPIOAHBEnable                
00003ddf  SysCtlGPIOAHBDisable               
00003dfb  SysCtlUSBPLLEnable                 
00003e0d  SysCtlUSBPLLDisable                
00003e1d  SysCtlVoltageEventConfig           
00003e2d  SysCtlVoltageEventStatus           
00003e39  SysCtlVoltageEventClear            
00003e4d  SysCtlNMIStatus                    
00003e53  SysCtlNMIClear                     
00003e67  SysCtlClockOutConfig               
00003e83  SysCtlAltClkConfig                 
00003f43  GPIODirModeSet                     
00003f9f  GPIODirModeGet                     
00003feb  GPIOIntTypeSet                     
0000408f  GPIOIntTypeGet                     
00004125  GPIOPadConfigSet                   
0000435f  GPIOPadConfigGet                   
000044b1  GPIOIntEnable                      
000044cb  GPIOIntDisable                     
000044e5  GPIOIntStatus                      
00004507  GPIOIntClear                       
0000451b  GPIOIntRegister                    
00004539  GPIOIntUnregister                  
00004553  GPIOPinRead                        
0000456b  GPIOPinWrite                       
0000458b  GPIOPinTypeADC                     
000045af  GPIOPinTypeCAN                     
000045d3  GPIOPinTypeComparator              
000045f7  GPIOPinTypeEPI                     
0000461b  GPIOPinTypeEthernetLED             
0000463f  GPIOPinTypeEthernetMII             
00004663  GPIOPinTypeGPIOInput               
00004687  GPIOPinTypeGPIOOutput              
000046ab  GPIOPinTypeGPIOOutputOD            
000046cf  GPIOPinTypeI2C                     
000046f3  GPIOPinTypeI2CSCL                  
00004717  GPIOPinTypeLCD                     
0000473b  GPIOPinTypeLPC                     
0000475f  GPIOPinTypePECIRx                  
00004783  GPIOPinTypePECITx                  
000047a7  GPIOPinTypePWM                     
000047cb  GPIOPinTypeQEI                     
000047ef  GPIOPinTypeSSI                     
00004813  GPIOPinTypeTimer                   
00004837  GPIOPinTypeUART                    
0000485b  GPIOPinTypeUSBAnalog               
0000487f  GPIOPinTypeUSBDigital              
000048a3  GPIOPinTypeWakeHigh                
000048c9  GPIOPinTypeWakeLow                 
000048ef  GPIOPinTypeKBRow                   
00004913  GPIOPinTypeKBColumn                
00004937  GPIOPinTypeLEDSeq                  
0000495b  GPIOPinTypeCIR                     
0000497f  GPIOPinWakeStatus                  
0000498f  GPIOPinConfigure                   
000049ed  GPIODMATriggerEnable               
00004a0b  GPIODMATriggerDisable              
00004a29  GPIOADCTriggerEnable               
00004a47  GPIOADCTriggerDisable              
00004a6d  __TI_printfi                       
000054bb  _nop                               
00005517  ADCIntRegister                     
0000553f  ADCIntUnregister                   
0000555d  ADCIntDisable                      
00005579  ADCIntEnable                       
0000559f  ADCIntStatus                       
000055f7  ADCIntClear                        
0000560d  ADCSequenceEnable                  
00005627  ADCSequenceDisable                 
00005641  ADCSequenceConfigure               
000056c5  ADCSequenceStepConfigure           
000057b9  ADCSequenceOverflow                
000057d1  ADCSequenceOverflowClear           
000057e7  ADCSequenceUnderflow               
000057ff  ADCSequenceUnderflowClear          
00005815  ADCSequenceDataGet                 
00005857  ADCProcessorTrigger                
0000587b  ADCSoftwareOversampleConfigure     
000058b3  ADCSoftwareOversampleStepConfigure 
00005973  ADCSoftwareOversampleDataGet       
000059e1  ADCHardwareOversampleConfigure     
00005a13  ADCComparatorConfigure             
00005a2f  ADCComparatorRegionSet             
00005a53  ADCComparatorReset                 
00005a99  ADCComparatorIntDisable            
00005ab7  ADCComparatorIntEnable             
00005ad5  ADCComparatorIntStatus             
00005ae3  ADCComparatorIntClear              
00005af5  ADCIntDisableEx                    
00005b0d  ADCIntEnableEx                     
00005b29  ADCIntStatusEx                     
00005b5b  ADCIntClearEx                      
00005b73  ADCReferenceSet                    
00005b8f  ADCReferenceGet                    
00005ba1  ADCPhaseDelaySet                   
00005bb3  ADCPhaseDelayGet                   
00005bc1  ADCSequenceDMAEnable               
00005bdd  ADCSequenceDMADisable              
00005bf9  ADCBusy                            
00005c17  ADCClockConfigSet                  
00005c41  ADCClockConfigGet                  
00005c7f  __aeabi_idiv0                      
00005c7f  __aeabi_ldiv0                      
00005cdf  I2CMasterInitExpClk                
00005d51  I2CSlaveInit                       
00005d6b  I2CSlaveAddressSet                 
00005da9  I2CMasterEnable                    
00005dbf  I2CSlaveEnable                     
00005ddd  I2CMasterDisable                   
00005df3  I2CSlaveDisable                    
00005e11  I2CIntRegister                     
00005e2f  I2CIntUnregister                   
00005e49  I2CMasterIntEnable                 
00005e59  I2CMasterIntEnableEx               
00005e71  I2CSlaveIntEnable                  
00005e89  I2CSlaveIntEnableEx                
00005ea3  I2CMasterIntDisable                
00005eb3  I2CMasterIntDisableEx              
00005ecb  I2CSlaveIntDisable                 
00005ee3  I2CSlaveIntDisableEx               
00005efd  I2CMasterIntStatus                 
00005f41  I2CMasterIntStatusEx               
00005f6d  I2CSlaveIntStatus                  
00005fb5  I2CSlaveIntStatusEx                
00005fd7  I2CMasterIntClear                  
00005ff5  I2CMasterIntClearEx                
00006007  I2CSlaveIntClear                   
00006019  I2CSlaveIntClearEx                 
0000602d  I2CMasterSlaveAddrSet              
0000604f  I2CMasterLineStateGet              
0000605d  I2CMasterBusy                      
00006075  I2CMasterBusBusy                   
0000608d  I2CMasterControl                   
0000609f  I2CMasterErr                       
000060cb  I2CMasterDataPut                   
000060e1  I2CMasterDataGet                   
000060ef  I2CMasterTimeoutSet                
00006101  I2CSlaveACKOverride                
00006133  I2CSlaveACKValueSet                
00006165  I2CSlaveStatus                     
00006175  I2CSlaveDataPut                    
0000618d  I2CSlaveDataGet                    
0000619d  I2CTxFIFOConfigSet                 
000061c5  I2CTxFIFOFlush                     
000061dd  I2CRxFIFOConfigSet                 
00006205  I2CRxFIFOFlush                     
0000621d  I2CFIFOStatus                      
0000622d  I2CFIFODataPut                     
0000624f  I2CFIFODataPutNonBlocking          
00006277  I2CFIFODataGet                     
00006291  I2CFIFODataGetNonBlocking          
000062b7  I2CMasterBurstLengthSet            
000062cd  I2CMasterBurstCountGet             
000062db  I2CMasterGlitchFilterConfigSet     
000062f3  I2CSlaveFIFOEnable                 
0000630b  I2CSlaveFIFODisable                
0000638f  TimerEnable                        
000063ad  TimerDisable                       
000063cb  TimerConfigure                     
00006447  TimerControlLevel                  
0000647d  TimerControlTrigger                
000064eb  TimerControlEvent                  
00006515  TimerControlStall                  
0000654b  TimerControlWaitOnTrigger          
000065ab  TimerRTCEnable                     
000065c1  TimerRTCDisable                    
000065d7  TimerClockSourceSet                
00006601  TimerClockSourceGet                
00006611  TimerPrescaleSet                   
0000663b  TimerPrescaleGet                   
00006657  TimerPrescaleMatchSet              
00006685  TimerPrescaleMatchGet              
000066a1  TimerLoadSet                       
000066cb  TimerLoadGet                       
000066e7  TimerLoadSet64                     
00006701  TimerLoadGet64                     
00006733  TimerValueGet                      
0000674f  TimerValueGet64                    
00006781  TimerMatchSet                      
000067ab  TimerMatchGet                      
000067c7  TimerMatchSet64                    
000067e1  TimerMatchGet64                    
00006813  TimerIntRegister                   
0000683b  TimerIntUnregister                 
00006859  TimerIntEnable                     
00006871  TimerIntDisable                    
00006889  TimerIntStatus                     
000068a7  TimerIntClear                      
000068b9  TimerSynchronize                   
000068cb  TimerADCEventSet                   
000068dd  TimerADCEventGet                   
000068eb  TimerDMAEventSet                   
000068fd  TimerDMAEventGet                   
0000690b  TimerUpdateMode                    
000069bf  UARTParityModeSet                  
000069db  UARTParityModeGet                  
000069ed  UARTFIFOLevelSet                   
00006a05  UARTFIFOLevelGet                   
00006a2d  UARTConfigSetExpClk                
00006aa3  UARTConfigGetExpClk                
00006aef  UARTEnable                         
00006b13  UARTDisable                        
00006b3d  UARTFIFOEnable                     
00006b53  UARTFIFODisable                    
00006b69  UARTEnableSIR                      
00006b97  UARTDisableSIR                     
00006bad  UARTSmartCardEnable                
00006bdf  UARTSmartCardDisable               
00006bf5  UARTModemControlSet                
00006c2d  UARTModemControlClear              
00006c51  UARTModemControlGet                
00006c63  UARTModemStatusGet                 
00006c77  UARTFlowControlSet                 
00006c93  UARTFlowControlGet                 
00006ca5  UARTTxIntModeSet                   
00006cc1  UARTTxIntModeGet                   
00006cd3  UARTCharsAvail                     
00006cf1  UARTSpaceAvail                     
00006d0f  UARTCharGetNonBlocking             
00006d2b  UARTCharGet                        
00006d41  UARTCharPutNonBlocking             
00006d65  UARTCharPut                        
00006d83  UARTBreakCtl                       
00006dad  UARTBusy                           
00006dcb  UARTIntRegister                    
00006de9  UARTIntUnregister                  
00006e09  UARTIntEnable                      
00006e21  UARTIntDisable                     
00006e39  UARTIntStatus                      
00006e57  UARTIntClear                       
00006e69  UARTDMAEnable                      
00006e81  UARTDMADisable                     
00006e99  UARTRxErrorGet                     
00006eab  UARTRxErrorClear                   
00006ebb  UARTClockSourceSet                 
00006ecf  UARTClockSourceGet                 
00006edf  UART9BitEnable                     
00006ef5  UART9BitDisable                    
00006f0b  UART9BitAddrSet                    
00006f31  UART9BitAddrSend                   
00006f79  init_i2c                           
0000700b  add_i2c_msg                        
00007095  i2c_task                           
000074d1  init_drumpad                       
00007513  process_drumpad                    
0000792b  slope_drawpage                     
0000792d  slope_drawdata                     
0000792f  slope_drawinput                    
0000798d  UARTStdioConfig                    
000079d3  UARTwrite                          
00007a23  UARTgets                           
00007add  UARTgetc                           
00007b05  UARTvprintf                        
00007dff  UARTprintf                         
00007e35  init_console                       
00007e45  add_page                           
00007f01  is_on_screen                       
00008119  console_task                       
000082c9  init_adc                           
0000847d  get_adc_config                     
000084c1  get_adc_val                        
000084f5  get_adc_struct                     
000084ff  ADCSeq0Handler                     
0000853f  ADCSeq1Handler                     
00008591  adc_task                           
0000869f  IntMasterEnable                    
000086af  IntMasterDisable                   
000086bf  IntRegister                        
00008711  IntUnregister                      
00008725  IntPriorityGroupingSet             
0000873f  IntPriorityGroupingGet             
00008777  IntPrioritySet                     
000087c7  IntPriorityGet                     
000087eb  IntEnable                          
0000885d  IntDisable                         
000088cf  IntIsEnabled                       
00008955  IntPendSet                         
000089c5  IntPendClear                       
00008a13  IntPriorityMaskSet                 
00008a1f  IntPriorityMaskGet                 
00008a27  IntTrigger                         
00008abb  SSIConfigSetExpClk                 
00008b47  SSIEnable                          
00008b5d  SSIDisable                         
00008b73  SSIIntRegister                     
00008b91  SSIIntUnregister                   
00008bab  SSIIntEnable                       
00008bc3  SSIIntDisable                      
00008bdb  SSIIntStatus                       
00008bf9  SSIIntClear                        
00008c0b  SSIDataPut                         
00008c25  SSIDataPutNonBlocking              
00008c45  SSIDataGet                         
00008c61  SSIDataGetNonBlocking              
00008c83  SSIDMAEnable                       
00008c9b  SSIDMADisable                      
00008cb3  SSIBusy                            
00008cd1  SSIClockSourceSet                  
00008ce5  SSIClockSourceGet                  
00008d09  SSIAdvModeSet                      
00008d25  SSIAdvDataPutFrameEnd              
00008d4b  SSIAdvDataPutFrameEndNonBlocking   
00008d77  SSIAdvFrameHoldEnable              
00008d8d  SSIAdvFrameHoldDisable             
00008da5  init_rotary_enc                    
00008e31  rotary_enc_task                    
0000900d  get_channel                        
00009059  pxPortInitialiseStack              
000090e5  xPortStartScheduler                
00009179  vPortEndScheduler                  
0000919d  vPortEnterCritical                 
000091df  vPortExitCritical                  
0000920b  xPortSysTickHandler                
00009231  vPortSetupTimerInterrupt           
0000924d  vPortValidateInterruptPriority     
00009555  init_midi_ctrl_board               
00009795  create_error                       
000097f5  set_error                          
00009817  init_logger                        
00009843  logger_drawpage                    
0000987d  logger_drawdata                    
00009917  logger_drawinput                   
00009b8d  pvPortMalloc                       
00009c8d  vPortFree                          
00009ceb  xPortGetFreeHeapSize               
00009cf1  vPortInitialiseBlocks              
00009d4d  __aeabi_dsub                       
00009d57  __aeabi_dadd                       
00009f05  init_host_uart                     
00009f7f  host_uart_task                     
0000a033  send_to_host                       
0000a04f  send_to_host_from_isr              
0000a06b  uartmsg_drawpage                   
0000a06d  uartmsg_drawdata                   
0000a06f  uartmsg_drawinput                  
0000a0b9  init_gpis                          
0000a1b9  get_gpi_config                     
0000a1fd  read_gpi                           
0000a21b  get_gpi_struct                     
0000a269  control_drawpage                   
0000a31f  control_drawdata                   
0000a39f  control_drawinput                  
0000a3e1  init_gpos                          
0000a47f  get_gpo_config                     
0000a4c3  set_gpo                            
0000a4ef  get_gpo                            
0000a549  init_looper_board                  
0000a7d5  __aeabi_ddiv                       
0000a90d  homepage_drawpage                  
0000a95f  homepage_drawdata                  
0000a961  homepage_drawinput                 
0000aa3d  vListInitialise                    
0000aa6d  vListInitialiseItem                
0000aa7d  vListInsertEnd                     
0000aab9  vListInsert                        
0000ab1f  uxListRemove                       
0000ac8d  fputs                              
0000ada1  ldexp                              
0000ada1  ldexpl                             
0000ada1  scalbn                             
0000ada1  scalbnl                            
0000aeb1  aligned_alloc                      
0000aeb1  memalign                           
0000afb1  __aeabi_dmul                       
0000b0ad  init_ads1x15                       
0000b0bb  ads1x15_midi_task                  
0000b0f1  ads1x15_drawpage                   
0000b109  ads1x15_drawdata                   
0000b14d  ads1x15_drawinput                  
0000b1a1  get_char                           
0000b209  init_console_uart                  
0000b291  free                               
0000b375  setvbuf                            
0000b461  ulPortGetIPSR                      
0000b479  xPortPendSVHandler                 
0000b4d9  vPortSVCHandler                    
0000b4f9  vPortStartFirstTask                
0000b51d  vPortEnableVFP                     
0000b52d  set_text_mode                      
0000b53b  text_color                         
0000b549  bold_text_color                    
0000b557  bgd_color                          
0000b565  cursor_pos                         
0000b577  save_cursor_pos                    
0000b581  restore_cursor_pos                 
0000b58b  clear_terminal                     
0000b595  clear_line                         
0000b59f  clear_in_line                      
0000b5a9  clear_below_line                   
0000b601  FPUEnable                          
0000b613  FPUDisable                         
0000b621  FPUStackingEnable                  
0000b633  FPULazyStackingEnable              
0000b63f  FPUStackingDisable                 
0000b64b  FPUHalfPrecisionModeSet            
0000b665  FPUNaNModeSet                      
0000b67f  FPUFlushToZeroModeSet              
0000b699  FPURoundingModeSet                 
0000b773  __aeabi_memcpy                     
0000b773  __aeabi_memcpy4                    
0000b773  __aeabi_memcpy8                    
0000b773  memcpy                             
0000b80f  __aeabi_uldivmod                   
0000b8a5  __aeabi_cdcmpeq                    
0000b8a5  __aeabi_cdcmple                    
0000b92b  __aeabi_cdrcmple                   
0000b9b1  init_board_select                  
0000ba0f  get_board_type                     
0000ba2d  fflush                             
0000baa9  __aeabi_memclr                     
0000baa9  __aeabi_memclr4                    
0000baa9  __aeabi_memclr8                    
0000baab  __aeabi_memset                     
0000baab  __aeabi_memset4                    
0000baab  __aeabi_memset8                    
0000bab1  memset                             
0000bb25  __TI_closefile                     
0000bb99  main                               
0000bced  HOSTrename                         
0000bd59  HOSTlseek                          
0000bdc1  __TI_decompress_lzss               
0000be29  frexp                              
0000be29  frexpl                             
0000be8d  fseek                              
0000bef1  __TI_wrt_ok                        
0000bf55  HOSTopen                           
0000bfb5  close                              
0000c011  HOSTread                           
0000c069  HOSTwrite                          
0000c117  __TI_ltoa                          
0000c1bd  __TI_doflush                       
0000c209  atoi                               
0000c255  taskmanager_drawpage               
0000c28d  taskmanager_drawdata               
0000c28f  taskmanager_drawinput              
0000c2a1  exit                               
0000c2e9  __aeabi_d2iz                       
0000c331  HOSTclose                          
0000c375  HOSTunlink                         
0000c3b9  __TI_auto_init_nobinit_nopinit     
0000c3fd  getdevice                          
0000c441  __aeabi_uidiv                      
0000c441  __aeabi_uidivmod                   
0000c481  sprintf                            
0000c4ff  CPUcpsid                           
0000c50b  CPUprimask                         
0000c515  CPUcpsie                           
0000c521  CPUwfi                             
0000c525  CPUbasepriSet                      
0000c533  CPUbasepriGet                      
0000c53d  __TI_writemsg                      
0000c56b  C$$IO$$                            
0000c575  __aeabi_f2d                        
0000c5ad  strncpy                            
0000c5e5  __TI_cleanup                       
0000c619  __TI_readmsg                       
0000c64d  _c_int00_noargs                    
0000c681  finddevice                         
0000c6b1  __aeabi_i2d                        
0000c6e1  remove                             
0000c6e1  unlink                             
0000c70d  vApplicationMallocFailedHook       
0000c71d  vApplicationIdleHook               
0000c71f  vApplicationStackOverflowHook      
0000c761  lseek                              
0000c789  write                              
0000c7b1  memchr                             
0000c7d1  _abort_msg                         
0000c809  memccpy                            
0000c825  copysign                           
0000c825  copysignl                          
0000c857  strcmp                             
0000c86f  strchr                             
0000c885  strcpy                             
0000c899  strlen                             
0000c8ad  wcslen                             
0000c8bf  __TI_decompress_none               
0000c8cd  __TI_zero_init                     
0000c8d9  ResetISR                           
0000c8f1  __aeabi_errno_addr                 
0000c8f9  malloc                             
0000c901  SysCtlDelay                        
0000c907  _system_pre_init                   
0000c90b  C$$EXIT                            
0000c90b  abort                              
0000ca30  _ctypes_                           
0000d1c4  looper_gpo_info                    
0000d1cc  midi_gpo_info                      
0000d1d4  ulMaxSyscallInterruptPriority      
0000d404  __TI_Handler_Table_Base            
0000d410  __TI_Handler_Table_Limit           
0000d420  __TI_CINIT_Base                    
0000d438  __TI_CINIT_Limit                   
20000000  __start___llvm_prf_cnts            
20000000  __stop___llvm_prf_cnts             
20000000  g_pfnRAMVectors                    
2000026c  ucHeap                             
20003ffc  __CIOBUF_                          
2000420c  pad_states                         
200042fc  __TI_tmpnams                       
20004400  xQueueRegistry                     
2000452c  adc_info                           
20004534  gpis_info                          
2000453c  gpo_info                           
20004544  parmbuf                            
2000455c  addr_ack_err                       
20004560  arb_lost_err                       
20004564  blue_debug                         
20004568  clk_tout_err                       
2000456c  data_ack_err                       
20004570  green_debug                        
20004574  red_debug                          
20004688  _ftable                            
20004778  _device                            
200047f0  _stream                            
20004840  pxCurrentTCB                       
20004c08  __TI_ft_end                        
20004c0c  __aeabi_stdin                      
20004c10  __aeabi_stdout                     
20004c14  __aeabi_stderr                     
20004c18  __TI_cleanup_ptr                   
20004c1c  __TI_dtors_ptr                     
20004c20  __TI_enable_exit_profile_output    
20004c48  _lock                              
20004c4c  _unlock                            
20004c60  adc_pin_struct                     
20004c70  looper_gpi_info                    
20004c78  midi_gpi_info                      
20004c80  i2c_msg_queue                      
20004ca0  errno                              
20004ca8  __stack                            
20004ea8  __STACK_END                        
20004ea8  __STACK_TOP                        
20004ea8  _sys_memory                        
ffffffff  __TI_pprof_out_hndl                
ffffffff  __TI_prof_data_size                
ffffffff  __TI_prof_data_start               
ffffffff  __binit__                          
ffffffff  __c_args__                         
ffffffff  binit                              
UNDEFED   __mpu_init                         
UNDEFED   _system_post_cinit                 

[659 symbols]
