******************************************************************************
                  TI ARM Linker PC v20.2.2                     
******************************************************************************
>> Linked Sat Apr 10 21:15:20 2021

OUTPUT FILE NAME:   <drum_pad.out>
ENTRY POINT SYMBOL: "_c_int00_noargs"  address: 0000c3c1


MEMORY CONFIGURATION

         name            origin    length      used     unused   attr    fill
----------------------  --------  ---------  --------  --------  ----  --------
  FLASH                 00000000   00040000  0000d172  00032e8e  R  X
  SRAM                  20000000   00008000  00007588  00000a78  RW X


SEGMENT ALLOCATION MAP

run origin  load origin   length   init length attrs members
----------  ----------- ---------- ----------- ----- -------
00000000    00000000    0000d178   0000d178    r-x
  00000000    00000000    0000026c   0000026c    r-- .intvecs
  0000026c    0000026c    0000c416   0000c416    r-x .text
  0000c684    0000c684    000008c8   000008c8    r-- .const
  0000cf50    0000cf50    00000228   00000228    r-- .cinit
20000000    20000000    00007588   00000000    rw-
  20000000    20000000    0000026c   00000000    rw- .vtable
  2000026c    2000026c    00006b00   00000000    rw- .bss
  20006d6c    20006d6c    0000060c   00000000    rw- .data
  20007378    20007378    00000200   00000000    rw- .stack
  20007578    20007578    00000010   00000000    rw- .sysmem


SECTION ALLOCATION MAP

 output                                  attributes/
section   page    origin      length       input sections
--------  ----  ----------  ----------   ----------------
.intvecs   0    00000000    0000026c     
                  00000000    0000026c     tm4c123gh6pm_startup_ccs.obj (.intvecs)

.text      0    0000026c    0000c416     
                  0000026c    00001ddc     tasks.obj (.text)
                  00002048    00000fa8     queue.obj (.text)
                  00002ff0    00000ef4     sysctl.obj (.text)
                  00003ee4    00000b88     gpio.obj (.text)
                  00004a6c    00000a4e     rtsv7M4_T_le_v4SPD16_eabi.lib : _printfi.c.obj (.text:__TI_printfi)
                  000054ba    00000002                                   : _lock.c.obj (.text:_nop)
                  000054bc    000007c2     adc.obj (.text)
                  00005c7e    00000002     rtsv7M4_T_le_v4SPD16_eabi.lib : div0.asm.obj (.text)
                  00005c80    0000069c     i2c.obj (.text)
                  0000631c    00000642     timer.obj (.text)
                  0000695e    00000002     --HOLE-- [fill = 0]
                  00006960    00000618     uart.obj (.text)
                  00006f78    00000568     I2C_task.obj (.text)
                  000074e0    000004bc     drum_pad_functions.obj (.text)
                  0000799c    000004a8     uartstdio.obj (.text)
                  00007e44    00000494     console_task.obj (.text)
                  000082d8    000003d4     ADC_task.obj (.text)
                  000086ac    000003c0     interrupt.obj (.text)
                  00008a6c    00000346     ssi.obj (.text)
                  00008db2    00000002     --HOLE-- [fill = 0]
                  00008db4    000002b4     rotary_enc_task.obj (.text)
                  00009068    0000028c     port.obj (.text)
                  000092f4    00000270     rtsv7M4_T_le_v4SPD16_eabi.lib : _printfi.c.obj (.text:_pconv_a)
                  00009564    00000254     main.obj (.text)
                  000097b8    00000230     logger.obj (.text)
                  000099e8    000001d0     rtsv7M4_T_le_v4SPD16_eabi.lib : _printfi.c.obj (.text:_pconv_g)
                  00009bb8    000001c0     heap_2.obj (.text)
                  00009d78    000001b6     rtsv7M4_T_le_v4SPD16_eabi.lib : fd_add_t2.asm.obj (.text)
                  00009f2e    00000002     --HOLE-- [fill = 0]
                  00009f30    000001b4     host_uart_task.obj (.text)
                  0000a0e4    0000018c     GPIs.obj (.text)
                  0000a270    00000178     control_page.obj (.text)
                  0000a3e8    00000144     GPOs.obj (.text)
                  0000a52c    0000013c     rtsv7M4_T_le_v4SPD16_eabi.lib : _printfi.c.obj (.text:_pconv_e)
                  0000a668    00000136                                   : fd_div_t2.asm.obj (.text)
                  0000a79e    00000002     --HOLE-- [fill = 0]
                  0000a7a0    00000130     homepage.obj (.text)
                  0000a8d0    0000012a     list.obj (.text)
                  0000a9fa    00000002     --HOLE-- [fill = 0]
                  0000a9fc    00000124     rtsv7M4_T_le_v4SPD16_eabi.lib : _printfi.c.obj (.text:fcvt)
                  0000ab20    00000114                                   : fputs.c.obj (.text:fputs)
                  0000ac34    00000110                                   : s_scalbn.c.obj (.text:scalbn)
                  0000ad44    00000100                                   : memory.c.obj (.text:aligned_alloc)
                  0000ae44    000000fc                                   : fd_mul_t2.asm.obj (.text)
                  0000af40    000000f0     console_uart.obj (.text)
                  0000b030    000000e4     rtsv7M4_T_le_v4SPD16_eabi.lib : memory.c.obj (.text:free)
                  0000b114    000000dc                                   : setvbuf.c.obj (.text:setvbuf)
                  0000b1f0    000000da     portasm.obj (.text)
                  0000b2ca    00000002     --HOLE-- [fill = 0]
                  0000b2cc    000000d2     text_controls.obj (.text)
                  0000b39e    00000002     --HOLE-- [fill = 0]
                  0000b3a0    000000c4     joystick_task.obj (.text)
                  0000b464    000000c0     fpu.obj (.text)
                  0000b524    000000b1     rtsv7M4_T_le_v4SPD16_eabi.lib : _printfi.c.obj (.text:_ltostr)
                  0000b5d5    00000001     --HOLE-- [fill = 0]
                  0000b5d6    0000009c                                   : memcpy_t2.asm.obj (.text)
                  0000b672    00000096                                   : ull_div_t2.asm.obj (.text)
                  0000b708    00000086                                   : fd_cmp_t2.asm.obj (.text:__aeabi_cdcmple)
                  0000b78e    00000086                                   : fd_cmp_t2.asm.obj (.text:__aeabi_cdrcmple)
                  0000b814    0000007c                                   : fflush.c.obj (.text:fflush)
                  0000b890    0000007a                                   : memset_t2.asm.obj (.text)
                  0000b90a    00000002     --HOLE-- [fill = 0]
                  0000b90c    00000074                                   : fclose.c.obj (.text:__TI_closefile)
                  0000b980    00000070                                   : memory.c.obj (.text:split)
                  0000b9f0    0000006e                                   : _printfi.c.obj (.text:_mcpy)
                  0000ba5e    00000002     --HOLE-- [fill = 0]
                  0000ba60    0000006c                                   : hostrename.c.obj (.text:HOSTrename)
                  0000bacc    00000068                                   : hostlseek.c.obj (.text:HOSTlseek)
                  0000bb34    00000068                                   : copy_decompress_lzss.c.obj (.text:decompress:lzss:__TI_decompress_lzss)
                  0000bb9c    00000064                                   : s_frexp.c.obj (.text:frexp)
                  0000bc00    00000064                                   : fseek.c.obj (.text:fseek)
                  0000bc64    00000062                                   : _io_perm.c.obj (.text:__TI_wrt_ok)
                  0000bcc6    00000002     --HOLE-- [fill = 0]
                  0000bcc8    00000060                                   : hostopen.c.obj (.text:HOSTopen)
                  0000bd28    0000005c                                   : close.c.obj (.text:close)
                  0000bd84    00000058                                   : hostread.c.obj (.text:HOSTread)
                  0000bddc    00000058                                   : hostwrite.c.obj (.text:HOSTwrite)
                  0000be34    00000056                                   : _printfi.c.obj (.text:_pconv_f)
                  0000be8a    00000054                                   : _ltoa.c.obj (.text:__TI_ltoa)
                  0000bede    00000052                                   : _printfi.c.obj (.text:_ecpy)
                  0000bf30    0000004c                                   : fflush.c.obj (.text:__TI_doflush)
                  0000bf7c    0000004c                                   : atoi.c.obj (.text:atoi)
                  0000bfc8    0000004c     task_manager_page.obj (.text)
                  0000c014    00000048     rtsv7M4_T_le_v4SPD16_eabi.lib : exit.c.obj (.text:exit)
                  0000c05c    00000048                                   : fd_toi_t2.asm.obj (.text)
                  0000c0a4    00000044                                   : hostclose.c.obj (.text:HOSTclose)
                  0000c0e8    00000044                                   : hostunlink.c.obj (.text:HOSTunlink)
                  0000c12c    00000044                                   : autoinit.c.obj (.text:__TI_auto_init_nobinit_nopinit:__TI_auto_init_nobinit_nopinit)
                  0000c170    00000044                                   : getdevice.c.obj (.text:getdevice)
                  0000c1b4    00000040                                   : u_divt2.asm.obj (.text)
                  0000c1f4    00000040                                   : sprintf.c.obj (.text:sprintf)
                  0000c234    0000003e                                   : _printfi.c.obj (.text:_fcpy)
                  0000c272    0000003e     cpu.obj (.text)
                  0000c2b0    00000038     rtsv7M4_T_le_v4SPD16_eabi.lib : trgmsg.c.obj (.text:__TI_writemsg)
                  0000c2e8    00000038                                   : fs_tod_t2.asm.obj (.text)
                  0000c320    00000036                                   : strncpy.c.obj (.text:strncpy)
                  0000c356    00000002     --HOLE-- [fill = 0]
                  0000c358    00000034                                   : fopen.c.obj (.text:__TI_cleanup)
                  0000c38c    00000034                                   : trgmsg.c.obj (.text:__TI_readmsg)
                  0000c3c0    00000034                                   : boot_cortex_m.c.obj (.text:_c_int00_noargs:_c_int00_noargs)
                  0000c3f4    00000030                                   : getdevice.c.obj (.text:finddevice)
                  0000c424    0000002e                                   : i_tofd_t2.asm.obj (.text)
                  0000c452    00000002     --HOLE-- [fill = 0]
                  0000c454    0000002c                                   : unlink.c.obj (.text:unlink)
                  0000c480    0000002a     hooks.obj (.text)
                  0000c4aa    00000002     --HOLE-- [fill = 0]
                  0000c4ac    00000028     rtsv7M4_T_le_v4SPD16_eabi.lib : memory.c.obj (.text:free_list_insert)
                  0000c4d4    00000028                                   : lseek.c.obj (.text:lseek)
                  0000c4fc    00000028                                   : write.c.obj (.text:write)
                  0000c524    00000020                                   : memchr.c.obj (.text:memchr)
                  0000c544    0000001c                                   : assert.c.obj (.text:_abort_msg)
                  0000c560    0000001c                                   : memory.c.obj (.text:free_list_remove)
                  0000c57c    0000001c                                   : memccpy.c.obj (.text:memccpy)
                  0000c598    0000001a                                   : s_copysign.c.obj (.text:copysign)
                  0000c5b2    00000018                                   : sprintf.c.obj (.text:_outs)
                  0000c5ca    00000018                                   : strcmp.c.obj (.text:strcmp)
                  0000c5e2    00000016                                   : strchr.c.obj (.text:strchr)
                  0000c5f8    00000014                                   : strcpy.c.obj (.text:strcpy)
                  0000c60c    00000014                                   : strlen.c.obj (.text:strlen)
                  0000c620    00000012                                   : wcslen.c.obj (.text:wcslen)
                  0000c632    0000000e                                   : copy_decompress_none.c.obj (.text:decompress:none:__TI_decompress_none)
                  0000c640    0000000c                                   : copy_zero_init.c.obj (.text:decompress:ZI:__TI_zero_init)
                  0000c64c    0000000c     tm4c123gh6pm_startup_ccs.obj (.text)
                  0000c658    0000000a     rtsv7M4_T_le_v4SPD16_eabi.lib : sprintf.c.obj (.text:_outc)
                  0000c662    00000002     --HOLE-- [fill = 0]
                  0000c664    00000008                                   : errno.c.obj (.text:__aeabi_errno_addr)
                  0000c66c    00000008                                   : memory.c.obj (.text:malloc)
                  0000c674    00000006     sysctl.obj (.text:SysCtlDelay)
                  0000c67a    00000004     rtsv7M4_T_le_v4SPD16_eabi.lib : pre_init.c.obj (.text:_system_pre_init)
                  0000c67e    00000004                                   : exit.c.obj (.text:abort:abort)

.const     0    0000c684    000008c8     
                  0000c684    00000120     sysctl.obj (.const:g_pppui32XTALtoVCO)
                  0000c7a4    00000101     rtsv7M4_T_le_v4SPD16_eabi.lib : ctype.c.obj (.const:.string:_ctypes_)
                  0000c8a5    00000003     --HOLE-- [fill = 0]
                  0000c8a8    000000c0     gpio.obj (.const:g_ppui32GPIOIntMapBlizzard)
                  0000c968    000000c0     gpio.obj (.const:g_ppui32GPIOIntMapSnowflake)
                  0000ca28    0000009c     interrupt.obj (.const:g_pui32Regs)
                  0000cac4    00000090     gpio.obj (.const:g_pui32GPIOBaseAddrs)
                  0000cb54    0000006c     sysctl.obj (.const:g_pui32Xtals)
                  0000cbc0    00000060     ADC_task.obj (.const:.string)
                  0000cc20    00000060     timer.obj (.const:g_ppui32TimerIntMap)
                  0000cc80    00000050     i2c.obj (.const:g_ppui32I2CIntMapSnowflake)
                  0000ccd0    00000040     GPIs.obj (.const:.string)
                  0000cd10    00000040     timer.obj (.const:g_ppui32TimerIntMapSnowflake)
                  0000cd50    00000040     uart.obj (.const:g_ppui32UARTIntMap)
                  0000cd90    00000040     uart.obj (.const:g_ppui32UARTIntMapSnowflake)
                  0000cdd0    00000030     i2c.obj (.const:g_ppui32I2CIntMap)
                  0000ce00    00000030     sysctl.obj (.const:g_sXTALtoMEMTIM)
                  0000ce30    00000022     GPOs.obj (.const:.string)
                  0000ce52    00000002     --HOLE-- [fill = 0]
                  0000ce54    00000020     ssi.obj (.const:g_ppui32SSIIntMap)
                  0000ce74    00000020     ssi.obj (.const:g_ppui32SSIIntMapSnowflake)
                  0000ce94    00000020     interrupt.obj (.const:g_pui32Priority)
                  0000ceb4    00000014     interrupt.obj (.const:g_pui32Dii16Regs)
                  0000cec8    00000014     interrupt.obj (.const:g_pui32EnRegs)
                  0000cedc    00000014     interrupt.obj (.const:g_pui32PendRegs)
                  0000cef0    00000014     interrupt.obj (.const:g_pui32UnpendRegs)
                  0000cf04    00000012     uartstdio.obj (.const:.string)
                  0000cf16    00000002     --HOLE-- [fill = 0]
                  0000cf18    0000000c     uartstdio.obj (.const:g_ui32UARTBase)
                  0000cf24    0000000c     uartstdio.obj (.const:g_ui32UARTPeriph)
                  0000cf30    00000008     sysctl.obj (.const:g_pui32VCOFrequencies)
                  0000cf38    00000008     GPOs.obj (.const:gpo_info)
                  0000cf40    00000008     port.obj (.const)
                  0000cf48    00000004     uartstdio.obj (.const)

.cinit     0    0000cf50    00000228     
                  0000cf50    000001ed     (.cinit..data.load) [load image, compression = lzss]
                  0000d13d    00000003     --HOLE-- [fill = 0]
                  0000d140    0000000c     (__TI_handler_table)
                  0000d14c    00000004     --HOLE-- [fill = 0]
                  0000d150    00000008     (.cinit..bss.load) [load image, compression = zero_init]
                  0000d158    00000008     (.cinit..vtable.load) [load image, compression = zero_init]
                  0000d160    00000018     (__TI_cinit_table)

.init_array 
*          0    00000000    00000000     UNINITIALIZED

.vtable    0    20000000    0000026c     UNINITIALIZED
                  20000000    0000026c     interrupt.obj (.vtable)

.bss       0    2000026c    00006b00     UNINITIALIZED
                  2000026c    00006400     (.common:ucHeap)
                  2000666c    00000190     task_manager_page.obj (.bss:write_buffer)
                  200067fc    00000120     rtsv7M4_T_le_v4SPD16_eabi.lib : trgmsg.c.obj (.bss:_CIOBUF_)
                  2000691c    000000f0     logger.obj (.bss:errors)
                  20006a0c    000000f0     (.common:pad_states)
                  20006afc    000000a0     (.common:__TI_tmpnams)
                  20006b9c    00000064     tasks.obj (.bss:pxReadyTasksLists)
                  20006c00    00000040     (.common:xQueueRegistry)
                  20006c40    00000020     ADC_task.obj (.bss:adc00_step_values)
                  20006c60    00000014     drum_pad_functions.obj (.bss:float_string)
                  20006c74    00000014     rotary_enc_task.obj (.bss)
                  20006c88    00000014     tasks.obj (.bss:xDelayedTaskList1)
                  20006c9c    00000014     tasks.obj (.bss:xDelayedTaskList2)
                  20006cb0    00000014     tasks.obj (.bss:xPendingReadyList)
                  20006cc4    00000014     tasks.obj (.bss:xSuspendedTaskList)
                  20006cd8    00000014     tasks.obj (.bss:xTasksWaitingTermination)
                  20006cec    00000010     ADC_task.obj (.bss:adc11_step_values)
                  20006cfc    00000008     ADC_task.obj (.bss)
                  20006d04    00000008     host_uart_task.obj (.bss)
                  20006d0c    00000008     tasks.obj (.bss)
                  20006d14    00000008     heap_2.obj (.bss:xEnd)
                  20006d1c    00000008     heap_2.obj (.bss:xStart)
                  20006d24    00000008     (.common:adc_info)
                  20006d2c    00000008     (.common:gpis_info)
                  20006d34    00000008     (.common:parmbuf)
                  20006d3c    00000004     I2C_task.obj (.bss)
                  20006d40    00000004     console_uart.obj (.bss)
                  20006d44    00000004     drum_pad_functions.obj (.bss)
                  20006d48    00000004     adc.obj (.bss:g_pui8OversampleFactor)
                  20006d4c    00000004     (.common:addr_ack_err)
                  20006d50    00000004     (.common:arb_lost_err)
                  20006d54    00000004     (.common:blue_debug)
                  20006d58    00000004     (.common:clk_tout_err)
                  20006d5c    00000004     (.common:data_ack_err)
                  20006d60    00000004     (.common:green_debug)
                  20006d64    00000004     (.common:red_debug)
                  20006d68    00000002     joystick_task.obj (.bss:joy_x_data)
                  20006d6a    00000002     joystick_task.obj (.bss:joy_y_data)

.data      0    20006d6c    0000060c     UNINITIALIZED
                  20006d6c    000000f0     rtsv7M4_T_le_v4SPD16_eabi.lib : defs.c.obj (.data:_ftable)
                  20006e5c    000000a8     console_task.obj (.data:console_pages)
                  20006f04    00000078     rtsv7M4_T_le_v4SPD16_eabi.lib : host_device.c.obj (.data:_device)
                  20006f7c    00000050                                   : host_device.c.obj (.data:_stream)
                  20006fcc    00000034     tasks.obj (.data)
                  20007000    00000030     ADC_task.obj (.data:adc_pins)
                  20007030    00000024     ADC_task.obj (.data:pad0)
                  20007054    00000024     ADC_task.obj (.data:pad10)
                  20007078    00000024     ADC_task.obj (.data:pad11)
                  2000709c    00000024     ADC_task.obj (.data:pad1)
                  200070c0    00000024     ADC_task.obj (.data:pad2)
                  200070e4    00000024     ADC_task.obj (.data:pad3)
                  20007108    00000024     ADC_task.obj (.data:pad4)
                  2000712c    00000024     ADC_task.obj (.data:pad5)
                  20007150    00000024     ADC_task.obj (.data:pad6)
                  20007174    00000024     ADC_task.obj (.data:pad7)
                  20007198    00000024     ADC_task.obj (.data:pad8)
                  200071bc    00000024     ADC_task.obj (.data:pad9)
                  200071e0    00000020     joystick_task.obj (.data:joy_y_sel)
                  20007200    0000001c     GPIs.obj (.data:gpi_pins)
                  2000721c    00000014     GPOs.obj (.data:blue_led)
                  20007230    00000014     GPIs.obj (.data:enc_bit_0)
                  20007244    00000014     GPIs.obj (.data:enc_bit_1)
                  20007258    00000014     GPIs.obj (.data:enc_bit_2)
                  2000726c    00000014     GPIs.obj (.data:enc_bit_3)
                  20007280    00000014     GPOs.obj (.data:green_led)
                  20007294    00000014     GPIs.obj (.data:octave_down)
                  200072a8    00000014     GPIs.obj (.data:octave_up)
                  200072bc    00000014     GPIs.obj (.data:pressure_sense)
                  200072d0    00000014     GPOs.obj (.data:red_led)
                  200072e4    00000011     console_task.obj (.data)
                  200072f5    00000003     joystick_task.obj (.data:JOY_Y_SEL)
                  200072f8    00000010     rtsv7M4_T_le_v4SPD16_eabi.lib : defs.c.obj (.data)
                  20007308    0000000c                                   : exit.c.obj (.data:$O1$$)
                  20007314    0000000c     GPOs.obj (.data:gpos)
                  20007320    0000000c     port.obj (.data)
                  2000732c    00000008     rtsv7M4_T_le_v4SPD16_eabi.lib : _lock.c.obj (.data:$O1$$)
                  20007334    00000008                                   : memory.c.obj (.data:$O1$$)
                  2000733c    00000008     ADC_task.obj (.data)
                  20007344    00000008     ADC_task.obj (.data:adc_pin_struct)
                  2000734c    00000008     GPIs.obj (.data:gpi_info)
                  20007354    00000008     heap_2.obj (.data)
                  2000735c    00000005     I2C_task.obj (.data)
                  20007361    00000003     --HOLE--
                  20007364    00000005     uartstdio.obj (.data)
                  20007369    00000003     --HOLE--
                  2000736c    00000004     host_uart_task.obj (.data)
                  20007370    00000004     logger.obj (.data)
                  20007374    00000004     rtsv7M4_T_le_v4SPD16_eabi.lib : errno.c.obj (.data)

.stack     0    20007378    00000200     UNINITIALIZED
                  20007378    00000004     rtsv7M4_T_le_v4SPD16_eabi.lib : boot_cortex_m.c.obj (.stack)
                  2000737c    000001fc     --HOLE--

.sysmem    0    20007578    00000010     UNINITIALIZED
                  20007578    00000010     rtsv7M4_T_le_v4SPD16_eabi.lib : memory.c.obj (.sysmem)

__llvm_prf_cnts 
*          0    20000000    00000000     UNINITIALIZED

MODULE SUMMARY

       Module                         code    ro data   rw data
       ------                         ----    -------   -------
    .\
       ADC_task.obj                   980     96        26152  
       drum_pad_functions.obj         1212    0         264    
       I2C_task.obj                   1384    0         25     
       console_task.obj               1172    0         185    
       logger.obj                     560     0         256    
       rotary_enc_task.obj            692     0         20     
       GPIs.obj                       396     64        176    
       tm4c123gh6pm_startup_ccs.obj   12      620       0      
       main.obj                       596     0         0      
       task_manager_page.obj          76      0         400    
       heap_2.obj                     448     0         24     
       host_uart_task.obj             436     0         12     
       GPOs.obj                       324     42        72     
       control_page.obj               376     0         16     
       homepage.obj                   304     0         0      
       console_uart.obj               240     0         4      
       joystick_task.obj              196     0         39     
       text_controls.obj              210     0         0      
       hooks.obj                      42      0         0      
    +--+------------------------------+-------+---------+---------+
       Total:                         9656    822       27645  
                                                               
    .\FreeRTOS\
       tasks.obj                      7644    0         260    
       queue.obj                      4008    0         64     
       list.obj                       298     0         0      
    +--+------------------------------+-------+---------+---------+
       Total:                         11950   0         324    
                                                               
    .\FreeRTOS\portable\CCS\ARM_CM4F\
       port.obj                       652     8         12     
       portasm.obj                    218     0         0      
    +--+------------------------------+-------+---------+---------+
       Total:                         870     8         12     
                                                               
    .\driverlib\
       sysctl.obj                     3834    452       0      
       gpio.obj                       2952    528       0      
       adc.obj                        1986    0         4      
       interrupt.obj                  960     268       620    
       i2c.obj                        1692    128       0      
       timer.obj                      1602    160       0      
       uart.obj                       1560    128       0      
       ssi.obj                        838     64        0      
       fpu.obj                        192     0         0      
       cpu.obj                        62      0         0      
    +--+------------------------------+-------+---------+---------+
       Total:                         15678   1728      624    
                                                               
    .\utils\
       uartstdio.obj                  1192    46        5      
    +--+------------------------------+-------+---------+---------+
       Total:                         1192    46        5      
                                                               
    C:\ti\ccs1020\ccs\tools\compiler\ti-cgt-arm_20.2.2.LTS\lib\rtsv7M4_T_le_v4SPD16_eabi.lib
       _printfi.c.obj                 4851    0         0      
       memory.c.obj                   672     0         8      
       fd_add_t2.asm.obj              438     0         0      
       defs.c.obj                     0       0         416    
       trgmsg.c.obj                   108     0         288    
       fd_div_t2.asm.obj              310     0         0      
       fputs.c.obj                    276     0         0      
       s_scalbn.c.obj                 272     0         0      
       fd_cmp_t2.asm.obj              268     0         0      
       ctype.c.obj                    0       257       0      
       fd_mul_t2.asm.obj              252     0         0      
       setvbuf.c.obj                  220     0         0      
       fflush.c.obj                   200     0         0      
       host_device.c.obj              0       0         200    
       memcpy_t2.asm.obj              156     0         0      
       ull_div_t2.asm.obj             150     0         0      
       memset_t2.asm.obj              122     0         0      
       fclose.c.obj                   116     0         0      
       getdevice.c.obj                116     0         0      
       hostrename.c.obj               108     0         0      
       copy_decompress_lzss.c.obj     104     0         0      
       hostlseek.c.obj                104     0         0      
       hostopen.c.obj                 96      0         8      
       fseek.c.obj                    100     0         0      
       s_frexp.c.obj                  100     0         0      
       _io_perm.c.obj                 98      0         0      
       sprintf.c.obj                  98      0         0      
       close.c.obj                    92      0         0      
       exit.c.obj                     76      0         12     
       hostread.c.obj                 88      0         0      
       hostwrite.c.obj                88      0         0      
       _ltoa.c.obj                    84      0         0      
       atoi.c.obj                     76      0         0      
       fd_toi_t2.asm.obj              72      0         0      
       autoinit.c.obj                 68      0         0      
       hostclose.c.obj                68      0         0      
       hostunlink.c.obj               68      0         0      
       u_divt2.asm.obj                64      0         0      
       fs_tod_t2.asm.obj              56      0         0      
       strncpy.c.obj                  54      0         0      
       boot_cortex_m.c.obj            52      0         0      
       fopen.c.obj                    52      0         0      
       i_tofd_t2.asm.obj              46      0         0      
       unlink.c.obj                   44      0         0      
       lseek.c.obj                    40      0         0      
       write.c.obj                    40      0         0      
       memchr.c.obj                   32      0         0      
       assert.c.obj                   28      0         0      
       memccpy.c.obj                  28      0         0      
       s_copysign.c.obj               26      0         0      
       strcmp.c.obj                   24      0         0      
       strchr.c.obj                   22      0         0      
       strcpy.c.obj                   20      0         0      
       strlen.c.obj                   20      0         0      
       wcslen.c.obj                   18      0         0      
       copy_decompress_none.c.obj     14      0         0      
       copy_zero_init.c.obj           12      0         0      
       errno.c.obj                    8       0         4      
       _lock.c.obj                    2       0         8      
       pre_init.c.obj                 4       0         0      
       div0.asm.obj                   2       0         0      
    +--+------------------------------+-------+---------+---------+
       Total:                         10823   257       944    
                                                               
       Heap:                          0       0         16     
       Stack:                         0       0         512    
       Linker Generated:              0       545       0      
    +--+------------------------------+-------+---------+---------+
       Grand Total:                   50169   3406      30082  


LINKER GENERATED COPY TABLES

__TI_cinit_table @ 0000d160 records: 3, size/record: 8, table size: 24
	.data: load addr=0000cf50, load size=000001ed bytes, run addr=20006d6c, run size=0000060c bytes, compression=lzss
	.bss: load addr=0000d150, load size=00000008 bytes, run addr=2000026c, run size=00006b00 bytes, compression=zero_init
	.vtable: load addr=0000d158, load size=00000008 bytes, run addr=20000000, run size=0000026c bytes, compression=zero_init


LINKER GENERATED HANDLER TABLE

__TI_handler_table @ 0000d140 records: 3, size/record: 4, table size: 12
	index: 0, handler: __TI_zero_init
	index: 1, handler: __TI_decompress_lzss
	index: 2, handler: __TI_decompress_none


GLOBAL SYMBOLS: SORTED ALPHABETICALLY BY Name 

address   name                               
-------   ----                               
00005bf9  ADCBusy                            
00005c41  ADCClockConfigGet                  
00005c17  ADCClockConfigSet                  
00005a13  ADCComparatorConfigure             
00005ae3  ADCComparatorIntClear              
00005a99  ADCComparatorIntDisable            
00005ab7  ADCComparatorIntEnable             
00005ad5  ADCComparatorIntStatus             
00005a2f  ADCComparatorRegionSet             
00005a53  ADCComparatorReset                 
000059e1  ADCHardwareOversampleConfigure     
000055f7  ADCIntClear                        
00005b5b  ADCIntClearEx                      
0000555d  ADCIntDisable                      
00005af5  ADCIntDisableEx                    
00005579  ADCIntEnable                       
00005b0d  ADCIntEnableEx                     
00005517  ADCIntRegister                     
0000559f  ADCIntStatus                       
00005b29  ADCIntStatusEx                     
0000553f  ADCIntUnregister                   
00005bb3  ADCPhaseDelayGet                   
00005ba1  ADCPhaseDelaySet                   
00005857  ADCProcessorTrigger                
00005b8f  ADCReferenceGet                    
00005b73  ADCReferenceSet                    
0000850f  ADCSeq0Handler                     
0000854f  ADCSeq1Handler                     
00005641  ADCSequenceConfigure               
00005bdd  ADCSequenceDMADisable              
00005bc1  ADCSequenceDMAEnable               
00005815  ADCSequenceDataGet                 
00005627  ADCSequenceDisable                 
0000560d  ADCSequenceEnable                  
000057b9  ADCSequenceOverflow                
000057d1  ADCSequenceOverflowClear           
000056c5  ADCSequenceStepConfigure           
000057e7  ADCSequenceUnderflow               
000057ff  ADCSequenceUnderflowClear          
0000587b  ADCSoftwareOversampleConfigure     
00005973  ADCSoftwareOversampleDataGet       
000058b3  ADCSoftwareOversampleStepConfigure 
0000c67f  C$$EXIT                            
0000c2df  C$$IO$$                            
0000c2a7  CPUbasepriGet                      
0000c299  CPUbasepriSet                      
0000c273  CPUcpsid                           
0000c289  CPUcpsie                           
0000c27f  CPUprimask                         
0000c295  CPUwfi                             
0000b477  FPUDisable                         
0000b465  FPUEnable                          
0000b4e3  FPUFlushToZeroModeSet              
0000b4af  FPUHalfPrecisionModeSet            
0000b497  FPULazyStackingEnable              
0000b4c9  FPUNaNModeSet                      
0000b4fd  FPURoundingModeSet                 
0000b4a3  FPUStackingDisable                 
0000b485  FPUStackingEnable                  
00004a47  GPIOADCTriggerDisable              
00004a29  GPIOADCTriggerEnable               
00004a0b  GPIODMATriggerDisable              
000049ed  GPIODMATriggerEnable               
00003f9f  GPIODirModeGet                     
00003f43  GPIODirModeSet                     
00004507  GPIOIntClear                       
000044cb  GPIOIntDisable                     
000044b1  GPIOIntEnable                      
0000451b  GPIOIntRegister                    
000044e5  GPIOIntStatus                      
0000408f  GPIOIntTypeGet                     
00003feb  GPIOIntTypeSet                     
00004539  GPIOIntUnregister                  
0000435f  GPIOPadConfigGet                   
00004125  GPIOPadConfigSet                   
0000498f  GPIOPinConfigure                   
00004553  GPIOPinRead                        
0000458b  GPIOPinTypeADC                     
000045af  GPIOPinTypeCAN                     
0000495b  GPIOPinTypeCIR                     
000045d3  GPIOPinTypeComparator              
000045f7  GPIOPinTypeEPI                     
0000461b  GPIOPinTypeEthernetLED             
0000463f  GPIOPinTypeEthernetMII             
00004663  GPIOPinTypeGPIOInput               
00004687  GPIOPinTypeGPIOOutput              
000046ab  GPIOPinTypeGPIOOutputOD            
000046cf  GPIOPinTypeI2C                     
000046f3  GPIOPinTypeI2CSCL                  
00004913  GPIOPinTypeKBColumn                
000048ef  GPIOPinTypeKBRow                   
00004717  GPIOPinTypeLCD                     
00004937  GPIOPinTypeLEDSeq                  
0000473b  GPIOPinTypeLPC                     
0000475f  GPIOPinTypePECIRx                  
00004783  GPIOPinTypePECITx                  
000047a7  GPIOPinTypePWM                     
000047cb  GPIOPinTypeQEI                     
000047ef  GPIOPinTypeSSI                     
00004813  GPIOPinTypeTimer                   
00004837  GPIOPinTypeUART                    
0000485b  GPIOPinTypeUSBAnalog               
0000487f  GPIOPinTypeUSBDigital              
000048a3  GPIOPinTypeWakeHigh                
000048c9  GPIOPinTypeWakeLow                 
0000497f  GPIOPinWakeStatus                  
0000456b  GPIOPinWrite                       
0000c0a5  HOSTclose                          
0000bacd  HOSTlseek                          
0000bcc9  HOSTopen                           
0000bd85  HOSTread                           
0000ba61  HOSTrename                         
0000c0e9  HOSTunlink                         
0000bddd  HOSTwrite                          
00006277  I2CFIFODataGet                     
00006291  I2CFIFODataGetNonBlocking          
0000622d  I2CFIFODataPut                     
0000624f  I2CFIFODataPutNonBlocking          
0000621d  I2CFIFOStatus                      
00005e11  I2CIntRegister                     
00005e2f  I2CIntUnregister                   
000062cd  I2CMasterBurstCountGet             
000062b7  I2CMasterBurstLengthSet            
00006075  I2CMasterBusBusy                   
0000605d  I2CMasterBusy                      
0000608d  I2CMasterControl                   
000060e1  I2CMasterDataGet                   
000060cb  I2CMasterDataPut                   
00005ddd  I2CMasterDisable                   
00005da9  I2CMasterEnable                    
0000609f  I2CMasterErr                       
000062db  I2CMasterGlitchFilterConfigSet     
00005cdf  I2CMasterInitExpClk                
00005fd7  I2CMasterIntClear                  
00005ff5  I2CMasterIntClearEx                
00005ea3  I2CMasterIntDisable                
00005eb3  I2CMasterIntDisableEx              
00005e49  I2CMasterIntEnable                 
00005e59  I2CMasterIntEnableEx               
00005efd  I2CMasterIntStatus                 
00005f41  I2CMasterIntStatusEx               
0000604f  I2CMasterLineStateGet              
0000602d  I2CMasterSlaveAddrSet              
000060ef  I2CMasterTimeoutSet                
000061dd  I2CRxFIFOConfigSet                 
00006205  I2CRxFIFOFlush                     
00006101  I2CSlaveACKOverride                
00006133  I2CSlaveACKValueSet                
00005d6b  I2CSlaveAddressSet                 
0000618d  I2CSlaveDataGet                    
00006175  I2CSlaveDataPut                    
00005df3  I2CSlaveDisable                    
00005dbf  I2CSlaveEnable                     
0000630b  I2CSlaveFIFODisable                
000062f3  I2CSlaveFIFOEnable                 
00005d51  I2CSlaveInit                       
00006007  I2CSlaveIntClear                   
00006019  I2CSlaveIntClearEx                 
00005ecb  I2CSlaveIntDisable                 
00005ee3  I2CSlaveIntDisableEx               
00005e71  I2CSlaveIntEnable                  
00005e89  I2CSlaveIntEnableEx                
00005f6d  I2CSlaveIntStatus                  
00005fb5  I2CSlaveIntStatusEx                
00006165  I2CSlaveStatus                     
0000619d  I2CTxFIFOConfigSet                 
000061c5  I2CTxFIFOFlush                     
0000886d  IntDisable                         
000087fb  IntEnable                          
000088df  IntIsEnabled                       
000086bf  IntMasterDisable                   
000086af  IntMasterEnable                    
000089d5  IntPendClear                       
00008965  IntPendSet                         
000087d7  IntPriorityGet                     
0000874f  IntPriorityGroupingGet             
00008735  IntPriorityGroupingSet             
00008a2f  IntPriorityMaskGet                 
00008a23  IntPriorityMaskSet                 
00008787  IntPrioritySet                     
000086cf  IntRegister                        
00008a37  IntTrigger                         
00008721  IntUnregister                      
0000c64d  ResetISR                           
00008d35  SSIAdvDataPutFrameEnd              
00008d5b  SSIAdvDataPutFrameEndNonBlocking   
00008d9d  SSIAdvFrameHoldDisable             
00008d87  SSIAdvFrameHoldEnable              
00008d19  SSIAdvModeSet                      
00008cc3  SSIBusy                            
00008cf5  SSIClockSourceGet                  
00008ce1  SSIClockSourceSet                  
00008acb  SSIConfigSetExpClk                 
00008cab  SSIDMADisable                      
00008c93  SSIDMAEnable                       
00008c55  SSIDataGet                         
00008c71  SSIDataGetNonBlocking              
00008c1b  SSIDataPut                         
00008c35  SSIDataPutNonBlocking              
00008b6d  SSIDisable                         
00008b57  SSIEnable                          
00008c09  SSIIntClear                        
00008bd3  SSIIntDisable                      
00008bbb  SSIIntEnable                       
00008b83  SSIIntRegister                     
00008beb  SSIIntStatus                       
00008ba1  SSIIntUnregister                   
00003e83  SysCtlAltClkConfig                 
00003659  SysCtlClockFreqSet                 
00003b3d  SysCtlClockGet                     
00003e67  SysCtlClockOutConfig               
00003971  SysCtlClockSet                     
00003559  SysCtlDeepSleep                    
00003d09  SysCtlDeepSleepClockConfigSet      
00003ceb  SysCtlDeepSleepClockSet            
00003539  SysCtlDeepSleepPowerSet            
0000c675  SysCtlDelay                        
000030e7  SysCtlFlashSectorSizeGet           
000030bb  SysCtlFlashSizeGet                 
00003ddf  SysCtlGPIOAHBDisable               
00003dc3  SysCtlGPIOAHBEnable                
000034cd  SysCtlIntClear                     
000034b5  SysCtlIntDisable                   
000034a1  SysCtlIntEnable                    
00003479  SysCtlIntRegister                  
000034dd  SysCtlIntStatus                    
00003491  SysCtlIntUnregister                
0000351f  SysCtlLDODeepSleepGet              
0000350f  SysCtlLDODeepSleepSet              
00003509  SysCtlLDOSleepGet                  
000034f9  SysCtlLDOSleepSet                  
0000358f  SysCtlMOSCConfigSet                
00003e53  SysCtlNMIClear                     
00003e4d  SysCtlNMIStatus                    
000035a5  SysCtlPIOSCCalibrate               
00003dad  SysCtlPWMClockGet                  
00003d93  SysCtlPWMClockSet                  
00003425  SysCtlPeripheralClockGating        
000033dd  SysCtlPeripheralDeepSleepDisable   
0000338d  SysCtlPeripheralDeepSleepEnable    
000032c9  SysCtlPeripheralDisable            
0000328d  SysCtlPeripheralEnable             
000031c9  SysCtlPeripheralPowerOff           
0000318d  SysCtlPeripheralPowerOn            
0000310d  SysCtlPeripheralPresent            
0000314d  SysCtlPeripheralReady              
00003205  SysCtlPeripheralReset              
00003351  SysCtlPeripheralSleepDisable       
0000330d  SysCtlPeripheralSleepEnable        
00003549  SysCtlReset                        
00003605  SysCtlResetBehaviorGet             
000035f5  SysCtlResetBehaviorSet             
0000357b  SysCtlResetCauseClear              
00003575  SysCtlResetCauseGet                
000030b1  SysCtlSRAMSizeGet                  
00003551  SysCtlSleep                        
00003525  SysCtlSleepPowerSet                
00003e0d  SysCtlUSBPLLDisable                
00003dfb  SysCtlUSBPLLEnable                 
00003e39  SysCtlVoltageEventClear            
00003e1d  SysCtlVoltageEventConfig           
00003e2d  SysCtlVoltageEventStatus           
000068dd  TimerADCEventGet                   
000068cb  TimerADCEventSet                   
00006601  TimerClockSourceGet                
000065d7  TimerClockSourceSet                
000063cb  TimerConfigure                     
000064eb  TimerControlEvent                  
00006447  TimerControlLevel                  
00006515  TimerControlStall                  
0000647d  TimerControlTrigger                
0000654b  TimerControlWaitOnTrigger          
000068fd  TimerDMAEventGet                   
000068eb  TimerDMAEventSet                   
000063ad  TimerDisable                       
0000638f  TimerEnable                        
000068a7  TimerIntClear                      
00006871  TimerIntDisable                    
00006859  TimerIntEnable                     
00006813  TimerIntRegister                   
00006889  TimerIntStatus                     
0000683b  TimerIntUnregister                 
000066cb  TimerLoadGet                       
00006701  TimerLoadGet64                     
000066a1  TimerLoadSet                       
000066e7  TimerLoadSet64                     
000067ab  TimerMatchGet                      
000067e1  TimerMatchGet64                    
00006781  TimerMatchSet                      
000067c7  TimerMatchSet64                    
0000663b  TimerPrescaleGet                   
00006685  TimerPrescaleMatchGet              
00006657  TimerPrescaleMatchSet              
00006611  TimerPrescaleSet                   
000065c1  TimerRTCDisable                    
000065ab  TimerRTCEnable                     
000068b9  TimerSynchronize                   
0000690b  TimerUpdateMode                    
00006733  TimerValueGet                      
0000674f  TimerValueGet64                    
00006f31  UART9BitAddrSend                   
00006f0b  UART9BitAddrSet                    
00006ef5  UART9BitDisable                    
00006edf  UART9BitEnable                     
00006d83  UARTBreakCtl                       
00006dad  UARTBusy                           
00006d2b  UARTCharGet                        
00006d0f  UARTCharGetNonBlocking             
00006d65  UARTCharPut                        
00006d41  UARTCharPutNonBlocking             
00006cd3  UARTCharsAvail                     
00006ecf  UARTClockSourceGet                 
00006ebb  UARTClockSourceSet                 
00006aa3  UARTConfigGetExpClk                
00006a2d  UARTConfigSetExpClk                
00006e81  UARTDMADisable                     
00006e69  UARTDMAEnable                      
00006b13  UARTDisable                        
00006b97  UARTDisableSIR                     
00006aef  UARTEnable                         
00006b69  UARTEnableSIR                      
00006b53  UARTFIFODisable                    
00006b3d  UARTFIFOEnable                     
00006a05  UARTFIFOLevelGet                   
000069ed  UARTFIFOLevelSet                   
00006c93  UARTFlowControlGet                 
00006c77  UARTFlowControlSet                 
00006e57  UARTIntClear                       
00006e21  UARTIntDisable                     
00006e09  UARTIntEnable                      
00006dcb  UARTIntRegister                    
00006e39  UARTIntStatus                      
00006de9  UARTIntUnregister                  
00006c2d  UARTModemControlClear              
00006c51  UARTModemControlGet                
00006bf5  UARTModemControlSet                
00006c63  UARTModemStatusGet                 
000069db  UARTParityModeGet                  
000069bf  UARTParityModeSet                  
00006eab  UARTRxErrorClear                   
00006e99  UARTRxErrorGet                     
00006bdf  UARTSmartCardDisable               
00006bad  UARTSmartCardEnable                
00006cf1  UARTSpaceAvail                     
0000799d  UARTStdioConfig                    
00006cc1  UARTTxIntModeGet                   
00006ca5  UARTTxIntModeSet                   
00007aed  UARTgetc                           
00007a33  UARTgets                           
00007e0f  UARTprintf                         
00007b15  UARTvprintf                        
000079e3  UARTwrite                          
200067fc  __CIOBUF_                          
20007578  __STACK_END                        
00000200  __STACK_SIZE                       
20007578  __STACK_TOP                        
00000010  __SYSMEM_SIZE                      
0000d160  __TI_CINIT_Base                    
0000d178  __TI_CINIT_Limit                   
0000d140  __TI_Handler_Table_Base            
0000d14c  __TI_Handler_Table_Limit           
0000c12d  __TI_auto_init_nobinit_nopinit     
0000c359  __TI_cleanup                       
20007308  __TI_cleanup_ptr                   
0000b90d  __TI_closefile                     
0000bb35  __TI_decompress_lzss               
0000c633  __TI_decompress_none               
0000bf31  __TI_doflush                       
2000730c  __TI_dtors_ptr                     
20007310  __TI_enable_exit_profile_output    
200072f8  __TI_ft_end                        
0000be8b  __TI_ltoa                          
ffffffff  __TI_pprof_out_hndl                
00004a6d  __TI_printfi                       
ffffffff  __TI_prof_data_size                
ffffffff  __TI_prof_data_start               
0000c38d  __TI_readmsg                       
00000000  __TI_static_base__                 
20006afc  __TI_tmpnams                       
0000c2b1  __TI_writemsg                      
0000bc65  __TI_wrt_ok                        
0000c641  __TI_zero_init                     
0000b709  __aeabi_cdcmpeq                    
0000b709  __aeabi_cdcmple                    
0000b78f  __aeabi_cdrcmple                   
0000c05d  __aeabi_d2iz                       
00009d83  __aeabi_dadd                       
0000a669  __aeabi_ddiv                       
0000ae45  __aeabi_dmul                       
00009d79  __aeabi_dsub                       
0000c665  __aeabi_errno_addr                 
0000c2e9  __aeabi_f2d                        
0000c425  __aeabi_i2d                        
00005c7f  __aeabi_idiv0                      
00005c7f  __aeabi_ldiv0                      
0000b891  __aeabi_memclr                     
0000b891  __aeabi_memclr4                    
0000b891  __aeabi_memclr8                    
0000b5d7  __aeabi_memcpy                     
0000b5d7  __aeabi_memcpy4                    
0000b5d7  __aeabi_memcpy8                    
0000b893  __aeabi_memset                     
0000b893  __aeabi_memset4                    
0000b893  __aeabi_memset8                    
20007304  __aeabi_stderr                     
200072fc  __aeabi_stdin                      
20007300  __aeabi_stdout                     
0000c1b5  __aeabi_uidiv                      
0000c1b5  __aeabi_uidivmod                   
0000b673  __aeabi_uldivmod                   
ffffffff  __binit__                          
ffffffff  __c_args__                         
UNDEFED   __mpu_init                         
20007378  __stack                            
20000000  __start___llvm_prf_cnts            
20000000  __stop___llvm_prf_cnts             
0000c545  _abort_msg                         
0000c3c1  _c_int00_noargs                    
0000c7a4  _ctypes_                           
20006f04  _device                            
20006d6c  _ftable                            
2000732c  _lock                              
000054bb  _nop                               
20006f7c  _stream                            
20007578  _sys_memory                        
UNDEFED   _system_post_cinit                 
0000c67b  _system_pre_init                   
20007330  _unlock                            
0000c67f  abort                              
20006d24  adc_info                           
20007344  adc_pin_struct                     
000085a1  adc_task                           
0000700b  add_i2c_msg                        
00007e55  add_page                           
20006d4c  addr_ack_err                       
0000ad45  aligned_alloc                      
20006d50  arb_lost_err                       
0000bf7d  atoi                               
0000b2f7  bgd_color                          
ffffffff  binit                              
20006d54  blue_debug                         
0000b2e9  bold_text_color                    
0000b349  clear_below_line                   
0000b33f  clear_in_line                      
0000b335  clear_line                         
0000b32b  clear_terminal                     
20006d58  clk_tout_err                       
0000bd29  close                              
00008129  console_task                       
0000a327  control_drawdata                   
0000a3a7  control_drawinput                  
0000a271  control_drawpage                   
0000c599  copysign                           
0000c599  copysignl                          
000097b9  create_error                       
0000b305  cursor_pos                         
20006d5c  data_ack_err                       
000006a5  eTaskGetState                      
20007374  errno                              
0000c015  exit                               
0000b815  fflush                             
0000c3f5  finddevice                         
0000ab21  fputs                              
0000b031  free                               
0000bb9d  frexp                              
0000bb9d  frexpl                             
0000bc01  fseek                              
20000000  g_pfnRAMVectors                    
00000000  g_pfnVectors                       
0000848d  get_adc_config                     
00008505  get_adc_struct                     
000084d1  get_adc_val                        
0000901d  get_channel                        
0000af41  get_char                           
0000a1c9  get_gpi_config                     
0000a22b  get_gpi_struct                     
0000a4db  get_gpo                            
0000a46b  get_gpo_config                     
0000c171  getdevice                          
2000734c  gpi_info                           
20006d2c  gpis_info                          
0000cf38  gpo_info                           
20006d60  green_debug                        
0000a7f3  homepage_drawdata                  
0000a7f5  homepage_drawinput                 
0000a7a1  homepage_drawpage                  
00009fab  host_uart_task                     
2000735c  i2c_msg_queue                      
00007095  i2c_task                           
000082d9  init_adc                           
00007e45  init_console                       
0000afa9  init_console_uart                  
000074e1  init_drumpad                       
0000a0e5  init_gpis                          
0000a3e9  init_gpos                          
00009f31  init_host_uart                     
00006f79  init_i2c                           
0000b3a1  init_joystick                      
0000982b  init_logger                        
00008db5  init_rotary_enc                    
00007f11  is_on_screen                       
0000b3d9  joystick_drawdata                  
0000b41d  joystick_drawinput                 
0000b3c1  joystick_drawpage                  
0000b3af  joystick_task                      
0000ac35  ldexp                              
0000ac35  ldexpl                             
00009891  logger_drawdata                    
00009941  logger_drawinput                   
00009857  logger_drawpage                    
0000c4d5  lseek                              
00009565  main                               
0000c66d  malloc                             
0000ad45  memalign                           
0000c57d  memccpy                            
0000c525  memchr                             
0000b5d7  memcpy                             
0000b899  memset                             
20006a0c  pad_states                         
20006d34  parmbuf                            
00002f65  pcQueueGetName                     
00000d49  pcTaskGetName                      
00007523  process_drumpad                    
00009bb9  pvPortMalloc                       
00001a85  pvTaskIncrementMutexHeldCount      
20006fcc  pxCurrentTCB                       
00009069  pxPortInitialiseStack              
0000a20d  read_gpi                           
20006d64  red_debug                          
0000c455  remove                             
0000b321  restore_cursor_pos                 
00008e41  rotary_enc_task                    
0000b317  save_cursor_pos                    
0000ac35  scalbn                             
0000ac35  scalbnl                            
0000a05f  send_to_host                       
0000a07b  send_to_host_from_isr              
00009819  set_error                          
0000a4af  set_gpo                            
0000b2cd  set_text_mode                      
0000b115  setvbuf                            
0000793d  slope_drawdata                     
0000793f  slope_drawinput                    
0000793b  slope_drawpage                     
0000c1f5  sprintf                            
0000c5e3  strchr                             
0000c5cb  strcmp                             
0000c5f9  strcpy                             
0000c60d  strlen                             
0000c321  strncpy                            
0000c001  taskmanager_drawdata               
0000c003  taskmanager_drawinput              
0000bfc9  taskmanager_drawpage               
0000b2db  text_color                         
0000a099  uartmsg_drawdata                   
0000a09b  uartmsg_drawinput                  
0000a097  uartmsg_drawpage                   
2000026c  ucHeap                             
00002c95  ucQueueGetQueueType                
0000cf40  ulMaxSyscallInterruptPriority      
0000b201  ulPortGetIPSR                      
00001a9d  ulTaskNotifyTake                   
0000c455  unlink                             
0000a9b3  uxListRemove                       
00002c75  uxQueueGetQueueNumber              
00002bbd  uxQueueMessagesWaiting             
00002c21  uxQueueMessagesWaitingFromISR      
00002bed  uxQueueSpacesAvailable             
00000d43  uxTaskGetNumberOfTasks             
00000d91  uxTaskGetSystemState               
0000133b  uxTaskGetTaskNumber                
0000075b  uxTaskPriorityGet                  
0000078d  uxTaskPriorityGetFromISR           
00001a63  uxTaskResetEventItemValue          
0000c491  vApplicationIdleHook               
0000c481  vApplicationMallocFailedHook       
0000c493  vApplicationStackOverflowHook      
0000a8d1  vListInitialise                    
0000a901  vListInitialiseItem                
0000a94d  vListInsert                        
0000a911  vListInsertEnd                     
0000b2bd  vPortEnableVFP                     
00009189  vPortEndScheduler                  
000091ad  vPortEnterCritical                 
000091ef  vPortExitCritical                  
00009cb9  vPortFree                          
00009d1d  vPortInitialiseBlocks              
0000b279  vPortSVCHandler                    
00009241  vPortSetupTimerInterrupt           
0000b299  vPortStartFirstTask                
0000925d  vPortValidateInterruptPriority     
00002f23  vQueueAddToRegistry                
00002c4b  vQueueDelete                       
00002c83  vQueueSetQueueNumber               
00002fa5  vQueueUnregisterQueue              
0000063d  vTaskDelay                         
00000559  vTaskDelayUntil                    
0000048f  vTaskDelete                        
00000be9  vTaskEndScheduler                  
00001441  vTaskGetInfo                       
00001273  vTaskInternalSetTimeOutState       
00001951  vTaskList                          
00001333  vTaskMissedYield                   
00001e69  vTaskNotifyGiveFromISR             
0000105f  vTaskPlaceOnEventList              
000010a1  vTaskPlaceOnUnorderedEventList     
000017fd  vTaskPriorityDisinheritAfterTimeout
000007d1  vTaskPrioritySet                   
000011a9  vTaskRemoveFromUnorderedEventList  
00000a49  vTaskResume                        
0000135b  vTaskSetTaskNumber                 
00001241  vTaskSetTimeOutState               
00000b81  vTaskStartScheduler                
00000905  vTaskSuspend                       
00000c05  vTaskSuspendAll                    
00000f99  vTaskSwitchContext                 
0000c621  wcslen                             
0000c4fd  write                              
00009d17  xPortGetFreeHeapSize               
0000b219  xPortPendSVHandler                 
000090f5  xPortStartScheduler                
0000921b  xPortSysTickHandler                
00002201  xQueueCreateCountingSemaphore      
000021d5  xQueueCreateMutex                  
000020fd  xQueueGenericCreate                
00002049  xQueueGenericReset                 
00002259  xQueueGenericSend                  
000023ed  xQueueGenericSendFromISR           
000024f1  xQueueGiveFromISR                  
00002e8f  xQueueIsQueueEmptyFromISR          
00002ee9  xQueueIsQueueFullFromISR           
000028e1  xQueuePeek                         
00002b11  xQueuePeekFromISR                  
000025e5  xQueueReceive                      
00002a39  xQueueReceiveFromISR               
20006c00  xQueueRegistry                     
00002737  xQueueSemaphoreTake                
0000128d  xTaskCheckForTimeOut               
0000026d  xTaskCreate                        
00001bc9  xTaskGenericNotify                 
00001d09  xTaskGenericNotifyFromISR          
00001615  xTaskGetCurrentTaskHandle          
00000d1f  xTaskGetTickCount                  
00000d2f  xTaskGetTickCountFromISR           
00000e7d  xTaskIncrementTick                 
00001f51  xTaskNotifyStateClear              
00001b13  xTaskNotifyWait                    
00001727  xTaskPriorityDisinherit            
0000164d  xTaskPriorityInherit               
00001105  xTaskRemoveFromEventList           
00000c1d  xTaskResumeAll                     
00000add  xTaskResumeFromISR                 


GLOBAL SYMBOLS: SORTED BY Symbol Address 

address   name                               
-------   ----                               
00000000  __TI_static_base__                 
00000000  g_pfnVectors                       
00000010  __SYSMEM_SIZE                      
00000200  __STACK_SIZE                       
0000026d  xTaskCreate                        
0000048f  vTaskDelete                        
00000559  vTaskDelayUntil                    
0000063d  vTaskDelay                         
000006a5  eTaskGetState                      
0000075b  uxTaskPriorityGet                  
0000078d  uxTaskPriorityGetFromISR           
000007d1  vTaskPrioritySet                   
00000905  vTaskSuspend                       
00000a49  vTaskResume                        
00000add  xTaskResumeFromISR                 
00000b81  vTaskStartScheduler                
00000be9  vTaskEndScheduler                  
00000c05  vTaskSuspendAll                    
00000c1d  xTaskResumeAll                     
00000d1f  xTaskGetTickCount                  
00000d2f  xTaskGetTickCountFromISR           
00000d43  uxTaskGetNumberOfTasks             
00000d49  pcTaskGetName                      
00000d91  uxTaskGetSystemState               
00000e7d  xTaskIncrementTick                 
00000f99  vTaskSwitchContext                 
0000105f  vTaskPlaceOnEventList              
000010a1  vTaskPlaceOnUnorderedEventList     
00001105  xTaskRemoveFromEventList           
000011a9  vTaskRemoveFromUnorderedEventList  
00001241  vTaskSetTimeOutState               
00001273  vTaskInternalSetTimeOutState       
0000128d  xTaskCheckForTimeOut               
00001333  vTaskMissedYield                   
0000133b  uxTaskGetTaskNumber                
0000135b  vTaskSetTaskNumber                 
00001441  vTaskGetInfo                       
00001615  xTaskGetCurrentTaskHandle          
0000164d  xTaskPriorityInherit               
00001727  xTaskPriorityDisinherit            
000017fd  vTaskPriorityDisinheritAfterTimeout
00001951  vTaskList                          
00001a63  uxTaskResetEventItemValue          
00001a85  pvTaskIncrementMutexHeldCount      
00001a9d  ulTaskNotifyTake                   
00001b13  xTaskNotifyWait                    
00001bc9  xTaskGenericNotify                 
00001d09  xTaskGenericNotifyFromISR          
00001e69  vTaskNotifyGiveFromISR             
00001f51  xTaskNotifyStateClear              
00002049  xQueueGenericReset                 
000020fd  xQueueGenericCreate                
000021d5  xQueueCreateMutex                  
00002201  xQueueCreateCountingSemaphore      
00002259  xQueueGenericSend                  
000023ed  xQueueGenericSendFromISR           
000024f1  xQueueGiveFromISR                  
000025e5  xQueueReceive                      
00002737  xQueueSemaphoreTake                
000028e1  xQueuePeek                         
00002a39  xQueueReceiveFromISR               
00002b11  xQueuePeekFromISR                  
00002bbd  uxQueueMessagesWaiting             
00002bed  uxQueueSpacesAvailable             
00002c21  uxQueueMessagesWaitingFromISR      
00002c4b  vQueueDelete                       
00002c75  uxQueueGetQueueNumber              
00002c83  vQueueSetQueueNumber               
00002c95  ucQueueGetQueueType                
00002e8f  xQueueIsQueueEmptyFromISR          
00002ee9  xQueueIsQueueFullFromISR           
00002f23  vQueueAddToRegistry                
00002f65  pcQueueGetName                     
00002fa5  vQueueUnregisterQueue              
000030b1  SysCtlSRAMSizeGet                  
000030bb  SysCtlFlashSizeGet                 
000030e7  SysCtlFlashSectorSizeGet           
0000310d  SysCtlPeripheralPresent            
0000314d  SysCtlPeripheralReady              
0000318d  SysCtlPeripheralPowerOn            
000031c9  SysCtlPeripheralPowerOff           
00003205  SysCtlPeripheralReset              
0000328d  SysCtlPeripheralEnable             
000032c9  SysCtlPeripheralDisable            
0000330d  SysCtlPeripheralSleepEnable        
00003351  SysCtlPeripheralSleepDisable       
0000338d  SysCtlPeripheralDeepSleepEnable    
000033dd  SysCtlPeripheralDeepSleepDisable   
00003425  SysCtlPeripheralClockGating        
00003479  SysCtlIntRegister                  
00003491  SysCtlIntUnregister                
000034a1  SysCtlIntEnable                    
000034b5  SysCtlIntDisable                   
000034cd  SysCtlIntClear                     
000034dd  SysCtlIntStatus                    
000034f9  SysCtlLDOSleepSet                  
00003509  SysCtlLDOSleepGet                  
0000350f  SysCtlLDODeepSleepSet              
0000351f  SysCtlLDODeepSleepGet              
00003525  SysCtlSleepPowerSet                
00003539  SysCtlDeepSleepPowerSet            
00003549  SysCtlReset                        
00003551  SysCtlSleep                        
00003559  SysCtlDeepSleep                    
00003575  SysCtlResetCauseGet                
0000357b  SysCtlResetCauseClear              
0000358f  SysCtlMOSCConfigSet                
000035a5  SysCtlPIOSCCalibrate               
000035f5  SysCtlResetBehaviorSet             
00003605  SysCtlResetBehaviorGet             
00003659  SysCtlClockFreqSet                 
00003971  SysCtlClockSet                     
00003b3d  SysCtlClockGet                     
00003ceb  SysCtlDeepSleepClockSet            
00003d09  SysCtlDeepSleepClockConfigSet      
00003d93  SysCtlPWMClockSet                  
00003dad  SysCtlPWMClockGet                  
00003dc3  SysCtlGPIOAHBEnable                
00003ddf  SysCtlGPIOAHBDisable               
00003dfb  SysCtlUSBPLLEnable                 
00003e0d  SysCtlUSBPLLDisable                
00003e1d  SysCtlVoltageEventConfig           
00003e2d  SysCtlVoltageEventStatus           
00003e39  SysCtlVoltageEventClear            
00003e4d  SysCtlNMIStatus                    
00003e53  SysCtlNMIClear                     
00003e67  SysCtlClockOutConfig               
00003e83  SysCtlAltClkConfig                 
00003f43  GPIODirModeSet                     
00003f9f  GPIODirModeGet                     
00003feb  GPIOIntTypeSet                     
0000408f  GPIOIntTypeGet                     
00004125  GPIOPadConfigSet                   
0000435f  GPIOPadConfigGet                   
000044b1  GPIOIntEnable                      
000044cb  GPIOIntDisable                     
000044e5  GPIOIntStatus                      
00004507  GPIOIntClear                       
0000451b  GPIOIntRegister                    
00004539  GPIOIntUnregister                  
00004553  GPIOPinRead                        
0000456b  GPIOPinWrite                       
0000458b  GPIOPinTypeADC                     
000045af  GPIOPinTypeCAN                     
000045d3  GPIOPinTypeComparator              
000045f7  GPIOPinTypeEPI                     
0000461b  GPIOPinTypeEthernetLED             
0000463f  GPIOPinTypeEthernetMII             
00004663  GPIOPinTypeGPIOInput               
00004687  GPIOPinTypeGPIOOutput              
000046ab  GPIOPinTypeGPIOOutputOD            
000046cf  GPIOPinTypeI2C                     
000046f3  GPIOPinTypeI2CSCL                  
00004717  GPIOPinTypeLCD                     
0000473b  GPIOPinTypeLPC                     
0000475f  GPIOPinTypePECIRx                  
00004783  GPIOPinTypePECITx                  
000047a7  GPIOPinTypePWM                     
000047cb  GPIOPinTypeQEI                     
000047ef  GPIOPinTypeSSI                     
00004813  GPIOPinTypeTimer                   
00004837  GPIOPinTypeUART                    
0000485b  GPIOPinTypeUSBAnalog               
0000487f  GPIOPinTypeUSBDigital              
000048a3  GPIOPinTypeWakeHigh                
000048c9  GPIOPinTypeWakeLow                 
000048ef  GPIOPinTypeKBRow                   
00004913  GPIOPinTypeKBColumn                
00004937  GPIOPinTypeLEDSeq                  
0000495b  GPIOPinTypeCIR                     
0000497f  GPIOPinWakeStatus                  
0000498f  GPIOPinConfigure                   
000049ed  GPIODMATriggerEnable               
00004a0b  GPIODMATriggerDisable              
00004a29  GPIOADCTriggerEnable               
00004a47  GPIOADCTriggerDisable              
00004a6d  __TI_printfi                       
000054bb  _nop                               
00005517  ADCIntRegister                     
0000553f  ADCIntUnregister                   
0000555d  ADCIntDisable                      
00005579  ADCIntEnable                       
0000559f  ADCIntStatus                       
000055f7  ADCIntClear                        
0000560d  ADCSequenceEnable                  
00005627  ADCSequenceDisable                 
00005641  ADCSequenceConfigure               
000056c5  ADCSequenceStepConfigure           
000057b9  ADCSequenceOverflow                
000057d1  ADCSequenceOverflowClear           
000057e7  ADCSequenceUnderflow               
000057ff  ADCSequenceUnderflowClear          
00005815  ADCSequenceDataGet                 
00005857  ADCProcessorTrigger                
0000587b  ADCSoftwareOversampleConfigure     
000058b3  ADCSoftwareOversampleStepConfigure 
00005973  ADCSoftwareOversampleDataGet       
000059e1  ADCHardwareOversampleConfigure     
00005a13  ADCComparatorConfigure             
00005a2f  ADCComparatorRegionSet             
00005a53  ADCComparatorReset                 
00005a99  ADCComparatorIntDisable            
00005ab7  ADCComparatorIntEnable             
00005ad5  ADCComparatorIntStatus             
00005ae3  ADCComparatorIntClear              
00005af5  ADCIntDisableEx                    
00005b0d  ADCIntEnableEx                     
00005b29  ADCIntStatusEx                     
00005b5b  ADCIntClearEx                      
00005b73  ADCReferenceSet                    
00005b8f  ADCReferenceGet                    
00005ba1  ADCPhaseDelaySet                   
00005bb3  ADCPhaseDelayGet                   
00005bc1  ADCSequenceDMAEnable               
00005bdd  ADCSequenceDMADisable              
00005bf9  ADCBusy                            
00005c17  ADCClockConfigSet                  
00005c41  ADCClockConfigGet                  
00005c7f  __aeabi_idiv0                      
00005c7f  __aeabi_ldiv0                      
00005cdf  I2CMasterInitExpClk                
00005d51  I2CSlaveInit                       
00005d6b  I2CSlaveAddressSet                 
00005da9  I2CMasterEnable                    
00005dbf  I2CSlaveEnable                     
00005ddd  I2CMasterDisable                   
00005df3  I2CSlaveDisable                    
00005e11  I2CIntRegister                     
00005e2f  I2CIntUnregister                   
00005e49  I2CMasterIntEnable                 
00005e59  I2CMasterIntEnableEx               
00005e71  I2CSlaveIntEnable                  
00005e89  I2CSlaveIntEnableEx                
00005ea3  I2CMasterIntDisable                
00005eb3  I2CMasterIntDisableEx              
00005ecb  I2CSlaveIntDisable                 
00005ee3  I2CSlaveIntDisableEx               
00005efd  I2CMasterIntStatus                 
00005f41  I2CMasterIntStatusEx               
00005f6d  I2CSlaveIntStatus                  
00005fb5  I2CSlaveIntStatusEx                
00005fd7  I2CMasterIntClear                  
00005ff5  I2CMasterIntClearEx                
00006007  I2CSlaveIntClear                   
00006019  I2CSlaveIntClearEx                 
0000602d  I2CMasterSlaveAddrSet              
0000604f  I2CMasterLineStateGet              
0000605d  I2CMasterBusy                      
00006075  I2CMasterBusBusy                   
0000608d  I2CMasterControl                   
0000609f  I2CMasterErr                       
000060cb  I2CMasterDataPut                   
000060e1  I2CMasterDataGet                   
000060ef  I2CMasterTimeoutSet                
00006101  I2CSlaveACKOverride                
00006133  I2CSlaveACKValueSet                
00006165  I2CSlaveStatus                     
00006175  I2CSlaveDataPut                    
0000618d  I2CSlaveDataGet                    
0000619d  I2CTxFIFOConfigSet                 
000061c5  I2CTxFIFOFlush                     
000061dd  I2CRxFIFOConfigSet                 
00006205  I2CRxFIFOFlush                     
0000621d  I2CFIFOStatus                      
0000622d  I2CFIFODataPut                     
0000624f  I2CFIFODataPutNonBlocking          
00006277  I2CFIFODataGet                     
00006291  I2CFIFODataGetNonBlocking          
000062b7  I2CMasterBurstLengthSet            
000062cd  I2CMasterBurstCountGet             
000062db  I2CMasterGlitchFilterConfigSet     
000062f3  I2CSlaveFIFOEnable                 
0000630b  I2CSlaveFIFODisable                
0000638f  TimerEnable                        
000063ad  TimerDisable                       
000063cb  TimerConfigure                     
00006447  TimerControlLevel                  
0000647d  TimerControlTrigger                
000064eb  TimerControlEvent                  
00006515  TimerControlStall                  
0000654b  TimerControlWaitOnTrigger          
000065ab  TimerRTCEnable                     
000065c1  TimerRTCDisable                    
000065d7  TimerClockSourceSet                
00006601  TimerClockSourceGet                
00006611  TimerPrescaleSet                   
0000663b  TimerPrescaleGet                   
00006657  TimerPrescaleMatchSet              
00006685  TimerPrescaleMatchGet              
000066a1  TimerLoadSet                       
000066cb  TimerLoadGet                       
000066e7  TimerLoadSet64                     
00006701  TimerLoadGet64                     
00006733  TimerValueGet                      
0000674f  TimerValueGet64                    
00006781  TimerMatchSet                      
000067ab  TimerMatchGet                      
000067c7  TimerMatchSet64                    
000067e1  TimerMatchGet64                    
00006813  TimerIntRegister                   
0000683b  TimerIntUnregister                 
00006859  TimerIntEnable                     
00006871  TimerIntDisable                    
00006889  TimerIntStatus                     
000068a7  TimerIntClear                      
000068b9  TimerSynchronize                   
000068cb  TimerADCEventSet                   
000068dd  TimerADCEventGet                   
000068eb  TimerDMAEventSet                   
000068fd  TimerDMAEventGet                   
0000690b  TimerUpdateMode                    
000069bf  UARTParityModeSet                  
000069db  UARTParityModeGet                  
000069ed  UARTFIFOLevelSet                   
00006a05  UARTFIFOLevelGet                   
00006a2d  UARTConfigSetExpClk                
00006aa3  UARTConfigGetExpClk                
00006aef  UARTEnable                         
00006b13  UARTDisable                        
00006b3d  UARTFIFOEnable                     
00006b53  UARTFIFODisable                    
00006b69  UARTEnableSIR                      
00006b97  UARTDisableSIR                     
00006bad  UARTSmartCardEnable                
00006bdf  UARTSmartCardDisable               
00006bf5  UARTModemControlSet                
00006c2d  UARTModemControlClear              
00006c51  UARTModemControlGet                
00006c63  UARTModemStatusGet                 
00006c77  UARTFlowControlSet                 
00006c93  UARTFlowControlGet                 
00006ca5  UARTTxIntModeSet                   
00006cc1  UARTTxIntModeGet                   
00006cd3  UARTCharsAvail                     
00006cf1  UARTSpaceAvail                     
00006d0f  UARTCharGetNonBlocking             
00006d2b  UARTCharGet                        
00006d41  UARTCharPutNonBlocking             
00006d65  UARTCharPut                        
00006d83  UARTBreakCtl                       
00006dad  UARTBusy                           
00006dcb  UARTIntRegister                    
00006de9  UARTIntUnregister                  
00006e09  UARTIntEnable                      
00006e21  UARTIntDisable                     
00006e39  UARTIntStatus                      
00006e57  UARTIntClear                       
00006e69  UARTDMAEnable                      
00006e81  UARTDMADisable                     
00006e99  UARTRxErrorGet                     
00006eab  UARTRxErrorClear                   
00006ebb  UARTClockSourceSet                 
00006ecf  UARTClockSourceGet                 
00006edf  UART9BitEnable                     
00006ef5  UART9BitDisable                    
00006f0b  UART9BitAddrSet                    
00006f31  UART9BitAddrSend                   
00006f79  init_i2c                           
0000700b  add_i2c_msg                        
00007095  i2c_task                           
000074e1  init_drumpad                       
00007523  process_drumpad                    
0000793b  slope_drawpage                     
0000793d  slope_drawdata                     
0000793f  slope_drawinput                    
0000799d  UARTStdioConfig                    
000079e3  UARTwrite                          
00007a33  UARTgets                           
00007aed  UARTgetc                           
00007b15  UARTvprintf                        
00007e0f  UARTprintf                         
00007e45  init_console                       
00007e55  add_page                           
00007f11  is_on_screen                       
00008129  console_task                       
000082d9  init_adc                           
0000848d  get_adc_config                     
000084d1  get_adc_val                        
00008505  get_adc_struct                     
0000850f  ADCSeq0Handler                     
0000854f  ADCSeq1Handler                     
000085a1  adc_task                           
000086af  IntMasterEnable                    
000086bf  IntMasterDisable                   
000086cf  IntRegister                        
00008721  IntUnregister                      
00008735  IntPriorityGroupingSet             
0000874f  IntPriorityGroupingGet             
00008787  IntPrioritySet                     
000087d7  IntPriorityGet                     
000087fb  IntEnable                          
0000886d  IntDisable                         
000088df  IntIsEnabled                       
00008965  IntPendSet                         
000089d5  IntPendClear                       
00008a23  IntPriorityMaskSet                 
00008a2f  IntPriorityMaskGet                 
00008a37  IntTrigger                         
00008acb  SSIConfigSetExpClk                 
00008b57  SSIEnable                          
00008b6d  SSIDisable                         
00008b83  SSIIntRegister                     
00008ba1  SSIIntUnregister                   
00008bbb  SSIIntEnable                       
00008bd3  SSIIntDisable                      
00008beb  SSIIntStatus                       
00008c09  SSIIntClear                        
00008c1b  SSIDataPut                         
00008c35  SSIDataPutNonBlocking              
00008c55  SSIDataGet                         
00008c71  SSIDataGetNonBlocking              
00008c93  SSIDMAEnable                       
00008cab  SSIDMADisable                      
00008cc3  SSIBusy                            
00008ce1  SSIClockSourceSet                  
00008cf5  SSIClockSourceGet                  
00008d19  SSIAdvModeSet                      
00008d35  SSIAdvDataPutFrameEnd              
00008d5b  SSIAdvDataPutFrameEndNonBlocking   
00008d87  SSIAdvFrameHoldEnable              
00008d9d  SSIAdvFrameHoldDisable             
00008db5  init_rotary_enc                    
00008e41  rotary_enc_task                    
0000901d  get_channel                        
00009069  pxPortInitialiseStack              
000090f5  xPortStartScheduler                
00009189  vPortEndScheduler                  
000091ad  vPortEnterCritical                 
000091ef  vPortExitCritical                  
0000921b  xPortSysTickHandler                
00009241  vPortSetupTimerInterrupt           
0000925d  vPortValidateInterruptPriority     
00009565  main                               
000097b9  create_error                       
00009819  set_error                          
0000982b  init_logger                        
00009857  logger_drawpage                    
00009891  logger_drawdata                    
00009941  logger_drawinput                   
00009bb9  pvPortMalloc                       
00009cb9  vPortFree                          
00009d17  xPortGetFreeHeapSize               
00009d1d  vPortInitialiseBlocks              
00009d79  __aeabi_dsub                       
00009d83  __aeabi_dadd                       
00009f31  init_host_uart                     
00009fab  host_uart_task                     
0000a05f  send_to_host                       
0000a07b  send_to_host_from_isr              
0000a097  uartmsg_drawpage                   
0000a099  uartmsg_drawdata                   
0000a09b  uartmsg_drawinput                  
0000a0e5  init_gpis                          
0000a1c9  get_gpi_config                     
0000a20d  read_gpi                           
0000a22b  get_gpi_struct                     
0000a271  control_drawpage                   
0000a327  control_drawdata                   
0000a3a7  control_drawinput                  
0000a3e9  init_gpos                          
0000a46b  get_gpo_config                     
0000a4af  set_gpo                            
0000a4db  get_gpo                            
0000a669  __aeabi_ddiv                       
0000a7a1  homepage_drawpage                  
0000a7f3  homepage_drawdata                  
0000a7f5  homepage_drawinput                 
0000a8d1  vListInitialise                    
0000a901  vListInitialiseItem                
0000a911  vListInsertEnd                     
0000a94d  vListInsert                        
0000a9b3  uxListRemove                       
0000ab21  fputs                              
0000ac35  ldexp                              
0000ac35  ldexpl                             
0000ac35  scalbn                             
0000ac35  scalbnl                            
0000ad45  aligned_alloc                      
0000ad45  memalign                           
0000ae45  __aeabi_dmul                       
0000af41  get_char                           
0000afa9  init_console_uart                  
0000b031  free                               
0000b115  setvbuf                            
0000b201  ulPortGetIPSR                      
0000b219  xPortPendSVHandler                 
0000b279  vPortSVCHandler                    
0000b299  vPortStartFirstTask                
0000b2bd  vPortEnableVFP                     
0000b2cd  set_text_mode                      
0000b2db  text_color                         
0000b2e9  bold_text_color                    
0000b2f7  bgd_color                          
0000b305  cursor_pos                         
0000b317  save_cursor_pos                    
0000b321  restore_cursor_pos                 
0000b32b  clear_terminal                     
0000b335  clear_line                         
0000b33f  clear_in_line                      
0000b349  clear_below_line                   
0000b3a1  init_joystick                      
0000b3af  joystick_task                      
0000b3c1  joystick_drawpage                  
0000b3d9  joystick_drawdata                  
0000b41d  joystick_drawinput                 
0000b465  FPUEnable                          
0000b477  FPUDisable                         
0000b485  FPUStackingEnable                  
0000b497  FPULazyStackingEnable              
0000b4a3  FPUStackingDisable                 
0000b4af  FPUHalfPrecisionModeSet            
0000b4c9  FPUNaNModeSet                      
0000b4e3  FPUFlushToZeroModeSet              
0000b4fd  FPURoundingModeSet                 
0000b5d7  __aeabi_memcpy                     
0000b5d7  __aeabi_memcpy4                    
0000b5d7  __aeabi_memcpy8                    
0000b5d7  memcpy                             
0000b673  __aeabi_uldivmod                   
0000b709  __aeabi_cdcmpeq                    
0000b709  __aeabi_cdcmple                    
0000b78f  __aeabi_cdrcmple                   
0000b815  fflush                             
0000b891  __aeabi_memclr                     
0000b891  __aeabi_memclr4                    
0000b891  __aeabi_memclr8                    
0000b893  __aeabi_memset                     
0000b893  __aeabi_memset4                    
0000b893  __aeabi_memset8                    
0000b899  memset                             
0000b90d  __TI_closefile                     
0000ba61  HOSTrename                         
0000bacd  HOSTlseek                          
0000bb35  __TI_decompress_lzss               
0000bb9d  frexp                              
0000bb9d  frexpl                             
0000bc01  fseek                              
0000bc65  __TI_wrt_ok                        
0000bcc9  HOSTopen                           
0000bd29  close                              
0000bd85  HOSTread                           
0000bddd  HOSTwrite                          
0000be8b  __TI_ltoa                          
0000bf31  __TI_doflush                       
0000bf7d  atoi                               
0000bfc9  taskmanager_drawpage               
0000c001  taskmanager_drawdata               
0000c003  taskmanager_drawinput              
0000c015  exit                               
0000c05d  __aeabi_d2iz                       
0000c0a5  HOSTclose                          
0000c0e9  HOSTunlink                         
0000c12d  __TI_auto_init_nobinit_nopinit     
0000c171  getdevice                          
0000c1b5  __aeabi_uidiv                      
0000c1b5  __aeabi_uidivmod                   
0000c1f5  sprintf                            
0000c273  CPUcpsid                           
0000c27f  CPUprimask                         
0000c289  CPUcpsie                           
0000c295  CPUwfi                             
0000c299  CPUbasepriSet                      
0000c2a7  CPUbasepriGet                      
0000c2b1  __TI_writemsg                      
0000c2df  C$$IO$$                            
0000c2e9  __aeabi_f2d                        
0000c321  strncpy                            
0000c359  __TI_cleanup                       
0000c38d  __TI_readmsg                       
0000c3c1  _c_int00_noargs                    
0000c3f5  finddevice                         
0000c425  __aeabi_i2d                        
0000c455  remove                             
0000c455  unlink                             
0000c481  vApplicationMallocFailedHook       
0000c491  vApplicationIdleHook               
0000c493  vApplicationStackOverflowHook      
0000c4d5  lseek                              
0000c4fd  write                              
0000c525  memchr                             
0000c545  _abort_msg                         
0000c57d  memccpy                            
0000c599  copysign                           
0000c599  copysignl                          
0000c5cb  strcmp                             
0000c5e3  strchr                             
0000c5f9  strcpy                             
0000c60d  strlen                             
0000c621  wcslen                             
0000c633  __TI_decompress_none               
0000c641  __TI_zero_init                     
0000c64d  ResetISR                           
0000c665  __aeabi_errno_addr                 
0000c66d  malloc                             
0000c675  SysCtlDelay                        
0000c67b  _system_pre_init                   
0000c67f  C$$EXIT                            
0000c67f  abort                              
0000c7a4  _ctypes_                           
0000cf38  gpo_info                           
0000cf40  ulMaxSyscallInterruptPriority      
0000d140  __TI_Handler_Table_Base            
0000d14c  __TI_Handler_Table_Limit           
0000d160  __TI_CINIT_Base                    
0000d178  __TI_CINIT_Limit                   
20000000  __start___llvm_prf_cnts            
20000000  __stop___llvm_prf_cnts             
20000000  g_pfnRAMVectors                    
2000026c  ucHeap                             
200067fc  __CIOBUF_                          
20006a0c  pad_states                         
20006afc  __TI_tmpnams                       
20006c00  xQueueRegistry                     
20006d24  adc_info                           
20006d2c  gpis_info                          
20006d34  parmbuf                            
20006d4c  addr_ack_err                       
20006d50  arb_lost_err                       
20006d54  blue_debug                         
20006d58  clk_tout_err                       
20006d5c  data_ack_err                       
20006d60  green_debug                        
20006d64  red_debug                          
20006d6c  _ftable                            
20006f04  _device                            
20006f7c  _stream                            
20006fcc  pxCurrentTCB                       
200072f8  __TI_ft_end                        
200072fc  __aeabi_stdin                      
20007300  __aeabi_stdout                     
20007304  __aeabi_stderr                     
20007308  __TI_cleanup_ptr                   
2000730c  __TI_dtors_ptr                     
20007310  __TI_enable_exit_profile_output    
2000732c  _lock                              
20007330  _unlock                            
20007344  adc_pin_struct                     
2000734c  gpi_info                           
2000735c  i2c_msg_queue                      
20007374  errno                              
20007378  __stack                            
20007578  __STACK_END                        
20007578  __STACK_TOP                        
20007578  _sys_memory                        
ffffffff  __TI_pprof_out_hndl                
ffffffff  __TI_prof_data_size                
ffffffff  __TI_prof_data_start               
ffffffff  __binit__                          
ffffffff  __c_args__                         
ffffffff  binit                              
UNDEFED   __mpu_init                         
UNDEFED   _system_post_cinit                 

[652 symbols]
