******************************************************************************
                  TI ARM Linker PC v20.2.2                     
******************************************************************************
>> Linked Thu Apr 22 18:57:33 2021

OUTPUT FILE NAME:   <drum_pad.out>
ENTRY POINT SYMBOL: "_c_int00_noargs"  address: 00014a7d


MEMORY CONFIGURATION

         name            origin    length      used     unused   attr    fill
----------------------  --------  ---------  --------  --------  ----  --------
  FLASH                 00000000   00040000  00015d0f  0002a2f1  R  X
  SRAM                  20000000   00008000  00005f7c  00002084  RW X


SEGMENT ALLOCATION MAP

run origin  load origin   length   init length attrs members
----------  ----------- ---------- ----------- ----- -------
00000000    00000000    00015d18   00015d18    r-x
  00000000    00000000    0000026c   0000026c    r-- .intvecs
  0000026c    0000026c    00014c2a   00014c2a    r-x .text
  00014e98    00014e98    00000af1   00000af1    r-- .const
  00015990    00015990    00000388   00000388    r-- .cinit
20000000    20000000    00005f80   00000000    rw-
  20000000    20000000    0000026c   00000000    rw- .vtable
  2000026c    2000026c    00004d9c   00000000    rw- .bss
  20005008    20005008    00000b64   00000000    rw- .data
  20005b70    20005b70    00000400   00000000    rw- .stack
  20005f70    20005f70    00000010   00000000    rw- .sysmem


SECTION ALLOCATION MAP

 output                                  attributes/
section   page    origin      length       input sections
--------  ----  ----------  ----------   ----------------
.intvecs   0    00000000    0000026c     
                  00000000    0000026c     tm4c123gh6pm_startup_ccs.obj (.intvecs)

.text      0    0000026c    00014c2a     
                  0000026c    00001ddc     tasks.obj (.text)
                  00002048    000015ba     usb.obj (.text)
                  00003602    00000002     rtsv7M4_T_le_v4SPD16_eabi.lib : _lock.c.obj (.text:_nop)
                  00003604    000011f4     usbdenum.obj (.text)
                  000047f8    00000fa8     queue.obj (.text)
                  000057a0    00000ef4     sysctl.obj (.text)
                  00006694    00000e64     usbdma.obj (.text)
                  000074f8    00000d10     usbdhid.obj (.text)
                  00008208    00000b88     gpio.obj (.text)
                  00008d90    00000a4e     rtsv7M4_T_le_v4SPD16_eabi.lib : _printfi.c.obj (.text:__TI_printfi)
                  000097de    00000002                                   : div0.asm.obj (.text)
                  000097e0    00000854     drum_pad_functions.obj (.text)
                  0000a034    000007c2     adc.obj (.text)
                  0000a7f6    00000002     --HOLE-- [fill = 0]
                  0000a7f8    0000069c     i2c.obj (.text)
                  0000ae94    00000642     timer.obj (.text)
                  0000b4d6    00000002     --HOLE-- [fill = 0]
                  0000b4d8    00000618     uart.obj (.text)
                  0000baf0    00000564     I2C_task.obj (.text)
                  0000c054    000004e0     udma.obj (.text)
                  0000c534    000004a8     uartstdio.obj (.text)
                  0000c9dc    0000049c     usbmode.obj (.text)
                  0000ce78    00000494     console_task.obj (.text)
                  0000d30c    00000458     ads1x15_task.obj (.text)
                  0000d764    00000444     ADC_task.obj (.text)
                  0000dba8    000003f4     usblib.lib : usbhostenum.obj (.text:USBHostIntHandlerInternal)
                  0000df9c    000003c0     interrupt.obj (.text)
                  0000e35c    00000388     usbdconfig.obj (.text)
                  0000e6e4    00000384     joystick_functions.obj (.text)
                  0000ea68    00000346     ssi.obj (.text)
                  0000edae    000002de     usbdcdesc.obj (.text)
                  0000f08c    000002dc     usbdhidgamepad.obj (.text)
                  0000f368    000002c8     looper_buttons_task.obj (.text)
                  0000f630    000002b4     rotary_enc_task.obj (.text)
                  0000f8e4    0000028c     port.obj (.text)
                  0000fb70    00000270     rtsv7M4_T_le_v4SPD16_eabi.lib : _printfi.c.obj (.text:_pconv_a)
                  0000fde0    0000026c     midi_ctrl_board.obj (.text)
                  0001004c    00000228     logger.obj (.text)
                  00010274    00000210     looper_board.obj (.text)
                  00010484    000001ec     usb_hid_task.obj (.text)
                  00010670    000001d2     usbdesc.obj (.text)
                  00010842    00000002     --HOLE-- [fill = 0]
                  00010844    000001d0     rtsv7M4_T_le_v4SPD16_eabi.lib : _printfi.c.obj (.text:_pconv_g)
                  00010a14    000001cc     midi_knobs_functions.obj (.text)
                  00010be0    000001cc     midi_uart_functions.obj (.text)
                  00010dac    000001c8     looper_effects.obj (.text)
                  00010f74    000001c0     heap_2.obj (.text)
                  00011134    000001b6     rtsv7M4_T_le_v4SPD16_eabi.lib : fd_add_t2.asm.obj (.text)
                  000112ea    00000002     --HOLE-- [fill = 0]
                  000112ec    000001ac     GPIs.obj (.text)
                  00011498    00000190     usblib.lib : usbhostenum.obj (.text:ProcessUSBDeviceStateMachine)
                  00011628    00000178     control_page.obj (.text)
                  000117a0    00000174     usblib.lib : usbhostenum.obj (.text:USBHCDInitInternal)
                  00011914    00000174                : usbhhub.obj (.text:USBHHubMain)
                  00011a88    00000170     GPOs.obj (.text)
                  00011bf8    0000013c     rtsv7M4_T_le_v4SPD16_eabi.lib : _printfi.c.obj (.text:_pconv_e)
                  00011d34    0000013c     looper_volume_functions.obj (.text)
                  00011e70    00000136     rtsv7M4_T_le_v4SPD16_eabi.lib : fd_div_t2.asm.obj (.text)
                  00011fa6    0000012a     list.obj (.text)
                  000120d0    00000124     rtsv7M4_T_le_v4SPD16_eabi.lib : _printfi.c.obj (.text:fcvt)
                  000121f4    00000124     homepage.obj (.text)
                  00012318    00000120     host_uart_task.obj (.text)
                  00012438    0000011c     midi_buttons_task.obj (.text)
                  00012554    00000114     rtsv7M4_T_le_v4SPD16_eabi.lib : fputs.c.obj (.text:fputs)
                  00012668    00000110                                   : s_scalbn.c.obj (.text:scalbn)
                  00012778    00000100     usblib.lib : usbhostenum.obj (.text:USBHCDEnumHandler)
                  00012878    00000100     rtsv7M4_T_le_v4SPD16_eabi.lib : memory.c.obj (.text:aligned_alloc)
                  00012978    000000fc     console_uart.obj (.text)
                  00012a74    000000fc     rtsv7M4_T_le_v4SPD16_eabi.lib : fd_mul_t2.asm.obj (.text)
                  00012b70    000000f0     usblib.lib : usbhostenum.obj (.text:USBHCDControlTransfer)
                  00012c60    000000f0                : usbhostenum.obj (.text:USBHCDInit)
                  00012d50    000000ec     usbtick.obj (.text)
                  00012e3c    000000e4     rtsv7M4_T_le_v4SPD16_eabi.lib : memory.c.obj (.text:free)
                  00012f20    000000e0     usblib.lib : usbhostenum.obj (.text:USBHCDMain)
                  00013000    000000dc     rtsv7M4_T_le_v4SPD16_eabi.lib : setvbuf.c.obj (.text:setvbuf)
                  000130dc    000000da     portasm.obj (.text)
                  000131b6    00000002     --HOLE-- [fill = 0]
                  000131b8    000000d2     text_controls.obj (.text)
                  0001328a    000000c8     usbulpi.obj (.text)
                  00013352    00000002     --HOLE-- [fill = 0]
                  00013354    000000c0     fpu.obj (.text)
                  00013414    000000b1     rtsv7M4_T_le_v4SPD16_eabi.lib : _printfi.c.obj (.text:_ltostr)
                  000134c5    00000003     --HOLE-- [fill = 0]
                  000134c8    0000009c     usblib.lib : usbhostenum.obj (.text:USBHCDDeviceDisconnected)
                  00013564    0000009c                : usbhostenum.obj (.text:USBHCDFeatureSet)
                  00013600    0000009c     rtsv7M4_T_le_v4SPD16_eabi.lib : memcpy_t2.asm.obj (.text)
                  0001369c    00000096                                   : ull_div_t2.asm.obj (.text)
                  00013732    00000002     --HOLE-- [fill = 0]
                  00013734    00000090     usblib.lib : usbhostenum.obj (.text:USBHCDOpenDriver)
                  000137c4    00000086     rtsv7M4_T_le_v4SPD16_eabi.lib : fd_cmp_t2.asm.obj (.text:__aeabi_cdcmple)
                  0001384a    00000086                                   : fd_cmp_t2.asm.obj (.text:__aeabi_cdrcmple)
                  000138d0    0000007c     board_select.obj (.text)
                  0001394c    0000007c     rtsv7M4_T_le_v4SPD16_eabi.lib : fflush.c.obj (.text:fflush)
                  000139c8    0000007a                                   : memset_t2.asm.obj (.text)
                  00013a42    00000074     usblib.lib : usbhostenum.obj (.text:USBHCDGetConfigDescriptor)
                  00013ab6    00000002     --HOLE-- [fill = 0]
                  00013ab8    00000074     rtsv7M4_T_le_v4SPD16_eabi.lib : fclose.c.obj (.text:__TI_closefile)
                  00013b2c    00000074     main.obj (.text)
                  00013ba0    00000070     rtsv7M4_T_le_v4SPD16_eabi.lib : memory.c.obj (.text:split)
                  00013c10    0000006e                                   : _printfi.c.obj (.text:_mcpy)
                  00013c7e    00000002     --HOLE-- [fill = 0]
                  00013c80    0000006c                                   : hostrename.c.obj (.text:HOSTrename)
                  00013cec    00000068                                   : hostlseek.c.obj (.text:HOSTlseek)
                  00013d54    00000068                                   : copy_decompress_lzss.c.obj (.text:decompress:lzss:__TI_decompress_lzss)
                  00013dbc    00000064     usblib.lib : usbhostenum.obj (.text:USBHostCheckPipes)
                  00013e20    00000064     rtsv7M4_T_le_v4SPD16_eabi.lib : s_frexp.c.obj (.text:frexp)
                  00013e84    00000064                                   : fseek.c.obj (.text:fseek)
                  00013ee8    00000062                                   : _io_perm.c.obj (.text:__TI_wrt_ok)
                  00013f4a    00000002     --HOLE-- [fill = 0]
                  00013f4c    00000060                                   : hostopen.c.obj (.text:HOSTopen)
                  00013fac    0000005c     usblib.lib : usbhostenum.obj (.text:ConfigDescAlloc)
                  00014008    0000005c                : usbhostenum.obj (.text:USBHCDGetDeviceDescriptor)
                  00014064    0000005c     rtsv7M4_T_le_v4SPD16_eabi.lib : close.c.obj (.text:close)
                  000140c0    00000058                                   : hostread.c.obj (.text:HOSTread)
                  00014118    00000058                                   : hostwrite.c.obj (.text:HOSTwrite)
                  00014170    00000058     usblib.lib : usbhostenum.obj (.text:USBHCDEP0StateTx)
                  000141c8    00000058                : usbhostenum.obj (.text:USBHCDHubDeviceConnected)
                  00014220    00000056     rtsv7M4_T_le_v4SPD16_eabi.lib : _printfi.c.obj (.text:_pconv_f)
                  00014276    00000054                                   : _ltoa.c.obj (.text:__TI_ltoa)
                  000142ca    00000052                                   : _printfi.c.obj (.text:_ecpy)
                  0001431c    00000050     usblib.lib : usbhhub.obj (.text:HubGetPortStatus)
                  0001436c    0000004c                : usbhhub.obj (.text:HubDriverDeviceDisconnect)
                  000143b8    0000004c                : usbhostenum.obj (.text:USBHCDPowerConfigSet)
                  00014404    0000004c     rtsv7M4_T_le_v4SPD16_eabi.lib : fflush.c.obj (.text:__TI_doflush)
                  00014450    0000004c                                   : atoi.c.obj (.text:atoi)
                  0001449c    0000004c     task_manager_page.obj (.text)
                  000144e8    00000048     usblib.lib : usbhostenum.obj (.text:USBHCDSetAddress)
                  00014530    00000048                : usbhhub.obj (.text:USBHHubInit)
                  00014578    00000048     rtsv7M4_T_le_v4SPD16_eabi.lib : exit.c.obj (.text:exit)
                  000145c0    00000048                                   : fd_toi_t2.asm.obj (.text)
                  00014608    00000044                                   : hostclose.c.obj (.text:HOSTclose)
                  0001464c    00000044                                   : hostunlink.c.obj (.text:HOSTunlink)
                  00014690    00000044                                   : autoinit.c.obj (.text:__TI_auto_init_nobinit_nopinit:__TI_auto_init_nobinit_nopinit)
                  000146d4    00000044                                   : getdevice.c.obj (.text:getdevice)
                  00014718    00000044                                   : fd_tou_t2.asm.obj (.text)
                  0001475c    00000040                                   : u_divt2.asm.obj (.text)
                  0001479c    00000040                                   : sprintf.c.obj (.text:sprintf)
                  000147dc    0000003e                                   : _printfi.c.obj (.text:_fcpy)
                  0001481a    0000003e     cpu.obj (.text)
                  00014858    0000003c     usblib.lib : usbhhub.obj (.text:HubDriverReset)
                  00014894    00000038                : usbhostenum.obj (.text:USBHCDReset)
                  000148cc    00000038     rtsv7M4_T_le_v4SPD16_eabi.lib : trgmsg.c.obj (.text:__TI_writemsg)
                  00014904    00000038                                   : fs_tod_t2.asm.obj (.text)
                  0001493c    00000036     usblib.lib : usbhhub.obj (.text:HubClearPortFeature)
                  00014972    00000036                : usbhhub.obj (.text:HubSetPortFeature)
                  000149a8    00000036     rtsv7M4_T_le_v4SPD16_eabi.lib : strncpy.c.obj (.text:strncpy)
                  000149de    00000034     usblib.lib : usbhostenum.obj (.text:USBHCDSetConfig)
                  00014a12    00000002     --HOLE-- [fill = 0]
                  00014a14    00000034     rtsv7M4_T_le_v4SPD16_eabi.lib : fopen.c.obj (.text:__TI_cleanup)
                  00014a48    00000034                                   : trgmsg.c.obj (.text:__TI_readmsg)
                  00014a7c    00000034                                   : boot_cortex_m.c.obj (.text:_c_int00_noargs:_c_int00_noargs)
                  00014ab0    00000030                                   : getdevice.c.obj (.text:finddevice)
                  00014ae0    0000002e                                   : i_tofd_t2.asm.obj (.text)
                  00014b0e    00000002     --HOLE-- [fill = 0]
                  00014b10    0000002c     usblib.lib : usbhostenum.obj (.text:ConfigDescFree)
                  00014b3c    0000002c                : usbhostenum.obj (.text:InternalUSBHCDSendEvent)
                  00014b68    0000002c     rtsv7M4_T_le_v4SPD16_eabi.lib : unlink.c.obj (.text:unlink)
                  00014b94    0000002a     hooks.obj (.text)
                  00014bbe    00000002     --HOLE-- [fill = 0]
                  00014bc0    00000028     rtsv7M4_T_le_v4SPD16_eabi.lib : memory.c.obj (.text:free_list_insert)
                  00014be8    00000028                                   : lseek.c.obj (.text:lseek)
                  00014c10    00000028                                   : write.c.obj (.text:write)
                  00014c38    00000020     usblib.lib : usbhhub.obj (.text:HubDriverDeviceConnect)
                  00014c58    00000020                : usbhhub.obj (.text:HubDriverDeviceReset)
                  00014c78    00000020     rtsv7M4_T_le_v4SPD16_eabi.lib : memchr.c.obj (.text:memchr)
                  00014c98    00000020                                   : u_tofd_t2.asm.obj (.text)
                  00014cb8    0000001c                                   : assert.c.obj (.text:_abort_msg)
                  00014cd4    0000001c                                   : memory.c.obj (.text:free_list_remove)
                  00014cf0    0000001c                                   : memccpy.c.obj (.text:memccpy)
                  00014d0c    0000001a                                   : s_copysign.c.obj (.text:copysign)
                  00014d26    00000002     --HOLE-- [fill = 0]
                  00014d28    00000018     usblib.lib : usbhhub.obj (.text:USBHHubEnumerationComplete)
                  00014d40    00000018                : usbhhub.obj (.text:USBHHubEnumerationError)
                  00014d58    00000018     rtsv7M4_T_le_v4SPD16_eabi.lib : sprintf.c.obj (.text:_outs)
                  00014d70    00000018                                   : strcmp.c.obj (.text:strcmp)
                  00014d88    00000018     usbdhandler.obj (.text)
                  00014da0    00000016     rtsv7M4_T_le_v4SPD16_eabi.lib : strchr.c.obj (.text:strchr)
                  00014db6    00000002     --HOLE-- [fill = 0]
                  00014db8    00000014     usblib.lib : usbhostenum.obj (.text:USBHCDPowerAutomatic)
                  00014dcc    00000014                : usbhhub.obj (.text:USBHubPortSpeedSet)
                  00014de0    00000014     rtsv7M4_T_le_v4SPD16_eabi.lib : strcpy.c.obj (.text:strcpy)
                  00014df4    00000014                                   : strlen.c.obj (.text:strlen)
                  00014e08    00000012     usblib.lib : usbhostenum.obj (.text:SendUnknownConnect)
                  00014e1a    00000012     rtsv7M4_T_le_v4SPD16_eabi.lib : wcslen.c.obj (.text:wcslen)
                  00014e2c    0000000e                                   : copy_decompress_none.c.obj (.text:decompress:none:__TI_decompress_none)
                  00014e3a    00000002     --HOLE-- [fill = 0]
                  00014e3c    0000000c     usblib.lib : usbhostenum.obj (.text:USBHCDHubDeviceDisconnected)
                  00014e48    0000000c                : usbhostenum.obj (.text:USBHCDPowerConfigGet)
                  00014e54    0000000c     rtsv7M4_T_le_v4SPD16_eabi.lib : copy_zero_init.c.obj (.text:decompress:ZI:__TI_zero_init)
                  00014e60    0000000c     tm4c123gh6pm_startup_ccs.obj (.text)
                  00014e6c    0000000a     rtsv7M4_T_le_v4SPD16_eabi.lib : sprintf.c.obj (.text:_outc)
                  00014e76    00000002     --HOLE-- [fill = 0]
                  00014e78    00000008                                   : errno.c.obj (.text:__aeabi_errno_addr)
                  00014e80    00000008                                   : memory.c.obj (.text:malloc)
                  00014e88    00000006     sysctl.obj (.text:SysCtlDelay)
                  00014e8e    00000004     rtsv7M4_T_le_v4SPD16_eabi.lib : pre_init.c.obj (.text:_system_pre_init)
                  00014e92    00000004                                   : exit.c.obj (.text:abort:abort)

.const     0    00014e98    00000af1     
                  00014e98    00000120     sysctl.obj (.const:g_pppui32XTALtoVCO)
                  00014fb8    00000101     rtsv7M4_T_le_v4SPD16_eabi.lib : ctype.c.obj (.const:.string:_ctypes_)
                  000150b9    00000003     ads1x15_task.obj (.const:.string:ADC0_SEL)
                  000150bc    000000c0     gpio.obj (.const:g_ppui32GPIOIntMapBlizzard)
                  0001517c    000000c0     gpio.obj (.const:g_ppui32GPIOIntMapSnowflake)
                  0001523c    0000009c     interrupt.obj (.const:g_pui32Regs)
                  000152d8    00000090     gpio.obj (.const:g_pui32GPIOBaseAddrs)
                  00015368    00000080     GPIs.obj (.const:.string)
                  000153e8    0000006c     sysctl.obj (.const:g_pui32Xtals)
                  00015454    00000062     GPOs.obj (.const:.string)
                  000154b6    00000001     ads1x15_task.obj (.const)
                  000154b7    00000001     --HOLE-- [fill = 0]
                  000154b8    00000060     ADC_task.obj (.const:.string)
                  00015518    00000060     timer.obj (.const:g_ppui32TimerIntMap)
                  00015578    00000050     i2c.obj (.const:g_ppui32I2CIntMapSnowflake)
                  000155c8    00000040     timer.obj (.const:g_ppui32TimerIntMapSnowflake)
                  00015608    00000040     uart.obj (.const:g_ppui32UARTIntMap)
                  00015648    00000040     uart.obj (.const:g_ppui32UARTIntMapSnowflake)
                  00015688    00000034     usb_structs.obj (.const:.string:g_pui8ConfigString)
                  000156bc    00000034     usbdenum.obj (.const:g_psUSBDStdRequests)
                  000156f0    00000030     i2c.obj (.const:g_ppui32I2CIntMap)
                  00015720    00000030     usbdhid.obj (.const:g_sHIDHandlers)
                  00015750    00000030     sysctl.obj (.const:g_sXTALtoMEMTIM)
                  00015780    0000002c     usb_structs.obj (.const:.string:g_pui8HIDInterfaceString)
                  000157ac    00000028     drum_pad_functions.obj (.const)
                  000157d4    00000022     usb_structs.obj (.const:.string:g_pui8ProductString)
                  000157f6    00000020     usbdhidgamepad.obj (.const:.string:g_pui8GameReportDescriptor)
                  00015816    00000002     --HOLE-- [fill = 0]
                  00015818    00000020     ssi.obj (.const:g_ppui32SSIIntMap)
                  00015838    00000020     ssi.obj (.const:g_ppui32SSIIntMapSnowflake)
                  00015858    00000020     interrupt.obj (.const:g_pui32Priority)
                  00015878    00000018     usb_structs.obj (.const:g_ppui8StringDescriptors)
                  00015890    00000014     usb_structs.obj (.const:.string:g_pui8ManufacturerString)
                  000158a4    00000014     interrupt.obj (.const:g_pui32Dii16Regs)
                  000158b8    00000014     interrupt.obj (.const:g_pui32EnRegs)
                  000158cc    00000014     interrupt.obj (.const:g_pui32PendRegs)
                  000158e0    00000014     interrupt.obj (.const:g_pui32UnpendRegs)
                  000158f4    00000012     usb_structs.obj (.const:.string:g_pui8SerialNumberString)
                  00015906    00000002     --HOLE-- [fill = 0]
                  00015908    00000012     uartstdio.obj (.const:.string)
                  0001591a    00000002     --HOLE-- [fill = 0]
                  0001591c    0000000c     uartstdio.obj (.const:g_ui32UARTBase)
                  00015928    0000000c     uartstdio.obj (.const:g_ui32UARTPeriph)
                  00015934    00000008     sysctl.obj (.const:g_pui32VCOFrequencies)
                  0001593c    00000008     usbdhidgamepad.obj (.const:g_sHIDConfigSection)
                  00015944    00000008     usbdhidgamepad.obj (.const:g_sHIDInEndpointSection)
                  0001594c    00000008     usbdhidgamepad.obj (.const:g_sHIDInterfaceSection)
                  00015954    00000008     GPOs.obj (.const:looper_gpo_info)
                  0001595c    00000008     GPOs.obj (.const:midi_gpo_info)
                  00015964    00000008     port.obj (.const)
                  0001596c    00000007     usbdhidgamepad.obj (.const:.string:g_pui8HIDInEndpoint)
                  00015973    00000004     usb_structs.obj (.const:.string:g_pui8LangDescriptor)
                  00015977    00000001     --HOLE-- [fill = 0]
                  00015978    00000004     usbdhidgamepad.obj (.const:g_ppsHIDConfigDescriptors)
                  0001597c    00000004     uartstdio.obj (.const)
                  00015980    00000003     ads1x15_task.obj (.const:.string:ADC1_SEL)
                  00015983    00000003     ads1x15_task.obj (.const:.string:ADC2_SEL)
                  00015986    00000003     ads1x15_task.obj (.const:.string:ADC3_SEL)

.cinit     0    00015990    00000388     
                  00015990    00000354     (.cinit..data.load) [load image, compression = lzss]
                  00015ce4    0000000c     (__TI_handler_table)
                  00015cf0    00000008     (.cinit..bss.load) [load image, compression = zero_init]
                  00015cf8    00000008     (.cinit..vtable.load) [load image, compression = zero_init]
                  00015d00    00000018     (__TI_cinit_table)

.init_array 
*          0    00000000    00000000     UNINITIALIZED

.vtable    0    20000000    0000026c     UNINITIALIZED
                  20000000    0000026c     interrupt.obj (.vtable)

.bss       0    2000026c    00004d9c     UNINITIALIZED
                  2000026c    00003c00     (.common:ucHeap)
                  20003e6c    000006cc     usblib.lib : usbhostenum.obj (.bss:g_sUSBHCD)
                  20004538    00000190     task_manager_page.obj (.bss:write_buffer)
                  200046c8    00000120     rtsv7M4_T_le_v4SPD16_eabi.lib : trgmsg.c.obj (.bss:_CIOBUF_)
                  200047e8    00000110     usbdma.obj (.bss:g_psUSBDMAInst)
                  200048f8    000000f0     logger.obj (.bss:errors)
                  200049e8    000000f0     (.common:pad_states)
                  20004ad8    000000a0     (.common:__TI_tmpnams)
                  20004b78    0000009c     usblib.lib : usbhhub.obj (.bss:g_sRootHub)
                  20004c14    00000064     tasks.obj (.bss:pxReadyTasksLists)
                  20004c78    00000060     looper_buttons_task.obj (.bss:looper_pins)
                  20004cd8    00000050     (.common:g_psDCDInst)
                  20004d28    00000040     usbdenum.obj (.bss:g_pui8DataBufferIn)
                  20004d68    00000040     (.common:xQueueRegistry)
                  20004da8    00000030     looper_effects.obj (.bss:effects)
                  20004dd8    00000020     ADC_task.obj (.bss:adc00_step_values)
                  20004df8    00000020     looper_volume_functions.obj (.bss:last_value)
                  20004e18    00000018     usblib.lib : usbhostenum.obj (.bss:g_pi32USBHActiveDriver)
                  20004e30    00000018                : usbhostenum.obj (.bss:g_ppvDriverInstance)
                  20004e48    00000018     (.common:g_pfnTickHandlers)
                  20004e60    00000018     (.common:g_pvTickInstance)
                  20004e78    00000014     I2C_task.obj (.bss)
                  20004e8c    00000014     drum_pad_functions.obj (.bss:float_string)
                  20004ea0    00000014     tasks.obj (.bss:xDelayedTaskList1)
                  20004eb4    00000014     tasks.obj (.bss:xDelayedTaskList2)
                  20004ec8    00000014     tasks.obj (.bss:xPendingReadyList)
                  20004edc    00000014     tasks.obj (.bss:xSuspendedTaskList)
                  20004ef0    00000014     tasks.obj (.bss:xTasksWaitingTermination)
                  20004f04    00000010     ADC_task.obj (.bss:adc11_step_values)
                  20004f14    00000010     rotary_enc_task.obj (.bss)
                  20004f24    00000010     (.common:button_states)
                  20004f34    00000010     (.common:midi_knobs)
                  20004f44    0000000d     usb_hid_task.obj (.bss)
                  20004f51    00000003     usb_hid_task.obj (.bss:sReport)
                  20004f54    00000008     ADC_task.obj (.bss)
                  20004f5c    00000008     ads1x15_task.obj (.bss:adc0_data)
                  20004f64    00000008     ads1x15_task.obj (.bss:adc1_data)
                  20004f6c    00000008     usblib.lib : usbhostenum.obj (.bss:g_pui32Alloc)
                  20004f74    00000008     GPIs.obj (.bss:gpi_info)
                  20004f7c    00000008     midi_buttons_task.obj (.bss)
                  20004f84    00000008     tasks.obj (.bss)
                  20004f8c    00000008     usblib.lib : usbhhub.obj (.bss)
                  20004f94    00000008     heap_2.obj (.bss:xEnd)
                  20004f9c    00000008     heap_2.obj (.bss:xStart)
                  20004fa4    00000008     (.common:adc_info)
                  20004fac    00000008     (.common:gpis_info)
                  20004fb4    00000008     (.common:gpo_info)
                  20004fbc    00000008     (.common:parmbuf)
                  20004fc4    00000006     joystick_functions.obj (.bss:js_uart_msg)
                  20004fca    00000002     ads1x15_task.obj (.bss:joy_x_data)
                  20004fcc    00000004     console_uart.obj (.bss)
                  20004fd0    00000004     drum_pad_functions.obj (.bss)
                  20004fd4    00000004     adc.obj (.bss:g_pui8OversampleFactor)
                  20004fd8    00000004     host_uart_task.obj (.bss)
                  20004fdc    00000004     midi_uart_functions.obj (.bss:msg_bytes)
                  20004fe0    00000004     usbdenum.obj (.bss)
                  20004fe4    00000004     usblib.lib : usbhostenum.obj (.bss)
                  20004fe8    00000004     usbmode.obj (.bss)
                  20004fec    00000004     (.common:blue_debug)
                  20004ff0    00000004     (.common:g_ppsDevInfo)
                  20004ff4    00000004     (.common:g_ui32PollRate)
                  20004ff8    00000004     (.common:green_debug)
                  20004ffc    00000004     (.common:red_debug)
                  20005000    00000002     ads1x15_task.obj (.bss:joy_y_data)
                  20005002    00000002     ads1x15_task.obj (.bss:sense_data)
                  20005004    00000002     ads1x15_task.obj (.bss:volume_data)
                  20005006    00000001     board_select.obj (.bss)
                  20005007    00000001     (.common:g_eOTGModeState)

.data      0    20005008    00000b64     UNINITIALIZED
                  20005008    00000108     console_task.obj (.data:console_pages)
                  20005110    000000f0     rtsv7M4_T_le_v4SPD16_eabi.lib : defs.c.obj (.data:_ftable)
                  20005200    00000098     usb_structs.obj (.data:g_sGamepadDevice)
                  20005298    00000078     rtsv7M4_T_le_v4SPD16_eabi.lib : host_device.c.obj (.data:_device)
                  20005310    00000050                                   : host_device.c.obj (.data:_stream)
                  20005360    00000034     tasks.obj (.data)
                  20005394    00000030     ADC_task.obj (.data:adc_pins)
                  200053c4    0000002c     GPOs.obj (.data:looper_gpos)
                  200053f0    00000024     ADC_task.obj (.data:pad0)
                  20005414    00000024     ADC_task.obj (.data:pad10)
                  20005438    00000024     ADC_task.obj (.data:pad11)
                  2000545c    00000024     ADC_task.obj (.data:pad1)
                  20005480    00000024     ADC_task.obj (.data:pad2)
                  200054a4    00000024     ADC_task.obj (.data:pad3)
                  200054c8    00000024     ADC_task.obj (.data:pad4)
                  200054ec    00000024     ADC_task.obj (.data:pad5)
                  20005510    00000024     ADC_task.obj (.data:pad6)
                  20005534    00000024     ADC_task.obj (.data:pad7)
                  20005558    00000024     ADC_task.obj (.data:pad8)
                  2000557c    00000024     ADC_task.obj (.data:pad9)
                  200055a0    00000020     ads1x15_task.obj (.data:adc00_read)
                  200055c0    00000020     ads1x15_task.obj (.data:adc01_read)
                  200055e0    00000020     ads1x15_task.obj (.data:adc02_read)
                  20005600    00000020     ads1x15_task.obj (.data:adc03_read)
                  20005620    00000020     ads1x15_task.obj (.data:adc10_read)
                  20005640    00000020     ads1x15_task.obj (.data:adc11_read)
                  20005660    00000020     ads1x15_task.obj (.data:adc12_read)
                  20005680    00000020     ads1x15_task.obj (.data:adc13_read)
                  200056a0    00000020     ads1x15_task.obj (.data:ads1015_adc00_sel)
                  200056c0    00000020     ads1x15_task.obj (.data:ads1015_adc01_sel)
                  200056e0    00000020     ads1x15_task.obj (.data:ads1015_adc02_sel)
                  20005700    00000020     ads1x15_task.obj (.data:ads1015_adc03_sel)
                  20005720    00000020     ads1x15_task.obj (.data:ads1015_adc10_sel)
                  20005740    00000020     ads1x15_task.obj (.data:ads1015_adc11_sel)
                  20005760    00000020     ads1x15_task.obj (.data:ads1015_adc12_sel)
                  20005780    00000020     ads1x15_task.obj (.data:ads1015_adc13_sel)
                  200057a0    00000020     GPIs.obj (.data:looper_gpi_pins)
                  200057c0    0000001c     GPIs.obj (.data:midi_gpi_pins)
                  200057dc    00000018     usblib.lib : usbhostenum.obj (.data:g_sUSBHEP0State)
                  200057f4    00000014     GPOs.obj (.data:blue_led)
                  20005808    00000014     GPOs.obj (.data:blueled)
                  2000581c    00000014     GPIs.obj (.data:enc_bit_0)
                  20005830    00000014     GPIs.obj (.data:enc_bit_1)
                  20005844    00000014     GPIs.obj (.data:enc_bit_2)
                  20005858    00000014     GPIs.obj (.data:enc_bit_3)
                  2000586c    00000014     GPOs.obj (.data:green_led)
                  20005880    00000014     GPOs.obj (.data:greenled)
                  20005894    00000014     GPOs.obj (.data:led_0)
                  200058a8    00000014     GPOs.obj (.data:led_1)
                  200058bc    00000014     GPOs.obj (.data:led_2)
                  200058d0    00000014     GPOs.obj (.data:led_3)
                  200058e4    00000014     GPOs.obj (.data:led_4)
                  200058f8    00000014     GPOs.obj (.data:led_5)
                  2000590c    00000014     GPOs.obj (.data:led_6)
                  20005920    00000014     GPOs.obj (.data:led_7)
                  20005934    00000014     GPIs.obj (.data:loop_0)
                  20005948    00000014     GPIs.obj (.data:loop_1)
                  2000595c    00000014     GPIs.obj (.data:loop_2)
                  20005970    00000014     GPIs.obj (.data:loop_3)
                  20005984    00000014     GPIs.obj (.data:loop_4)
                  20005998    00000014     GPIs.obj (.data:loop_5)
                  200059ac    00000014     GPIs.obj (.data:loop_6)
                  200059c0    00000014     GPIs.obj (.data:loop_7)
                  200059d4    00000014     GPIs.obj (.data:octave_down)
                  200059e8    00000014     GPIs.obj (.data:octave_up)
                  200059fc    00000014     GPIs.obj (.data:pressure_sense)
                  20005a10    00000014     GPOs.obj (.data:red_led)
                  20005a24    00000014     GPOs.obj (.data:redled)
                  20005a38    00000014     usblib.lib : usbhostenum.obj (.data)
                  20005a4c    00000012     usbdhid.obj (.data:g_pui8HIDDeviceDescriptor)
                  20005a5e    00000002     joystick_functions.obj (.data)
                  20005a60    00000011     console_task.obj (.data)
                  20005a71    00000001     looper_buttons_task.obj (.data)
                  20005a72    00000002     --HOLE--
                  20005a74    00000010     usbdhidgamepad.obj (.data:g_psHIDSections)
                  20005a84    00000010     rtsv7M4_T_le_v4SPD16_eabi.lib : defs.c.obj (.data)
                  20005a94    0000000c                                   : exit.c.obj (.data:$O1$$)
                  20005aa0    0000000c     GPOs.obj (.data:midi_gpos)
                  20005aac    0000000c     port.obj (.data)
                  20005ab8    0000000c     usbtick.obj (.data)
                  20005ac4    00000009     usbdhidgamepad.obj (.data:g_pui8GameDescriptor)
                  20005acd    00000009     usbdhidgamepad.obj (.data:g_pui8HIDInterface)
                  20005ad6    00000009     usbdhidgamepad.obj (.data:g_sGameHIDDescriptor)
                  20005adf    00000001     --HOLE--
                  20005ae0    00000009     usbmode.obj (.data)
                  20005ae9    00000003     --HOLE--
                  20005aec    00000008     rtsv7M4_T_le_v4SPD16_eabi.lib : _lock.c.obj (.data:$O1$$)
                  20005af4    00000008                                   : memory.c.obj (.data:$O1$$)
                  20005afc    00000008     ADC_task.obj (.data)
                  20005b04    00000008     ADC_task.obj (.data:adc_pin_struct)
                  20005b0c    00000008     usbdhidgamepad.obj (.data:g_sHIDConfigHeader)
                  20005b14    00000008     usbdhidgamepad.obj (.data:g_sHIDDescriptorSection)
                  20005b1c    00000008     heap_2.obj (.data)
                  20005b24    00000008     GPIs.obj (.data:looper_gpi_info)
                  20005b2c    00000008     GPIs.obj (.data:midi_gpi_info)
                  20005b34    00000008     usbdenum.obj (.data)
                  20005b3c    00000005     I2C_task.obj (.data)
                  20005b41    00000003     --HOLE--
                  20005b44    00000005     uartstdio.obj (.data)
                  20005b49    00000003     --HOLE--
                  20005b4c    00000004     usbdhidgamepad.obj (.data:g_ppui8GameClassDescriptors)
                  20005b50    00000004     host_uart_task.obj (.data)
                  20005b54    00000004     logger.obj (.data)
                  20005b58    00000004     looper_board.obj (.data)
                  20005b5c    00000004     midi_ctrl_board.obj (.data)
                  20005b60    00000004     rotary_enc_task.obj (.data)
                  20005b64    00000004     rtsv7M4_T_le_v4SPD16_eabi.lib : errno.c.obj (.data)
                  20005b68    00000004     usb_hid_task.obj (.data)

.stack     0    20005b70    00000400     UNINITIALIZED
                  20005b70    00000004     rtsv7M4_T_le_v4SPD16_eabi.lib : boot_cortex_m.c.obj (.stack)
                  20005b74    000003fc     --HOLE--

.sysmem    0    20005f70    00000010     UNINITIALIZED
                  20005f70    00000010     rtsv7M4_T_le_v4SPD16_eabi.lib : memory.c.obj (.sysmem)

__llvm_prf_cnts 
*          0    20000000    00000000     UNINITIALIZED

MODULE SUMMARY

       Module                         code    ro data   rw data
       ------                         ----    -------   -------
    .\
       ADC_task.obj                   1092    96        15912  
       drum_pad_functions.obj         2132    40        264    
       ads1x15_task.obj               1112    13        536    
       console_task.obj               1172    0         281    
       I2C_task.obj                   1380    0         25     
       GPIs.obj                       428     128       384    
       joystick_functions.obj         900     0         8      
       GPOs.obj                       368     114       344    
       looper_buttons_task.obj        712     0         97     
       logger.obj                     552     0         256    
       rotary_enc_task.obj            692     0         20     
       tm4c123gh6pm_startup_ccs.obj   12      620       0      
       midi_ctrl_board.obj            620     0         4      
       looper_board.obj               528     0         4      
       usb_hid_task.obj               492     0         20     
       looper_effects.obj             456     0         48     
       midi_knobs_functions.obj       460     0         16     
       task_manager_page.obj          76      0         400    
       heap_2.obj                     448     0         24     
       midi_uart_functions.obj        460     0         4      
       control_page.obj               376     0         16     
       looper_volume_functions.obj    316     0         32     
       usb_structs.obj                0       196       152    
       midi_buttons_task.obj          284     0         24     
       host_uart_task.obj             288     0         8      
       homepage.obj                   292     0         0      
       console_uart.obj               252     0         4      
       text_controls.obj              210     0         0      
       board_select.obj               124     0         1      
       main.obj                       116     0         0      
       hooks.obj                      42      0         0      
    +--+------------------------------+-------+---------+---------+
       Total:                         16392   1207      18884  
                                                               
    .\FreeRTOS\
       tasks.obj                      7644    0         260    
       queue.obj                      4008    0         64     
       list.obj                       298     0         0      
    +--+------------------------------+-------+---------+---------+
       Total:                         11950   0         324    
                                                               
    .\FreeRTOS\portable\CCS\ARM_CM4F\
       port.obj                       652     8         12     
       portasm.obj                    218     0         0      
    +--+------------------------------+-------+---------+---------+
       Total:                         870     8         12     
                                                               
    .\driverlib\
       usb.obj                        5562    0         0      
       sysctl.obj                     3834    452       0      
       gpio.obj                       2952    528       0      
       adc.obj                        1986    0         4      
       interrupt.obj                  960     268       620    
       i2c.obj                        1692    128       0      
       timer.obj                      1602    160       0      
       uart.obj                       1560    128       0      
       udma.obj                       1248    0         0      
       ssi.obj                        838     64        0      
       fpu.obj                        192     0         0      
       cpu.obj                        62      0         0      
    +--+------------------------------+-------+---------+---------+
       Total:                         22488   1728      624    
                                                               
    .\usb\
       usbdenum.obj                   4596    52        160    
       usbdma.obj                     3684    0         272    
       usbdhid.obj                    3344    48        18     
       usbmode.obj                    1180    0         18     
       usbdconfig.obj                 904     0         0      
       usbdhidgamepad.obj             732     67        63     
       usbdcdesc.obj                  734     0         0      
       usbdesc.obj                    466     0         0      
       usbtick.obj                    236     0         60     
       usbulpi.obj                    200     0         0      
       usbdhandler.obj                24      0         0      
    +--+------------------------------+-------+---------+---------+
       Total:                         16100   167       591    
                                                               
    .\utils\
       uartstdio.obj                  1192    46        5      
    +--+------------------------------+-------+---------+---------+
       Total:                         1192    46        5      
                                                               
    C:/ti/TivaWare_C_Series-2.2.0.295/usblib/ccs/Debug/usblib.lib
       usbhostenum.obj                4182    0         1844   
       usbhhub.obj                    900     0         164    
    +--+------------------------------+-------+---------+---------+
       Total:                         5082    0         2008   
                                                               
    C:\ti\ccs1020\ccs\tools\compiler\ti-cgt-arm_20.2.2.LTS\lib\rtsv7M4_T_le_v4SPD16_eabi.lib
       _printfi.c.obj                 4851    0         0      
       memory.c.obj                   672     0         8      
       fd_add_t2.asm.obj              438     0         0      
       defs.c.obj                     0       0         416    
       trgmsg.c.obj                   108     0         288    
       fd_div_t2.asm.obj              310     0         0      
       fputs.c.obj                    276     0         0      
       s_scalbn.c.obj                 272     0         0      
       fd_cmp_t2.asm.obj              268     0         0      
       ctype.c.obj                    0       257       0      
       fd_mul_t2.asm.obj              252     0         0      
       setvbuf.c.obj                  220     0         0      
       fflush.c.obj                   200     0         0      
       host_device.c.obj              0       0         200    
       memcpy_t2.asm.obj              156     0         0      
       ull_div_t2.asm.obj             150     0         0      
       memset_t2.asm.obj              122     0         0      
       fclose.c.obj                   116     0         0      
       getdevice.c.obj                116     0         0      
       hostrename.c.obj               108     0         0      
       copy_decompress_lzss.c.obj     104     0         0      
       hostlseek.c.obj                104     0         0      
       hostopen.c.obj                 96      0         8      
       fseek.c.obj                    100     0         0      
       s_frexp.c.obj                  100     0         0      
       _io_perm.c.obj                 98      0         0      
       sprintf.c.obj                  98      0         0      
       close.c.obj                    92      0         0      
       exit.c.obj                     76      0         12     
       hostread.c.obj                 88      0         0      
       hostwrite.c.obj                88      0         0      
       _ltoa.c.obj                    84      0         0      
       atoi.c.obj                     76      0         0      
       fd_toi_t2.asm.obj              72      0         0      
       autoinit.c.obj                 68      0         0      
       fd_tou_t2.asm.obj              68      0         0      
       hostclose.c.obj                68      0         0      
       hostunlink.c.obj               68      0         0      
       u_divt2.asm.obj                64      0         0      
       fs_tod_t2.asm.obj              56      0         0      
       strncpy.c.obj                  54      0         0      
       boot_cortex_m.c.obj            52      0         0      
       fopen.c.obj                    52      0         0      
       i_tofd_t2.asm.obj              46      0         0      
       unlink.c.obj                   44      0         0      
       lseek.c.obj                    40      0         0      
       write.c.obj                    40      0         0      
       memchr.c.obj                   32      0         0      
       u_tofd_t2.asm.obj              32      0         0      
       assert.c.obj                   28      0         0      
       memccpy.c.obj                  28      0         0      
       s_copysign.c.obj               26      0         0      
       strcmp.c.obj                   24      0         0      
       strchr.c.obj                   22      0         0      
       strcpy.c.obj                   20      0         0      
       strlen.c.obj                   20      0         0      
       wcslen.c.obj                   18      0         0      
       copy_decompress_none.c.obj     14      0         0      
       copy_zero_init.c.obj           12      0         0      
       errno.c.obj                    8       0         4      
       _lock.c.obj                    2       0         8      
       pre_init.c.obj                 4       0         0      
       div0.asm.obj                   2       0         0      
    +--+------------------------------+-------+---------+---------+
       Total:                         10923   257       944    
                                                               
       Heap:                          0       0         16     
       Stack:                         0       0         1024   
       Linker Generated:              0       904       0      
    +--+------------------------------+-------+---------+---------+
       Grand Total:                   84997   4317      24432  


LINKER GENERATED COPY TABLES

__TI_cinit_table @ 00015d00 records: 3, size/record: 8, table size: 24
	.data: load addr=00015990, load size=00000354 bytes, run addr=20005008, run size=00000b64 bytes, compression=lzss
	.bss: load addr=00015cf0, load size=00000008 bytes, run addr=2000026c, run size=00004d9c bytes, compression=zero_init
	.vtable: load addr=00015cf8, load size=00000008 bytes, run addr=20000000, run size=0000026c bytes, compression=zero_init


LINKER GENERATED HANDLER TABLE

__TI_handler_table @ 00015ce4 records: 3, size/record: 4, table size: 12
	index: 0, handler: __TI_zero_init
	index: 1, handler: __TI_decompress_lzss
	index: 2, handler: __TI_decompress_none


GLOBAL SYMBOLS: SORTED ALPHABETICALLY BY Name 

address   name                                 
-------   ----                                 
0000a771  ADCBusy                              
0000a7b9  ADCClockConfigGet                    
0000a78f  ADCClockConfigSet                    
0000a58b  ADCComparatorConfigure               
0000a65b  ADCComparatorIntClear                
0000a611  ADCComparatorIntDisable              
0000a62f  ADCComparatorIntEnable               
0000a64d  ADCComparatorIntStatus               
0000a5a7  ADCComparatorRegionSet               
0000a5cb  ADCComparatorReset                   
0000a559  ADCHardwareOversampleConfigure       
0000a16f  ADCIntClear                          
0000a6d3  ADCIntClearEx                        
0000a0d5  ADCIntDisable                        
0000a66d  ADCIntDisableEx                      
0000a0f1  ADCIntEnable                         
0000a685  ADCIntEnableEx                       
0000a08f  ADCIntRegister                       
0000a117  ADCIntStatus                         
0000a6a1  ADCIntStatusEx                       
0000a0b7  ADCIntUnregister                     
0000a72b  ADCPhaseDelayGet                     
0000a719  ADCPhaseDelaySet                     
0000a3cf  ADCProcessorTrigger                  
0000a707  ADCReferenceGet                      
0000a6eb  ADCReferenceSet                      
0000d99b  ADCSeq0Handler                       
0000d9db  ADCSeq1Handler                       
0000a1b9  ADCSequenceConfigure                 
0000a755  ADCSequenceDMADisable                
0000a739  ADCSequenceDMAEnable                 
0000a38d  ADCSequenceDataGet                   
0000a19f  ADCSequenceDisable                   
0000a185  ADCSequenceEnable                    
0000a331  ADCSequenceOverflow                  
0000a349  ADCSequenceOverflowClear             
0000a23d  ADCSequenceStepConfigure             
0000a35f  ADCSequenceUnderflow                 
0000a377  ADCSequenceUnderflowClear            
0000a3f3  ADCSoftwareOversampleConfigure       
0000a4eb  ADCSoftwareOversampleDataGet         
0000a42b  ADCSoftwareOversampleStepConfigure   
00014e93  C$$EXIT                              
000148fb  C$$IO$$                              
0001484f  CPUbasepriGet                        
00014841  CPUbasepriSet                        
0001481b  CPUcpsid                             
00014831  CPUcpsie                             
00014827  CPUprimask                           
0001483d  CPUwfi                               
00013fad  ConfigDescAlloc                      
00014b11  ConfigDescFree                       
00013367  FPUDisable                           
00013355  FPUEnable                            
000133d3  FPUFlushToZeroModeSet                
0001339f  FPUHalfPrecisionModeSet              
00013387  FPULazyStackingEnable                
000133b9  FPUNaNModeSet                        
000133ed  FPURoundingModeSet                   
00013393  FPUStackingDisable                   
00013375  FPUStackingEnable                    
00008d6b  GPIOADCTriggerDisable                
00008d4d  GPIOADCTriggerEnable                 
00008d2f  GPIODMATriggerDisable                
00008d11  GPIODMATriggerEnable                 
000082c3  GPIODirModeGet                       
00008267  GPIODirModeSet                       
0000882b  GPIOIntClear                         
000087ef  GPIOIntDisable                       
000087d5  GPIOIntEnable                        
0000883f  GPIOIntRegister                      
00008809  GPIOIntStatus                        
000083b3  GPIOIntTypeGet                       
0000830f  GPIOIntTypeSet                       
0000885d  GPIOIntUnregister                    
00008683  GPIOPadConfigGet                     
00008449  GPIOPadConfigSet                     
00008cb3  GPIOPinConfigure                     
00008877  GPIOPinRead                          
000088af  GPIOPinTypeADC                       
000088d3  GPIOPinTypeCAN                       
00008c7f  GPIOPinTypeCIR                       
000088f7  GPIOPinTypeComparator                
0000891b  GPIOPinTypeEPI                       
0000893f  GPIOPinTypeEthernetLED               
00008963  GPIOPinTypeEthernetMII               
00008987  GPIOPinTypeGPIOInput                 
000089ab  GPIOPinTypeGPIOOutput                
000089cf  GPIOPinTypeGPIOOutputOD              
000089f3  GPIOPinTypeI2C                       
00008a17  GPIOPinTypeI2CSCL                    
00008c37  GPIOPinTypeKBColumn                  
00008c13  GPIOPinTypeKBRow                     
00008a3b  GPIOPinTypeLCD                       
00008c5b  GPIOPinTypeLEDSeq                    
00008a5f  GPIOPinTypeLPC                       
00008a83  GPIOPinTypePECIRx                    
00008aa7  GPIOPinTypePECITx                    
00008acb  GPIOPinTypePWM                       
00008aef  GPIOPinTypeQEI                       
00008b13  GPIOPinTypeSSI                       
00008b37  GPIOPinTypeTimer                     
00008b5b  GPIOPinTypeUART                      
00008b7f  GPIOPinTypeUSBAnalog                 
00008ba3  GPIOPinTypeUSBDigital                
00008bc7  GPIOPinTypeWakeHigh                  
00008bed  GPIOPinTypeWakeLow                   
00008ca3  GPIOPinWakeStatus                    
0000888f  GPIOPinWrite                         
00010485  GamepadHandler                       
00014609  HOSTclose                            
00013ced  HOSTlseek                            
00013f4d  HOSTopen                             
000140c1  HOSTread                             
00013c81  HOSTrename                           
0001464d  HOSTunlink                           
00014119  HOSTwrite                            
0000adef  I2CFIFODataGet                       
0000ae09  I2CFIFODataGetNonBlocking            
0000ada5  I2CFIFODataPut                       
0000adc7  I2CFIFODataPutNonBlocking            
0000ad95  I2CFIFOStatus                        
0000a989  I2CIntRegister                       
0000a9a7  I2CIntUnregister                     
0000ae45  I2CMasterBurstCountGet               
0000ae2f  I2CMasterBurstLengthSet              
0000abed  I2CMasterBusBusy                     
0000abd5  I2CMasterBusy                        
0000ac05  I2CMasterControl                     
0000ac59  I2CMasterDataGet                     
0000ac43  I2CMasterDataPut                     
0000a955  I2CMasterDisable                     
0000a921  I2CMasterEnable                      
0000ac17  I2CMasterErr                         
0000ae53  I2CMasterGlitchFilterConfigSet       
0000a857  I2CMasterInitExpClk                  
0000ab4f  I2CMasterIntClear                    
0000ab6d  I2CMasterIntClearEx                  
0000aa1b  I2CMasterIntDisable                  
0000aa2b  I2CMasterIntDisableEx                
0000a9c1  I2CMasterIntEnable                   
0000a9d1  I2CMasterIntEnableEx                 
0000aa75  I2CMasterIntStatus                   
0000aab9  I2CMasterIntStatusEx                 
0000abc7  I2CMasterLineStateGet                
0000aba5  I2CMasterSlaveAddrSet                
0000ac67  I2CMasterTimeoutSet                  
0000ad55  I2CRxFIFOConfigSet                   
0000ad7d  I2CRxFIFOFlush                       
0000ac79  I2CSlaveACKOverride                  
0000acab  I2CSlaveACKValueSet                  
0000a8e3  I2CSlaveAddressSet                   
0000ad05  I2CSlaveDataGet                      
0000aced  I2CSlaveDataPut                      
0000a96b  I2CSlaveDisable                      
0000a937  I2CSlaveEnable                       
0000ae83  I2CSlaveFIFODisable                  
0000ae6b  I2CSlaveFIFOEnable                   
0000a8c9  I2CSlaveInit                         
0000ab7f  I2CSlaveIntClear                     
0000ab91  I2CSlaveIntClearEx                   
0000aa43  I2CSlaveIntDisable                   
0000aa5b  I2CSlaveIntDisableEx                 
0000a9e9  I2CSlaveIntEnable                    
0000aa01  I2CSlaveIntEnableEx                  
0000aae5  I2CSlaveIntStatus                    
0000ab2d  I2CSlaveIntStatusEx                  
0000acdd  I2CSlaveStatus                       
0000ad15  I2CTxFIFOConfigSet                   
0000ad3d  I2CTxFIFOFlush                       
0000e15d  IntDisable                           
0000e0eb  IntEnable                            
0000e1cf  IntIsEnabled                         
0000dfaf  IntMasterDisable                     
0000df9f  IntMasterEnable                      
0000e2c5  IntPendClear                         
0000e255  IntPendSet                           
0000e0c7  IntPriorityGet                       
0000e03f  IntPriorityGroupingGet               
0000e025  IntPriorityGroupingSet               
0000e31f  IntPriorityMaskGet                   
0000e313  IntPriorityMaskSet                   
0000e077  IntPrioritySet                       
0000dfbf  IntRegister                          
0000e327  IntTrigger                           
0000e011  IntUnregister                        
00014b3d  InternalUSBHCDSendEvent              
00012d97  InternalUSBRegisterTickHandler       
00012de7  InternalUSBStartOfFrameTick          
00012d51  InternalUSBTickInit                  
00012d8f  InternalUSBTickReset                 
0000cd65  OTGDeviceDisconnect                  
00014e61  ResetISR                             
0000ed31  SSIAdvDataPutFrameEnd                
0000ed57  SSIAdvDataPutFrameEndNonBlocking     
0000ed99  SSIAdvFrameHoldDisable               
0000ed83  SSIAdvFrameHoldEnable                
0000ed15  SSIAdvModeSet                        
0000ecbf  SSIBusy                              
0000ecf1  SSIClockSourceGet                    
0000ecdd  SSIClockSourceSet                    
0000eac7  SSIConfigSetExpClk                   
0000eca7  SSIDMADisable                        
0000ec8f  SSIDMAEnable                         
0000ec51  SSIDataGet                           
0000ec6d  SSIDataGetNonBlocking                
0000ec17  SSIDataPut                           
0000ec31  SSIDataPutNonBlocking                
0000eb69  SSIDisable                           
0000eb53  SSIEnable                            
0000ec05  SSIIntClear                          
0000ebcf  SSIIntDisable                        
0000ebb7  SSIIntEnable                         
0000eb7f  SSIIntRegister                       
0000ebe7  SSIIntStatus                         
0000eb9d  SSIIntUnregister                     
00006633  SysCtlAltClkConfig                   
00005e09  SysCtlClockFreqSet                   
000062ed  SysCtlClockGet                       
00006617  SysCtlClockOutConfig                 
00006121  SysCtlClockSet                       
00005d09  SysCtlDeepSleep                      
000064b9  SysCtlDeepSleepClockConfigSet        
0000649b  SysCtlDeepSleepClockSet              
00005ce9  SysCtlDeepSleepPowerSet              
00014e89  SysCtlDelay                          
00005897  SysCtlFlashSectorSizeGet             
0000586b  SysCtlFlashSizeGet                   
0000658f  SysCtlGPIOAHBDisable                 
00006573  SysCtlGPIOAHBEnable                  
00005c7d  SysCtlIntClear                       
00005c65  SysCtlIntDisable                     
00005c51  SysCtlIntEnable                      
00005c29  SysCtlIntRegister                    
00005c8d  SysCtlIntStatus                      
00005c41  SysCtlIntUnregister                  
00005ccf  SysCtlLDODeepSleepGet                
00005cbf  SysCtlLDODeepSleepSet                
00005cb9  SysCtlLDOSleepGet                    
00005ca9  SysCtlLDOSleepSet                    
00005d3f  SysCtlMOSCConfigSet                  
00006603  SysCtlNMIClear                       
000065fd  SysCtlNMIStatus                      
00005d55  SysCtlPIOSCCalibrate                 
0000655d  SysCtlPWMClockGet                    
00006543  SysCtlPWMClockSet                    
00005bd5  SysCtlPeripheralClockGating          
00005b8d  SysCtlPeripheralDeepSleepDisable     
00005b3d  SysCtlPeripheralDeepSleepEnable      
00005a79  SysCtlPeripheralDisable              
00005a3d  SysCtlPeripheralEnable               
00005979  SysCtlPeripheralPowerOff             
0000593d  SysCtlPeripheralPowerOn              
000058bd  SysCtlPeripheralPresent              
000058fd  SysCtlPeripheralReady                
000059b5  SysCtlPeripheralReset                
00005b01  SysCtlPeripheralSleepDisable         
00005abd  SysCtlPeripheralSleepEnable          
00005cf9  SysCtlReset                          
00005db5  SysCtlResetBehaviorGet               
00005da5  SysCtlResetBehaviorSet               
00005d2b  SysCtlResetCauseClear                
00005d25  SysCtlResetCauseGet                  
00005861  SysCtlSRAMSizeGet                    
00005d01  SysCtlSleep                          
00005cd5  SysCtlSleepPowerSet                  
000065bd  SysCtlUSBPLLDisable                  
000065ab  SysCtlUSBPLLEnable                   
000065e9  SysCtlVoltageEventClear              
000065cd  SysCtlVoltageEventConfig             
000065dd  SysCtlVoltageEventStatus             
0000b455  TimerADCEventGet                     
0000b443  TimerADCEventSet                     
0000b179  TimerClockSourceGet                  
0000b14f  TimerClockSourceSet                  
0000af43  TimerConfigure                       
0000b063  TimerControlEvent                    
0000afbf  TimerControlLevel                    
0000b08d  TimerControlStall                    
0000aff5  TimerControlTrigger                  
0000b0c3  TimerControlWaitOnTrigger            
0000b475  TimerDMAEventGet                     
0000b463  TimerDMAEventSet                     
0000af25  TimerDisable                         
0000af07  TimerEnable                          
0000b41f  TimerIntClear                        
0000b3e9  TimerIntDisable                      
0000b3d1  TimerIntEnable                       
0000b38b  TimerIntRegister                     
0000b401  TimerIntStatus                       
0000b3b3  TimerIntUnregister                   
0000b243  TimerLoadGet                         
0000b279  TimerLoadGet64                       
0000b219  TimerLoadSet                         
0000b25f  TimerLoadSet64                       
0000b323  TimerMatchGet                        
0000b359  TimerMatchGet64                      
0000b2f9  TimerMatchSet                        
0000b33f  TimerMatchSet64                      
0000b1b3  TimerPrescaleGet                     
0000b1fd  TimerPrescaleMatchGet                
0000b1cf  TimerPrescaleMatchSet                
0000b189  TimerPrescaleSet                     
0000b139  TimerRTCDisable                      
0000b123  TimerRTCEnable                       
0000b431  TimerSynchronize                     
0000b483  TimerUpdateMode                      
0000b2ab  TimerValueGet                        
0000b2c7  TimerValueGet64                      
0000baa9  UART9BitAddrSend                     
0000ba83  UART9BitAddrSet                      
0000ba6d  UART9BitDisable                      
0000ba57  UART9BitEnable                       
0000b8fb  UARTBreakCtl                         
0000b925  UARTBusy                             
0000b8a3  UARTCharGet                          
0000b887  UARTCharGetNonBlocking               
0000b8dd  UARTCharPut                          
0000b8b9  UARTCharPutNonBlocking               
0000b84b  UARTCharsAvail                       
0000ba47  UARTClockSourceGet                   
0000ba33  UARTClockSourceSet                   
0000b61b  UARTConfigGetExpClk                  
0000b5a5  UARTConfigSetExpClk                  
0000b9f9  UARTDMADisable                       
0000b9e1  UARTDMAEnable                        
0000b68b  UARTDisable                          
0000b70f  UARTDisableSIR                       
0000b667  UARTEnable                           
0000b6e1  UARTEnableSIR                        
0000b6cb  UARTFIFODisable                      
0000b6b5  UARTFIFOEnable                       
0000b57d  UARTFIFOLevelGet                     
0000b565  UARTFIFOLevelSet                     
0000b80b  UARTFlowControlGet                   
0000b7ef  UARTFlowControlSet                   
0000b9cf  UARTIntClear                         
0000b999  UARTIntDisable                       
0000b981  UARTIntEnable                        
0000b943  UARTIntRegister                      
0000b9b1  UARTIntStatus                        
0000b961  UARTIntUnregister                    
0000b7a5  UARTModemControlClear                
0000b7c9  UARTModemControlGet                  
0000b76d  UARTModemControlSet                  
0000b7db  UARTModemStatusGet                   
0000b553  UARTParityModeGet                    
0000b537  UARTParityModeSet                    
0000ba23  UARTRxErrorClear                     
0000ba11  UARTRxErrorGet                       
0000b757  UARTSmartCardDisable                 
0000b725  UARTSmartCardEnable                  
0000b869  UARTSpaceAvail                       
0000c535  UARTStdioConfig                      
0000b839  UARTTxIntModeGet                     
0000b81d  UARTTxIntModeSet                     
0000c685  UARTgetc                             
0000c5cb  UARTgets                             
0000c9a7  UARTprintf                           
0000c6ad  UARTvprintf                          
0000c57b  UARTwrite                            
0001328b  ULPIConfigSet                        
0001332d  ULPIPowerTransceiver                 
00014d89  USB0DeviceIntHandler                 
0000ca99  USB0DualModeIntHandler               
0000cc81  USB0OTGModeIntHandler                
0000323f  USBClockDisable                      
00003223  USBClockEnable                       
0000320f  USBControllerVersion                 
0000ef07  USBDCDConfigDescGet                  
0000eeb9  USBDCDConfigDescGetNum               
0000ee81  USBDCDConfigDescGetSize              
0000efe9  USBDCDConfigGetInterface             
0000f01f  USBDCDConfigGetInterfaceEndpoint     
0000ef95  USBDCDConfigGetNumAlternateInterfaces
00003605  USBDCDDeviceInfoInit                 
000039b9  USBDCDFeatureGet                     
000038f5  USBDCDFeatureSet                     
00003655  USBDCDInit                           
0000388b  USBDCDPowerStatusSet                 
000039ed  USBDCDRemoteWakeLPM                  
00003a0d  USBDCDRemoteWakeupRequest            
0000381b  USBDCDRequestDataEP0                 
00003841  USBDCDSendDataEP0                    
00003863  USBDCDSetDefaultConfiguration        
00003875  USBDCDStallEP0                       
000037d3  USBDCDTerm                           
00007ec5  USBDHIDCompositeInit                 
0000f1f9  USBDHIDGamepadCompositeInit          
0000f1ab  USBDHIDGamepadInit                   
0000f2d5  USBDHIDGamepadSendReport             
0000f331  USBDHIDGamepadTerm                   
00007e8f  USBDHIDInit                          
000080e5  USBDHIDPacketRead                    
000081e5  USBDHIDPowerStatusSet                
000081f9  USBDHIDRemoteWakeupRequest           
00008065  USBDHIDReportWrite                   
000081a7  USBDHIDRxPacketAvailable             
00008031  USBDHIDSetRxCBData                   
0000804b  USBDHIDSetTxCBData                   
00008019  USBDHIDTerm                          
00008189  USBDHIDTxPacketAvailable             
00003377  USBDMAChannelAddressGet              
0000335b  USBDMAChannelAddressSet              
000032e1  USBDMAChannelConfigSet               
000033ab  USBDMAChannelCountGet                
0000338f  USBDMAChannelCountSet                
000032c1  USBDMAChannelDisable                 
000032a1  USBDMAChannelEnable                  
00003271  USBDMAChannelIntDisable              
00003251  USBDMAChannelIntEnable               
00003291  USBDMAChannelIntStatus               
00003311  USBDMAChannelStatus                  
00003331  USBDMAChannelStatusClear             
000033c3  USBDMANumChannels                    
000106cd  USBDescGet                           
000107f1  USBDescGetInterface                  
0001081f  USBDescGetInterfaceEndpoint          
00010671  USBDescGetNum                        
00010737  USBDescGetNumAlternateInterfaces     
0000267d  USBDevAddrGet                        
00002669  USBDevAddrSet                        
0000263d  USBDevConnect                        
00002653  USBDevDisconnect                     
000029b3  USBDevEndpointConfigGet              
000028c1  USBDevEndpointConfigSet              
00002d3d  USBDevEndpointDataAck                
00002567  USBDevEndpointStall                  
000025c9  USBDevEndpointStallClear             
000023e3  USBDevEndpointStatusClear            
0000352f  USBDevLPMConfig                      
0000355d  USBDevLPMDisable                     
00003545  USBDevLPMEnable                      
00003517  USBDevLPMRemoteWake                  
00003177  USBDevMode                           
000021a9  USBDevSpeedGet                       
0000e423  USBDeviceConfig                      
0000e619  USBDeviceConfigAlternate             
00003b25  USBDeviceEnumHandler                 
00003c45  USBDeviceEnumResetHandler            
00004615  USBDeviceIntHandlerInternal          
00003a41  USBDeviceResumeTickHandler           
0000cae5  USBDualModeInit                      
0000cb43  USBDualModeTerm                      
00003129  USBEndpointDMAChannel                
00002b6f  USBEndpointDMAConfigSet              
00002c41  USBEndpointDMADisable                
00002c07  USBEndpointDMAEnable                 
00002c7b  USBEndpointDataAvail                 
00002cb3  USBEndpointDataGet                   
00002dad  USBEndpointDataPut                   
00002e11  USBEndpointDataSend                  
00002501  USBEndpointDataToggleClear           
000031db  USBEndpointPacketCountSet            
0000236f  USBEndpointStatus                    
000030ff  USBFIFOAddrGet                       
00002b09  USBFIFOConfigGet                     
00002aa3  USBFIFOConfigSet                     
00002e69  USBFIFOFlush                         
000030c3  USBFrameNumberGet                    
00012b71  USBHCDControlTransfer                
00013565  USBHCDFeatureSet                     
000141c9  USBHCDHubDeviceConnected             
00014e3d  USBHCDHubDeviceDisconnected          
00012c61  USBHCDInit                           
00012f21  USBHCDMain                           
00014db9  USBHCDPowerAutomatic                 
00014e49  USBHCDPowerConfigGet                 
000143b9  USBHCDPowerConfigSet                 
00014895  USBHCDReset                          
000144e9  USBHCDSetAddress                     
000149df  USBHCDSetConfig                      
00014d29  USBHHubEnumerationComplete           
00014d41  USBHHubEnumerationError              
00014531  USBHHubInit                          
00011915  USBHHubMain                          
00002117  USBHighSpeed                         
00002f79  USBHostAddrGet                       
00002f41  USBHostAddrSet                       
00013dbd  USBHostCheckPipes                    
00002691  USBHostEndpointConfig                
00002d7b  USBHostEndpointDataAck               
00002465  USBHostEndpointDataToggle            
0000253b  USBHostEndpointPing                  
0000282b  USBHostEndpointSpeed                 
0000239b  USBHostEndpointStatusClear           
0000300b  USBHostHubAddrGet                    
00002fa7  USBHostHubAddrSet                    
0000dba9  USBHostIntHandlerInternal            
000034db  USBHostLPMConfig                     
000034ff  USBHostLPMResume                     
00003493  USBHostLPMSend                       
00003165  USBHostMode                          
00003039  USBHostPwrConfig                     
000030ab  USBHostPwrDisable                    
00003093  USBHostPwrEnable                     
0000307b  USBHostPwrFaultDisable               
00003063  USBHostPwrFaultEnable                
00002ed9  USBHostRequestIN                     
00002f01  USBHostRequestINClear                
00002f2f  USBHostRequestStatus                 
000020e9  USBHostReset                         
00002145  USBHostResume                        
00002173  USBHostSpeedGet                      
000020d3  USBHostSuspend                       
000021c1  USBIntDisableControl                 
00002285  USBIntDisableEndpoint                
000021ff  USBIntEnableControl                  
000022b3  USBIntEnableEndpoint                 
00002337  USBIntRegister                       
00002239  USBIntStatusControl                  
000022e1  USBIntStatusEndpoint                 
00002355  USBIntUnregister                     
00003589  USBLPMEndpointGet                    
000035e9  USBLPMIntDisable                     
000035cf  USBLPMIntEnable                      
000035bf  USBLPMIntStatus                      
00003575  USBLPMLinkStateGet                   
000035a5  USBLPMRemoteWakeEnabled              
000072f7  USBLibDMAAddrGet                     
00007327  USBLibDMAInit                        
0000730f  USBLibDMASizeGet                     
0000319b  USBModeConfig                        
00003115  USBModeGet                           
000031fb  USBNumEndpointsGet                   
0000ce1b  USBOTGFeatureSet                     
0000cd85  USBOTGMain                           
00003189  USBOTGMode                           
0000cb8d  USBOTGModeInit                       
0000cb65  USBOTGModeTerm                       
0000cc5b  USBOTGPollRate                       
000030d1  USBOTGSessionRequest                 
000031af  USBPHYPowerOff                       
000031c5  USBPHYPowerOn                        
0000ca5d  USBStackModeSet                      
000033d5  USBULPIConfig                        
00003403  USBULPIDisable                       
000033eb  USBULPIEnable                        
0000341b  USBULPIRegRead                       
00003453  USBULPIRegWrite                      
200046c8  __CIOBUF_                            
20005f70  __STACK_END                          
00000400  __STACK_SIZE                         
20005d70  __STACK_TOP                          
00000010  __SYSMEM_SIZE                        
00015d00  __TI_CINIT_Base                      
00015d18  __TI_CINIT_Limit                     
00015ce4  __TI_Handler_Table_Base              
00015cf0  __TI_Handler_Table_Limit             
00014691  __TI_auto_init_nobinit_nopinit       
00014a15  __TI_cleanup                         
20005a94  __TI_cleanup_ptr                     
00013ab9  __TI_closefile                       
00013d55  __TI_decompress_lzss                 
00014e2d  __TI_decompress_none                 
00014405  __TI_doflush                         
20005a98  __TI_dtors_ptr                       
20005a9c  __TI_enable_exit_profile_output      
20005a84  __TI_ft_end                          
00014277  __TI_ltoa                            
ffffffff  __TI_pprof_out_hndl                  
00008d91  __TI_printfi                         
ffffffff  __TI_prof_data_size                  
ffffffff  __TI_prof_data_start                 
00014a49  __TI_readmsg                         
00000000  __TI_static_base__                   
20004ad8  __TI_tmpnams                         
000148cd  __TI_writemsg                        
00013ee9  __TI_wrt_ok                          
00014e55  __TI_zero_init                       
000137c5  __aeabi_cdcmpeq                      
000137c5  __aeabi_cdcmple                      
0001384b  __aeabi_cdrcmple                     
000145c1  __aeabi_d2iz                         
00014719  __aeabi_d2uiz                        
0001113f  __aeabi_dadd                         
00011e71  __aeabi_ddiv                         
00012a75  __aeabi_dmul                         
00011135  __aeabi_dsub                         
00014e79  __aeabi_errno_addr                   
00014905  __aeabi_f2d                          
00014ae1  __aeabi_i2d                          
000097df  __aeabi_idiv0                        
000097df  __aeabi_ldiv0                        
000139c9  __aeabi_memclr                       
000139c9  __aeabi_memclr4                      
000139c9  __aeabi_memclr8                      
00013601  __aeabi_memcpy                       
00013601  __aeabi_memcpy4                      
00013601  __aeabi_memcpy8                      
000139cb  __aeabi_memset                       
000139cb  __aeabi_memset4                      
000139cb  __aeabi_memset8                      
20005a90  __aeabi_stderr                       
20005a88  __aeabi_stdin                        
20005a8c  __aeabi_stdout                       
00014c99  __aeabi_ui2d                         
0001475d  __aeabi_uidiv                        
0001475d  __aeabi_uidivmod                     
0001369d  __aeabi_uldivmod                     
ffffffff  __binit__                            
ffffffff  __c_args__                           
UNDEFED   __mpu_init                           
20005b70  __stack                              
20000000  __start___llvm_prf_cnts              
20000000  __stop___llvm_prf_cnts               
00014cb9  _abort_msg                           
00014a7d  _c_int00_noargs                      
00014fb8  _ctypes_                             
20005298  _device                              
20005110  _ftable                              
20005aec  _lock                                
00003603  _nop                                 
20005310  _stream                              
20005f70  _sys_memory                          
UNDEFED   _system_post_cinit                   
00014e8f  _system_pre_init                     
20005af0  _unlock                              
00014e93  abort                                
0000d36d  ad1x15_looper_task                   
20004fa4  adc_info                             
20005b04  adc_pin_struct                       
0000bb8d  add_i2c_msg                          
0000ce89  add_page                             
0000d5c5  ads1x15_drawdata                     
0000d6e1  ads1x15_drawinput                    
0000d55b  ads1x15_drawpage                     
0000d433  ads1x15_midi_task                    
00012879  aligned_alloc                        
00014451  atoi                                 
000131e3  bgd_color                            
ffffffff  binit                                
[...]
0000c065  uDMAErrorStatusGet                   
0000c06b  uDMAErrorStatusClear                 
0000c073  uDMAChannelEnable                    
0000c08b  uDMAChannelDisable                   
0000c0a3  uDMAChannelIsEnabled                 
0000c0cb  uDMAControlBaseSet                   
0000c0db  uDMAControlBaseGet                   
0000c0e1  uDMAControlAlternateBaseGet          
0000c0e7  uDMAChannelRequest                   
0000c0ff  uDMAChannelAttributeEnable           
0000c153  uDMAChannelAttributeDisable          
0000c1a7  uDMAChannelAttributeGet              
0000c217  uDMAChannelControlSet                
0000c259  uDMAChannelTransferSet               
0000c351  uDMAChannelScatterGatherSet          
0000c3dd  uDMAChannelSizeGet                   
0000c425  uDMAChannelModeGet                   
0000c46b  uDMAIntRegister                      
0000c481  uDMAIntUnregister                    
0000c493  uDMAIntStatus                        
0000c499  uDMAIntClear                         
0000c4ad  uDMAChannelAssign                    
0000c4f5  uDMAChannelSelectSecondary           
0000c509  uDMAChannelSelectDefault             
0000c535  UARTStdioConfig                      
0000c57b  UARTwrite                            
0000c5cb  UARTgets                             
0000c685  UARTgetc                             
0000c6ad  UARTvprintf                          
0000c9a7  UARTprintf                           
0000ca5d  USBStackModeSet                      
0000ca99  USB0DualModeIntHandler               
0000cae5  USBDualModeInit                      
0000cb43  USBDualModeTerm                      
0000cb65  USBOTGModeTerm                       
0000cb8d  USBOTGModeInit                       
0000cc5b  USBOTGPollRate                       
0000cc81  USB0OTGModeIntHandler                
0000cd65  OTGDeviceDisconnect                  
0000cd85  USBOTGMain                           
0000ce1b  USBOTGFeatureSet                     
0000ce79  init_console                         
0000ce89  add_page                             
0000cf45  is_on_screen                         
0000d15d  console_task                         
0000d30d  init_ads1x15                         
0000d36d  ad1x15_looper_task                   
0000d433  ads1x15_midi_task                    
0000d52b  get_volume                           
0000d543  get_sensitivity                      
0000d55b  ads1x15_drawpage                     
0000d5c5  ads1x15_drawdata                     
0000d6e1  ads1x15_drawinput                    
0000d765  init_adc                             
0000d919  get_adc_config                       
0000d95d  get_adc_val                          
0000d991  get_adc_struct                       
0000d99b  ADCSeq0Handler                       
0000d9db  ADCSeq1Handler                       
0000da2d  midi_adc_task                        
0000daa9  looper_adc_task                      
0000dba9  USBHostIntHandlerInternal            
0000df9f  IntMasterEnable                      
0000dfaf  IntMasterDisable                     
0000dfbf  IntRegister                          
0000e011  IntUnregister                        
0000e025  IntPriorityGroupingSet               
0000e03f  IntPriorityGroupingGet               
0000e077  IntPrioritySet                       
0000e0c7  IntPriorityGet                       
0000e0eb  IntEnable                            
0000e15d  IntDisable                           
0000e1cf  IntIsEnabled                         
0000e255  IntPendSet                           
0000e2c5  IntPendClear                         
0000e313  IntPriorityMaskSet                   
0000e31f  IntPriorityMaskGet                   
0000e327  IntTrigger                           
0000e423  USBDeviceConfig                      
0000e619  USBDeviceConfigAlternate             
0000e6e5  process_joystick                     
0000eac7  SSIConfigSetExpClk                   
0000eb53  SSIEnable                            
0000eb69  SSIDisable                           
0000eb7f  SSIIntRegister                       
0000eb9d  SSIIntUnregister                     
0000ebb7  SSIIntEnable                         
0000ebcf  SSIIntDisable                        
0000ebe7  SSIIntStatus                         
0000ec05  SSIIntClear                          
0000ec17  SSIDataPut                           
0000ec31  SSIDataPutNonBlocking                
0000ec51  SSIDataGet                           
0000ec6d  SSIDataGetNonBlocking                
0000ec8f  SSIDMAEnable                         
0000eca7  SSIDMADisable                        
0000ecbf  SSIBusy                              
0000ecdd  SSIClockSourceSet                    
0000ecf1  SSIClockSourceGet                    
0000ed15  SSIAdvModeSet                        
0000ed31  SSIAdvDataPutFrameEnd                
0000ed57  SSIAdvDataPutFrameEndNonBlocking     
0000ed83  SSIAdvFrameHoldEnable                
0000ed99  SSIAdvFrameHoldDisable               
0000ee81  USBDCDConfigDescGetSize              
0000eeb9  USBDCDConfigDescGetNum               
0000ef07  USBDCDConfigDescGet                  
0000ef95  USBDCDConfigGetNumAlternateInterfaces
0000efe9  USBDCDConfigGetInterface             
0000f01f  USBDCDConfigGetInterfaceEndpoint     
0000f1ab  USBDHIDGamepadInit                   
0000f1f9  USBDHIDGamepadCompositeInit          
0000f2d5  USBDHIDGamepadSendReport             
0000f331  USBDHIDGamepadTerm                   
0000f369  init_looper_buttons                  
0000f3c9  looper_buttons_task                  
0000f631  init_rotary_enc                      
0000f6b9  rotary_enc_task                      
0000f895  get_channel                          
0000f8e5  pxPortInitialiseStack                
0000f971  xPortStartScheduler                  
0000fa05  vPortEndScheduler                    
0000fa29  vPortEnterCritical                   
0000fa6b  vPortExitCritical                    
0000fa97  xPortSysTickHandler                  
0000fabd  vPortSetupTimerInterrupt             
0000fad9  vPortValidateInterruptPriority       
0000fde1  init_midi_ctrl_board                 
0001004d  create_error                         
000100ad  set_error                            
000100cf  init_logger                          
000100fb  logger_drawpage                      
00010135  logger_drawdata                      
000101cf  logger_drawinput                     
00010275  init_looper_board                    
00010485  GamepadHandler                       
000104f9  init_usb_hid                         
00010561  usb_hid_task                         
000105cf  usb_hid_send                         
000105e3  usb_hid_send_from_isr                
000105f7  usbhid_drawpage                      
000105f9  usbhid_drawdata                      
000105fb  usbhid_drawinput                     
00010671  USBDescGetNum                        
000106cd  USBDescGet                           
00010737  USBDescGetNumAlternateInterfaces     
000107f1  USBDescGetInterface                  
0001081f  USBDescGetInterfaceEndpoint          
00010a15  init_midi_knobs                      
00010a47  process_midi_knobs                   
00010be1  send_midi_message                    
00010dad  init_looper_effects                  
00010dd5  process_effects                      
00010f75  pvPortMalloc                         
00011075  vPortFree                            
000110d3  xPortGetFreeHeapSize                 
000110d9  vPortInitialiseBlocks                
00011135  __aeabi_dsub                         
0001113f  __aeabi_dadd                         
000112ed  init_gpis                            
000113ed  get_gpi_config                       
00011431  read_gpi                             
0001144b  get_gpi_struct                       
00011629  control_drawpage                     
000116df  control_drawdata                     
0001175f  control_drawinput                    
00011915  USBHHubMain                          
00011a89  init_gpos                            
00011b2f  get_gpo_config                       
00011b73  set_gpo                              
00011b9f  get_gpo                              
00011d35  init_looper_volumes                  
00011d5d  process_looper_volumes               
00011e71  __aeabi_ddiv                         
00011fa7  vListInitialise                      
00011fd7  vListInitialiseItem                  
00011fe7  vListInsertEnd                       
00012023  vListInsert                          
00012089  uxListRemove                         
000121f5  homepage_drawpage                    
0001223f  homepage_drawdata                    
00012241  homepage_drawinput                   
00012319  init_host_uart                       
00012375  host_uart_task                       
000123c1  send_to_host                         
000123dd  send_to_host_from_isr                
000123f9  uartmsg_drawpage                     
000123fb  uartmsg_drawdata                     
000123fd  uartmsg_drawinput                    
00012439  init_midi_buttons                    
0001246d  midi_buttons_task                    
00012501  get_octave                           
00012507  pressure_sense_is_on                 
00012555  fputs                                
00012669  ldexp                                
00012669  ldexpl                               
00012669  scalbn                               
00012669  scalbnl                              
00012879  aligned_alloc                        
00012879  memalign                             
00012979  get_char                             
000129e1  init_console_uart                    
00012a75  __aeabi_dmul                         
00012b71  USBHCDControlTransfer                
00012c61  USBHCDInit                           
00012d51  InternalUSBTickInit                  
00012d8f  InternalUSBTickReset                 
00012d97  InternalUSBRegisterTickHandler       
00012de7  InternalUSBStartOfFrameTick          
00012e3d  free                                 
00012f21  USBHCDMain                           
00013001  setvbuf                              
000130ed  ulPortGetIPSR                        
00013105  xPortPendSVHandler                   
00013165  vPortSVCHandler                      
00013185  vPortStartFirstTask                  
000131a9  vPortEnableVFP                       
000131b9  set_text_mode                        
000131c7  text_color                           
000131d5  bold_text_color                      
000131e3  bgd_color                            
000131f1  cursor_pos                           
00013203  save_cursor_pos                      
0001320d  restore_cursor_pos                   
00013217  clear_terminal                       
00013221  clear_line                           
0001322b  clear_in_line                        
00013235  clear_below_line                     
0001328b  ULPIConfigSet                        
0001332d  ULPIPowerTransceiver                 
00013355  FPUEnable                            
00013367  FPUDisable                           
00013375  FPUStackingEnable                    
00013387  FPULazyStackingEnable                
00013393  FPUStackingDisable                   
0001339f  FPUHalfPrecisionModeSet              
000133b9  FPUNaNModeSet                        
000133d3  FPUFlushToZeroModeSet                
000133ed  FPURoundingModeSet                   
00013565  USBHCDFeatureSet                     
00013601  __aeabi_memcpy                       
00013601  __aeabi_memcpy4                      
00013601  __aeabi_memcpy8                      
00013601  memcpy                               
0001369d  __aeabi_uldivmod                     
000137c5  __aeabi_cdcmpeq                      
000137c5  __aeabi_cdcmple                      
0001384b  __aeabi_cdrcmple                     
000138d1  init_board_select                    
0001392f  get_board_type                       
0001394d  fflush                               
000139c9  __aeabi_memclr                       
000139c9  __aeabi_memclr4                      
000139c9  __aeabi_memclr8                      
000139cb  __aeabi_memset                       
000139cb  __aeabi_memset4                      
000139cb  __aeabi_memset8                      
000139d1  memset                               
00013ab9  __TI_closefile                       
00013b2d  main                                 
00013c81  HOSTrename                           
00013ced  HOSTlseek                            
00013d55  __TI_decompress_lzss                 
00013dbd  USBHostCheckPipes                    
00013e21  frexp                                
00013e21  frexpl                               
00013e85  fseek                                
00013ee9  __TI_wrt_ok                          
00013f4d  HOSTopen                             
00013fad  ConfigDescAlloc                      
00014065  close                                
000140c1  HOSTread                             
00014119  HOSTwrite                            
000141c9  USBHCDHubDeviceConnected             
00014277  __TI_ltoa                            
000143b9  USBHCDPowerConfigSet                 
00014405  __TI_doflush                         
00014451  atoi                                 
0001449d  taskmanager_drawpage                 
000144d5  taskmanager_drawdata                 
000144d7  taskmanager_drawinput                
000144e9  USBHCDSetAddress                     
00014531  USBHHubInit                          
00014579  exit                                 
000145c1  __aeabi_d2iz                         
00014609  HOSTclose                            
0001464d  HOSTunlink                           
00014691  __TI_auto_init_nobinit_nopinit       
000146d5  getdevice                            
00014719  __aeabi_d2uiz                        
0001475d  __aeabi_uidiv                        
0001475d  __aeabi_uidivmod                     
0001479d  sprintf                              
0001481b  CPUcpsid                             
00014827  CPUprimask                           
00014831  CPUcpsie                             
0001483d  CPUwfi                               
00014841  CPUbasepriSet                        
0001484f  CPUbasepriGet                        
00014895  USBHCDReset                          
000148cd  __TI_writemsg                        
000148fb  C$$IO$$                              
00014905  __aeabi_f2d                          
000149a9  strncpy                              
000149df  USBHCDSetConfig                      
00014a15  __TI_cleanup                         
00014a49  __TI_readmsg                         
00014a7d  _c_int00_noargs                      
00014ab1  finddevice                           
00014ae1  __aeabi_i2d                          
00014b11  ConfigDescFree                       
00014b3d  InternalUSBHCDSendEvent              
00014b69  remove                               
00014b69  unlink                               
00014b95  vApplicationMallocFailedHook         
00014ba5  vApplicationIdleHook                 
00014ba7  vApplicationStackOverflowHook        
00014be9  lseek                                
00014c11  write                                
00014c79  memchr                               
00014c99  __aeabi_ui2d                         
00014cb9  _abort_msg                           
00014cf1  memccpy                              
00014d0d  copysign                             
00014d0d  copysignl                            
00014d29  USBHHubEnumerationComplete           
00014d41  USBHHubEnumerationError              
00014d71  strcmp                               
00014d89  USB0DeviceIntHandler                 
00014da1  strchr                               
00014db9  USBHCDPowerAutomatic                 
00014de1  strcpy                               
00014df5  strlen                               
00014e1b  wcslen                               
00014e2d  __TI_decompress_none                 
00014e3d  USBHCDHubDeviceDisconnected          
00014e49  USBHCDPowerConfigGet                 
00014e55  __TI_zero_init                       
00014e61  ResetISR                             
00014e79  __aeabi_errno_addr                   
00014e81  malloc                               
00014e89  SysCtlDelay                          
00014e8f  _system_pre_init                     
00014e93  C$$EXIT                              
00014e93  abort                                
00014fb8  _ctypes_                             
00015688  g_pui8ConfigString                   
00015720  g_sHIDHandlers                       
00015878  g_ppui8StringDescriptors             
00015954  looper_gpo_info                      
0001595c  midi_gpo_info                        
00015964  ulMaxSyscallInterruptPriority        
00015ce4  __TI_Handler_Table_Base              
00015cf0  __TI_Handler_Table_Limit             
00015d00  __TI_CINIT_Base                      
00015d18  __TI_CINIT_Limit                     
20000000  __start___llvm_prf_cnts              
20000000  __stop___llvm_prf_cnts               
20000000  g_pfnRAMVectors                      
2000026c  ucHeap                               
200046c8  __CIOBUF_                            
200049e8  pad_states                           
20004ad8  __TI_tmpnams                         
20004cd8  g_psDCDInst                          
20004d68  xQueueRegistry                       
20004e48  g_pfnTickHandlers                    
20004e60  g_pvTickInstance                     
20004f24  button_states                        
20004f34  midi_knobs                           
20004fa4  adc_info                             
20004fac  gpis_info                            
20004fb4  gpo_info                             
20004fbc  parmbuf                              
20004fec  blue_debug                           
20004ff0  g_ppsDevInfo                         
20004ff4  g_ui32PollRate                       
20004ff8  green_debug                          
20004ffc  red_debug                            
20005007  g_eOTGModeState                      
20005110  _ftable                              
20005200  g_sGamepadDevice                     
20005298  _device                              
20005310  _stream                              
20005360  pxCurrentTCB                         
20005a4c  g_pui8HIDDeviceDescriptor            
20005a84  __TI_ft_end                          
20005a88  __aeabi_stdin                        
20005a8c  __aeabi_stdout                       
20005a90  __aeabi_stderr                       
20005a94  __TI_cleanup_ptr                     
20005a98  __TI_dtors_ptr                       
20005a9c  __TI_enable_exit_profile_output      
20005ab8  g_bUSBTimerInitialized               
20005abc  g_ui32CurrentUSBTick                 
20005ac0  g_ui32USBSOFCount                    
20005ae0  g_iUSBMode                           
20005ae4  g_ui32WaitTicks                      
20005aec  _lock                                
20005af0  _unlock                              
20005b04  adc_pin_struct                       
20005b24  looper_gpi_info                      
20005b2c  midi_gpi_info                        
20005b3c  i2c_msg_queue                        
20005b64  errno                                
20005b70  __stack                              
20005d70  __STACK_TOP                          
20005f70  __STACK_END                          
20005f70  _sys_memory                          
ffffffff  __TI_pprof_out_hndl                  
ffffffff  __TI_prof_data_size                  
ffffffff  __TI_prof_data_start                 
ffffffff  __binit__                            
ffffffff  __c_args__                           
ffffffff  binit                                
UNDEFED   __mpu_init                           
UNDEFED   _system_post_cinit                   

[914 symbols]
