<?xml version="1.0" encoding="ISO-8859-1" ?>
<link_info>
   <banner>TI ARM Linker PC v20.2.2.LTS</banner>
   <copyright>Copyright (c) 1996-2018 Texas Instruments Incorporated</copyright>
   <link_time>0x6071e6f2</link_time>
   <link_errors>0x0</link_errors>
   <output_file>drum_pad.out</output_file>
   <entry_point>
      <name>_c_int00_noargs</name>
      <address>0xd27d</address>
   </entry_point>
   <input_file_list>
      <input_file id="fl-2">
         <path>.\</path>
         <kind>object</kind>
         <file>ADC_task.obj</file>
         <name>ADC_task.obj</name>
      </input_file>
      <input_file id="fl-3">
         <path>.\</path>
         <kind>object</kind>
         <file>GPIs.obj</file>
         <name>GPIs.obj</name>
      </input_file>
      <input_file id="fl-4">
         <path>.\</path>
         <kind>object</kind>
         <file>GPOs.obj</file>
         <name>GPOs.obj</name>
      </input_file>
      <input_file id="fl-5">
         <path>.\</path>
         <kind>object</kind>
         <file>I2C_task.obj</file>
         <name>I2C_task.obj</name>
      </input_file>
      <input_file id="fl-6">
         <path>.\</path>
         <kind>object</kind>
         <file>console_task.obj</file>
         <name>console_task.obj</name>
      </input_file>
      <input_file id="fl-7">
         <path>.\</path>
         <kind>object</kind>
         <file>console_uart.obj</file>
         <name>console_uart.obj</name>
      </input_file>
      <input_file id="fl-8">
         <path>.\</path>
         <kind>object</kind>
         <file>control_page.obj</file>
         <name>control_page.obj</name>
      </input_file>
      <input_file id="fl-9">
         <path>.\</path>
         <kind>object</kind>
         <file>drum_pad_functions.obj</file>
         <name>drum_pad_functions.obj</name>
      </input_file>
      <input_file id="fl-a">
         <path>.\</path>
         <kind>object</kind>
         <file>heap_2.obj</file>
         <name>heap_2.obj</name>
      </input_file>
      <input_file id="fl-b">
         <path>.\</path>
         <kind>object</kind>
         <file>homepage.obj</file>
         <name>homepage.obj</name>
      </input_file>
      <input_file id="fl-c">
         <path>.\</path>
         <kind>object</kind>
         <file>hooks.obj</file>
         <name>hooks.obj</name>
      </input_file>
      <input_file id="fl-d">
         <path>.\</path>
         <kind>object</kind>
         <file>host_uart_task.obj</file>
         <name>host_uart_task.obj</name>
      </input_file>
      <input_file id="fl-e">
         <path>.\</path>
         <kind>object</kind>
         <file>joystick_task.obj</file>
         <name>joystick_task.obj</name>
      </input_file>
      <input_file id="fl-f">
         <path>.\</path>
         <kind>object</kind>
         <file>logger.obj</file>
         <name>logger.obj</name>
      </input_file>
      <input_file id="fl-10">
         <path>.\</path>
         <kind>object</kind>
         <file>main.obj</file>
         <name>main.obj</name>
      </input_file>
      <input_file id="fl-11">
         <path>.\</path>
         <kind>object</kind>
         <file>rotary_enc_task.obj</file>
         <name>rotary_enc_task.obj</name>
      </input_file>
      <input_file id="fl-12">
         <path>.\</path>
         <kind>object</kind>
         <file>task_manager_page.obj</file>
         <name>task_manager_page.obj</name>
      </input_file>
      <input_file id="fl-13">
         <path>.\</path>
         <kind>object</kind>
         <file>text_controls.obj</file>
         <name>text_controls.obj</name>
      </input_file>
      <input_file id="fl-14">
         <path>.\</path>
         <kind>object</kind>
         <file>tm4c123gh6pm_startup_ccs.obj</file>
         <name>tm4c123gh6pm_startup_ccs.obj</name>
      </input_file>
      <input_file id="fl-15">
         <path>.\</path>
         <kind>object</kind>
         <file>watchdog_task.obj</file>
         <name>watchdog_task.obj</name>
      </input_file>
      <input_file id="fl-16">
         <path>.\FreeRTOS\</path>
         <kind>object</kind>
         <file>croutine.obj</file>
         <name>croutine.obj</name>
      </input_file>
      <input_file id="fl-17">
         <path>.\FreeRTOS\</path>
         <kind>object</kind>
         <file>event_groups.obj</file>
         <name>event_groups.obj</name>
      </input_file>
      <input_file id="fl-18">
         <path>.\FreeRTOS\</path>
         <kind>object</kind>
         <file>list.obj</file>
         <name>list.obj</name>
      </input_file>
      <input_file id="fl-19">
         <path>.\FreeRTOS\</path>
         <kind>object</kind>
         <file>queue.obj</file>
         <name>queue.obj</name>
      </input_file>
      <input_file id="fl-1a">
         <path>.\FreeRTOS\</path>
         <kind>object</kind>
         <file>stream_buffer.obj</file>
         <name>stream_buffer.obj</name>
      </input_file>
      <input_file id="fl-1b">
         <path>.\FreeRTOS\</path>
         <kind>object</kind>
         <file>tasks.obj</file>
         <name>tasks.obj</name>
      </input_file>
      <input_file id="fl-1c">
         <path>.\FreeRTOS\</path>
         <kind>object</kind>
         <file>timers.obj</file>
         <name>timers.obj</name>
      </input_file>
      <input_file id="fl-1d">
         <path>.\FreeRTOS\portable\CCS\ARM_CM4F\</path>
         <kind>object</kind>
         <file>port.obj</file>
         <name>port.obj</name>
      </input_file>
      <input_file id="fl-1e">
         <path>.\FreeRTOS\portable\CCS\ARM_CM4F\</path>
         <kind>object</kind>
         <file>portasm.obj</file>
         <name>portasm.obj</name>
      </input_file>
      <input_file id="fl-1f">
         <path>.\driverlib\</path>
         <kind>object</kind>
         <file>adc.obj</file>
         <name>adc.obj</name>
      </input_file>
      <input_file id="fl-20">
         <path>.\driverlib\</path>
         <kind>object</kind>
         <file>aes.obj</file>
         <name>aes.obj</name>
      </input_file>
      <input_file id="fl-21">
         <path>.\driverlib\</path>
         <kind>object</kind>
         <file>can.obj</file>
         <name>can.obj</name>
      </input_file>
      <input_file id="fl-22">
         <path>.\driverlib\</path>
         <kind>object</kind>
         <file>comp.obj</file>
         <name>comp.obj</name>
      </input_file>
      <input_file id="fl-23">
         <path>.\driverlib\</path>
         <kind>object</kind>
         <file>cpu.obj</file>
         <name>cpu.obj</name>
      </input_file>
      <input_file id="fl-24">
         <path>.\driverlib\</path>
         <kind>object</kind>
         <file>crc.obj</file>
         <name>crc.obj</name>
      </input_file>
      <input_file id="fl-25">
         <path>.\driverlib\</path>
         <kind>object</kind>
         <file>des.obj</file>
         <name>des.obj</name>
      </input_file>
      <input_file id="fl-26">
         <path>.\driverlib\</path>
         <kind>object</kind>
         <file>eeprom.obj</file>
         <name>eeprom.obj</name>
      </input_file>
      <input_file id="fl-27">
         <path>.\driverlib\</path>
         <kind>object</kind>
         <file>emac.obj</file>
         <name>emac.obj</name>
      </input_file>
      <input_file id="fl-28">
         <path>.\driverlib\</path>
         <kind>object</kind>
         <file>epi.obj</file>
         <name>epi.obj</name>
      </input_file>
      <input_file id="fl-29">
         <path>.\driverlib\</path>
         <kind>object</kind>
         <file>epi_workaround_ccs.obj</file>
         <name>epi_workaround_ccs.obj</name>
      </input_file>
      <input_file id="fl-2a">
         <path>.\driverlib\</path>
         <kind>object</kind>
         <file>flash.obj</file>
         <name>flash.obj</name>
      </input_file>
      <input_file id="fl-2b">
         <path>.\driverlib\</path>
         <kind>object</kind>
         <file>fpu.obj</file>
         <name>fpu.obj</name>
      </input_file>
      <input_file id="fl-2c">
         <path>.\driverlib\</path>
         <kind>object</kind>
         <file>gpio.obj</file>
         <name>gpio.obj</name>
      </input_file>
      <input_file id="fl-2d">
         <path>.\driverlib\</path>
         <kind>object</kind>
         <file>hibernate.obj</file>
         <name>hibernate.obj</name>
      </input_file>
      <input_file id="fl-2e">
         <path>.\driverlib\</path>
         <kind>object</kind>
         <file>i2c.obj</file>
         <name>i2c.obj</name>
      </input_file>
      <input_file id="fl-2f">
         <path>.\driverlib\</path>
         <kind>object</kind>
         <file>interrupt.obj</file>
         <name>interrupt.obj</name>
      </input_file>
      <input_file id="fl-30">
         <path>.\driverlib\</path>
         <kind>object</kind>
         <file>lcd.obj</file>
         <name>lcd.obj</name>
      </input_file>
      <input_file id="fl-31">
         <path>.\driverlib\</path>
         <kind>object</kind>
         <file>mpu.obj</file>
         <name>mpu.obj</name>
      </input_file>
      <input_file id="fl-32">
         <path>.\driverlib\</path>
         <kind>object</kind>
         <file>pwm.obj</file>
         <name>pwm.obj</name>
      </input_file>
      <input_file id="fl-33">
         <path>.\driverlib\</path>
         <kind>object</kind>
         <file>qei.obj</file>
         <name>qei.obj</name>
      </input_file>
      <input_file id="fl-34">
         <path>.\driverlib\</path>
         <kind>object</kind>
         <file>shamd5.obj</file>
         <name>shamd5.obj</name>
      </input_file>
      <input_file id="fl-35">
         <path>.\driverlib\</path>
         <kind>object</kind>
         <file>ssi.obj</file>
         <name>ssi.obj</name>
      </input_file>
      <input_file id="fl-36">
         <path>.\driverlib\</path>
         <kind>object</kind>
         <file>sw_crc.obj</file>
         <name>sw_crc.obj</name>
      </input_file>
      <input_file id="fl-37">
         <path>.\driverlib\</path>
         <kind>object</kind>
         <file>sysctl.obj</file>
         <name>sysctl.obj</name>
      </input_file>
      <input_file id="fl-38">
         <path>.\driverlib\</path>
         <kind>object</kind>
         <file>sysexc.obj</file>
         <name>sysexc.obj</name>
      </input_file>
      <input_file id="fl-39">
         <path>.\driverlib\</path>
         <kind>object</kind>
         <file>systick.obj</file>
         <name>systick.obj</name>
      </input_file>
      <input_file id="fl-3a">
         <path>.\driverlib\</path>
         <kind>object</kind>
         <file>timer.obj</file>
         <name>timer.obj</name>
      </input_file>
      <input_file id="fl-3b">
         <path>.\driverlib\</path>
         <kind>object</kind>
         <file>uart.obj</file>
         <name>uart.obj</name>
      </input_file>
      <input_file id="fl-3c">
         <path>.\driverlib\</path>
         <kind>object</kind>
         <file>udma.obj</file>
         <name>udma.obj</name>
      </input_file>
      <input_file id="fl-3d">
         <path>.\driverlib\</path>
         <kind>object</kind>
         <file>usb.obj</file>
         <name>usb.obj</name>
      </input_file>
      <input_file id="fl-3e">
         <path>.\driverlib\</path>
         <kind>object</kind>
         <file>watchdog.obj</file>
         <name>watchdog.obj</name>
      </input_file>
      <input_file id="fl-3f">
         <path>.\utils\</path>
         <kind>object</kind>
         <file>uartstdio.obj</file>
         <name>uartstdio.obj</name>
      </input_file>
      <input_file id="fl-44">
         <kind>object</kind>
         <file>&lt;internal&gt;</file>
         <name>&lt;internal&gt;</name>
      </input_file>
      <input_file id="fl-fa">
         <path>C:\ti\ccs1020\ccs\tools\compiler\ti-cgt-arm_20.2.2.LTS\lib\</path>
         <kind>archive</kind>
         <file>rtsv7M4_T_le_v4SPD16_eabi.lib</file>
         <name>sprintf.c.obj</name>
      </input_file>
      <input_file id="fl-fb">
         <path>C:\ti\ccs1020\ccs\tools\compiler\ti-cgt-arm_20.2.2.LTS\lib\</path>
         <kind>archive</kind>
         <file>rtsv7M4_T_le_v4SPD16_eabi.lib</file>
         <name>fs_tod_t2.asm.obj</name>
      </input_file>
      <input_file id="fl-fc">
         <path>C:\ti\ccs1020\ccs\tools\compiler\ti-cgt-arm_20.2.2.LTS\lib\</path>
         <kind>archive</kind>
         <file>rtsv7M4_T_le_v4SPD16_eabi.lib</file>
         <name>memcpy_t2.asm.obj</name>
      </input_file>
      <input_file id="fl-fd">
         <path>C:\ti\ccs1020\ccs\tools\compiler\ti-cgt-arm_20.2.2.LTS\lib\</path>
         <kind>archive</kind>
         <file>rtsv7M4_T_le_v4SPD16_eabi.lib</file>
         <name>memset_t2.asm.obj</name>
      </input_file>
      <input_file id="fl-fe">
         <path>C:\ti\ccs1020\ccs\tools\compiler\ti-cgt-arm_20.2.2.LTS\lib\</path>
         <kind>archive</kind>
         <file>rtsv7M4_T_le_v4SPD16_eabi.lib</file>
         <name>u_divt2.asm.obj</name>
      </input_file>
      <input_file id="fl-ff">
         <path>C:\ti\ccs1020\ccs\tools\compiler\ti-cgt-arm_20.2.2.LTS\lib\</path>
         <kind>archive</kind>
         <file>rtsv7M4_T_le_v4SPD16_eabi.lib</file>
         <name>copy_zero_init.c.obj</name>
      </input_file>
      <input_file id="fl-100">
         <path>C:\ti\ccs1020\ccs\tools\compiler\ti-cgt-arm_20.2.2.LTS\lib\</path>
         <kind>archive</kind>
         <file>rtsv7M4_T_le_v4SPD16_eabi.lib</file>
         <name>copy_decompress_none.c.obj</name>
      </input_file>
      <input_file id="fl-101">
         <path>C:\ti\ccs1020\ccs\tools\compiler\ti-cgt-arm_20.2.2.LTS\lib\</path>
         <kind>archive</kind>
         <file>rtsv7M4_T_le_v4SPD16_eabi.lib</file>
         <name>copy_decompress_lzss.c.obj</name>
      </input_file>
      <input_file id="fl-102">
         <path>C:\ti\ccs1020\ccs\tools\compiler\ti-cgt-arm_20.2.2.LTS\lib\</path>
         <kind>archive</kind>
         <file>rtsv7M4_T_le_v4SPD16_eabi.lib</file>
         <name>assert.c.obj</name>
      </input_file>
      <input_file id="fl-103">
         <path>C:\ti\ccs1020\ccs\tools\compiler\ti-cgt-arm_20.2.2.LTS\lib\</path>
         <kind>archive</kind>
         <file>rtsv7M4_T_le_v4SPD16_eabi.lib</file>
         <name>defs.c.obj</name>
      </input_file>
      <input_file id="fl-104">
         <path>C:\ti\ccs1020\ccs\tools\compiler\ti-cgt-arm_20.2.2.LTS\lib\</path>
         <kind>archive</kind>
         <file>rtsv7M4_T_le_v4SPD16_eabi.lib</file>
         <name>strcmp.c.obj</name>
      </input_file>
      <input_file id="fl-105">
         <path>C:\ti\ccs1020\ccs\tools\compiler\ti-cgt-arm_20.2.2.LTS\lib\</path>
         <kind>archive</kind>
         <file>rtsv7M4_T_le_v4SPD16_eabi.lib</file>
         <name>strcpy.c.obj</name>
      </input_file>
      <input_file id="fl-106">
         <path>C:\ti\ccs1020\ccs\tools\compiler\ti-cgt-arm_20.2.2.LTS\lib\</path>
         <kind>archive</kind>
         <file>rtsv7M4_T_le_v4SPD16_eabi.lib</file>
         <name>strlen.c.obj</name>
      </input_file>
      <input_file id="fl-107">
         <path>C:\ti\ccs1020\ccs\tools\compiler\ti-cgt-arm_20.2.2.LTS\lib\</path>
         <kind>archive</kind>
         <file>rtsv7M4_T_le_v4SPD16_eabi.lib</file>
         <name>boot_cortex_m.c.obj</name>
      </input_file>
      <input_file id="fl-108">
         <path>C:\ti\ccs1020\ccs\tools\compiler\ti-cgt-arm_20.2.2.LTS\lib\</path>
         <kind>archive</kind>
         <file>rtsv7M4_T_le_v4SPD16_eabi.lib</file>
         <name>_printfi.c.obj</name>
      </input_file>
      <input_file id="fl-109">
         <path>C:\ti\ccs1020\ccs\tools\compiler\ti-cgt-arm_20.2.2.LTS\lib\</path>
         <kind>archive</kind>
         <file>rtsv7M4_T_le_v4SPD16_eabi.lib</file>
         <name>fflush.c.obj</name>
      </input_file>
      <input_file id="fl-10a">
         <path>C:\ti\ccs1020\ccs\tools\compiler\ti-cgt-arm_20.2.2.LTS\lib\</path>
         <kind>archive</kind>
         <file>rtsv7M4_T_le_v4SPD16_eabi.lib</file>
         <name>fputs.c.obj</name>
      </input_file>
      <input_file id="fl-10b">
         <path>C:\ti\ccs1020\ccs\tools\compiler\ti-cgt-arm_20.2.2.LTS\lib\</path>
         <kind>archive</kind>
         <file>rtsv7M4_T_le_v4SPD16_eabi.lib</file>
         <name>_io_perm.c.obj</name>
      </input_file>
      <input_file id="fl-10c">
         <path>C:\ti\ccs1020\ccs\tools\compiler\ti-cgt-arm_20.2.2.LTS\lib\</path>
         <kind>archive</kind>
         <file>rtsv7M4_T_le_v4SPD16_eabi.lib</file>
         <name>setvbuf.c.obj</name>
      </input_file>
      <input_file id="fl-10d">
         <path>C:\ti\ccs1020\ccs\tools\compiler\ti-cgt-arm_20.2.2.LTS\lib\</path>
         <kind>archive</kind>
         <file>rtsv7M4_T_le_v4SPD16_eabi.lib</file>
         <name>div0.asm.obj</name>
      </input_file>
      <input_file id="fl-10e">
         <path>C:\ti\ccs1020\ccs\tools\compiler\ti-cgt-arm_20.2.2.LTS\lib\</path>
         <kind>archive</kind>
         <file>rtsv7M4_T_le_v4SPD16_eabi.lib</file>
         <name>fd_add_t2.asm.obj</name>
      </input_file>
      <input_file id="fl-10f">
         <path>C:\ti\ccs1020\ccs\tools\compiler\ti-cgt-arm_20.2.2.LTS\lib\</path>
         <kind>archive</kind>
         <file>rtsv7M4_T_le_v4SPD16_eabi.lib</file>
         <name>fd_cmp_t2.asm.obj</name>
      </input_file>
      <input_file id="fl-110">
         <path>C:\ti\ccs1020\ccs\tools\compiler\ti-cgt-arm_20.2.2.LTS\lib\</path>
         <kind>archive</kind>
         <file>rtsv7M4_T_le_v4SPD16_eabi.lib</file>
         <name>fd_div_t2.asm.obj</name>
      </input_file>
      <input_file id="fl-111">
         <path>C:\ti\ccs1020\ccs\tools\compiler\ti-cgt-arm_20.2.2.LTS\lib\</path>
         <kind>archive</kind>
         <file>rtsv7M4_T_le_v4SPD16_eabi.lib</file>
         <name>fd_mul_t2.asm.obj</name>
      </input_file>
      <input_file id="fl-112">
         <path>C:\ti\ccs1020\ccs\tools\compiler\ti-cgt-arm_20.2.2.LTS\lib\</path>
         <kind>archive</kind>
         <file>rtsv7M4_T_le_v4SPD16_eabi.lib</file>
         <name>fd_toi_t2.asm.obj</name>
      </input_file>
      <input_file id="fl-113">
         <path>C:\ti\ccs1020\ccs\tools\compiler\ti-cgt-arm_20.2.2.LTS\lib\</path>
         <kind>archive</kind>
         <file>rtsv7M4_T_le_v4SPD16_eabi.lib</file>
         <name>i_tofd_t2.asm.obj</name>
      </input_file>
      <input_file id="fl-114">
         <path>C:\ti\ccs1020\ccs\tools\compiler\ti-cgt-arm_20.2.2.LTS\lib\</path>
         <kind>archive</kind>
         <file>rtsv7M4_T_le_v4SPD16_eabi.lib</file>
         <name>ull_div_t2.asm.obj</name>
      </input_file>
      <input_file id="fl-115">
         <path>C:\ti\ccs1020\ccs\tools\compiler\ti-cgt-arm_20.2.2.LTS\lib\</path>
         <kind>archive</kind>
         <file>rtsv7M4_T_le_v4SPD16_eabi.lib</file>
         <name>autoinit.c.obj</name>
      </input_file>
      <input_file id="fl-116">
         <path>C:\ti\ccs1020\ccs\tools\compiler\ti-cgt-arm_20.2.2.LTS\lib\</path>
         <kind>archive</kind>
         <file>rtsv7M4_T_le_v4SPD16_eabi.lib</file>
         <name>pre_init.c.obj</name>
      </input_file>
      <input_file id="fl-117">
         <path>C:\ti\ccs1020\ccs\tools\compiler\ti-cgt-arm_20.2.2.LTS\lib\</path>
         <kind>archive</kind>
         <file>rtsv7M4_T_le_v4SPD16_eabi.lib</file>
         <name>cpy_tbl.c.obj</name>
      </input_file>
      <input_file id="fl-118">
         <path>C:\ti\ccs1020\ccs\tools\compiler\ti-cgt-arm_20.2.2.LTS\lib\</path>
         <kind>archive</kind>
         <file>rtsv7M4_T_le_v4SPD16_eabi.lib</file>
         <name>exit.c.obj</name>
      </input_file>
      <input_file id="fl-119">
         <path>C:\ti\ccs1020\ccs\tools\compiler\ti-cgt-arm_20.2.2.LTS\lib\</path>
         <kind>archive</kind>
         <file>rtsv7M4_T_le_v4SPD16_eabi.lib</file>
         <name>_lock.c.obj</name>
      </input_file>
      <input_file id="fl-11a">
         <path>C:\ti\ccs1020\ccs\tools\compiler\ti-cgt-arm_20.2.2.LTS\lib\</path>
         <kind>archive</kind>
         <file>rtsv7M4_T_le_v4SPD16_eabi.lib</file>
         <name>_ltoa.c.obj</name>
      </input_file>
      <input_file id="fl-11b">
         <path>C:\ti\ccs1020\ccs\tools\compiler\ti-cgt-arm_20.2.2.LTS\lib\</path>
         <kind>archive</kind>
         <file>rtsv7M4_T_le_v4SPD16_eabi.lib</file>
         <name>args_main.c.obj</name>
      </input_file>
      <input_file id="fl-11c">
         <path>C:\ti\ccs1020\ccs\tools\compiler\ti-cgt-arm_20.2.2.LTS\lib\</path>
         <kind>archive</kind>
         <file>rtsv7M4_T_le_v4SPD16_eabi.lib</file>
         <name>atoi.c.obj</name>
      </input_file>
      <input_file id="fl-11d">
         <path>C:\ti\ccs1020\ccs\tools\compiler\ti-cgt-arm_20.2.2.LTS\lib\</path>
         <kind>archive</kind>
         <file>rtsv7M4_T_le_v4SPD16_eabi.lib</file>
         <name>ctype.c.obj</name>
      </input_file>
      <input_file id="fl-11e">
         <path>C:\ti\ccs1020\ccs\tools\compiler\ti-cgt-arm_20.2.2.LTS\lib\</path>
         <kind>archive</kind>
         <file>rtsv7M4_T_le_v4SPD16_eabi.lib</file>
         <name>memccpy.c.obj</name>
      </input_file>
      <input_file id="fl-11f">
         <path>C:\ti\ccs1020\ccs\tools\compiler\ti-cgt-arm_20.2.2.LTS\lib\</path>
         <kind>archive</kind>
         <file>rtsv7M4_T_le_v4SPD16_eabi.lib</file>
         <name>memchr.c.obj</name>
      </input_file>
      <input_file id="fl-120">
         <path>C:\ti\ccs1020\ccs\tools\compiler\ti-cgt-arm_20.2.2.LTS\lib\</path>
         <kind>archive</kind>
         <file>rtsv7M4_T_le_v4SPD16_eabi.lib</file>
         <name>memory.c.obj</name>
      </input_file>
      <input_file id="fl-121">
         <path>C:\ti\ccs1020\ccs\tools\compiler\ti-cgt-arm_20.2.2.LTS\lib\</path>
         <kind>archive</kind>
         <file>rtsv7M4_T_le_v4SPD16_eabi.lib</file>
         <name>strchr.c.obj</name>
      </input_file>
      <input_file id="fl-122">
         <path>C:\ti\ccs1020\ccs\tools\compiler\ti-cgt-arm_20.2.2.LTS\lib\</path>
         <kind>archive</kind>
         <file>rtsv7M4_T_le_v4SPD16_eabi.lib</file>
         <name>write.c.obj</name>
      </input_file>
      <input_file id="fl-123">
         <path>C:\ti\ccs1020\ccs\tools\compiler\ti-cgt-arm_20.2.2.LTS\lib\</path>
         <kind>archive</kind>
         <file>rtsv7M4_T_le_v4SPD16_eabi.lib</file>
         <name>host_device.c.obj</name>
      </input_file>
      <input_file id="fl-124">
         <path>C:\ti\ccs1020\ccs\tools\compiler\ti-cgt-arm_20.2.2.LTS\lib\</path>
         <kind>archive</kind>
         <file>rtsv7M4_T_le_v4SPD16_eabi.lib</file>
         <name>errno.c.obj</name>
      </input_file>
      <input_file id="fl-125">
         <path>C:\ti\ccs1020\ccs\tools\compiler\ti-cgt-arm_20.2.2.LTS\lib\</path>
         <kind>archive</kind>
         <file>rtsv7M4_T_le_v4SPD16_eabi.lib</file>
         <name>s_frexp.c.obj</name>
      </input_file>
      <input_file id="fl-126">
         <path>C:\ti\ccs1020\ccs\tools\compiler\ti-cgt-arm_20.2.2.LTS\lib\</path>
         <kind>archive</kind>
         <file>rtsv7M4_T_le_v4SPD16_eabi.lib</file>
         <name>s_scalbn.c.obj</name>
      </input_file>
      <input_file id="fl-127">
         <path>C:\ti\ccs1020\ccs\tools\compiler\ti-cgt-arm_20.2.2.LTS\lib\</path>
         <kind>archive</kind>
         <file>rtsv7M4_T_le_v4SPD16_eabi.lib</file>
         <name>wcslen.c.obj</name>
      </input_file>
      <input_file id="fl-128">
         <path>C:\ti\ccs1020\ccs\tools\compiler\ti-cgt-arm_20.2.2.LTS\lib\</path>
         <kind>archive</kind>
         <file>rtsv7M4_T_le_v4SPD16_eabi.lib</file>
         <name>s_copysign.c.obj</name>
      </input_file>
      <input_file id="fl-129">
         <path>C:\ti\ccs1020\ccs\tools\compiler\ti-cgt-arm_20.2.2.LTS\lib\</path>
         <kind>archive</kind>
         <file>rtsv7M4_T_le_v4SPD16_eabi.lib</file>
         <name>fopen.c.obj</name>
      </input_file>
      <input_file id="fl-12a">
         <path>C:\ti\ccs1020\ccs\tools\compiler\ti-cgt-arm_20.2.2.LTS\lib\</path>
         <kind>archive</kind>
         <file>rtsv7M4_T_le_v4SPD16_eabi.lib</file>
         <name>fseek.c.obj</name>
      </input_file>
      <input_file id="fl-12b">
         <path>C:\ti\ccs1020\ccs\tools\compiler\ti-cgt-arm_20.2.2.LTS\lib\</path>
         <kind>archive</kind>
         <file>rtsv7M4_T_le_v4SPD16_eabi.lib</file>
         <name>hostclose.c.obj</name>
      </input_file>
      <input_file id="fl-12c">
         <path>C:\ti\ccs1020\ccs\tools\compiler\ti-cgt-arm_20.2.2.LTS\lib\</path>
         <kind>archive</kind>
         <file>rtsv7M4_T_le_v4SPD16_eabi.lib</file>
         <name>hostlseek.c.obj</name>
      </input_file>
      <input_file id="fl-12d">
         <path>C:\ti\ccs1020\ccs\tools\compiler\ti-cgt-arm_20.2.2.LTS\lib\</path>
         <kind>archive</kind>
         <file>rtsv7M4_T_le_v4SPD16_eabi.lib</file>
         <name>hostopen.c.obj</name>
      </input_file>
      <input_file id="fl-12e">
         <path>C:\ti\ccs1020\ccs\tools\compiler\ti-cgt-arm_20.2.2.LTS\lib\</path>
         <kind>archive</kind>
         <file>rtsv7M4_T_le_v4SPD16_eabi.lib</file>
         <name>hostread.c.obj</name>
      </input_file>
      <input_file id="fl-12f">
         <path>C:\ti\ccs1020\ccs\tools\compiler\ti-cgt-arm_20.2.2.LTS\lib\</path>
         <kind>archive</kind>
         <file>rtsv7M4_T_le_v4SPD16_eabi.lib</file>
         <name>hostrename.c.obj</name>
      </input_file>
      <input_file id="fl-130">
         <path>C:\ti\ccs1020\ccs\tools\compiler\ti-cgt-arm_20.2.2.LTS\lib\</path>
         <kind>archive</kind>
         <file>rtsv7M4_T_le_v4SPD16_eabi.lib</file>
         <name>hostunlink.c.obj</name>
      </input_file>
      <input_file id="fl-131">
         <path>C:\ti\ccs1020\ccs\tools\compiler\ti-cgt-arm_20.2.2.LTS\lib\</path>
         <kind>archive</kind>
         <file>rtsv7M4_T_le_v4SPD16_eabi.lib</file>
         <name>hostwrite.c.obj</name>
      </input_file>
      <input_file id="fl-132">
         <path>C:\ti\ccs1020\ccs\tools\compiler\ti-cgt-arm_20.2.2.LTS\lib\</path>
         <kind>archive</kind>
         <file>rtsv7M4_T_le_v4SPD16_eabi.lib</file>
         <name>trgmsg.c.obj</name>
      </input_file>
      <input_file id="fl-133">
         <path>C:\ti\ccs1020\ccs\tools\compiler\ti-cgt-arm_20.2.2.LTS\lib\</path>
         <kind>archive</kind>
         <file>rtsv7M4_T_le_v4SPD16_eabi.lib</file>
         <name>open.c.obj</name>
      </input_file>
      <input_file id="fl-134">
         <path>C:\ti\ccs1020\ccs\tools\compiler\ti-cgt-arm_20.2.2.LTS\lib\</path>
         <kind>archive</kind>
         <file>rtsv7M4_T_le_v4SPD16_eabi.lib</file>
         <name>lseek.c.obj</name>
      </input_file>
      <input_file id="fl-135">
         <path>C:\ti\ccs1020\ccs\tools\compiler\ti-cgt-arm_20.2.2.LTS\lib\</path>
         <kind>archive</kind>
         <file>rtsv7M4_T_le_v4SPD16_eabi.lib</file>
         <name>fclose.c.obj</name>
      </input_file>
      <input_file id="fl-136">
         <path>C:\ti\ccs1020\ccs\tools\compiler\ti-cgt-arm_20.2.2.LTS\lib\</path>
         <kind>archive</kind>
         <file>rtsv7M4_T_le_v4SPD16_eabi.lib</file>
         <name>getdevice.c.obj</name>
      </input_file>
      <input_file id="fl-137">
         <path>C:\ti\ccs1020\ccs\tools\compiler\ti-cgt-arm_20.2.2.LTS\lib\</path>
         <kind>archive</kind>
         <file>rtsv7M4_T_le_v4SPD16_eabi.lib</file>
         <name>strncpy.c.obj</name>
      </input_file>
      <input_file id="fl-138">
         <path>C:\ti\ccs1020\ccs\tools\compiler\ti-cgt-arm_20.2.2.LTS\lib\</path>
         <kind>archive</kind>
         <file>rtsv7M4_T_le_v4SPD16_eabi.lib</file>
         <name>remove.c.obj</name>
      </input_file>
      <input_file id="fl-139">
         <path>C:\ti\ccs1020\ccs\tools\compiler\ti-cgt-arm_20.2.2.LTS\lib\</path>
         <kind>archive</kind>
         <file>rtsv7M4_T_le_v4SPD16_eabi.lib</file>
         <name>close.c.obj</name>
      </input_file>
      <input_file id="fl-13a">
         <path>C:\ti\ccs1020\ccs\tools\compiler\ti-cgt-arm_20.2.2.LTS\lib\</path>
         <kind>archive</kind>
         <file>rtsv7M4_T_le_v4SPD16_eabi.lib</file>
         <name>unlink.c.obj</name>
      </input_file>
   </input_file_list>
   <object_component_list>
      <object_component id="oc-12">
         <name>.intvecs</name>
         <load_address>0x0</load_address>
         <run_address>0x0</run_address>
         <size>0x26c</size>
         <input_file_ref idref="fl-14"/>
      </object_component>
      <object_component id="oc-8c">
         <name>.text</name>
         <load_address>0x26c</load_address>
         <run_address>0x26c</run_address>
         <size>0x1e58</size>
         <input_file_ref idref="fl-1b"/>
      </object_component>
      <object_component id="oc-271">
         <name>.text</name>
         <load_address>0x20c4</load_address>
         <run_address>0x20c4</run_address>
         <size>0x1098</size>
         <input_file_ref idref="fl-19"/>
      </object_component>
      <object_component id="oc-ae">
         <name>.text</name>
         <load_address>0x315c</load_address>
         <run_address>0x315c</run_address>
         <size>0xef4</size>
         <input_file_ref idref="fl-37"/>
      </object_component>
      <object_component id="oc-ba">
         <name>.text</name>
         <load_address>0x4050</load_address>
         <run_address>0x4050</run_address>
         <size>0xb88</size>
         <input_file_ref idref="fl-2c"/>
      </object_component>
      <object_component id="oc-355">
         <name>.text:__TI_printfi</name>
         <load_address>0x4bd8</load_address>
         <run_address>0x4bd8</run_address>
         <size>0xa4e</size>
         <input_file_ref idref="fl-108"/>
      </object_component>
      <object_component id="oc-572">
         <name>.text:_nop</name>
         <load_address>0x5626</load_address>
         <run_address>0x5626</run_address>
         <size>0x2</size>
         <input_file_ref idref="fl-119"/>
      </object_component>
      <object_component id="oc-163">
         <name>.text</name>
         <load_address>0x5628</load_address>
         <run_address>0x5628</run_address>
         <size>0x830</size>
         <input_file_ref idref="fl-1c"/>
      </object_component>
      <object_component id="oc-b4">
         <name>.text</name>
         <load_address>0x5e58</load_address>
         <run_address>0x5e58</run_address>
         <size>0x7c2</size>
         <input_file_ref idref="fl-1f"/>
      </object_component>
      <object_component id="oc-5b0">
         <name>.text</name>
         <load_address>0x661a</load_address>
         <run_address>0x661a</run_address>
         <size>0x2</size>
         <input_file_ref idref="fl-10d"/>
      </object_component>
      <object_component id="oc-447">
         <name>.text</name>
         <load_address>0x661c</load_address>
         <run_address>0x661c</run_address>
         <size>0x69c</size>
         <input_file_ref idref="fl-2e"/>
      </object_component>
      <object_component id="oc-c6">
         <name>.text</name>
         <load_address>0x6cb8</load_address>
         <run_address>0x6cb8</run_address>
         <size>0x642</size>
         <input_file_ref idref="fl-3a"/>
      </object_component>
      <object_component id="oc-40a">
         <name>.text</name>
         <load_address>0x72fc</load_address>
         <run_address>0x72fc</run_address>
         <size>0x618</size>
         <input_file_ref idref="fl-3b"/>
      </object_component>
      <object_component id="oc-a8">
         <name>.text</name>
         <load_address>0x7914</load_address>
         <run_address>0x7914</run_address>
         <size>0x55c</size>
         <input_file_ref idref="fl-17"/>
      </object_component>
      <object_component id="oc-277">
         <name>.text</name>
         <load_address>0x7e70</load_address>
         <run_address>0x7e70</run_address>
         <size>0x54c</size>
         <input_file_ref idref="fl-5"/>
      </object_component>
      <object_component id="oc-22e">
         <name>.text</name>
         <load_address>0x83bc</load_address>
         <run_address>0x83bc</run_address>
         <size>0x4a8</size>
         <input_file_ref idref="fl-3f"/>
      </object_component>
      <object_component id="oc-de">
         <name>.text</name>
         <load_address>0x8864</load_address>
         <run_address>0x8864</run_address>
         <size>0x49c</size>
         <input_file_ref idref="fl-9"/>
      </object_component>
      <object_component id="oc-223">
         <name>.text</name>
         <load_address>0x8d00</load_address>
         <run_address>0x8d00</run_address>
         <size>0x494</size>
         <input_file_ref idref="fl-6"/>
      </object_component>
      <object_component id="oc-c0">
         <name>.text</name>
         <load_address>0x9194</load_address>
         <run_address>0x9194</run_address>
         <size>0x3c0</size>
         <input_file_ref idref="fl-2f"/>
      </object_component>
      <object_component id="oc-3b">
         <name>.text</name>
         <load_address>0x9554</load_address>
         <run_address>0x9554</run_address>
         <size>0x3bc</size>
         <input_file_ref idref="fl-2"/>
      </object_component>
      <object_component id="oc-472">
         <name>.text</name>
         <load_address>0x9910</load_address>
         <run_address>0x9910</run_address>
         <size>0x346</size>
         <input_file_ref idref="fl-35"/>
      </object_component>
      <object_component id="oc-295">
         <name>.text</name>
         <load_address>0x9c58</load_address>
         <run_address>0x9c58</run_address>
         <size>0x2b4</size>
         <input_file_ref idref="fl-11"/>
      </object_component>
      <object_component id="oc-35">
         <name>.text</name>
         <load_address>0x9f0c</load_address>
         <run_address>0x9f0c</run_address>
         <size>0x28c</size>
         <input_file_ref idref="fl-1d"/>
      </object_component>
      <object_component id="oc-534">
         <name>.text:_pconv_a</name>
         <load_address>0xa198</load_address>
         <run_address>0xa198</run_address>
         <size>0x270</size>
         <input_file_ref idref="fl-108"/>
      </object_component>
      <object_component id="oc-122">
         <name>.text</name>
         <load_address>0xa408</load_address>
         <run_address>0xa408</run_address>
         <size>0x250</size>
         <input_file_ref idref="fl-10"/>
      </object_component>
      <object_component id="oc-28f">
         <name>.text</name>
         <load_address>0xa658</load_address>
         <run_address>0xa658</run_address>
         <size>0x230</size>
         <input_file_ref idref="fl-f"/>
      </object_component>
      <object_component id="oc-522">
         <name>.text:_pconv_g</name>
         <load_address>0xa888</load_address>
         <run_address>0xa888</run_address>
         <size>0x1d0</size>
         <input_file_ref idref="fl-108"/>
      </object_component>
      <object_component id="oc-14b">
         <name>.text</name>
         <load_address>0xaa58</load_address>
         <run_address>0xaa58</run_address>
         <size>0x1c0</size>
         <input_file_ref idref="fl-a"/>
      </object_component>
      <object_component id="oc-64b">
         <name>.text</name>
         <load_address>0xac18</load_address>
         <run_address>0xac18</run_address>
         <size>0x1b6</size>
         <input_file_ref idref="fl-10e"/>
      </object_component>
      <object_component id="oc-234">
         <name>.text</name>
         <load_address>0xadd0</load_address>
         <run_address>0xadd0</run_address>
         <size>0x1b4</size>
         <input_file_ref idref="fl-d"/>
      </object_component>
      <object_component id="oc-27d">
         <name>.text</name>
         <load_address>0xaf84</load_address>
         <run_address>0xaf84</run_address>
         <size>0x18c</size>
         <input_file_ref idref="fl-3"/>
      </object_component>
      <object_component id="oc-2a7">
         <name>.text</name>
         <load_address>0xb110</load_address>
         <run_address>0xb110</run_address>
         <size>0x178</size>
         <input_file_ref idref="fl-8"/>
      </object_component>
      <object_component id="oc-283">
         <name>.text</name>
         <load_address>0xb288</load_address>
         <run_address>0xb288</run_address>
         <size>0x144</size>
         <input_file_ref idref="fl-4"/>
      </object_component>
      <object_component id="oc-52e">
         <name>.text:_pconv_e</name>
         <load_address>0xb3cc</load_address>
         <run_address>0xb3cc</run_address>
         <size>0x13c</size>
         <input_file_ref idref="fl-108"/>
      </object_component>
      <object_component id="oc-631">
         <name>.text</name>
         <load_address>0xb508</load_address>
         <run_address>0xb508</run_address>
         <size>0x136</size>
         <input_file_ref idref="fl-110"/>
      </object_component>
      <object_component id="oc-2a1">
         <name>.text</name>
         <load_address>0xb640</load_address>
         <run_address>0xb640</run_address>
         <size>0x130</size>
         <input_file_ref idref="fl-b"/>
      </object_component>
      <object_component id="oc-151">
         <name>.text</name>
         <load_address>0xb770</load_address>
         <run_address>0xb770</run_address>
         <size>0x12a</size>
         <input_file_ref idref="fl-18"/>
      </object_component>
      <object_component id="oc-65d">
         <name>.text:fcvt</name>
         <load_address>0xb89c</load_address>
         <run_address>0xb89c</run_address>
         <size>0x124</size>
         <input_file_ref idref="fl-108"/>
      </object_component>
      <object_component id="oc-200">
         <name>.text:fputs</name>
         <load_address>0xb9c0</load_address>
         <run_address>0xb9c0</run_address>
         <size>0x114</size>
         <input_file_ref idref="fl-10a"/>
      </object_component>
      <object_component id="oc-671">
         <name>.text:scalbn</name>
         <load_address>0xbad4</load_address>
         <run_address>0xbad4</run_address>
         <size>0x110</size>
         <input_file_ref idref="fl-126"/>
      </object_component>
      <object_component id="oc-764">
         <name>.text:aligned_alloc</name>
         <load_address>0xbbe4</load_address>
         <run_address>0xbbe4</run_address>
         <size>0x100</size>
         <input_file_ref idref="fl-120"/>
      </object_component>
      <object_component id="oc-62c">
         <name>.text</name>
         <load_address>0xbce4</load_address>
         <run_address>0xbce4</run_address>
         <size>0xfc</size>
         <input_file_ref idref="fl-111"/>
      </object_component>
      <object_component id="oc-289">
         <name>.text</name>
         <load_address>0xbde0</load_address>
         <run_address>0xbde0</run_address>
         <size>0xf0</size>
         <input_file_ref idref="fl-7"/>
      </object_component>
      <object_component id="oc-6a5">
         <name>.text:free</name>
         <load_address>0xbed0</load_address>
         <run_address>0xbed0</run_address>
         <size>0xe4</size>
         <input_file_ref idref="fl-120"/>
      </object_component>
      <object_component id="oc-29b">
         <name>.text</name>
         <load_address>0xbfb4</load_address>
         <run_address>0xbfb4</run_address>
         <size>0xe0</size>
         <input_file_ref idref="fl-e"/>
      </object_component>
      <object_component id="oc-562">
         <name>.text:setvbuf</name>
         <load_address>0xc094</load_address>
         <run_address>0xc094</run_address>
         <size>0xdc</size>
         <input_file_ref idref="fl-10c"/>
      </object_component>
      <object_component id="oc-30">
         <name>.text</name>
         <load_address>0xc170</load_address>
         <run_address>0xc170</run_address>
         <size>0xda</size>
         <input_file_ref idref="fl-1e"/>
      </object_component>
      <object_component id="oc-3fc">
         <name>.text</name>
         <load_address>0xc24c</load_address>
         <run_address>0xc24c</run_address>
         <size>0xd2</size>
         <input_file_ref idref="fl-13"/>
      </object_component>
      <object_component id="oc-26b">
         <name>.text</name>
         <load_address>0xc320</load_address>
         <run_address>0xc320</run_address>
         <size>0xc0</size>
         <input_file_ref idref="fl-2b"/>
      </object_component>
      <object_component id="oc-517">
         <name>.text:_ltostr</name>
         <load_address>0xc3e0</load_address>
         <run_address>0xc3e0</run_address>
         <size>0xb1</size>
         <input_file_ref idref="fl-108"/>
      </object_component>
      <object_component id="oc-4f">
         <name>.text</name>
         <load_address>0xc492</load_address>
         <run_address>0xc492</run_address>
         <size>0x9c</size>
         <input_file_ref idref="fl-fc"/>
      </object_component>
      <object_component id="oc-625">
         <name>.text</name>
         <load_address>0xc52e</load_address>
         <run_address>0xc52e</run_address>
         <size>0x96</size>
         <input_file_ref idref="fl-114"/>
      </object_component>
      <object_component id="oc-51d">
         <name>.text:__aeabi_cdcmple</name>
         <load_address>0xc5c4</load_address>
         <run_address>0xc5c4</run_address>
         <size>0x86</size>
         <input_file_ref idref="fl-10f"/>
      </object_component>
      <object_component id="oc-636">
         <name>.text:__aeabi_cdrcmple</name>
         <load_address>0xc64a</load_address>
         <run_address>0xc64a</run_address>
         <size>0x86</size>
         <input_file_ref idref="fl-10f"/>
      </object_component>
      <object_component id="oc-206">
         <name>.text:fflush</name>
         <load_address>0xc6d0</load_address>
         <run_address>0xc6d0</run_address>
         <size>0x7c</size>
         <input_file_ref idref="fl-109"/>
      </object_component>
      <object_component id="oc-116">
         <name>.text</name>
         <load_address>0xc74c</load_address>
         <run_address>0xc74c</run_address>
         <size>0x7a</size>
         <input_file_ref idref="fl-fd"/>
      </object_component>
      <object_component id="oc-76b">
         <name>.text:__TI_closefile</name>
         <load_address>0xc7c8</load_address>
         <run_address>0xc7c8</run_address>
         <size>0x74</size>
         <input_file_ref idref="fl-135"/>
      </object_component>
      <object_component id="oc-7cf">
         <name>.text:split</name>
         <load_address>0xc83c</load_address>
         <run_address>0xc83c</run_address>
         <size>0x70</size>
         <input_file_ref idref="fl-120"/>
      </object_component>
      <object_component id="oc-656">
         <name>.text:_mcpy</name>
         <load_address>0xc8ac</load_address>
         <run_address>0xc8ac</run_address>
         <size>0x6e</size>
         <input_file_ref idref="fl-108"/>
      </object_component>
      <object_component id="oc-798">
         <name>.text:HOSTrename</name>
         <load_address>0xc91c</load_address>
         <run_address>0xc91c</run_address>
         <size>0x6c</size>
         <input_file_ref idref="fl-12f"/>
      </object_component>
      <object_component id="oc-78c">
         <name>.text:HOSTlseek</name>
         <load_address>0xc988</load_address>
         <run_address>0xc988</run_address>
         <size>0x68</size>
         <input_file_ref idref="fl-12c"/>
      </object_component>
      <object_component id="oc-15">
         <name>.text:decompress:lzss:__TI_decompress_lzss</name>
         <load_address>0xc9f0</load_address>
         <run_address>0xc9f0</run_address>
         <size>0x68</size>
         <input_file_ref idref="fl-101"/>
      </object_component>
      <object_component id="oc-66b">
         <name>.text:frexp</name>
         <load_address>0xca58</load_address>
         <run_address>0xca58</run_address>
         <size>0x64</size>
         <input_file_ref idref="fl-125"/>
      </object_component>
      <object_component id="oc-55c">
         <name>.text:fseek</name>
         <load_address>0xcabc</load_address>
         <run_address>0xcabc</run_address>
         <size>0x64</size>
         <input_file_ref idref="fl-12a"/>
      </object_component>
      <object_component id="oc-3a8">
         <name>.text:__TI_wrt_ok</name>
         <load_address>0xcb20</load_address>
         <run_address>0xcb20</run_address>
         <size>0x62</size>
         <input_file_ref idref="fl-10b"/>
      </object_component>
      <object_component id="oc-774">
         <name>.text:HOSTopen</name>
         <load_address>0xcb84</load_address>
         <run_address>0xcb84</run_address>
         <size>0x60</size>
         <input_file_ref idref="fl-12d"/>
      </object_component>
      <object_component id="oc-7d6">
         <name>.text:close</name>
         <load_address>0xcbe4</load_address>
         <run_address>0xcbe4</run_address>
         <size>0x5c</size>
         <input_file_ref idref="fl-139"/>
      </object_component>
      <object_component id="oc-780">
         <name>.text:HOSTread</name>
         <load_address>0xcc40</load_address>
         <run_address>0xcc40</run_address>
         <size>0x58</size>
         <input_file_ref idref="fl-12e"/>
      </object_component>
      <object_component id="oc-786">
         <name>.text:HOSTwrite</name>
         <load_address>0xcc98</load_address>
         <run_address>0xcc98</run_address>
         <size>0x58</size>
         <input_file_ref idref="fl-131"/>
      </object_component>
      <object_component id="oc-528">
         <name>.text:_pconv_f</name>
         <load_address>0xccf0</load_address>
         <run_address>0xccf0</run_address>
         <size>0x56</size>
         <input_file_ref idref="fl-108"/>
      </object_component>
      <object_component id="oc-640">
         <name>.text:__TI_ltoa</name>
         <load_address>0xcd46</load_address>
         <run_address>0xcd46</run_address>
         <size>0x54</size>
         <input_file_ref idref="fl-11a"/>
      </object_component>
      <object_component id="oc-650">
         <name>.text:_ecpy</name>
         <load_address>0xcd9a</load_address>
         <run_address>0xcd9a</run_address>
         <size>0x52</size>
         <input_file_ref idref="fl-108"/>
      </object_component>
      <object_component id="oc-3b4">
         <name>.text:__TI_doflush</name>
         <load_address>0xcdec</load_address>
         <run_address>0xcdec</run_address>
         <size>0x4c</size>
         <input_file_ref idref="fl-109"/>
      </object_component>
      <object_component id="oc-511">
         <name>.text:atoi</name>
         <load_address>0xce38</load_address>
         <run_address>0xce38</run_address>
         <size>0x4c</size>
         <input_file_ref idref="fl-11c"/>
      </object_component>
      <object_component id="oc-2ad">
         <name>.text</name>
         <load_address>0xce84</load_address>
         <run_address>0xce84</run_address>
         <size>0x4c</size>
         <input_file_ref idref="fl-12"/>
      </object_component>
      <object_component id="oc-2b9">
         <name>.text:exit</name>
         <load_address>0xced0</load_address>
         <run_address>0xced0</run_address>
         <size>0x48</size>
         <input_file_ref idref="fl-118"/>
      </object_component>
      <object_component id="oc-63b">
         <name>.text</name>
         <load_address>0xcf18</load_address>
         <run_address>0xcf18</run_address>
         <size>0x48</size>
         <input_file_ref idref="fl-112"/>
      </object_component>
      <object_component id="oc-77a">
         <name>.text:HOSTclose</name>
         <load_address>0xcf60</load_address>
         <run_address>0xcf60</run_address>
         <size>0x44</size>
         <input_file_ref idref="fl-12b"/>
      </object_component>
      <object_component id="oc-792">
         <name>.text:HOSTunlink</name>
         <load_address>0xcfa4</load_address>
         <run_address>0xcfa4</run_address>
         <size>0x44</size>
         <input_file_ref idref="fl-130"/>
      </object_component>
      <object_component id="oc-2bf">
         <name>.text:__TI_auto_init_nobinit_nopinit:__TI_auto_init_nobinit_nopinit</name>
         <load_address>0xcfe8</load_address>
         <run_address>0xcfe8</run_address>
         <size>0x44</size>
         <input_file_ref idref="fl-115"/>
      </object_component>
      <object_component id="oc-806">
         <name>.text:getdevice</name>
         <load_address>0xd02c</load_address>
         <run_address>0xd02c</run_address>
         <size>0x44</size>
         <input_file_ref idref="fl-136"/>
      </object_component>
      <object_component id="oc-419">
         <name>.text</name>
         <load_address>0xd070</load_address>
         <run_address>0xd070</run_address>
         <size>0x40</size>
         <input_file_ref idref="fl-fe"/>
      </object_component>
      <object_component id="oc-184">
         <name>.text:sprintf</name>
         <load_address>0xd0b0</load_address>
         <run_address>0xd0b0</run_address>
         <size>0x40</size>
         <input_file_ref idref="fl-fa"/>
      </object_component>
      <object_component id="oc-663">
         <name>.text:_fcpy</name>
         <load_address>0xd0f0</load_address>
         <run_address>0xd0f0</run_address>
         <size>0x3e</size>
         <input_file_ref idref="fl-108"/>
      </object_component>
      <object_component id="oc-1b8">
         <name>.text</name>
         <load_address>0xd12e</load_address>
         <run_address>0xd12e</run_address>
         <size>0x3e</size>
         <input_file_ref idref="fl-23"/>
      </object_component>
      <object_component id="oc-7e5">
         <name>.text:__TI_writemsg</name>
         <load_address>0xd16c</load_address>
         <run_address>0xd16c</run_address>
         <size>0x38</size>
         <input_file_ref idref="fl-132"/>
      </object_component>
      <object_component id="oc-229">
         <name>.text</name>
         <load_address>0xd1a4</load_address>
         <run_address>0xd1a4</run_address>
         <size>0x38</size>
         <input_file_ref idref="fl-fb"/>
      </object_component>
      <object_component id="oc-826">
         <name>.text:strncpy</name>
         <load_address>0xd1dc</load_address>
         <run_address>0xd1dc</run_address>
         <size>0x36</size>
         <input_file_ref idref="fl-137"/>
      </object_component>
      <object_component id="oc-6b1">
         <name>.text:__TI_cleanup</name>
         <load_address>0xd214</load_address>
         <run_address>0xd214</run_address>
         <size>0x34</size>
         <input_file_ref idref="fl-129"/>
      </object_component>
      <object_component id="oc-7eb">
         <name>.text:__TI_readmsg</name>
         <load_address>0xd248</load_address>
         <run_address>0xd248</run_address>
         <size>0x34</size>
         <input_file_ref idref="fl-132"/>
      </object_component>
      <object_component id="oc-6d">
         <name>.text:_c_int00_noargs:_c_int00_noargs</name>
         <load_address>0xd27c</load_address>
         <run_address>0xd27c</run_address>
         <size>0x34</size>
         <input_file_ref idref="fl-107"/>
      </object_component>
      <object_component id="oc-82c">
         <name>.text:finddevice</name>
         <load_address>0xd2b0</load_address>
         <run_address>0xd2b0</run_address>
         <size>0x30</size>
         <input_file_ref idref="fl-136"/>
      </object_component>
      <object_component id="oc-646">
         <name>.text</name>
         <load_address>0xd2e0</load_address>
         <run_address>0xd2e0</run_address>
         <size>0x2e</size>
         <input_file_ref idref="fl-113"/>
      </object_component>
      <object_component id="oc-7dc">
         <name>.text:unlink</name>
         <load_address>0xd310</load_address>
         <run_address>0xd310</run_address>
         <size>0x2c</size>
         <input_file_ref idref="fl-13a"/>
      </object_component>
      <object_component id="oc-16c">
         <name>.text</name>
         <load_address>0xd33c</load_address>
         <run_address>0xd33c</run_address>
         <size>0x2a</size>
         <input_file_ref idref="fl-c"/>
      </object_component>
      <object_component id="oc-75d">
         <name>.text:free_list_insert</name>
         <load_address>0xd368</load_address>
         <run_address>0xd368</run_address>
         <size>0x28</size>
         <input_file_ref idref="fl-120"/>
      </object_component>
      <object_component id="oc-69d">
         <name>.text:lseek</name>
         <load_address>0xd390</load_address>
         <run_address>0xd390</run_address>
         <size>0x28</size>
         <input_file_ref idref="fl-134"/>
      </object_component>
      <object_component id="oc-3ba">
         <name>.text:write</name>
         <load_address>0xd3b8</load_address>
         <run_address>0xd3b8</run_address>
         <size>0x28</size>
         <input_file_ref idref="fl-122"/>
      </object_component>
      <object_component id="oc-3ae">
         <name>.text:memchr</name>
         <load_address>0xd3e0</load_address>
         <run_address>0xd3e0</run_address>
         <size>0x20</size>
         <input_file_ref idref="fl-11f"/>
      </object_component>
      <object_component id="oc-d2">
         <name>.text:_abort_msg</name>
         <load_address>0xd400</load_address>
         <run_address>0xd400</run_address>
         <size>0x1c</size>
         <input_file_ref idref="fl-102"/>
      </object_component>
      <object_component id="oc-757">
         <name>.text:free_list_remove</name>
         <load_address>0xd41c</load_address>
         <run_address>0xd41c</run_address>
         <size>0x1c</size>
         <input_file_ref idref="fl-120"/>
      </object_component>
      <object_component id="oc-53a">
         <name>.text:memccpy</name>
         <load_address>0xd438</load_address>
         <run_address>0xd438</run_address>
         <size>0x1c</size>
         <input_file_ref idref="fl-11e"/>
      </object_component>
      <object_component id="oc-737">
         <name>.text:copysign</name>
         <load_address>0xd454</load_address>
         <run_address>0xd454</run_address>
         <size>0x1a</size>
         <input_file_ref idref="fl-128"/>
      </object_component>
      <object_component id="oc-35b">
         <name>.text:_outs</name>
         <load_address>0xd46e</load_address>
         <run_address>0xd46e</run_address>
         <size>0x18</size>
         <input_file_ref idref="fl-fa"/>
      </object_component>
      <object_component id="oc-cc">
         <name>.text:strcmp</name>
         <load_address>0xd486</load_address>
         <run_address>0xd486</run_address>
         <size>0x18</size>
         <input_file_ref idref="fl-104"/>
      </object_component>
      <object_component id="oc-677">
         <name>.text:strchr</name>
         <load_address>0xd49e</load_address>
         <run_address>0xd49e</run_address>
         <size>0x16</size>
         <input_file_ref idref="fl-121"/>
      </object_component>
      <object_component id="oc-178">
         <name>.text:strcpy</name>
         <load_address>0xd4b4</load_address>
         <run_address>0xd4b4</run_address>
         <size>0x14</size>
         <input_file_ref idref="fl-105"/>
      </object_component>
      <object_component id="oc-17e">
         <name>.text:strlen</name>
         <load_address>0xd4c8</load_address>
         <run_address>0xd4c8</run_address>
         <size>0x14</size>
         <input_file_ref idref="fl-106"/>
      </object_component>
      <object_component id="oc-540">
         <name>.text:wcslen</name>
         <load_address>0xd4dc</load_address>
         <run_address>0xd4dc</run_address>
         <size>0x12</size>
         <input_file_ref idref="fl-127"/>
      </object_component>
      <object_component id="oc-1b">
         <name>.text:decompress:none:__TI_decompress_none</name>
         <load_address>0xd4ee</load_address>
         <run_address>0xd4ee</run_address>
         <size>0xe</size>
         <input_file_ref idref="fl-100"/>
      </object_component>
      <object_component id="oc-61">
         <name>.text:decompress:ZI:__TI_zero_init</name>
         <load_address>0xd4fc</load_address>
         <run_address>0xd4fc</run_address>
         <size>0xc</size>
         <input_file_ref idref="fl-ff"/>
      </object_component>
      <object_component id="oc-2a">
         <name>.text</name>
         <load_address>0xd508</load_address>
         <run_address>0xd508</run_address>
         <size>0xc</size>
         <input_file_ref idref="fl-14"/>
      </object_component>
      <object_component id="oc-361">
         <name>.text:_outc</name>
         <load_address>0xd514</load_address>
         <run_address>0xd514</run_address>
         <size>0xa</size>
         <input_file_ref idref="fl-fa"/>
      </object_component>
      <object_component id="oc-546">
         <name>.text:__aeabi_errno_addr</name>
         <load_address>0xd520</load_address>
         <run_address>0xd520</run_address>
         <size>0x8</size>
         <input_file_ref idref="fl-124"/>
      </object_component>
      <object_component id="oc-6ab">
         <name>.text:malloc</name>
         <load_address>0xd528</load_address>
         <run_address>0xd528</run_address>
         <size>0x8</size>
         <input_file_ref idref="fl-120"/>
      </object_component>
      <object_component id="oc-1c7">
         <name>.text:SysCtlDelay</name>
         <load_address>0xd530</load_address>
         <run_address>0xd530</run_address>
         <size>0x6</size>
         <input_file_ref idref="fl-37"/>
      </object_component>
      <object_component id="oc-11c">
         <name>.text:_system_pre_init</name>
         <load_address>0xd536</load_address>
         <run_address>0xd536</run_address>
         <size>0x4</size>
         <input_file_ref idref="fl-116"/>
      </object_component>
      <object_component id="oc-20c">
         <name>.text:abort:abort</name>
         <load_address>0xd53a</load_address>
         <run_address>0xd53a</run_address>
         <size>0x4</size>
         <input_file_ref idref="fl-118"/>
      </object_component>
      <object_component id="oc-1c1">
         <name>.const:g_pppui32XTALtoVCO</name>
         <load_address>0xd540</load_address>
         <run_address>0xd540</run_address>
         <size>0x120</size>
         <input_file_ref idref="fl-37"/>
      </object_component>
      <object_component id="oc-620">
         <name>.const:.string:_ctypes_</name>
         <load_address>0xd660</load_address>
         <run_address>0xd660</run_address>
         <size>0x101</size>
         <input_file_ref idref="fl-11d"/>
      </object_component>
      <object_component id="oc-1d4">
         <name>.const:g_ppui32GPIOIntMapBlizzard</name>
         <load_address>0xd764</load_address>
         <run_address>0xd764</run_address>
         <size>0xc0</size>
         <input_file_ref idref="fl-2c"/>
      </object_component>
      <object_component id="oc-1d7">
         <name>.const:g_ppui32GPIOIntMapSnowflake</name>
         <load_address>0xd824</load_address>
         <run_address>0xd824</run_address>
         <size>0xc0</size>
         <input_file_ref idref="fl-2c"/>
      </object_component>
      <object_component id="oc-1e5">
         <name>.const:g_pui32Regs</name>
         <load_address>0xd8e4</load_address>
         <run_address>0xd8e4</run_address>
         <size>0x9c</size>
         <input_file_ref idref="fl-2f"/>
      </object_component>
      <object_component id="oc-1da">
         <name>.const:g_pui32GPIOBaseAddrs</name>
         <load_address>0xd980</load_address>
         <run_address>0xd980</run_address>
         <size>0x90</size>
         <input_file_ref idref="fl-2c"/>
      </object_component>
      <object_component id="oc-1be">
         <name>.const:g_pui32Xtals</name>
         <load_address>0xda10</load_address>
         <run_address>0xda10</run_address>
         <size>0x6c</size>
         <input_file_ref idref="fl-37"/>
      </object_component>
      <object_component id="oc-584">
         <name>.const:.string</name>
         <load_address>0xda7c</load_address>
         <run_address>0xda7c</run_address>
         <size>0x60</size>
         <input_file_ref idref="fl-2"/>
      </object_component>
      <object_component id="oc-1f6">
         <name>.const:g_ppui32TimerIntMap</name>
         <load_address>0xdadc</load_address>
         <run_address>0xdadc</run_address>
         <size>0x60</size>
         <input_file_ref idref="fl-3a"/>
      </object_component>
      <object_component id="oc-5c2">
         <name>.const:g_ppui32I2CIntMapSnowflake</name>
         <load_address>0xdb3c</load_address>
         <run_address>0xdb3c</run_address>
         <size>0x50</size>
         <input_file_ref idref="fl-2e"/>
      </object_component>
      <object_component id="oc-7a2">
         <name>.const:.string</name>
         <load_address>0xdb8c</load_address>
         <run_address>0xdb8c</run_address>
         <size>0x40</size>
         <input_file_ref idref="fl-3"/>
      </object_component>
      <object_component id="oc-1f9">
         <name>.const:g_ppui32TimerIntMapSnowflake</name>
         <load_address>0xdbcc</load_address>
         <run_address>0xdbcc</run_address>
         <size>0x40</size>
         <input_file_ref idref="fl-3a"/>
      </object_component>
      <object_component id="oc-5a2">
         <name>.const:g_ppui32UARTIntMap</name>
         <load_address>0xdc0c</load_address>
         <run_address>0xdc0c</run_address>
         <size>0x40</size>
         <input_file_ref idref="fl-3b"/>
      </object_component>
      <object_component id="oc-5a5">
         <name>.const:g_ppui32UARTIntMapSnowflake</name>
         <load_address>0xdc4c</load_address>
         <run_address>0xdc4c</run_address>
         <size>0x40</size>
         <input_file_ref idref="fl-3b"/>
      </object_component>
      <object_component id="oc-5bf">
         <name>.const:g_ppui32I2CIntMap</name>
         <load_address>0xdc8c</load_address>
         <run_address>0xdc8c</run_address>
         <size>0x30</size>
         <input_file_ref idref="fl-2e"/>
      </object_component>
      <object_component id="oc-1b5">
         <name>.const:g_sXTALtoMEMTIM</name>
         <load_address>0xdcbc</load_address>
         <run_address>0xdcbc</run_address>
         <size>0x30</size>
         <input_file_ref idref="fl-37"/>
      </object_component>
      <object_component id="oc-7b1">
         <name>.const:.string</name>
         <load_address>0xdcec</load_address>
         <run_address>0xdcec</run_address>
         <size>0x22</size>
         <input_file_ref idref="fl-4"/>
      </object_component>
      <object_component id="oc-5e1">
         <name>.const:g_ppui32SSIIntMap</name>
         <load_address>0xdd10</load_address>
         <run_address>0xdd10</run_address>
         <size>0x20</size>
         <input_file_ref idref="fl-35"/>
      </object_component>
      <object_component id="oc-5e4">
         <name>.const:g_ppui32SSIIntMapSnowflake</name>
         <load_address>0xdd30</load_address>
         <run_address>0xdd30</run_address>
         <size>0x20</size>
         <input_file_ref idref="fl-35"/>
      </object_component>
      <object_component id="oc-1e2">
         <name>.const:g_pui32Priority</name>
         <load_address>0xdd50</load_address>
         <run_address>0xdd50</run_address>
         <size>0x20</size>
         <input_file_ref idref="fl-2f"/>
      </object_component>
      <object_component id="oc-1eb">
         <name>.const:g_pui32Dii16Regs</name>
         <load_address>0xdd70</load_address>
         <run_address>0xdd70</run_address>
         <size>0x14</size>
         <input_file_ref idref="fl-2f"/>
      </object_component>
      <object_component id="oc-1e8">
         <name>.const:g_pui32EnRegs</name>
         <load_address>0xdd84</load_address>
         <run_address>0xdd84</run_address>
         <size>0x14</size>
         <input_file_ref idref="fl-2f"/>
      </object_component>
      <object_component id="oc-1ee">
         <name>.const:g_pui32PendRegs</name>
         <load_address>0xdd98</load_address>
         <run_address>0xdd98</run_address>
         <size>0x14</size>
         <input_file_ref idref="fl-2f"/>
      </object_component>
      <object_component id="oc-1f1">
         <name>.const:g_pui32UnpendRegs</name>
         <load_address>0xddac</load_address>
         <run_address>0xddac</run_address>
         <size>0x14</size>
         <input_file_ref idref="fl-2f"/>
      </object_component>
      <object_component id="oc-5b6">
         <name>.const:.string</name>
         <load_address>0xddc0</load_address>
         <run_address>0xddc0</run_address>
         <size>0x12</size>
         <input_file_ref idref="fl-3f"/>
      </object_component>
      <object_component id="oc-416">
         <name>.const:g_ui32UARTBase</name>
         <load_address>0xddd4</load_address>
         <run_address>0xddd4</run_address>
         <size>0xc</size>
         <input_file_ref idref="fl-3f"/>
      </object_component>
      <object_component id="oc-410">
         <name>.const:g_ui32UARTPeriph</name>
         <load_address>0xdde0</load_address>
         <run_address>0xdde0</run_address>
         <size>0xc</size>
         <input_file_ref idref="fl-3f"/>
      </object_component>
      <object_component id="oc-1c4">
         <name>.const:g_pui32VCOFrequencies</name>
         <load_address>0xddec</load_address>
         <run_address>0xddec</run_address>
         <size>0x8</size>
         <input_file_ref idref="fl-37"/>
      </object_component>
      <object_component id="oc-45d">
         <name>.const:gpo_info</name>
         <load_address>0xddf4</load_address>
         <run_address>0xddf4</run_address>
         <size>0x8</size>
         <input_file_ref idref="fl-4"/>
      </object_component>
      <object_component id="oc-89">
         <name>.const</name>
         <load_address>0xddfc</load_address>
         <run_address>0xddfc</run_address>
         <size>0x8</size>
         <input_file_ref idref="fl-1d"/>
      </object_component>
      <object_component id="oc-41e">
         <name>.const</name>
         <load_address>0xde04</load_address>
         <run_address>0xde04</run_address>
         <size>0x4</size>
         <input_file_ref idref="fl-3f"/>
      </object_component>
      <object_component id="oc-872">
         <name>.cinit..data.load</name>
         <load_address>0xde08</load_address>
         <run_address>0xde08</run_address>
         <size>0x206</size>
      </object_component>
      <object_component id="oc-86f">
         <name>__TI_handler_table</name>
         <load_address>0xe010</load_address>
         <run_address>0xe010</run_address>
         <size>0xc</size>
      </object_component>
      <object_component id="oc-873">
         <name>.cinit..bss.load</name>
         <load_address>0xe020</load_address>
         <run_address>0xe020</run_address>
         <size>0x8</size>
      </object_component>
      <object_component id="oc-871">
         <name>.cinit..vtable.load</name>
         <load_address>0xe028</load_address>
         <run_address>0xe028</run_address>
         <size>0x8</size>
      </object_component>
      <object_component id="oc-870">
         <name>__TI_cinit_table</name>
         <load_address>0xe030</load_address>
         <run_address>0xe030</run_address>
         <size>0x18</size>
      </object_component>
      <object_component id="oc-1df">
         <name>.vtable</name>
         <uninitialized>true</uninitialized>
         <run_address>0x20000000</run_address>
         <size>0x26c</size>
         <input_file_ref idref="fl-2f"/>
      </object_component>
      <object_component id="oc-3d6">
         <name>.data:pad0</name>
         <load_address>0x20007060</load_address>
         <run_address>0x20007060</run_address>
         <size>0x24</size>
         <input_file_ref idref="fl-2"/>
      </object_component>
      <object_component id="oc-3d9">
         <name>.data:pad1</name>
         <load_address>0x200070cc</load_address>
         <run_address>0x200070cc</run_address>
         <size>0x24</size>
         <input_file_ref idref="fl-2"/>
      </object_component>
      <object_component id="oc-3dc">
         <name>.data:pad2</name>
         <load_address>0x200070f0</load_address>
         <run_address>0x200070f0</run_address>
         <size>0x24</size>
         <input_file_ref idref="fl-2"/>
      </object_component>
      <object_component id="oc-3df">
         <name>.data:pad3</name>
         <load_address>0x20007114</load_address>
         <run_address>0x20007114</run_address>
         <size>0x24</size>
         <input_file_ref idref="fl-2"/>
      </object_component>
      <object_component id="oc-3e2">
         <name>.data:pad4</name>
         <load_address>0x20007138</load_address>
         <run_address>0x20007138</run_address>
         <size>0x24</size>
         <input_file_ref idref="fl-2"/>
      </object_component>
      <object_component id="oc-3e5">
         <name>.data:pad5</name>
         <load_address>0x2000715c</load_address>
         <run_address>0x2000715c</run_address>
         <size>0x24</size>
         <input_file_ref idref="fl-2"/>
      </object_component>
      <object_component id="oc-3e8">
         <name>.data:pad6</name>
         <load_address>0x20007180</load_address>
         <run_address>0x20007180</run_address>
         <size>0x24</size>
         <input_file_ref idref="fl-2"/>
      </object_component>
      <object_component id="oc-3eb">
         <name>.data:pad7</name>
         <load_address>0x200071a4</load_address>
         <run_address>0x200071a4</run_address>
         <size>0x24</size>
         <input_file_ref idref="fl-2"/>
      </object_component>
      <object_component id="oc-3ee">
         <name>.data:pad8</name>
         <load_address>0x200071c8</load_address>
         <run_address>0x200071c8</run_address>
         <size>0x24</size>
         <input_file_ref idref="fl-2"/>
      </object_component>
      <object_component id="oc-3f1">
         <name>.data:pad9</name>
         <load_address>0x200071ec</load_address>
         <run_address>0x200071ec</run_address>
         <size>0x24</size>
         <input_file_ref idref="fl-2"/>
      </object_component>
      <object_component id="oc-3f4">
         <name>.data:pad10</name>
         <load_address>0x20007084</load_address>
         <run_address>0x20007084</run_address>
         <size>0x24</size>
         <input_file_ref idref="fl-2"/>
      </object_component>
      <object_component id="oc-3f7">
         <name>.data:pad11</name>
         <load_address>0x200070a8</load_address>
         <run_address>0x200070a8</run_address>
         <size>0x24</size>
         <input_file_ref idref="fl-2"/>
      </object_component>
      <object_component id="oc-217">
         <name>.data:adc_pins</name>
         <load_address>0x20007030</load_address>
         <run_address>0x20007030</run_address>
         <size>0x30</size>
         <input_file_ref idref="fl-2"/>
      </object_component>
      <object_component id="oc-d8">
         <name>.data:adc_pin_struct</name>
         <load_address>0x200073d8</load_address>
         <run_address>0x200073d8</run_address>
         <size>0x8</size>
         <input_file_ref idref="fl-2"/>
      </object_component>
      <object_component id="oc-db">
         <name>.data</name>
         <load_address>0x20007400</load_address>
         <run_address>0x20007400</run_address>
         <size>0x4</size>
         <input_file_ref idref="fl-2"/>
      </object_component>
      <object_component id="oc-6e4">
         <name>.data:enc_bit_0</name>
         <load_address>0x200072c0</load_address>
         <run_address>0x200072c0</run_address>
         <size>0x14</size>
         <input_file_ref idref="fl-3"/>
      </object_component>
      <object_component id="oc-6e7">
         <name>.data:enc_bit_1</name>
         <load_address>0x200072d4</load_address>
         <run_address>0x200072d4</run_address>
         <size>0x14</size>
         <input_file_ref idref="fl-3"/>
      </object_component>
      <object_component id="oc-6ea">
         <name>.data:enc_bit_2</name>
         <load_address>0x200072e8</load_address>
         <run_address>0x200072e8</run_address>
         <size>0x14</size>
         <input_file_ref idref="fl-3"/>
      </object_component>
      <object_component id="oc-6ed">
         <name>.data:enc_bit_3</name>
         <load_address>0x200072fc</load_address>
         <run_address>0x200072fc</run_address>
         <size>0x14</size>
         <input_file_ref idref="fl-3"/>
      </object_component>
      <object_component id="oc-6f0">
         <name>.data:pressure_sense</name>
         <load_address>0x2000734c</load_address>
         <run_address>0x2000734c</run_address>
         <size>0x14</size>
         <input_file_ref idref="fl-3"/>
      </object_component>
      <object_component id="oc-6f3">
         <name>.data:octave_up</name>
         <load_address>0x20007338</load_address>
         <run_address>0x20007338</run_address>
         <size>0x14</size>
         <input_file_ref idref="fl-3"/>
      </object_component>
      <object_component id="oc-6f6">
         <name>.data:octave_down</name>
         <load_address>0x20007324</load_address>
         <run_address>0x20007324</run_address>
         <size>0x14</size>
         <input_file_ref idref="fl-3"/>
      </object_component>
      <object_component id="oc-5cb">
         <name>.data:gpi_pins</name>
         <load_address>0x20007290</load_address>
         <run_address>0x20007290</run_address>
         <size>0x1c</size>
         <input_file_ref idref="fl-3"/>
      </object_component>
      <object_component id="oc-458">
         <name>.data:gpi_info</name>
         <load_address>0x200073e0</load_address>
         <run_address>0x200073e0</run_address>
         <size>0x8</size>
         <input_file_ref idref="fl-3"/>
      </object_component>
      <object_component id="oc-6fb">
         <name>.data:green_led</name>
         <load_address>0x20007310</load_address>
         <run_address>0x20007310</run_address>
         <size>0x14</size>
         <input_file_ref idref="fl-4"/>
      </object_component>
      <object_component id="oc-701">
         <name>.data:blue_led</name>
         <load_address>0x200072ac</load_address>
         <run_address>0x200072ac</run_address>
         <size>0x14</size>
         <input_file_ref idref="fl-4"/>
      </object_component>
      <object_component id="oc-6fe">
         <name>.data:red_led</name>
         <load_address>0x20007360</load_address>
         <run_address>0x20007360</run_address>
         <size>0x14</size>
         <input_file_ref idref="fl-4"/>
      </object_component>
      <object_component id="oc-5d2">
         <name>.data:gpos</name>
         <load_address>0x200073a4</load_address>
         <run_address>0x200073a4</run_address>
         <size>0xc</size>
         <input_file_ref idref="fl-4"/>
      </object_component>
      <object_component id="oc-451">
         <name>.data</name>
         <load_address>0x200073f0</load_address>
         <run_address>0x200073f0</run_address>
         <size>0x5</size>
         <input_file_ref idref="fl-5"/>
      </object_component>
      <object_component id="oc-405">
         <name>.data</name>
         <load_address>0x20007374</load_address>
         <run_address>0x20007374</run_address>
         <size>0x11</size>
         <input_file_ref idref="fl-6"/>
      </object_component>
      <object_component id="oc-402">
         <name>.data:console_pages</name>
         <load_address>0x20006e8c</load_address>
         <run_address>0x20006e8c</run_address>
         <size>0xa8</size>
         <input_file_ref idref="fl-6"/>
      </object_component>
      <object_component id="oc-2fd">
         <name>.data</name>
         <load_address>0x200073e8</load_address>
         <run_address>0x200073e8</run_address>
         <size>0x8</size>
         <input_file_ref idref="fl-a"/>
      </object_component>
      <object_component id="oc-426">
         <name>.data</name>
         <load_address>0x20007404</load_address>
         <run_address>0x20007404</run_address>
         <size>0x4</size>
         <input_file_ref idref="fl-d"/>
      </object_component>
      <object_component id="oc-5f4">
         <name>.data:JOY_Y_SEL</name>
         <load_address>0x200073f5</load_address>
         <run_address>0x200073f5</run_address>
         <size>0x3</size>
         <input_file_ref idref="fl-e"/>
      </object_component>
      <object_component id="oc-482">
         <name>.data:joy_y_sel</name>
         <load_address>0x20007270</load_address>
         <run_address>0x20007270</run_address>
         <size>0x20</size>
         <input_file_ref idref="fl-e"/>
      </object_component>
      <object_component id="oc-5fe">
         <name>.data:JOY_X_SEL</name>
         <load_address>0x20007385</load_address>
         <run_address>0x20007385</run_address>
         <size>0x3</size>
         <input_file_ref idref="fl-e"/>
      </object_component>
      <object_component id="oc-488">
         <name>.data:joy_x_sel</name>
         <load_address>0x20007230</load_address>
         <run_address>0x20007230</run_address>
         <size>0x20</size>
         <input_file_ref idref="fl-e"/>
      </object_component>
      <object_component id="oc-5f9">
         <name>.data</name>
         <load_address>0x200073fd</load_address>
         <run_address>0x200073fd</run_address>
         <size>0x1</size>
         <input_file_ref idref="fl-e"/>
      </object_component>
      <object_component id="oc-485">
         <name>.data:joy_y_read</name>
         <load_address>0x20007250</load_address>
         <run_address>0x20007250</run_address>
         <size>0x20</size>
         <input_file_ref idref="fl-e"/>
      </object_component>
      <object_component id="oc-48b">
         <name>.data:joy_x_read</name>
         <load_address>0x20007210</load_address>
         <run_address>0x20007210</run_address>
         <size>0x20</size>
         <input_file_ref idref="fl-e"/>
      </object_component>
      <object_component id="oc-466">
         <name>.data</name>
         <load_address>0x20007408</load_address>
         <run_address>0x20007408</run_address>
         <size>0x4</size>
         <input_file_ref idref="fl-f"/>
      </object_component>
      <object_component id="oc-86">
         <name>.data</name>
         <load_address>0x20006ffc</load_address>
         <run_address>0x20006ffc</run_address>
         <size>0x34</size>
         <input_file_ref idref="fl-1b"/>
      </object_component>
      <object_component id="oc-333">
         <name>.data</name>
         <load_address>0x200073bc</load_address>
         <run_address>0x200073bc</run_address>
         <size>0xc</size>
         <input_file_ref idref="fl-1c"/>
      </object_component>
      <object_component id="oc-93">
         <name>.data</name>
         <load_address>0x200073b0</load_address>
         <run_address>0x200073b0</run_address>
         <size>0xc</size>
         <input_file_ref idref="fl-1d"/>
      </object_component>
      <object_component id="oc-413">
         <name>.data</name>
         <load_address>0x200073f8</load_address>
         <run_address>0x200073f8</run_address>
         <size>0x5</size>
         <input_file_ref idref="fl-3f"/>
      </object_component>
      <object_component id="oc-212">
         <name>.data:_ftable</name>
         <load_address>0x20006d9c</load_address>
         <run_address>0x20006d9c</run_address>
         <size>0xf0</size>
         <input_file_ref idref="fl-103"/>
      </object_component>
      <object_component id="oc-3c5">
         <name>.data</name>
         <load_address>0x20007388</load_address>
         <run_address>0x20007388</run_address>
         <size>0x10</size>
         <input_file_ref idref="fl-103"/>
      </object_component>
      <object_component id="oc-499">
         <name>.data:$O1$$</name>
[...]
         <value>0x762f</value>
         <object_component_ref idref="oc-40a"/>
      </symbol>
      <symbol id="sm-119c">
         <name>UARTFIFOEnable</name>
         <value>0x74d9</value>
         <object_component_ref idref="oc-40a"/>
      </symbol>
      <symbol id="sm-119d">
         <name>UARTIntClear</name>
         <value>0x77f3</value>
         <object_component_ref idref="oc-40a"/>
      </symbol>
      <symbol id="sm-119e">
         <name>UARTIntStatus</name>
         <value>0x77d5</value>
         <object_component_ref idref="oc-40a"/>
      </symbol>
      <symbol id="sm-119f">
         <name>UARTDMADisable</name>
         <value>0x781d</value>
         <object_component_ref idref="oc-40a"/>
      </symbol>
      <symbol id="sm-11a0">
         <name>UART9BitEnable</name>
         <value>0x787b</value>
         <object_component_ref idref="oc-40a"/>
      </symbol>
      <symbol id="sm-11a1">
         <name>UARTSpaceAvail</name>
         <value>0x768d</value>
         <object_component_ref idref="oc-40a"/>
      </symbol>
      <symbol id="sm-11a2">
         <name>UARTCharGet</name>
         <value>0x76c7</value>
         <object_component_ref idref="oc-40a"/>
      </symbol>
      <symbol id="sm-11a3">
         <name>UARTFIFOLevelSet</name>
         <value>0x7389</value>
         <object_component_ref idref="oc-40a"/>
      </symbol>
      <symbol id="sm-11a4">
         <name>UARTModemControlClear</name>
         <value>0x75c9</value>
         <object_component_ref idref="oc-40a"/>
      </symbol>
      <symbol id="sm-11a5">
         <name>UARTParityModeGet</name>
         <value>0x7377</value>
         <object_component_ref idref="oc-40a"/>
      </symbol>
      <symbol id="sm-11a6">
         <name>UARTIntRegister</name>
         <value>0x7767</value>
         <object_component_ref idref="oc-40a"/>
      </symbol>
      <symbol id="sm-11a7">
         <name>UARTBreakCtl</name>
         <value>0x771f</value>
         <object_component_ref idref="oc-40a"/>
      </symbol>
      <symbol id="sm-11a8">
         <name>UART9BitAddrSet</name>
         <value>0x78a7</value>
         <object_component_ref idref="oc-40a"/>
      </symbol>
      <symbol id="sm-121b">
         <name>UARTgetc</name>
         <value>0x850d</value>
         <object_component_ref idref="oc-22e"/>
      </symbol>
      <symbol id="sm-121c">
         <name>UARTgets</name>
         <value>0x8453</value>
         <object_component_ref idref="oc-22e"/>
      </symbol>
      <symbol id="sm-121d">
         <name>UARTStdioConfig</name>
         <value>0x83bd</value>
         <object_component_ref idref="oc-22e"/>
      </symbol>
      <symbol id="sm-121e">
         <name>UARTwrite</name>
         <value>0x8403</value>
         <object_component_ref idref="oc-22e"/>
      </symbol>
      <symbol id="sm-121f">
         <name>UARTprintf</name>
         <value>0x882f</value>
         <object_component_ref idref="oc-22e"/>
      </symbol>
      <symbol id="sm-1220">
         <name>UARTvprintf</name>
         <value>0x8535</value>
         <object_component_ref idref="oc-22e"/>
      </symbol>
      <symbol id="sm-1247">
         <name>sprintf</name>
         <value>0xd0b1</value>
         <object_component_ref idref="oc-184"/>
      </symbol>
      <symbol id="sm-1252">
         <name>__aeabi_f2d</name>
         <value>0xd1a5</value>
         <object_component_ref idref="oc-229"/>
      </symbol>
      <symbol id="sm-126d">
         <name>memcpy</name>
         <value>0xc493</value>
         <object_component_ref idref="oc-4f"/>
      </symbol>
      <symbol id="sm-126e">
         <name>__aeabi_memcpy</name>
         <value>0xc493</value>
         <object_component_ref idref="oc-4f"/>
      </symbol>
      <symbol id="sm-126f">
         <name>__aeabi_memcpy8</name>
         <value>0xc493</value>
         <object_component_ref idref="oc-4f"/>
      </symbol>
      <symbol id="sm-1270">
         <name>__aeabi_memcpy4</name>
         <value>0xc493</value>
         <object_component_ref idref="oc-4f"/>
      </symbol>
      <symbol id="sm-127f">
         <name>__aeabi_memset</name>
         <value>0xc74f</value>
         <object_component_ref idref="oc-116"/>
      </symbol>
      <symbol id="sm-1280">
         <name>memset</name>
         <value>0xc755</value>
         <object_component_ref idref="oc-116"/>
      </symbol>
      <symbol id="sm-1281">
         <name>__aeabi_memset8</name>
         <value>0xc74f</value>
         <object_component_ref idref="oc-116"/>
      </symbol>
      <symbol id="sm-1282">
         <name>__aeabi_memset4</name>
         <value>0xc74f</value>
         <object_component_ref idref="oc-116"/>
      </symbol>
      <symbol id="sm-1283">
         <name>__aeabi_memclr8</name>
         <value>0xc74d</value>
         <object_component_ref idref="oc-116"/>
      </symbol>
      <symbol id="sm-1284">
         <name>__aeabi_memclr4</name>
         <value>0xc74d</value>
         <object_component_ref idref="oc-116"/>
      </symbol>
      <symbol id="sm-1285">
         <name>__aeabi_memclr</name>
         <value>0xc74d</value>
         <object_component_ref idref="oc-116"/>
      </symbol>
      <symbol id="sm-1294">
         <name>__aeabi_uidivmod</name>
         <value>0xd071</value>
         <object_component_ref idref="oc-419"/>
      </symbol>
      <symbol id="sm-1295">
         <name>__aeabi_uidiv</name>
         <value>0xd071</value>
         <object_component_ref idref="oc-419"/>
      </symbol>
      <symbol id="sm-12a7">
         <name>__TI_zero_init</name>
         <value>0xd4fd</value>
         <object_component_ref idref="oc-61"/>
      </symbol>
      <symbol id="sm-12be">
         <name>__TI_decompress_none</name>
         <value>0xd4ef</value>
         <object_component_ref idref="oc-1b"/>
      </symbol>
      <symbol id="sm-12e1">
         <name>__TI_decompress_lzss</name>
         <value>0xc9f1</value>
         <object_component_ref idref="oc-15"/>
      </symbol>
      <symbol id="sm-12f5">
         <name>_abort_msg</name>
         <value>0xd401</value>
         <object_component_ref idref="oc-d2"/>
      </symbol>
      <symbol id="sm-130a">
         <name>__TI_tmpnams</name>
         <value>0x20006afc</value>
      </symbol>
      <symbol id="sm-130b">
         <name>__aeabi_stdout</name>
         <value>0x20007390</value>
         <object_component_ref idref="oc-3c5"/>
      </symbol>
      <symbol id="sm-130c">
         <name>__aeabi_stderr</name>
         <value>0x20007394</value>
         <object_component_ref idref="oc-3c5"/>
      </symbol>
      <symbol id="sm-130d">
         <name>__aeabi_stdin</name>
         <value>0x2000738c</value>
         <object_component_ref idref="oc-3c5"/>
      </symbol>
      <symbol id="sm-130e">
         <name>_ftable</name>
         <value>0x20006d9c</value>
         <object_component_ref idref="oc-212"/>
      </symbol>
      <symbol id="sm-130f">
         <name>__TI_ft_end</name>
         <value>0x20007388</value>
         <object_component_ref idref="oc-3c5"/>
      </symbol>
      <symbol id="sm-131e">
         <name>strcmp</name>
         <value>0xd487</value>
         <object_component_ref idref="oc-cc"/>
      </symbol>
      <symbol id="sm-132c">
         <name>strcpy</name>
         <value>0xd4b5</value>
         <object_component_ref idref="oc-178"/>
      </symbol>
      <symbol id="sm-133a">
         <name>strlen</name>
         <value>0xd4c9</value>
         <object_component_ref idref="oc-17e"/>
      </symbol>
      <symbol id="sm-134d">
         <name>__stack</name>
         <value>0x20007410</value>
         <object_component_ref idref="oc-24"/>
      </symbol>
      <symbol id="sm-134e">
         <name>_c_int00_noargs</name>
         <value>0xd27d</value>
         <object_component_ref idref="oc-6d"/>
      </symbol>
      <symbol id="sm-14b3">
         <name>__TI_printfi</name>
         <value>0x4bd9</value>
         <object_component_ref idref="oc-355"/>
      </symbol>
      <symbol id="sm-14d4">
         <name>__TI_doflush</name>
         <value>0xcded</value>
         <object_component_ref idref="oc-3b4"/>
      </symbol>
      <symbol id="sm-14d5">
         <name>fflush</name>
         <value>0xc6d1</value>
         <object_component_ref idref="oc-206"/>
      </symbol>
      <symbol id="sm-14f3">
         <name>fputs</name>
         <value>0xb9c1</value>
         <object_component_ref idref="oc-200"/>
      </symbol>
      <symbol id="sm-150b">
         <name>__TI_wrt_ok</name>
         <value>0xcb21</value>
         <object_component_ref idref="oc-3a8"/>
      </symbol>
      <symbol id="sm-1527">
         <name>setvbuf</name>
         <value>0xc095</value>
         <object_component_ref idref="oc-562"/>
      </symbol>
      <symbol id="sm-1531">
         <name>__aeabi_idiv0</name>
         <value>0x661b</value>
         <object_component_ref idref="oc-5b0"/>
      </symbol>
      <symbol id="sm-1532">
         <name>__aeabi_ldiv0</name>
         <value>0x661b</value>
         <object_component_ref idref="oc-5b0"/>
      </symbol>
      <symbol id="sm-1549">
         <name>__aeabi_dsub</name>
         <value>0xac19</value>
         <object_component_ref idref="oc-64b"/>
      </symbol>
      <symbol id="sm-154a">
         <name>__aeabi_dadd</name>
         <value>0xac23</value>
         <object_component_ref idref="oc-64b"/>
      </symbol>
      <symbol id="sm-156c">
         <name>__aeabi_cdcmpeq</name>
         <value>0xc5c5</value>
         <object_component_ref idref="oc-51d"/>
      </symbol>
      <symbol id="sm-156d">
         <name>__aeabi_cdcmple</name>
         <value>0xc5c5</value>
         <object_component_ref idref="oc-51d"/>
      </symbol>
      <symbol id="sm-156e">
         <name>__aeabi_cdrcmple</name>
         <value>0xc64b</value>
         <object_component_ref idref="oc-636"/>
      </symbol>
      <symbol id="sm-1582">
         <name>__aeabi_ddiv</name>
         <value>0xb509</value>
         <object_component_ref idref="oc-631"/>
      </symbol>
      <symbol id="sm-158d">
         <name>__aeabi_dmul</name>
         <value>0xbce5</value>
         <object_component_ref idref="oc-62c"/>
      </symbol>
      <symbol id="sm-1597">
         <name>__aeabi_d2iz</name>
         <value>0xcf19</value>
         <object_component_ref idref="oc-63b"/>
      </symbol>
      <symbol id="sm-15a1">
         <name>__aeabi_i2d</name>
         <value>0xd2e1</value>
         <object_component_ref idref="oc-646"/>
      </symbol>
      <symbol id="sm-15ae">
         <name>__aeabi_uldivmod</name>
         <value>0xc52f</value>
         <object_component_ref idref="oc-625"/>
      </symbol>
      <symbol id="sm-15d6">
         <name>__TI_auto_init_nobinit_nopinit</name>
         <value>0xcfe9</value>
         <object_component_ref idref="oc-2bf"/>
      </symbol>
      <symbol id="sm-15e0">
         <name>_system_pre_init</name>
         <value>0xd537</value>
         <object_component_ref idref="oc-11c"/>
      </symbol>
      <symbol id="sm-1607">
         <name>C$$EXIT</name>
         <value>0xd53b</value>
         <object_component_ref idref="oc-20c"/>
      </symbol>
      <symbol id="sm-1608">
         <name>abort</name>
         <value>0xd53b</value>
         <object_component_ref idref="oc-20c"/>
      </symbol>
      <symbol id="sm-1609">
         <name>__TI_dtors_ptr</name>
         <value>0x2000739c</value>
         <object_component_ref idref="oc-499"/>
      </symbol>
      <symbol id="sm-160a">
         <name>__TI_cleanup_ptr</name>
         <value>0x20007398</value>
         <object_component_ref idref="oc-499"/>
      </symbol>
      <symbol id="sm-160b">
         <name>__TI_enable_exit_profile_output</name>
         <value>0x200073a0</value>
         <object_component_ref idref="oc-499"/>
      </symbol>
      <symbol id="sm-160c">
         <name>exit</name>
         <value>0xced1</value>
         <object_component_ref idref="oc-2b9"/>
      </symbol>
      <symbol id="sm-1621">
         <name>_nop</name>
         <value>0x5627</value>
         <object_component_ref idref="oc-572"/>
      </symbol>
      <symbol id="sm-1622">
         <name>_lock</name>
         <value>0x200073c8</value>
         <object_component_ref idref="oc-3c0"/>
      </symbol>
      <symbol id="sm-1623">
         <name>_unlock</name>
         <value>0x200073cc</value>
         <object_component_ref idref="oc-3c0"/>
      </symbol>
      <symbol id="sm-1632">
         <name>__TI_ltoa</name>
         <value>0xcd47</value>
         <object_component_ref idref="oc-640"/>
      </symbol>
      <symbol id="sm-1649">
         <name>atoi</name>
         <value>0xce39</value>
         <object_component_ref idref="oc-511"/>
      </symbol>
      <symbol id="sm-1654">
         <name>_ctypes_</name>
         <value>0xd660</value>
         <object_component_ref idref="oc-620"/>
      </symbol>
      <symbol id="sm-1664">
         <name>memccpy</name>
         <value>0xd439</value>
         <object_component_ref idref="oc-53a"/>
      </symbol>
      <symbol id="sm-1674">
         <name>memchr</name>
         <value>0xd3e1</value>
         <object_component_ref idref="oc-3ae"/>
      </symbol>
      <symbol id="sm-16fd">
         <name>_sys_memory</name>
         <value>0x20007610</value>
         <object_component_ref idref="oc-27"/>
      </symbol>
      <symbol id="sm-16fe">
         <name>free</name>
         <value>0xbed1</value>
         <object_component_ref idref="oc-6a5"/>
      </symbol>
      <symbol id="sm-16ff">
         <name>memalign</name>
         <value>0xbbe5</value>
         <object_component_ref idref="oc-764"/>
      </symbol>
      <symbol id="sm-1700">
         <name>malloc</name>
         <value>0xd529</value>
         <object_component_ref idref="oc-6ab"/>
      </symbol>
      <symbol id="sm-1701">
         <name>aligned_alloc</name>
         <value>0xbbe5</value>
         <object_component_ref idref="oc-764"/>
      </symbol>
      <symbol id="sm-1711">
         <name>strchr</name>
         <value>0xd49f</value>
         <object_component_ref idref="oc-677"/>
      </symbol>
      <symbol id="sm-172b">
         <name>write</name>
         <value>0xd3b9</value>
         <object_component_ref idref="oc-3ba"/>
      </symbol>
      <symbol id="sm-173c">
         <name>_stream</name>
         <value>0x20006fac</value>
         <object_component_ref idref="oc-56d"/>
      </symbol>
      <symbol id="sm-173d">
         <name>_device</name>
         <value>0x20006f34</value>
         <object_component_ref idref="oc-6c2"/>
      </symbol>
      <symbol id="sm-1753">
         <name>__aeabi_errno_addr</name>
         <value>0xd521</value>
         <object_component_ref idref="oc-546"/>
      </symbol>
      <symbol id="sm-1754">
         <name>errno</name>
         <value>0x2000740c</value>
         <object_component_ref idref="oc-687"/>
      </symbol>
      <symbol id="sm-1774">
         <name>frexpl</name>
         <value>0xca59</value>
         <object_component_ref idref="oc-66b"/>
      </symbol>
      <symbol id="sm-1775">
         <name>frexp</name>
         <value>0xca59</value>
         <object_component_ref idref="oc-66b"/>
      </symbol>
      <symbol id="sm-1792">
         <name>scalbn</name>
         <value>0xbad5</value>
         <object_component_ref idref="oc-671"/>
      </symbol>
      <symbol id="sm-1793">
         <name>scalbnl</name>
         <value>0xbad5</value>
         <object_component_ref idref="oc-671"/>
      </symbol>
      <symbol id="sm-1794">
         <name>ldexpl</name>
         <value>0xbad5</value>
         <object_component_ref idref="oc-671"/>
      </symbol>
      <symbol id="sm-1795">
         <name>ldexp</name>
         <value>0xbad5</value>
         <object_component_ref idref="oc-671"/>
      </symbol>
      <symbol id="sm-17ae">
         <name>wcslen</name>
         <value>0xd4dd</value>
         <object_component_ref idref="oc-540"/>
      </symbol>
      <symbol id="sm-17b8">
         <name>copysign</name>
         <value>0xd455</value>
         <object_component_ref idref="oc-737"/>
      </symbol>
      <symbol id="sm-17b9">
         <name>copysignl</name>
         <value>0xd455</value>
         <object_component_ref idref="oc-737"/>
      </symbol>
      <symbol id="sm-17c9">
         <name>__TI_cleanup</name>
         <value>0xd215</value>
         <object_component_ref idref="oc-6b1"/>
      </symbol>
      <symbol id="sm-17db">
         <name>fseek</name>
         <value>0xcabd</value>
         <object_component_ref idref="oc-55c"/>
      </symbol>
      <symbol id="sm-17ec">
         <name>HOSTclose</name>
         <value>0xcf61</value>
         <object_component_ref idref="oc-77a"/>
      </symbol>
      <symbol id="sm-17fd">
         <name>HOSTlseek</name>
         <value>0xc989</value>
         <object_component_ref idref="oc-78c"/>
      </symbol>
      <symbol id="sm-180f">
         <name>parmbuf</name>
         <value>0x20006d64</value>
      </symbol>
      <symbol id="sm-1810">
         <name>HOSTopen</name>
         <value>0xcb85</value>
         <object_component_ref idref="oc-774"/>
      </symbol>
      <symbol id="sm-1821">
         <name>HOSTread</name>
         <value>0xcc41</value>
         <object_component_ref idref="oc-780"/>
      </symbol>
      <symbol id="sm-1832">
         <name>HOSTrename</name>
         <value>0xc91d</value>
         <object_component_ref idref="oc-798"/>
      </symbol>
      <symbol id="sm-1843">
         <name>HOSTunlink</name>
         <value>0xcfa5</value>
         <object_component_ref idref="oc-792"/>
      </symbol>
      <symbol id="sm-1854">
         <name>HOSTwrite</name>
         <value>0xcc99</value>
         <object_component_ref idref="oc-786"/>
      </symbol>
      <symbol id="sm-1878">
         <name>__TI_readmsg</name>
         <value>0xd249</value>
         <object_component_ref idref="oc-7eb"/>
      </symbol>
      <symbol id="sm-1879">
         <name>C$$IO$$</name>
         <value>0xd19b</value>
         <object_component_ref idref="oc-7e5"/>
      </symbol>
      <symbol id="sm-187a">
         <name>__CIOBUF_</name>
         <value>0x200067fc</value>
         <object_component_ref idref="oc-810"/>
      </symbol>
      <symbol id="sm-187b">
         <name>__TI_writemsg</name>
         <value>0xd16d</value>
         <object_component_ref idref="oc-7e5"/>
      </symbol>
      <symbol id="sm-188c">
         <name>lseek</name>
         <value>0xd391</value>
         <object_component_ref idref="oc-69d"/>
      </symbol>
      <symbol id="sm-18a1">
         <name>__TI_closefile</name>
         <value>0xc7c9</value>
         <object_component_ref idref="oc-76b"/>
      </symbol>
      <symbol id="sm-18c4">
         <name>finddevice</name>
         <value>0xd2b1</value>
         <object_component_ref idref="oc-82c"/>
      </symbol>
      <symbol id="sm-18c5">
         <name>getdevice</name>
         <value>0xd02d</value>
         <object_component_ref idref="oc-806"/>
      </symbol>
      <symbol id="sm-18d5">
         <name>strncpy</name>
         <value>0xd1dd</value>
         <object_component_ref idref="oc-826"/>
      </symbol>
      <symbol id="sm-18ea">
         <name>close</name>
         <value>0xcbe5</value>
         <object_component_ref idref="oc-7d6"/>
      </symbol>
      <symbol id="sm-18fa">
         <name>unlink</name>
         <value>0xd311</value>
         <object_component_ref idref="oc-7dc"/>
      </symbol>
      <symbol id="sm-18fb">
         <name>__TI_static_base__</name>
         <value>0x0</value>
      </symbol>
      <symbol id="sm-18fe">
         <name>__mpu_init</name>
         <value>0x0</value>
      </symbol>
      <symbol id="sm-18ff">
         <name>_system_post_cinit</name>
         <value>0x0</value>
      </symbol>
      <symbol id="sm-1900">
         <name>remove</name>
         <value>0xd311</value>
      </symbol>
   </symbol_table>
   <title>Link successful</title>
</link_info>
