******************************************************************************
                  TI ARM Linker PC v20.2.2                     
******************************************************************************
>> Linked Sat Apr 24 20:32:30 2021

OUTPUT FILE NAME:   <drum_pad.out>
ENTRY POINT SYMBOL: "_c_int00_noargs"  address: 00014c2d


MEMORY CONFIGURATION

         name            origin    length      used     unused   attr    fill
----------------------  --------  ---------  --------  --------  ----  --------
  FLASH                 00000000   00040000  00015ebf  0002a141  R  X
  SRAM                  20000000   00008000  00005f80  00002080  RW X


SEGMENT ALLOCATION MAP

run origin  load origin   length   init length attrs members
----------  ----------- ---------- ----------- ----- -------
00000000    00000000    00015ec8   00015ec8    r-x
  00000000    00000000    0000026c   0000026c    r-- .intvecs
  0000026c    0000026c    00014dda   00014dda    r-x .text
  00015048    00015048    00000af1   00000af1    r-- .const
  00015b40    00015b40    00000388   00000388    r-- .cinit
20000000    20000000    00005f80   00000000    rw-
  20000000    20000000    0000026c   00000000    rw- .vtable
  2000026c    2000026c    00004d9c   00000000    rw- .bss
  20005008    20005008    00000b68   00000000    rw- .data
  20005b70    20005b70    00000400   00000000    rw- .stack
  20005f70    20005f70    00000010   00000000    rw- .sysmem


SECTION ALLOCATION MAP

 output                                  attributes/
section   page    origin      length       input sections
--------  ----  ----------  ----------   ----------------
.intvecs   0    00000000    0000026c     
                  00000000    0000026c     tm4c123gh6pm_startup_ccs.obj (.intvecs)

.text      0    0000026c    00014dda     
                  0000026c    00001ddc     tasks.obj (.text)
                  00002048    000015ba     usb.obj (.text)
                  00003602    00000002     rtsv7M4_T_le_v4SPD16_eabi.lib : _lock.c.obj (.text:_nop)
                  00003604    000011f4     usbdenum.obj (.text)
                  000047f8    00000fa8     queue.obj (.text)
                  000057a0    00000ef4     sysctl.obj (.text)
                  00006694    00000e64     usbdma.obj (.text)
                  000074f8    00000d10     usbdhid.obj (.text)
                  00008208    00000b88     gpio.obj (.text)
                  00008d90    00000a4e     rtsv7M4_T_le_v4SPD16_eabi.lib : _printfi.c.obj (.text:__TI_printfi)
                  000097de    00000002                                   : div0.asm.obj (.text)
                  000097e0    000009dc     drum_pad_functions.obj (.text)
                  0000a1bc    000007c2     adc.obj (.text)
                  0000a97e    00000002     --HOLE-- [fill = 0]
                  0000a980    0000069c     i2c.obj (.text)
                  0000b01c    00000642     timer.obj (.text)
                  0000b65e    00000002     --HOLE-- [fill = 0]
                  0000b660    00000618     uart.obj (.text)
                  0000bc78    00000564     I2C_task.obj (.text)
                  0000c1dc    000004e0     udma.obj (.text)
                  0000c6bc    000004a8     uartstdio.obj (.text)
                  0000cb64    0000049c     usbmode.obj (.text)
                  0000d000    00000494     console_task.obj (.text)
                  0000d494    0000045c     ads1x15_task.obj (.text)
                  0000d8f0    00000444     ADC_task.obj (.text)
                  0000dd34    000003f4     usblib.lib : usbhostenum.obj (.text:USBHostIntHandlerInternal)
                  0000e128    000003c0     interrupt.obj (.text)
                  0000e4e8    00000388     usbdconfig.obj (.text)
                  0000e870    00000384     joystick_functions.obj (.text)
                  0000ebf4    00000346     ssi.obj (.text)
                  0000ef3a    000002de     usbdcdesc.obj (.text)
                  0000f218    000002dc     usbdhidgamepad.obj (.text)
                  0000f4f4    000002c8     looper_buttons_task.obj (.text)
                  0000f7bc    000002b4     rotary_enc_task.obj (.text)
                  0000fa70    0000028c     port.obj (.text)
                  0000fcfc    00000270     rtsv7M4_T_le_v4SPD16_eabi.lib : _printfi.c.obj (.text:_pconv_a)
                  0000ff6c    0000026c     midi_ctrl_board.obj (.text)
                  000101d8    00000228     logger.obj (.text)
                  00010400    00000210     looper_board.obj (.text)
                  00010610    000001f0     midi_uart_functions.obj (.text)
                  00010800    000001ec     usb_hid_task.obj (.text)
                  000109ec    000001d2     usbdesc.obj (.text)
                  00010bbe    00000002     --HOLE-- [fill = 0]
                  00010bc0    000001d0     rtsv7M4_T_le_v4SPD16_eabi.lib : _printfi.c.obj (.text:_pconv_g)
                  00010d90    000001cc     midi_knobs_functions.obj (.text)
                  00010f5c    000001c8     looper_effects.obj (.text)
                  00011124    000001c0     heap_2.obj (.text)
                  000112e4    000001b6     rtsv7M4_T_le_v4SPD16_eabi.lib : fd_add_t2.asm.obj (.text)
                  0001149a    00000002     --HOLE-- [fill = 0]
                  0001149c    000001ac     GPIs.obj (.text)
                  00011648    00000190     usblib.lib : usbhostenum.obj (.text:ProcessUSBDeviceStateMachine)
                  000117d8    00000178     control_page.obj (.text)
                  00011950    00000174     usblib.lib : usbhostenum.obj (.text:USBHCDInitInternal)
                  00011ac4    00000174                : usbhhub.obj (.text:USBHHubMain)
                  00011c38    00000170     GPOs.obj (.text)
                  00011da8    0000013c     rtsv7M4_T_le_v4SPD16_eabi.lib : _printfi.c.obj (.text:_pconv_e)
                  00011ee4    0000013c     looper_volume_functions.obj (.text)
                  00012020    00000136     rtsv7M4_T_le_v4SPD16_eabi.lib : fd_div_t2.asm.obj (.text)
                  00012156    0000012a     list.obj (.text)
                  00012280    00000124     rtsv7M4_T_le_v4SPD16_eabi.lib : _printfi.c.obj (.text:fcvt)
                  000123a4    00000124     homepage.obj (.text)
                  000124c8    00000120     host_uart_task.obj (.text)
                  000125e8    0000011c     midi_buttons_task.obj (.text)
                  00012704    00000114     rtsv7M4_T_le_v4SPD16_eabi.lib : fputs.c.obj (.text:fputs)
                  00012818    00000110                                   : s_scalbn.c.obj (.text:scalbn)
                  00012928    00000100     usblib.lib : usbhostenum.obj (.text:USBHCDEnumHandler)
                  00012a28    00000100     rtsv7M4_T_le_v4SPD16_eabi.lib : memory.c.obj (.text:aligned_alloc)
                  00012b28    000000fc     console_uart.obj (.text)
                  00012c24    000000fc     rtsv7M4_T_le_v4SPD16_eabi.lib : fd_mul_t2.asm.obj (.text)
                  00012d20    000000f0     usblib.lib : usbhostenum.obj (.text:USBHCDControlTransfer)
                  00012e10    000000f0                : usbhostenum.obj (.text:USBHCDInit)
                  00012f00    000000ec     usbtick.obj (.text)
                  00012fec    000000e4     rtsv7M4_T_le_v4SPD16_eabi.lib : memory.c.obj (.text:free)
                  000130d0    000000e0     usblib.lib : usbhostenum.obj (.text:USBHCDMain)
                  000131b0    000000dc     rtsv7M4_T_le_v4SPD16_eabi.lib : setvbuf.c.obj (.text:setvbuf)
                  0001328c    000000da     portasm.obj (.text)
                  00013366    00000002     --HOLE-- [fill = 0]
                  00013368    000000d2     text_controls.obj (.text)
                  0001343a    000000c8     usbulpi.obj (.text)
                  00013502    00000002     --HOLE-- [fill = 0]
                  00013504    000000c0     fpu.obj (.text)
                  000135c4    000000b1     rtsv7M4_T_le_v4SPD16_eabi.lib : _printfi.c.obj (.text:_ltostr)
                  00013675    00000003     --HOLE-- [fill = 0]
                  00013678    0000009c     usblib.lib : usbhostenum.obj (.text:USBHCDDeviceDisconnected)
                  00013714    0000009c                : usbhostenum.obj (.text:USBHCDFeatureSet)
                  000137b0    0000009c     rtsv7M4_T_le_v4SPD16_eabi.lib : memcpy_t2.asm.obj (.text)
                  0001384c    00000096                                   : ull_div_t2.asm.obj (.text)
                  000138e2    00000002     --HOLE-- [fill = 0]
                  000138e4    00000090     usblib.lib : usbhostenum.obj (.text:USBHCDOpenDriver)
                  00013974    00000086     rtsv7M4_T_le_v4SPD16_eabi.lib : fd_cmp_t2.asm.obj (.text:__aeabi_cdcmple)
                  000139fa    00000086                                   : fd_cmp_t2.asm.obj (.text:__aeabi_cdrcmple)
                  00013a80    0000007c     board_select.obj (.text)
                  00013afc    0000007c     rtsv7M4_T_le_v4SPD16_eabi.lib : fflush.c.obj (.text:fflush)
                  00013b78    0000007a                                   : memset_t2.asm.obj (.text)
                  00013bf2    00000074     usblib.lib : usbhostenum.obj (.text:USBHCDGetConfigDescriptor)
                  00013c66    00000002     --HOLE-- [fill = 0]
                  00013c68    00000074     rtsv7M4_T_le_v4SPD16_eabi.lib : fclose.c.obj (.text:__TI_closefile)
                  00013cdc    00000074     main.obj (.text)
                  00013d50    00000070     rtsv7M4_T_le_v4SPD16_eabi.lib : memory.c.obj (.text:split)
                  00013dc0    0000006e                                   : _printfi.c.obj (.text:_mcpy)
                  00013e2e    00000002     --HOLE-- [fill = 0]
                  00013e30    0000006c                                   : hostrename.c.obj (.text:HOSTrename)
                  00013e9c    00000068                                   : hostlseek.c.obj (.text:HOSTlseek)
                  00013f04    00000068                                   : copy_decompress_lzss.c.obj (.text:decompress:lzss:__TI_decompress_lzss)
                  00013f6c    00000064     usblib.lib : usbhostenum.obj (.text:USBHostCheckPipes)
                  00013fd0    00000064     rtsv7M4_T_le_v4SPD16_eabi.lib : s_frexp.c.obj (.text:frexp)
                  00014034    00000064                                   : fseek.c.obj (.text:fseek)
                  00014098    00000062                                   : _io_perm.c.obj (.text:__TI_wrt_ok)
                  000140fa    00000002     --HOLE-- [fill = 0]
                  000140fc    00000060                                   : hostopen.c.obj (.text:HOSTopen)
                  0001415c    0000005c     usblib.lib : usbhostenum.obj (.text:ConfigDescAlloc)
                  000141b8    0000005c                : usbhostenum.obj (.text:USBHCDGetDeviceDescriptor)
                  00014214    0000005c     rtsv7M4_T_le_v4SPD16_eabi.lib : close.c.obj (.text:close)
                  00014270    00000058                                   : hostread.c.obj (.text:HOSTread)
                  000142c8    00000058                                   : hostwrite.c.obj (.text:HOSTwrite)
                  00014320    00000058     usblib.lib : usbhostenum.obj (.text:USBHCDEP0StateTx)
                  00014378    00000058                : usbhostenum.obj (.text:USBHCDHubDeviceConnected)
                  000143d0    00000056     rtsv7M4_T_le_v4SPD16_eabi.lib : _printfi.c.obj (.text:_pconv_f)
                  00014426    00000054                                   : _ltoa.c.obj (.text:__TI_ltoa)
                  0001447a    00000052                                   : _printfi.c.obj (.text:_ecpy)
                  000144cc    00000050     usblib.lib : usbhhub.obj (.text:HubGetPortStatus)
                  0001451c    0000004c                : usbhhub.obj (.text:HubDriverDeviceDisconnect)
                  00014568    0000004c                : usbhostenum.obj (.text:USBHCDPowerConfigSet)
                  000145b4    0000004c     rtsv7M4_T_le_v4SPD16_eabi.lib : fflush.c.obj (.text:__TI_doflush)
                  00014600    0000004c                                   : atoi.c.obj (.text:atoi)
                  0001464c    0000004c     task_manager_page.obj (.text)
                  00014698    00000048     usblib.lib : usbhostenum.obj (.text:USBHCDSetAddress)
                  000146e0    00000048                : usbhhub.obj (.text:USBHHubInit)
                  00014728    00000048     rtsv7M4_T_le_v4SPD16_eabi.lib : exit.c.obj (.text:exit)
                  00014770    00000048                                   : fd_toi_t2.asm.obj (.text)
                  000147b8    00000044                                   : hostclose.c.obj (.text:HOSTclose)
                  000147fc    00000044                                   : hostunlink.c.obj (.text:HOSTunlink)
                  00014840    00000044                                   : autoinit.c.obj (.text:__TI_auto_init_nobinit_nopinit:__TI_auto_init_nobinit_nopinit)
                  00014884    00000044                                   : getdevice.c.obj (.text:getdevice)
                  000148c8    00000044                                   : fd_tou_t2.asm.obj (.text)
                  0001490c    00000040                                   : u_divt2.asm.obj (.text)
                  0001494c    00000040                                   : sprintf.c.obj (.text:sprintf)
                  0001498c    0000003e                                   : _printfi.c.obj (.text:_fcpy)
                  000149ca    0000003e     cpu.obj (.text)
                  00014a08    0000003c     usblib.lib : usbhhub.obj (.text:HubDriverReset)
                  00014a44    00000038                : usbhostenum.obj (.text:USBHCDReset)
                  00014a7c    00000038     rtsv7M4_T_le_v4SPD16_eabi.lib : trgmsg.c.obj (.text:__TI_writemsg)
                  00014ab4    00000038                                   : fs_tod_t2.asm.obj (.text)
                  00014aec    00000036     usblib.lib : usbhhub.obj (.text:HubClearPortFeature)
                  00014b22    00000036                : usbhhub.obj (.text:HubSetPortFeature)
                  00014b58    00000036     rtsv7M4_T_le_v4SPD16_eabi.lib : strncpy.c.obj (.text:strncpy)
                  00014b8e    00000034     usblib.lib : usbhostenum.obj (.text:USBHCDSetConfig)
                  00014bc2    00000002     --HOLE-- [fill = 0]
                  00014bc4    00000034     rtsv7M4_T_le_v4SPD16_eabi.lib : fopen.c.obj (.text:__TI_cleanup)
                  00014bf8    00000034                                   : trgmsg.c.obj (.text:__TI_readmsg)
                  00014c2c    00000034                                   : boot_cortex_m.c.obj (.text:_c_int00_noargs:_c_int00_noargs)
                  00014c60    00000030                                   : getdevice.c.obj (.text:finddevice)
                  00014c90    0000002e                                   : i_tofd_t2.asm.obj (.text)
                  00014cbe    00000002     --HOLE-- [fill = 0]
                  00014cc0    0000002c     usblib.lib : usbhostenum.obj (.text:ConfigDescFree)
                  00014cec    0000002c                : usbhostenum.obj (.text:InternalUSBHCDSendEvent)
                  00014d18    0000002c     rtsv7M4_T_le_v4SPD16_eabi.lib : unlink.c.obj (.text:unlink)
                  00014d44    0000002a     hooks.obj (.text)
                  00014d6e    00000002     --HOLE-- [fill = 0]
                  00014d70    00000028     rtsv7M4_T_le_v4SPD16_eabi.lib : memory.c.obj (.text:free_list_insert)
                  00014d98    00000028                                   : lseek.c.obj (.text:lseek)
                  00014dc0    00000028                                   : write.c.obj (.text:write)
                  00014de8    00000020     usblib.lib : usbhhub.obj (.text:HubDriverDeviceConnect)
                  00014e08    00000020                : usbhhub.obj (.text:HubDriverDeviceReset)
                  00014e28    00000020     rtsv7M4_T_le_v4SPD16_eabi.lib : memchr.c.obj (.text:memchr)
                  00014e48    00000020                                   : u_tofd_t2.asm.obj (.text)
                  00014e68    0000001c                                   : assert.c.obj (.text:_abort_msg)
                  00014e84    0000001c                                   : memory.c.obj (.text:free_list_remove)
                  00014ea0    0000001c                                   : memccpy.c.obj (.text:memccpy)
                  00014ebc    0000001a                                   : s_copysign.c.obj (.text:copysign)
                  00014ed6    00000002     --HOLE-- [fill = 0]
                  00014ed8    00000018     usblib.lib : usbhhub.obj (.text:USBHHubEnumerationComplete)
                  00014ef0    00000018                : usbhhub.obj (.text:USBHHubEnumerationError)
                  00014f08    00000018     rtsv7M4_T_le_v4SPD16_eabi.lib : sprintf.c.obj (.text:_outs)
                  00014f20    00000018                                   : strcmp.c.obj (.text:strcmp)
                  00014f38    00000018     usbdhandler.obj (.text)
                  00014f50    00000016     rtsv7M4_T_le_v4SPD16_eabi.lib : strchr.c.obj (.text:strchr)
                  00014f66    00000002     --HOLE-- [fill = 0]
                  00014f68    00000014     usblib.lib : usbhostenum.obj (.text:USBHCDPowerAutomatic)
                  00014f7c    00000014                : usbhhub.obj (.text:USBHubPortSpeedSet)
                  00014f90    00000014     rtsv7M4_T_le_v4SPD16_eabi.lib : strcpy.c.obj (.text:strcpy)
                  00014fa4    00000014                                   : strlen.c.obj (.text:strlen)
                  00014fb8    00000012     usblib.lib : usbhostenum.obj (.text:SendUnknownConnect)
                  00014fca    00000012     rtsv7M4_T_le_v4SPD16_eabi.lib : wcslen.c.obj (.text:wcslen)
                  00014fdc    0000000e                                   : copy_decompress_none.c.obj (.text:decompress:none:__TI_decompress_none)
                  00014fea    00000002     --HOLE-- [fill = 0]
                  00014fec    0000000c     usblib.lib : usbhostenum.obj (.text:USBHCDHubDeviceDisconnected)
                  00014ff8    0000000c                : usbhostenum.obj (.text:USBHCDPowerConfigGet)
                  00015004    0000000c     rtsv7M4_T_le_v4SPD16_eabi.lib : copy_zero_init.c.obj (.text:decompress:ZI:__TI_zero_init)
                  00015010    0000000c     tm4c123gh6pm_startup_ccs.obj (.text)
                  0001501c    0000000a     rtsv7M4_T_le_v4SPD16_eabi.lib : sprintf.c.obj (.text:_outc)
                  00015026    00000002     --HOLE-- [fill = 0]
                  00015028    00000008                                   : errno.c.obj (.text:__aeabi_errno_addr)
                  00015030    00000008                                   : memory.c.obj (.text:malloc)
                  00015038    00000006     sysctl.obj (.text:SysCtlDelay)
                  0001503e    00000004     rtsv7M4_T_le_v4SPD16_eabi.lib : pre_init.c.obj (.text:_system_pre_init)
                  00015042    00000004                                   : exit.c.obj (.text:abort:abort)

.const     0    00015048    00000af1     
                  00015048    00000120     sysctl.obj (.const:g_pppui32XTALtoVCO)
                  00015168    00000101     rtsv7M4_T_le_v4SPD16_eabi.lib : ctype.c.obj (.const:.string:_ctypes_)
                  00015269    00000003     ads1x15_task.obj (.const:.string:ADC0_SEL)
                  0001526c    000000c0     gpio.obj (.const:g_ppui32GPIOIntMapBlizzard)
                  0001532c    000000c0     gpio.obj (.const:g_ppui32GPIOIntMapSnowflake)
                  000153ec    0000009c     interrupt.obj (.const:g_pui32Regs)
                  00015488    00000090     gpio.obj (.const:g_pui32GPIOBaseAddrs)
                  00015518    00000080     GPIs.obj (.const:.string)
                  00015598    0000006c     sysctl.obj (.const:g_pui32Xtals)
                  00015604    00000062     GPOs.obj (.const:.string)
                  00015666    00000001     ads1x15_task.obj (.const)
                  00015667    00000001     --HOLE-- [fill = 0]
                  00015668    00000060     ADC_task.obj (.const:.string)
                  000156c8    00000060     timer.obj (.const:g_ppui32TimerIntMap)
                  00015728    00000050     i2c.obj (.const:g_ppui32I2CIntMapSnowflake)
                  00015778    00000040     timer.obj (.const:g_ppui32TimerIntMapSnowflake)
                  000157b8    00000040     uart.obj (.const:g_ppui32UARTIntMap)
                  000157f8    00000040     uart.obj (.const:g_ppui32UARTIntMapSnowflake)
                  00015838    00000034     usb_structs.obj (.const:.string:g_pui8ConfigString)
                  0001586c    00000034     usbdenum.obj (.const:g_psUSBDStdRequests)
                  000158a0    00000030     i2c.obj (.const:g_ppui32I2CIntMap)
                  000158d0    00000030     usbdhid.obj (.const:g_sHIDHandlers)
                  00015900    00000030     sysctl.obj (.const:g_sXTALtoMEMTIM)
                  00015930    0000002c     usb_structs.obj (.const:.string:g_pui8HIDInterfaceString)
                  0001595c    00000028     drum_pad_functions.obj (.const)
                  00015984    00000022     usb_structs.obj (.const:.string:g_pui8ProductString)
                  000159a6    00000020     usbdhidgamepad.obj (.const:.string:g_pui8GameReportDescriptor)
                  000159c6    00000002     --HOLE-- [fill = 0]
                  000159c8    00000020     ssi.obj (.const:g_ppui32SSIIntMap)
                  000159e8    00000020     ssi.obj (.const:g_ppui32SSIIntMapSnowflake)
                  00015a08    00000020     interrupt.obj (.const:g_pui32Priority)
                  00015a28    00000018     usb_structs.obj (.const:g_ppui8StringDescriptors)
                  00015a40    00000014     usb_structs.obj (.const:.string:g_pui8ManufacturerString)
                  00015a54    00000014     interrupt.obj (.const:g_pui32Dii16Regs)
                  00015a68    00000014     interrupt.obj (.const:g_pui32EnRegs)
                  00015a7c    00000014     interrupt.obj (.const:g_pui32PendRegs)
                  00015a90    00000014     interrupt.obj (.const:g_pui32UnpendRegs)
                  00015aa4    00000012     usb_structs.obj (.const:.string:g_pui8SerialNumberString)
                  00015ab6    00000002     --HOLE-- [fill = 0]
                  00015ab8    00000012     uartstdio.obj (.const:.string)
                  00015aca    00000002     --HOLE-- [fill = 0]
                  00015acc    0000000c     uartstdio.obj (.const:g_ui32UARTBase)
                  00015ad8    0000000c     uartstdio.obj (.const:g_ui32UARTPeriph)
                  00015ae4    00000008     sysctl.obj (.const:g_pui32VCOFrequencies)
                  00015aec    00000008     usbdhidgamepad.obj (.const:g_sHIDConfigSection)
                  00015af4    00000008     usbdhidgamepad.obj (.const:g_sHIDInEndpointSection)
                  00015afc    00000008     usbdhidgamepad.obj (.const:g_sHIDInterfaceSection)
                  00015b04    00000008     GPOs.obj (.const:looper_gpo_info)
                  00015b0c    00000008     GPOs.obj (.const:midi_gpo_info)
                  00015b14    00000008     port.obj (.const)
                  00015b1c    00000007     usbdhidgamepad.obj (.const:.string:g_pui8HIDInEndpoint)
                  00015b23    00000004     usb_structs.obj (.const:.string:g_pui8LangDescriptor)
                  00015b27    00000001     --HOLE-- [fill = 0]
                  00015b28    00000004     usbdhidgamepad.obj (.const:g_ppsHIDConfigDescriptors)
                  00015b2c    00000004     uartstdio.obj (.const)
                  00015b30    00000003     ads1x15_task.obj (.const:.string:ADC1_SEL)
                  00015b33    00000003     ads1x15_task.obj (.const:.string:ADC2_SEL)
                  00015b36    00000003     ads1x15_task.obj (.const:.string:ADC3_SEL)

.cinit     0    00015b40    00000388     
                  00015b40    00000350     (.cinit..data.load) [load image, compression = lzss]
                  00015e90    0000000c     (__TI_handler_table)
                  00015e9c    00000004     --HOLE-- [fill = 0]
                  00015ea0    00000008     (.cinit..bss.load) [load image, compression = zero_init]
                  00015ea8    00000008     (.cinit..vtable.load) [load image, compression = zero_init]
                  00015eb0    00000018     (__TI_cinit_table)

.init_array 
*          0    00000000    00000000     UNINITIALIZED

.vtable    0    20000000    0000026c     UNINITIALIZED
                  20000000    0000026c     interrupt.obj (.vtable)

.bss       0    2000026c    00004d9c     UNINITIALIZED
                  2000026c    00003c00     (.common:ucHeap)
                  20003e6c    000006cc     usblib.lib : usbhostenum.obj (.bss:g_sUSBHCD)
                  20004538    00000190     task_manager_page.obj (.bss:write_buffer)
                  200046c8    00000120     rtsv7M4_T_le_v4SPD16_eabi.lib : trgmsg.c.obj (.bss:_CIOBUF_)
                  200047e8    00000110     usbdma.obj (.bss:g_psUSBDMAInst)
                  200048f8    000000f0     logger.obj (.bss:errors)
                  200049e8    000000f0     (.common:pad_states)
                  20004ad8    000000a0     (.common:__TI_tmpnams)
                  20004b78    0000009c     usblib.lib : usbhhub.obj (.bss:g_sRootHub)
                  20004c14    00000064     tasks.obj (.bss:pxReadyTasksLists)
                  20004c78    00000060     looper_buttons_task.obj (.bss:looper_pins)
                  20004cd8    00000050     (.common:g_psDCDInst)
                  20004d28    00000040     usbdenum.obj (.bss:g_pui8DataBufferIn)
                  20004d68    00000040     (.common:xQueueRegistry)
                  20004da8    00000030     looper_effects.obj (.bss:effects)
                  20004dd8    00000020     ADC_task.obj (.bss:adc00_step_values)
                  20004df8    00000020     looper_volume_functions.obj (.bss:last_value)
                  20004e18    00000018     usblib.lib : usbhostenum.obj (.bss:g_pi32USBHActiveDriver)
                  20004e30    00000018                : usbhostenum.obj (.bss:g_ppvDriverInstance)
                  20004e48    00000018     (.common:g_pfnTickHandlers)
                  20004e60    00000018     (.common:g_pvTickInstance)
                  20004e78    00000014     I2C_task.obj (.bss)
                  20004e8c    00000014     drum_pad_functions.obj (.bss:float_string)
                  20004ea0    00000014     tasks.obj (.bss:xDelayedTaskList1)
                  20004eb4    00000014     tasks.obj (.bss:xDelayedTaskList2)
                  20004ec8    00000014     tasks.obj (.bss:xPendingReadyList)
                  20004edc    00000014     tasks.obj (.bss:xSuspendedTaskList)
                  20004ef0    00000014     tasks.obj (.bss:xTasksWaitingTermination)
                  20004f04    00000010     ADC_task.obj (.bss:adc11_step_values)
                  20004f14    00000010     rotary_enc_task.obj (.bss)
                  20004f24    00000010     (.common:button_states)
                  20004f34    00000010     (.common:midi_knobs)
                  20004f44    0000000d     usb_hid_task.obj (.bss)
                  20004f51    00000003     usb_hid_task.obj (.bss:sReport)
                  20004f54    00000008     ADC_task.obj (.bss)
                  20004f5c    00000008     ads1x15_task.obj (.bss:adc0_data)
                  20004f64    00000008     ads1x15_task.obj (.bss:adc1_data)
                  20004f6c    00000008     usblib.lib : usbhostenum.obj (.bss:g_pui32Alloc)
                  20004f74    00000008     GPIs.obj (.bss:gpi_info)
                  20004f7c    00000008     midi_buttons_task.obj (.bss)
                  20004f84    00000008     tasks.obj (.bss)
                  20004f8c    00000008     usblib.lib : usbhhub.obj (.bss)
                  20004f94    00000008     heap_2.obj (.bss:xEnd)
                  20004f9c    00000008     heap_2.obj (.bss:xStart)
                  20004fa4    00000008     (.common:adc_info)
                  20004fac    00000008     (.common:gpis_info)
                  20004fb4    00000008     (.common:gpo_info)
                  20004fbc    00000008     (.common:parmbuf)
                  20004fc4    00000006     joystick_functions.obj (.bss:js_uart_msg)
                  20004fca    00000002     ads1x15_task.obj (.bss:joy_x_data)
                  20004fcc    00000004     console_uart.obj (.bss)
                  20004fd0    00000004     drum_pad_functions.obj (.bss)
                  20004fd4    00000004     adc.obj (.bss:g_pui8OversampleFactor)
                  20004fd8    00000004     host_uart_task.obj (.bss)
                  20004fdc    00000004     midi_uart_functions.obj (.bss:msg_bytes)
                  20004fe0    00000004     usbdenum.obj (.bss)
                  20004fe4    00000004     usblib.lib : usbhostenum.obj (.bss)
                  20004fe8    00000004     usbmode.obj (.bss)
                  20004fec    00000004     (.common:blue_debug)
                  20004ff0    00000004     (.common:g_ppsDevInfo)
                  20004ff4    00000004     (.common:g_ui32PollRate)
                  20004ff8    00000004     (.common:green_debug)
                  20004ffc    00000004     (.common:red_debug)
                  20005000    00000002     ads1x15_task.obj (.bss:joy_y_data)
                  20005002    00000002     ads1x15_task.obj (.bss:sense_data)
                  20005004    00000002     ads1x15_task.obj (.bss:volume_data)
                  20005006    00000001     board_select.obj (.bss)
                  20005007    00000001     (.common:g_eOTGModeState)

.data      0    20005008    00000b68     UNINITIALIZED
                  20005008    00000108     console_task.obj (.data:console_pages)
                  20005110    000000f0     rtsv7M4_T_le_v4SPD16_eabi.lib : defs.c.obj (.data:_ftable)
                  20005200    00000098     usb_structs.obj (.data:g_sGamepadDevice)
                  20005298    00000078     rtsv7M4_T_le_v4SPD16_eabi.lib : host_device.c.obj (.data:_device)
                  20005310    00000050                                   : host_device.c.obj (.data:_stream)
                  20005360    00000034     tasks.obj (.data)
                  20005394    00000030     ADC_task.obj (.data:adc_pins)
                  200053c4    0000002c     GPOs.obj (.data:looper_gpos)
                  200053f0    00000024     ADC_task.obj (.data:pad0)
                  20005414    00000024     ADC_task.obj (.data:pad10)
                  20005438    00000024     ADC_task.obj (.data:pad11)
                  2000545c    00000024     ADC_task.obj (.data:pad1)
                  20005480    00000024     ADC_task.obj (.data:pad2)
                  200054a4    00000024     ADC_task.obj (.data:pad3)
                  200054c8    00000024     ADC_task.obj (.data:pad4)
                  200054ec    00000024     ADC_task.obj (.data:pad5)
                  20005510    00000024     ADC_task.obj (.data:pad6)
                  20005534    00000024     ADC_task.obj (.data:pad7)
                  20005558    00000024     ADC_task.obj (.data:pad8)
                  2000557c    00000024     ADC_task.obj (.data:pad9)
                  200055a0    00000020     ads1x15_task.obj (.data:adc00_read)
                  200055c0    00000020     ads1x15_task.obj (.data:adc01_read)
                  200055e0    00000020     ads1x15_task.obj (.data:adc02_read)
                  20005600    00000020     ads1x15_task.obj (.data:adc03_read)
                  20005620    00000020     ads1x15_task.obj (.data:adc10_read)
                  20005640    00000020     ads1x15_task.obj (.data:adc11_read)
                  20005660    00000020     ads1x15_task.obj (.data:adc12_read)
                  20005680    00000020     ads1x15_task.obj (.data:adc13_read)
                  200056a0    00000020     ads1x15_task.obj (.data:ads1015_adc00_sel)
                  200056c0    00000020     ads1x15_task.obj (.data:ads1015_adc01_sel)
                  200056e0    00000020     ads1x15_task.obj (.data:ads1015_adc02_sel)
                  20005700    00000020     ads1x15_task.obj (.data:ads1015_adc03_sel)
                  20005720    00000020     ads1x15_task.obj (.data:ads1015_adc10_sel)
                  20005740    00000020     ads1x15_task.obj (.data:ads1015_adc11_sel)
                  20005760    00000020     ads1x15_task.obj (.data:ads1015_adc12_sel)
                  20005780    00000020     ads1x15_task.obj (.data:ads1015_adc13_sel)
                  200057a0    00000020     GPIs.obj (.data:looper_gpi_pins)
                  200057c0    0000001c     GPIs.obj (.data:midi_gpi_pins)
                  200057dc    00000018     usblib.lib : usbhostenum.obj (.data:g_sUSBHEP0State)
                  200057f4    00000014     GPOs.obj (.data:blue_led)
                  20005808    00000014     GPOs.obj (.data:blueled)
                  2000581c    00000014     GPIs.obj (.data:enc_bit_0)
                  20005830    00000014     GPIs.obj (.data:enc_bit_1)
                  20005844    00000014     GPIs.obj (.data:enc_bit_2)
                  20005858    00000014     GPIs.obj (.data:enc_bit_3)
                  2000586c    00000014     GPOs.obj (.data:green_led)
                  20005880    00000014     GPOs.obj (.data:greenled)
                  20005894    00000014     GPOs.obj (.data:led_0)
                  200058a8    00000014     GPOs.obj (.data:led_1)
                  200058bc    00000014     GPOs.obj (.data:led_2)
                  200058d0    00000014     GPOs.obj (.data:led_3)
                  200058e4    00000014     GPOs.obj (.data:led_4)
                  200058f8    00000014     GPOs.obj (.data:led_5)
                  2000590c    00000014     GPOs.obj (.data:led_6)
                  20005920    00000014     GPOs.obj (.data:led_7)
                  20005934    00000014     GPIs.obj (.data:loop_0)
                  20005948    00000014     GPIs.obj (.data:loop_1)
                  2000595c    00000014     GPIs.obj (.data:loop_2)
                  20005970    00000014     GPIs.obj (.data:loop_3)
                  20005984    00000014     GPIs.obj (.data:loop_4)
                  20005998    00000014     GPIs.obj (.data:loop_5)
                  200059ac    00000014     GPIs.obj (.data:loop_6)
                  200059c0    00000014     GPIs.obj (.data:loop_7)
                  200059d4    00000014     GPIs.obj (.data:octave_down)
                  200059e8    00000014     GPIs.obj (.data:octave_up)
                  200059fc    00000014     GPIs.obj (.data:pressure_sense)
                  20005a10    00000014     GPOs.obj (.data:red_led)
                  20005a24    00000014     GPOs.obj (.data:redled)
                  20005a38    00000014     usblib.lib : usbhostenum.obj (.data)
                  20005a4c    00000012     usbdhid.obj (.data:g_pui8HIDDeviceDescriptor)
                  20005a5e    00000002     joystick_functions.obj (.data)
                  20005a60    00000011     console_task.obj (.data)
                  20005a71    00000001     looper_buttons_task.obj (.data)
                  20005a72    00000002     --HOLE--
                  20005a74    00000010     usbdhidgamepad.obj (.data:g_psHIDSections)
                  20005a84    00000010     rtsv7M4_T_le_v4SPD16_eabi.lib : defs.c.obj (.data)
                  20005a94    0000000c                                   : exit.c.obj (.data:$O1$$)
                  20005aa0    0000000c     GPOs.obj (.data:midi_gpos)
                  20005aac    0000000c     port.obj (.data)
                  20005ab8    0000000c     usbtick.obj (.data)
                  20005ac4    00000009     usbdhidgamepad.obj (.data:g_pui8GameDescriptor)
                  20005acd    00000009     usbdhidgamepad.obj (.data:g_pui8HIDInterface)
                  20005ad6    00000009     usbdhidgamepad.obj (.data:g_sGameHIDDescriptor)
                  20005adf    00000001     --HOLE--
                  20005ae0    00000009     usbmode.obj (.data)
                  20005ae9    00000003     --HOLE--
                  20005aec    00000008     rtsv7M4_T_le_v4SPD16_eabi.lib : _lock.c.obj (.data:$O1$$)
                  20005af4    00000008                                   : memory.c.obj (.data:$O1$$)
                  20005afc    00000008     ADC_task.obj (.data)
                  20005b04    00000008     ADC_task.obj (.data:adc_pin_struct)
                  20005b0c    00000008     usbdhidgamepad.obj (.data:g_sHIDConfigHeader)
                  20005b14    00000008     usbdhidgamepad.obj (.data:g_sHIDDescriptorSection)
                  20005b1c    00000008     heap_2.obj (.data)
                  20005b24    00000008     GPIs.obj (.data:looper_gpi_info)
                  20005b2c    00000008     GPIs.obj (.data:midi_gpi_info)
                  20005b34    00000008     usbdenum.obj (.data)
                  20005b3c    00000005     I2C_task.obj (.data)
                  20005b41    00000003     --HOLE--
                  20005b44    00000005     uartstdio.obj (.data)
                  20005b49    00000003     --HOLE--
                  20005b4c    00000004     drum_pad_functions.obj (.data)
                  20005b50    00000004     usbdhidgamepad.obj (.data:g_ppui8GameClassDescriptors)
                  20005b54    00000004     host_uart_task.obj (.data)
                  20005b58    00000004     logger.obj (.data)
                  20005b5c    00000004     looper_board.obj (.data)
                  20005b60    00000004     midi_ctrl_board.obj (.data)
                  20005b64    00000004     rotary_enc_task.obj (.data)
                  20005b68    00000004     rtsv7M4_T_le_v4SPD16_eabi.lib : errno.c.obj (.data)
                  20005b6c    00000004     usb_hid_task.obj (.data)

.stack     0    20005b70    00000400     UNINITIALIZED
                  20005b70    00000004     rtsv7M4_T_le_v4SPD16_eabi.lib : boot_cortex_m.c.obj (.stack)
                  20005b74    000003fc     --HOLE--

.sysmem    0    20005f70    00000010     UNINITIALIZED
                  20005f70    00000010     rtsv7M4_T_le_v4SPD16_eabi.lib : memory.c.obj (.sysmem)

__llvm_prf_cnts 
*          0    20000000    00000000     UNINITIALIZED

MODULE SUMMARY

       Module                         code    ro data   rw data
       ------                         ----    -------   -------
    .\
       ADC_task.obj                   1092    96        15912  
       drum_pad_functions.obj         2524    40        268    
       ads1x15_task.obj               1116    13        536    
       console_task.obj               1172    0         281    
       I2C_task.obj                   1380    0         25     
       GPIs.obj                       428     128       384    
       joystick_functions.obj         900     0         8      
       GPOs.obj                       368     114       344    
       looper_buttons_task.obj        712     0         97     
       logger.obj                     552     0         256    
       rotary_enc_task.obj            692     0         20     
       tm4c123gh6pm_startup_ccs.obj   12      620       0      
       midi_ctrl_board.obj            620     0         4      
       looper_board.obj               528     0         4      
       usb_hid_task.obj               492     0         20     
       looper_effects.obj             456     0         48     
       midi_uart_functions.obj        496     0         4      
       midi_knobs_functions.obj       460     0         16     
       task_manager_page.obj          76      0         400    
       heap_2.obj                     448     0         24     
       control_page.obj               376     0         16     
       looper_volume_functions.obj    316     0         32     
       usb_structs.obj                0       196       152    
       midi_buttons_task.obj          284     0         24     
       host_uart_task.obj             288     0         8      
       homepage.obj                   292     0         0      
       console_uart.obj               252     0         4      
       text_controls.obj              210     0         0      
       board_select.obj               124     0         1      
       main.obj                       116     0         0      
       hooks.obj                      42      0         0      
    +--+------------------------------+-------+---------+---------+
       Total:                         16824   1207      18888  
                                                               
    .\FreeRTOS\
       tasks.obj                      7644    0         260    
       queue.obj                      4008    0         64     
       list.obj                       298     0         0      
    +--+------------------------------+-------+---------+---------+
       Total:                         11950   0         324    
                                                               
    .\FreeRTOS\portable\CCS\ARM_CM4F\
       port.obj                       652     8         12     
       portasm.obj                    218     0         0      
    +--+------------------------------+-------+---------+---------+
       Total:                         870     8         12     
                                                               
    .\driverlib\
       usb.obj                        5562    0         0      
       sysctl.obj                     3834    452       0      
       gpio.obj                       2952    528       0      
       adc.obj                        1986    0         4      
       interrupt.obj                  960     268       620    
       i2c.obj                        1692    128       0      
       timer.obj                      1602    160       0      
       uart.obj                       1560    128       0      
       udma.obj                       1248    0         0      
       ssi.obj                        838     64        0      
       fpu.obj                        192     0         0      
       cpu.obj                        62      0         0      
    +--+------------------------------+-------+---------+---------+
       Total:                         22488   1728      624    
                                                               
    .\usb\
       usbdenum.obj                   4596    52        160    
       usbdma.obj                     3684    0         272    
       usbdhid.obj                    3344    48        18     
       usbmode.obj                    1180    0         18     
       usbdconfig.obj                 904     0         0      
       usbdhidgamepad.obj             732     67        63     
       usbdcdesc.obj                  734     0         0      
       usbdesc.obj                    466     0         0      
       usbtick.obj                    236     0         60     
       usbulpi.obj                    200     0         0      
       usbdhandler.obj                24      0         0      
    +--+------------------------------+-------+---------+---------+
       Total:                         16100   167       591    
                                                               
    .\utils\
       uartstdio.obj                  1192    46        5      
    +--+------------------------------+-------+---------+---------+
       Total:                         1192    46        5      
                                                               
    C:/ti/TivaWare_C_Series-2.2.0.295/usblib/ccs/Debug/usblib.lib
       usbhostenum.obj                4182    0         1844   
       usbhhub.obj                    900     0         164    
    +--+------------------------------+-------+---------+---------+
       Total:                         5082    0         2008   
                                                               
    C:\ti\ccs1020\ccs\tools\compiler\ti-cgt-arm_20.2.2.LTS\lib\rtsv7M4_T_le_v4SPD16_eabi.lib
       _printfi.c.obj                 4851    0         0      
       memory.c.obj                   672     0         8      
       fd_add_t2.asm.obj              438     0         0      
       defs.c.obj                     0       0         416    
       trgmsg.c.obj                   108     0         288    
       fd_div_t2.asm.obj              310     0         0      
       fputs.c.obj                    276     0         0      
       s_scalbn.c.obj                 272     0         0      
       fd_cmp_t2.asm.obj              268     0         0      
       ctype.c.obj                    0       257       0      
       fd_mul_t2.asm.obj              252     0         0      
       setvbuf.c.obj                  220     0         0      
       fflush.c.obj                   200     0         0      
       host_device.c.obj              0       0         200    
       memcpy_t2.asm.obj              156     0         0      
       ull_div_t2.asm.obj             150     0         0      
       memset_t2.asm.obj              122     0         0      
       fclose.c.obj                   116     0         0      
       getdevice.c.obj                116     0         0      
       hostrename.c.obj               108     0         0      
       copy_decompress_lzss.c.obj     104     0         0      
       hostlseek.c.obj                104     0         0      
       hostopen.c.obj                 96      0         8      
       fseek.c.obj                    100     0         0      
       s_frexp.c.obj                  100     0         0      
       _io_perm.c.obj                 98      0         0      
       sprintf.c.obj                  98      0         0      
       close.c.obj                    92      0         0      
       exit.c.obj                     76      0         12     
       hostread.c.obj                 88      0         0      
       hostwrite.c.obj                88      0         0      
       _ltoa.c.obj                    84      0         0      
       atoi.c.obj                     76      0         0      
       fd_toi_t2.asm.obj              72      0         0      
       autoinit.c.obj                 68      0         0      
       fd_tou_t2.asm.obj              68      0         0      
       hostclose.c.obj                68      0         0      
       hostunlink.c.obj               68      0         0      
       u_divt2.asm.obj                64      0         0      
       fs_tod_t2.asm.obj              56      0         0      
       strncpy.c.obj                  54      0         0      
       boot_cortex_m.c.obj            52      0         0      
       fopen.c.obj                    52      0         0      
       i_tofd_t2.asm.obj              46      0         0      
       unlink.c.obj                   44      0         0      
       lseek.c.obj                    40      0         0      
       write.c.obj                    40      0         0      
       memchr.c.obj                   32      0         0      
       u_tofd_t2.asm.obj              32      0         0      
       assert.c.obj                   28      0         0      
       memccpy.c.obj                  28      0         0      
       s_copysign.c.obj               26      0         0      
       strcmp.c.obj                   24      0         0      
       strchr.c.obj                   22      0         0      
       strcpy.c.obj                   20      0         0      
       strlen.c.obj                   20      0         0      
       wcslen.c.obj                   18      0         0      
       copy_decompress_none.c.obj     14      0         0      
       copy_zero_init.c.obj           12      0         0      
       errno.c.obj                    8       0         4      
       _lock.c.obj                    2       0         8      
       pre_init.c.obj                 4       0         0      
       div0.asm.obj                   2       0         0      
    +--+------------------------------+-------+---------+---------+
       Total:                         10923   257       944    
                                                               
       Heap:                          0       0         16     
       Stack:                         0       0         1024   
       Linker Generated:              0       900       0      
    +--+------------------------------+-------+---------+---------+
       Grand Total:                   85429   4313      24436  


LINKER GENERATED COPY TABLES

__TI_cinit_table @ 00015eb0 records: 3, size/record: 8, table size: 24
	.data: load addr=00015b40, load size=00000350 bytes, run addr=20005008, run size=00000b68 bytes, compression=lzss
	.bss: load addr=00015ea0, load size=00000008 bytes, run addr=2000026c, run size=00004d9c bytes, compression=zero_init
	.vtable: load addr=00015ea8, load size=00000008 bytes, run addr=20000000, run size=0000026c bytes, compression=zero_init


LINKER GENERATED HANDLER TABLE

__TI_handler_table @ 00015e90 records: 3, size/record: 4, table size: 12
	index: 0, handler: __TI_zero_init
	index: 1, handler: __TI_decompress_lzss
	index: 2, handler: __TI_decompress_none


GLOBAL SYMBOLS: SORTED ALPHABETICALLY BY Name 

address   name                                 
-------   ----                                 
0000a8f9  ADCBusy                              
0000a941  ADCClockConfigGet                    
0000a917  ADCClockConfigSet                    
0000a713  ADCComparatorConfigure               
0000a7e3  ADCComparatorIntClear                
0000a799  ADCComparatorIntDisable              
0000a7b7  ADCComparatorIntEnable               
0000a7d5  ADCComparatorIntStatus               
0000a72f  ADCComparatorRegionSet               
0000a753  ADCComparatorReset                   
0000a6e1  ADCHardwareOversampleConfigure       
0000a2f7  ADCIntClear                          
0000a85b  ADCIntClearEx                        
0000a25d  ADCIntDisable                        
0000a7f5  ADCIntDisableEx                      
0000a279  ADCIntEnable                         
0000a80d  ADCIntEnableEx                       
0000a217  ADCIntRegister                       
0000a29f  ADCIntStatus                         
0000a829  ADCIntStatusEx                       
0000a23f  ADCIntUnregister                     
0000a8b3  ADCPhaseDelayGet                     
0000a8a1  ADCPhaseDelaySet                     
0000a557  ADCProcessorTrigger                  
0000a88f  ADCReferenceGet                      
0000a873  ADCReferenceSet                      
0000db27  ADCSeq0Handler                       
0000db67  ADCSeq1Handler                       
0000a341  ADCSequenceConfigure                 
0000a8dd  ADCSequenceDMADisable                
0000a8c1  ADCSequenceDMAEnable                 
0000a515  ADCSequenceDataGet                   
0000a327  ADCSequenceDisable                   
0000a30d  ADCSequenceEnable                    
0000a4b9  ADCSequenceOverflow                  
0000a4d1  ADCSequenceOverflowClear             
0000a3c5  ADCSequenceStepConfigure             
0000a4e7  ADCSequenceUnderflow                 
0000a4ff  ADCSequenceUnderflowClear            
0000a57b  ADCSoftwareOversampleConfigure       
0000a673  ADCSoftwareOversampleDataGet         
0000a5b3  ADCSoftwareOversampleStepConfigure   
00015043  C$$EXIT                              
00014aab  C$$IO$$                              
000149ff  CPUbasepriGet                        
000149f1  CPUbasepriSet                        
000149cb  CPUcpsid                             
000149e1  CPUcpsie                             
000149d7  CPUprimask                           
000149ed  CPUwfi                               
0001415d  ConfigDescAlloc                      
00014cc1  ConfigDescFree                       
00013517  FPUDisable                           
00013505  FPUEnable                            
00013583  FPUFlushToZeroModeSet                
0001354f  FPUHalfPrecisionModeSet              
00013537  FPULazyStackingEnable                
00013569  FPUNaNModeSet                        
0001359d  FPURoundingModeSet                   
00013543  FPUStackingDisable                   
00013525  FPUStackingEnable                    
00008d6b  GPIOADCTriggerDisable                
00008d4d  GPIOADCTriggerEnable                 
00008d2f  GPIODMATriggerDisable                
00008d11  GPIODMATriggerEnable                 
000082c3  GPIODirModeGet                       
00008267  GPIODirModeSet                       
0000882b  GPIOIntClear                         
000087ef  GPIOIntDisable                       
000087d5  GPIOIntEnable                        
0000883f  GPIOIntRegister                      
00008809  GPIOIntStatus                        
000083b3  GPIOIntTypeGet                       
0000830f  GPIOIntTypeSet                       
0000885d  GPIOIntUnregister                    
00008683  GPIOPadConfigGet                     
00008449  GPIOPadConfigSet                     
00008cb3  GPIOPinConfigure                     
00008877  GPIOPinRead                          
000088af  GPIOPinTypeADC                       
000088d3  GPIOPinTypeCAN                       
00008c7f  GPIOPinTypeCIR                       
000088f7  GPIOPinTypeComparator                
0000891b  GPIOPinTypeEPI                       
0000893f  GPIOPinTypeEthernetLED               
00008963  GPIOPinTypeEthernetMII               
00008987  GPIOPinTypeGPIOInput                 
000089ab  GPIOPinTypeGPIOOutput                
000089cf  GPIOPinTypeGPIOOutputOD              
000089f3  GPIOPinTypeI2C                       
00008a17  GPIOPinTypeI2CSCL                    
00008c37  GPIOPinTypeKBColumn                  
00008c13  GPIOPinTypeKBRow                     
00008a3b  GPIOPinTypeLCD                       
00008c5b  GPIOPinTypeLEDSeq                    
00008a5f  GPIOPinTypeLPC                       
00008a83  GPIOPinTypePECIRx                    
00008aa7  GPIOPinTypePECITx                    
00008acb  GPIOPinTypePWM                       
00008aef  GPIOPinTypeQEI                       
00008b13  GPIOPinTypeSSI                       
00008b37  GPIOPinTypeTimer                     
00008b5b  GPIOPinTypeUART                      
00008b7f  GPIOPinTypeUSBAnalog                 
00008ba3  GPIOPinTypeUSBDigital                
00008bc7  GPIOPinTypeWakeHigh                  
00008bed  GPIOPinTypeWakeLow                   
00008ca3  GPIOPinWakeStatus                    
0000888f  GPIOPinWrite                         
00010801  GamepadHandler                       
000147b9  HOSTclose                            
00013e9d  HOSTlseek                            
000140fd  HOSTopen                             
00014271  HOSTread                             
00013e31  HOSTrename                           
000147fd  HOSTunlink                           
000142c9  HOSTwrite                            
0000af77  I2CFIFODataGet                       
0000af91  I2CFIFODataGetNonBlocking            
0000af2d  I2CFIFODataPut                       
0000af4f  I2CFIFODataPutNonBlocking            
0000af1d  I2CFIFOStatus                        
0000ab11  I2CIntRegister                       
0000ab2f  I2CIntUnregister                     
0000afcd  I2CMasterBurstCountGet               
0000afb7  I2CMasterBurstLengthSet              
0000ad75  I2CMasterBusBusy                     
0000ad5d  I2CMasterBusy                        
0000ad8d  I2CMasterControl                     
0000ade1  I2CMasterDataGet                     
0000adcb  I2CMasterDataPut                     
0000aadd  I2CMasterDisable                     
0000aaa9  I2CMasterEnable                      
0000ad9f  I2CMasterErr                         
0000afdb  I2CMasterGlitchFilterConfigSet       
0000a9df  I2CMasterInitExpClk                  
0000acd7  I2CMasterIntClear                    
0000acf5  I2CMasterIntClearEx                  
0000aba3  I2CMasterIntDisable                  
0000abb3  I2CMasterIntDisableEx                
0000ab49  I2CMasterIntEnable                   
0000ab59  I2CMasterIntEnableEx                 
0000abfd  I2CMasterIntStatus                   
0000ac41  I2CMasterIntStatusEx                 
0000ad4f  I2CMasterLineStateGet                
0000ad2d  I2CMasterSlaveAddrSet                
0000adef  I2CMasterTimeoutSet                  
0000aedd  I2CRxFIFOConfigSet                   
0000af05  I2CRxFIFOFlush                       
0000ae01  I2CSlaveACKOverride                  
0000ae33  I2CSlaveACKValueSet                  
0000aa6b  I2CSlaveAddressSet                   
0000ae8d  I2CSlaveDataGet                      
0000ae75  I2CSlaveDataPut                      
0000aaf3  I2CSlaveDisable                      
0000aabf  I2CSlaveEnable                       
0000b00b  I2CSlaveFIFODisable                  
0000aff3  I2CSlaveFIFOEnable                   
0000aa51  I2CSlaveInit                         
0000ad07  I2CSlaveIntClear                     
0000ad19  I2CSlaveIntClearEx                   
0000abcb  I2CSlaveIntDisable                   
0000abe3  I2CSlaveIntDisableEx                 
0000ab71  I2CSlaveIntEnable                    
0000ab89  I2CSlaveIntEnableEx                  
0000ac6d  I2CSlaveIntStatus                    
0000acb5  I2CSlaveIntStatusEx                  
0000ae65  I2CSlaveStatus                       
0000ae9d  I2CTxFIFOConfigSet                   
0000aec5  I2CTxFIFOFlush                       
0000e2e9  IntDisable                           
0000e277  IntEnable                            
0000e35b  IntIsEnabled                         
0000e13b  IntMasterDisable                     
0000e12b  IntMasterEnable                      
0000e451  IntPendClear                         
0000e3e1  IntPendSet                           
0000e253  IntPriorityGet                       
0000e1cb  IntPriorityGroupingGet               
0000e1b1  IntPriorityGroupingSet               
0000e4ab  IntPriorityMaskGet                   
0000e49f  IntPriorityMaskSet                   
0000e203  IntPrioritySet                       
0000e14b  IntRegister                          
0000e4b3  IntTrigger                           
0000e19d  IntUnregister                        
00014ced  InternalUSBHCDSendEvent              
00012f47  InternalUSBRegisterTickHandler       
00012f97  InternalUSBStartOfFrameTick          
00012f01  InternalUSBTickInit                  
00012f3f  InternalUSBTickReset                 
0000ceed  OTGDeviceDisconnect                  
00015011  ResetISR                             
0000eebd  SSIAdvDataPutFrameEnd                
0000eee3  SSIAdvDataPutFrameEndNonBlocking     
0000ef25  SSIAdvFrameHoldDisable               
0000ef0f  SSIAdvFrameHoldEnable                
0000eea1  SSIAdvModeSet                        
0000ee4b  SSIBusy                              
0000ee7d  SSIClockSourceGet                    
0000ee69  SSIClockSourceSet                    
0000ec53  SSIConfigSetExpClk                   
0000ee33  SSIDMADisable                        
0000ee1b  SSIDMAEnable                         
0000eddd  SSIDataGet                           
0000edf9  SSIDataGetNonBlocking                
0000eda3  SSIDataPut                           
0000edbd  SSIDataPutNonBlocking                
0000ecf5  SSIDisable                           
0000ecdf  SSIEnable                            
0000ed91  SSIIntClear                          
0000ed5b  SSIIntDisable                        
0000ed43  SSIIntEnable                         
0000ed0b  SSIIntRegister                       
0000ed73  SSIIntStatus                         
0000ed29  SSIIntUnregister                     
00006633  SysCtlAltClkConfig                   
00005e09  SysCtlClockFreqSet                   
000062ed  SysCtlClockGet                       
00006617  SysCtlClockOutConfig                 
00006121  SysCtlClockSet                       
00005d09  SysCtlDeepSleep                      
000064b9  SysCtlDeepSleepClockConfigSet        
0000649b  SysCtlDeepSleepClockSet              
00005ce9  SysCtlDeepSleepPowerSet              
00015039  SysCtlDelay                          
00005897  SysCtlFlashSectorSizeGet             
0000586b  SysCtlFlashSizeGet                   
0000658f  SysCtlGPIOAHBDisable                 
00006573  SysCtlGPIOAHBEnable                  
00005c7d  SysCtlIntClear                       
00005c65  SysCtlIntDisable                     
00005c51  SysCtlIntEnable                      
00005c29  SysCtlIntRegister                    
00005c8d  SysCtlIntStatus                      
00005c41  SysCtlIntUnregister                  
00005ccf  SysCtlLDODeepSleepGet                
00005cbf  SysCtlLDODeepSleepSet                
00005cb9  SysCtlLDOSleepGet                    
00005ca9  SysCtlLDOSleepSet                    
00005d3f  SysCtlMOSCConfigSet                  
00006603  SysCtlNMIClear                       
000065fd  SysCtlNMIStatus                      
00005d55  SysCtlPIOSCCalibrate                 
0000655d  SysCtlPWMClockGet                    
00006543  SysCtlPWMClockSet                    
00005bd5  SysCtlPeripheralClockGating          
00005b8d  SysCtlPeripheralDeepSleepDisable     
00005b3d  SysCtlPeripheralDeepSleepEnable      
00005a79  SysCtlPeripheralDisable              
00005a3d  SysCtlPeripheralEnable               
00005979  SysCtlPeripheralPowerOff             
0000593d  SysCtlPeripheralPowerOn              
000058bd  SysCtlPeripheralPresent              
000058fd  SysCtlPeripheralReady                
000059b5  SysCtlPeripheralReset                
00005b01  SysCtlPeripheralSleepDisable         
00005abd  SysCtlPeripheralSleepEnable          
00005cf9  SysCtlReset                          
00005db5  SysCtlResetBehaviorGet               
00005da5  SysCtlResetBehaviorSet               
00005d2b  SysCtlResetCauseClear                
00005d25  SysCtlResetCauseGet                  
00005861  SysCtlSRAMSizeGet                    
00005d01  SysCtlSleep                          
00005cd5  SysCtlSleepPowerSet                  
000065bd  SysCtlUSBPLLDisable                  
000065ab  SysCtlUSBPLLEnable                   
000065e9  SysCtlVoltageEventClear              
000065cd  SysCtlVoltageEventConfig             
000065dd  SysCtlVoltageEventStatus             
0000b5dd  TimerADCEventGet                     
0000b5cb  TimerADCEventSet                     
0000b301  TimerClockSourceGet                  
0000b2d7  TimerClockSourceSet                  
0000b0cb  TimerConfigure                       
0000b1eb  TimerControlEvent                    
0000b147  TimerControlLevel                    
0000b215  TimerControlStall                    
0000b17d  TimerControlTrigger                  
0000b24b  TimerControlWaitOnTrigger            
0000b5fd  TimerDMAEventGet                     
0000b5eb  TimerDMAEventSet                     
0000b0ad  TimerDisable                         
0000b08f  TimerEnable                          
0000b5a7  TimerIntClear                        
0000b571  TimerIntDisable                      
0000b559  TimerIntEnable                       
0000b513  TimerIntRegister                     
0000b589  TimerIntStatus                       
0000b53b  TimerIntUnregister                   
0000b3cb  TimerLoadGet                         
0000b401  TimerLoadGet64                       
0000b3a1  TimerLoadSet                         
0000b3e7  TimerLoadSet64                       
0000b4ab  TimerMatchGet                        
0000b4e1  TimerMatchGet64                      
0000b481  TimerMatchSet                        
0000b4c7  TimerMatchSet64                      
0000b33b  TimerPrescaleGet                     
0000b385  TimerPrescaleMatchGet                
0000b357  TimerPrescaleMatchSet                
0000b311  TimerPrescaleSet                     
0000b2c1  TimerRTCDisable                      
0000b2ab  TimerRTCEnable                       
0000b5b9  TimerSynchronize                     
0000b60b  TimerUpdateMode                      
0000b433  TimerValueGet                        
0000b44f  TimerValueGet64                      
0000bc31  UART9BitAddrSend                     
0000bc0b  UART9BitAddrSet                      
0000bbf5  UART9BitDisable                      
0000bbdf  UART9BitEnable                       
0000ba83  UARTBreakCtl                         
0000baad  UARTBusy                             
0000ba2b  UARTCharGet                          
0000ba0f  UARTCharGetNonBlocking               
0000ba65  UARTCharPut                          
0000ba41  UARTCharPutNonBlocking               
0000b9d3  UARTCharsAvail                       
0000bbcf  UARTClockSourceGet                   
0000bbbb  UARTClockSourceSet                   
0000b7a3  UARTConfigGetExpClk                  
0000b72d  UARTConfigSetExpClk                  
0000bb81  UARTDMADisable                       
0000bb69  UARTDMAEnable                        
0000b813  UARTDisable                          
0000b897  UARTDisableSIR                       
0000b7ef  UARTEnable                           
0000b869  UARTEnableSIR                        
0000b853  UARTFIFODisable                      
0000b83d  UARTFIFOEnable                       
0000b705  UARTFIFOLevelGet                     
0000b6ed  UARTFIFOLevelSet                     
0000b993  UARTFlowControlGet                   
0000b977  UARTFlowControlSet                   
0000bb57  UARTIntClear                         
0000bb21  UARTIntDisable                       
0000bb09  UARTIntEnable                        
0000bacb  UARTIntRegister                      
0000bb39  UARTIntStatus                        
0000bae9  UARTIntUnregister                    
0000b92d  UARTModemControlClear                
0000b951  UARTModemControlGet                  
0000b8f5  UARTModemControlSet                  
0000b963  UARTModemStatusGet                   
0000b6db  UARTParityModeGet                    
0000b6bf  UARTParityModeSet                    
0000bbab  UARTRxErrorClear                     
0000bb99  UARTRxErrorGet                       
0000b8df  UARTSmartCardDisable                 
0000b8ad  UARTSmartCardEnable                  
0000b9f1  UARTSpaceAvail                       
0000c6bd  UARTStdioConfig                      
0000b9c1  UARTTxIntModeGet                     
0000b9a5  UARTTxIntModeSet                     
0000c80d  UARTgetc                             
0000c753  UARTgets                             
0000cb2f  UARTprintf                           
0000c835  UARTvprintf                          
0000c703  UARTwrite                            
0001343b  ULPIConfigSet                        
000134dd  ULPIPowerTransceiver                 
00014f39  USB0DeviceIntHandler                 
0000cc21  USB0DualModeIntHandler               
0000ce09  USB0OTGModeIntHandler                
0000323f  USBClockDisable                      
00003223  USBClockEnable                       
0000320f  USBControllerVersion                 
0000f093  USBDCDConfigDescGet                  
0000f045  USBDCDConfigDescGetNum               
0000f00d  USBDCDConfigDescGetSize              
0000f175  USBDCDConfigGetInterface             
0000f1ab  USBDCDConfigGetInterfaceEndpoint     
0000f121  USBDCDConfigGetNumAlternateInterfaces
00003605  USBDCDDeviceInfoInit                 
000039b9  USBDCDFeatureGet                     
000038f5  USBDCDFeatureSet                     
00003655  USBDCDInit                           
0000388b  USBDCDPowerStatusSet                 
000039ed  USBDCDRemoteWakeLPM                  
00003a0d  USBDCDRemoteWakeupRequest            
0000381b  USBDCDRequestDataEP0                 
00003841  USBDCDSendDataEP0                    
00003863  USBDCDSetDefaultConfiguration        
00003875  USBDCDStallEP0                       
000037d3  USBDCDTerm                           
00007ec5  USBDHIDCompositeInit                 
0000f385  USBDHIDGamepadCompositeInit          
0000f337  USBDHIDGamepadInit                   
0000f461  USBDHIDGamepadSendReport             
0000f4bd  USBDHIDGamepadTerm                   
00007e8f  USBDHIDInit                          
000080e5  USBDHIDPacketRead                    
000081e5  USBDHIDPowerStatusSet                
000081f9  USBDHIDRemoteWakeupRequest           
00008065  USBDHIDReportWrite                   
000081a7  USBDHIDRxPacketAvailable             
00008031  USBDHIDSetRxCBData                   
0000804b  USBDHIDSetTxCBData                   
00008019  USBDHIDTerm                          
00008189  USBDHIDTxPacketAvailable             
00003377  USBDMAChannelAddressGet              
0000335b  USBDMAChannelAddressSet              
000032e1  USBDMAChannelConfigSet               
000033ab  USBDMAChannelCountGet                
0000338f  USBDMAChannelCountSet                
000032c1  USBDMAChannelDisable                 
000032a1  USBDMAChannelEnable                  
00003271  USBDMAChannelIntDisable              
00003251  USBDMAChannelIntEnable               
00003291  USBDMAChannelIntStatus               
00003311  USBDMAChannelStatus                  
00003331  USBDMAChannelStatusClear             
000033c3  USBDMANumChannels                    
00010a49  USBDescGet                           
00010b6d  USBDescGetInterface                  
00010b9b  USBDescGetInterfaceEndpoint          
000109ed  USBDescGetNum                        
00010ab3  USBDescGetNumAlternateInterfaces     
0000267d  USBDevAddrGet                        
00002669  USBDevAddrSet                        
0000263d  USBDevConnect                        
00002653  USBDevDisconnect                     
000029b3  USBDevEndpointConfigGet              
000028c1  USBDevEndpointConfigSet              
00002d3d  USBDevEndpointDataAck                
00002567  USBDevEndpointStall                  
000025c9  USBDevEndpointStallClear             
000023e3  USBDevEndpointStatusClear            
0000352f  USBDevLPMConfig                      
0000355d  USBDevLPMDisable                     
00003545  USBDevLPMEnable                      
00003517  USBDevLPMRemoteWake                  
00003177  USBDevMode                           
000021a9  USBDevSpeedGet                       
0000e5af  USBDeviceConfig                      
0000e7a5  USBDeviceConfigAlternate             
00003b25  USBDeviceEnumHandler                 
00003c45  USBDeviceEnumResetHandler            
00004615  USBDeviceIntHandlerInternal          
00003a41  USBDeviceResumeTickHandler           
0000cc6d  USBDualModeInit                      
0000cccb  USBDualModeTerm                      
00003129  USBEndpointDMAChannel                
00002b6f  USBEndpointDMAConfigSet              
00002c41  USBEndpointDMADisable                
00002c07  USBEndpointDMAEnable                 
00002c7b  USBEndpointDataAvail                 
00002cb3  USBEndpointDataGet                   
00002dad  USBEndpointDataPut                   
00002e11  USBEndpointDataSend                  
00002501  USBEndpointDataToggleClear           
000031db  USBEndpointPacketCountSet            
0000236f  USBEndpointStatus                    
000030ff  USBFIFOAddrGet                       
00002b09  USBFIFOConfigGet                     
00002aa3  USBFIFOConfigSet                     
00002e69  USBFIFOFlush                         
000030c3  USBFrameNumberGet                    
00012d21  USBHCDControlTransfer                
00013715  USBHCDFeatureSet                     
00014379  USBHCDHubDeviceConnected             
00014fed  USBHCDHubDeviceDisconnected          
00012e11  USBHCDInit                           
000130d1  USBHCDMain                           
00014f69  USBHCDPowerAutomatic                 
00014ff9  USBHCDPowerConfigGet                 
00014569  USBHCDPowerConfigSet                 
00014a45  USBHCDReset                          
00014699  USBHCDSetAddress                     
00014b8f  USBHCDSetConfig                      
00014ed9  USBHHubEnumerationComplete           
00014ef1  USBHHubEnumerationError              
000146e1  USBHHubInit                          
00011ac5  USBHHubMain                          
00002117  USBHighSpeed                         
00002f79  USBHostAddrGet                       
00002f41  USBHostAddrSet                       
00013f6d  USBHostCheckPipes                    
00002691  USBHostEndpointConfig                
00002d7b  USBHostEndpointDataAck               
00002465  USBHostEndpointDataToggle            
0000253b  USBHostEndpointPing                  
0000282b  USBHostEndpointSpeed                 
0000239b  USBHostEndpointStatusClear           
0000300b  USBHostHubAddrGet                    
00002fa7  USBHostHubAddrSet                    
0000dd35  USBHostIntHandlerInternal            
000034db  USBHostLPMConfig                     
000034ff  USBHostLPMResume                     
00003493  USBHostLPMSend                       
00003165  USBHostMode                          
00003039  USBHostPwrConfig                     
000030ab  USBHostPwrDisable                    
00003093  USBHostPwrEnable                     
0000307b  USBHostPwrFaultDisable               
00003063  USBHostPwrFaultEnable                
00002ed9  USBHostRequestIN                     
00002f01  USBHostRequestINClear                
00002f2f  USBHostRequestStatus                 
000020e9  USBHostReset                         
00002145  USBHostResume                        
00002173  USBHostSpeedGet                      
000020d3  USBHostSuspend                       
000021c1  USBIntDisableControl                 
00002285  USBIntDisableEndpoint                
000021ff  USBIntEnableControl                  
000022b3  USBIntEnableEndpoint                 
00002337  USBIntRegister                       
00002239  USBIntStatusControl                  
000022e1  USBIntStatusEndpoint                 
00002355  USBIntUnregister                     
00003589  USBLPMEndpointGet                    
000035e9  USBLPMIntDisable                     
000035cf  USBLPMIntEnable                      
000035bf  USBLPMIntStatus                      
00003575  USBLPMLinkStateGet                   
000035a5  USBLPMRemoteWakeEnabled              
000072f7  USBLibDMAAddrGet                     
00007327  USBLibDMAInit                        
0000730f  USBLibDMASizeGet                     
0000319b  USBModeConfig                        
00003115  USBModeGet                           
000031fb  USBNumEndpointsGet                   
0000cfa3  USBOTGFeatureSet                     
0000cf0d  USBOTGMain                           
00003189  USBOTGMode                           
0000cd15  USBOTGModeInit                       
0000cced  USBOTGModeTerm                       
0000cde3  USBOTGPollRate                       
000030d1  USBOTGSessionRequest                 
000031af  USBPHYPowerOff                       
000031c5  USBPHYPowerOn                        
0000cbe5  USBStackModeSet                      
000033d5  USBULPIConfig                        
00003403  USBULPIDisable                       
000033eb  USBULPIEnable                        
0000341b  USBULPIRegRead                       
00003453  USBULPIRegWrite                      
200046c8  __CIOBUF_                            
20005f70  __STACK_END                          
00000400  __STACK_SIZE                         
20005d70  __STACK_TOP                          
00000010  __SYSMEM_SIZE                        
00015eb0  __TI_CINIT_Base                      
00015ec8  __TI_CINIT_Limit                     
00015e90  __TI_Handler_Table_Base              
00015e9c  __TI_Handler_Table_Limit             
00014841  __TI_auto_init_nobinit_nopinit       
00014bc5  __TI_cleanup                         
20005a94  __TI_cleanup_ptr                     
00013c69  __TI_closefile                       
00013f05  __TI_decompress_lzss                 
00014fdd  __TI_decompress_none                 
000145b5  __TI_doflush                         
20005a98  __TI_dtors_ptr                       
20005a9c  __TI_enable_exit_profile_output      
20005a84  __TI_ft_end                          
00014427  __TI_ltoa                            
ffffffff  __TI_pprof_out_hndl                  
00008d91  __TI_printfi                         
ffffffff  __TI_prof_data_size                  
ffffffff  __TI_prof_data_start                 
00014bf9  __TI_readmsg                         
00000000  __TI_static_base__                   
20004ad8  __TI_tmpnams                         
00014a7d  __TI_writemsg                        
00014099  __TI_wrt_ok                          
00015005  __TI_zero_init                       
00013975  __aeabi_cdcmpeq                      
00013975  __aeabi_cdcmple                      
000139fb  __aeabi_cdrcmple                     
00014771  __aeabi_d2iz                         
000148c9  __aeabi_d2uiz                        
000112ef  __aeabi_dadd                         
00012021  __aeabi_ddiv                         
00012c25  __aeabi_dmul                         
000112e5  __aeabi_dsub                         
00015029  __aeabi_errno_addr                   
00014ab5  __aeabi_f2d                          
00014c91  __aeabi_i2d                          
000097df  __aeabi_idiv0                        
000097df  __aeabi_ldiv0                        
00013b79  __aeabi_memclr                       
00013b79  __aeabi_memclr4                      
00013b79  __aeabi_memclr8                      
000137b1  __aeabi_memcpy                       
000137b1  __aeabi_memcpy4                      
000137b1  __aeabi_memcpy8                      
00013b7b  __aeabi_memset                       
00013b7b  __aeabi_memset4                      
00013b7b  __aeabi_memset8                      
20005a90  __aeabi_stderr                       
20005a88  __aeabi_stdin                        
20005a8c  __aeabi_stdout                       
00014e49  __aeabi_ui2d                         
0001490d  __aeabi_uidiv                        
0001490d  __aeabi_uidivmod                     
0001384d  __aeabi_uldivmod                     
ffffffff  __binit__                            
ffffffff  __c_args__                           
UNDEFED   __mpu_init                           
20005b70  __stack                              
20000000  __start___llvm_prf_cnts              
20000000  __stop___llvm_prf_cnts               
00014e69  _abort_msg                           
00014c2d  _c_int00_noargs                      
00015168  _ctypes_                             
20005298  _device                              
20005110  _ftable                              
20005aec  _lock                                
00003603  _nop                                 
20005310  _stream                              
20005f70  _sys_memory                          
UNDEFED   _system_post_cinit                   
0001503f  _system_pre_init                     
20005af0  _unlock                              
00015043  abort                                
0000d4f5  ad1x15_looper_task                   
20004fa4  adc_info                             
20005b04  adc_pin_struct                       
0000bd15  add_i2c_msg                          
0000d011  add_page                             
0000d755  ads1x15_drawdata                     
0000d86d  ads1x15_drawinput                    
0000d6e9  ads1x15_drawpage                     
0000d5bb  ads1x15_midi_task                    
00012a29  aligned_alloc                        
[...]
0000c1ed  uDMAErrorStatusGet                   
0000c1f3  uDMAErrorStatusClear                 
0000c1fb  uDMAChannelEnable                    
0000c213  uDMAChannelDisable                   
0000c22b  uDMAChannelIsEnabled                 
0000c253  uDMAControlBaseSet                   
0000c263  uDMAControlBaseGet                   
0000c269  uDMAControlAlternateBaseGet          
0000c26f  uDMAChannelRequest                   
0000c287  uDMAChannelAttributeEnable           
0000c2db  uDMAChannelAttributeDisable          
0000c32f  uDMAChannelAttributeGet              
0000c39f  uDMAChannelControlSet                
0000c3e1  uDMAChannelTransferSet               
0000c4d9  uDMAChannelScatterGatherSet          
0000c565  uDMAChannelSizeGet                   
0000c5ad  uDMAChannelModeGet                   
0000c5f3  uDMAIntRegister                      
0000c609  uDMAIntUnregister                    
0000c61b  uDMAIntStatus                        
0000c621  uDMAIntClear                         
0000c635  uDMAChannelAssign                    
0000c67d  uDMAChannelSelectSecondary           
0000c691  uDMAChannelSelectDefault             
0000c6bd  UARTStdioConfig                      
0000c703  UARTwrite                            
0000c753  UARTgets                             
0000c80d  UARTgetc                             
0000c835  UARTvprintf                          
0000cb2f  UARTprintf                           
0000cbe5  USBStackModeSet                      
0000cc21  USB0DualModeIntHandler               
0000cc6d  USBDualModeInit                      
0000cccb  USBDualModeTerm                      
0000cced  USBOTGModeTerm                       
0000cd15  USBOTGModeInit                       
0000cde3  USBOTGPollRate                       
0000ce09  USB0OTGModeIntHandler                
0000ceed  OTGDeviceDisconnect                  
0000cf0d  USBOTGMain                           
0000cfa3  USBOTGFeatureSet                     
0000d001  init_console                         
0000d011  add_page                             
0000d0cd  is_on_screen                         
0000d2e5  console_task                         
0000d495  init_ads1x15                         
0000d4f5  ad1x15_looper_task                   
0000d5bb  ads1x15_midi_task                    
0000d6b9  get_volume                           
0000d6d1  get_sensitivity                      
0000d6e9  ads1x15_drawpage                     
0000d755  ads1x15_drawdata                     
0000d86d  ads1x15_drawinput                    
0000d8f1  init_adc                             
0000daa5  get_adc_config                       
0000dae9  get_adc_val                          
0000db1d  get_adc_struct                       
0000db27  ADCSeq0Handler                       
0000db67  ADCSeq1Handler                       
0000dbb9  midi_adc_task                        
0000dc35  looper_adc_task                      
0000dd35  USBHostIntHandlerInternal            
0000e12b  IntMasterEnable                      
0000e13b  IntMasterDisable                     
0000e14b  IntRegister                          
0000e19d  IntUnregister                        
0000e1b1  IntPriorityGroupingSet               
0000e1cb  IntPriorityGroupingGet               
0000e203  IntPrioritySet                       
0000e253  IntPriorityGet                       
0000e277  IntEnable                            
0000e2e9  IntDisable                           
0000e35b  IntIsEnabled                         
0000e3e1  IntPendSet                           
0000e451  IntPendClear                         
0000e49f  IntPriorityMaskSet                   
0000e4ab  IntPriorityMaskGet                   
0000e4b3  IntTrigger                           
0000e5af  USBDeviceConfig                      
0000e7a5  USBDeviceConfigAlternate             
0000e871  process_joystick                     
0000ec53  SSIConfigSetExpClk                   
0000ecdf  SSIEnable                            
0000ecf5  SSIDisable                           
0000ed0b  SSIIntRegister                       
0000ed29  SSIIntUnregister                     
0000ed43  SSIIntEnable                         
0000ed5b  SSIIntDisable                        
0000ed73  SSIIntStatus                         
0000ed91  SSIIntClear                          
0000eda3  SSIDataPut                           
0000edbd  SSIDataPutNonBlocking                
0000eddd  SSIDataGet                           
0000edf9  SSIDataGetNonBlocking                
0000ee1b  SSIDMAEnable                         
0000ee33  SSIDMADisable                        
0000ee4b  SSIBusy                              
0000ee69  SSIClockSourceSet                    
0000ee7d  SSIClockSourceGet                    
0000eea1  SSIAdvModeSet                        
0000eebd  SSIAdvDataPutFrameEnd                
0000eee3  SSIAdvDataPutFrameEndNonBlocking     
0000ef0f  SSIAdvFrameHoldEnable                
0000ef25  SSIAdvFrameHoldDisable               
0000f00d  USBDCDConfigDescGetSize              
0000f045  USBDCDConfigDescGetNum               
0000f093  USBDCDConfigDescGet                  
0000f121  USBDCDConfigGetNumAlternateInterfaces
0000f175  USBDCDConfigGetInterface             
0000f1ab  USBDCDConfigGetInterfaceEndpoint     
0000f337  USBDHIDGamepadInit                   
0000f385  USBDHIDGamepadCompositeInit          
0000f461  USBDHIDGamepadSendReport             
0000f4bd  USBDHIDGamepadTerm                   
0000f4f5  init_looper_buttons                  
0000f555  looper_buttons_task                  
0000f7bd  init_rotary_enc                      
0000f845  rotary_enc_task                      
0000fa21  get_channel                          
0000fa71  pxPortInitialiseStack                
0000fafd  xPortStartScheduler                  
0000fb91  vPortEndScheduler                    
0000fbb5  vPortEnterCritical                   
0000fbf7  vPortExitCritical                    
0000fc23  xPortSysTickHandler                  
0000fc49  vPortSetupTimerInterrupt             
0000fc65  vPortValidateInterruptPriority       
0000ff6d  init_midi_ctrl_board                 
000101d9  create_error                         
00010239  set_error                            
0001025b  init_logger                          
00010287  logger_drawpage                      
000102c1  logger_drawdata                      
0001035b  logger_drawinput                     
00010401  init_looper_board                    
00010611  send_midi_message                    
00010801  GamepadHandler                       
00010875  init_usb_hid                         
000108dd  usb_hid_task                         
0001094b  usb_hid_send                         
0001095f  usb_hid_send_from_isr                
00010973  usbhid_drawpage                      
00010975  usbhid_drawdata                      
00010977  usbhid_drawinput                     
000109ed  USBDescGetNum                        
00010a49  USBDescGet                           
00010ab3  USBDescGetNumAlternateInterfaces     
00010b6d  USBDescGetInterface                  
00010b9b  USBDescGetInterfaceEndpoint          
00010d91  init_midi_knobs                      
00010dc3  process_midi_knobs                   
00010f5d  init_looper_effects                  
00010f85  process_effects                      
00011125  pvPortMalloc                         
00011225  vPortFree                            
00011283  xPortGetFreeHeapSize                 
00011289  vPortInitialiseBlocks                
000112e5  __aeabi_dsub                         
000112ef  __aeabi_dadd                         
0001149d  init_gpis                            
0001159d  get_gpi_config                       
000115e1  read_gpi                             
000115fb  get_gpi_struct                       
000117d9  control_drawpage                     
0001188f  control_drawdata                     
0001190f  control_drawinput                    
00011ac5  USBHHubMain                          
00011c39  init_gpos                            
00011cdf  get_gpo_config                       
00011d23  set_gpo                              
00011d4f  get_gpo                              
00011ee5  init_looper_volumes                  
00011f0d  process_looper_volumes               
00012021  __aeabi_ddiv                         
00012157  vListInitialise                      
00012187  vListInitialiseItem                  
00012197  vListInsertEnd                       
000121d3  vListInsert                          
00012239  uxListRemove                         
000123a5  homepage_drawpage                    
000123ef  homepage_drawdata                    
000123f1  homepage_drawinput                   
000124c9  init_host_uart                       
00012525  host_uart_task                       
00012571  send_to_host                         
0001258d  send_to_host_from_isr                
000125a9  uartmsg_drawpage                     
000125ab  uartmsg_drawdata                     
000125ad  uartmsg_drawinput                    
000125e9  init_midi_buttons                    
0001261d  midi_buttons_task                    
000126b1  get_octave                           
000126b7  pressure_sense_is_on                 
00012705  fputs                                
00012819  ldexp                                
00012819  ldexpl                               
00012819  scalbn                               
00012819  scalbnl                              
00012a29  aligned_alloc                        
00012a29  memalign                             
00012b29  get_char                             
00012b91  init_console_uart                    
00012c25  __aeabi_dmul                         
00012d21  USBHCDControlTransfer                
00012e11  USBHCDInit                           
00012f01  InternalUSBTickInit                  
00012f3f  InternalUSBTickReset                 
00012f47  InternalUSBRegisterTickHandler       
00012f97  InternalUSBStartOfFrameTick          
00012fed  free                                 
000130d1  USBHCDMain                           
000131b1  setvbuf                              
0001329d  ulPortGetIPSR                        
000132b5  xPortPendSVHandler                   
00013315  vPortSVCHandler                      
00013335  vPortStartFirstTask                  
00013359  vPortEnableVFP                       
00013369  set_text_mode                        
00013377  text_color                           
00013385  bold_text_color                      
00013393  bgd_color                            
000133a1  cursor_pos                           
000133b3  save_cursor_pos                      
000133bd  restore_cursor_pos                   
000133c7  clear_terminal                       
000133d1  clear_line                           
000133db  clear_in_line                        
000133e5  clear_below_line                     
0001343b  ULPIConfigSet                        
000134dd  ULPIPowerTransceiver                 
00013505  FPUEnable                            
00013517  FPUDisable                           
00013525  FPUStackingEnable                    
00013537  FPULazyStackingEnable                
00013543  FPUStackingDisable                   
0001354f  FPUHalfPrecisionModeSet              
00013569  FPUNaNModeSet                        
00013583  FPUFlushToZeroModeSet                
0001359d  FPURoundingModeSet                   
00013715  USBHCDFeatureSet                     
000137b1  __aeabi_memcpy                       
000137b1  __aeabi_memcpy4                      
000137b1  __aeabi_memcpy8                      
000137b1  memcpy                               
0001384d  __aeabi_uldivmod                     
00013975  __aeabi_cdcmpeq                      
00013975  __aeabi_cdcmple                      
000139fb  __aeabi_cdrcmple                     
00013a81  init_board_select                    
00013adf  get_board_type                       
00013afd  fflush                               
00013b79  __aeabi_memclr                       
00013b79  __aeabi_memclr4                      
00013b79  __aeabi_memclr8                      
00013b7b  __aeabi_memset                       
00013b7b  __aeabi_memset4                      
00013b7b  __aeabi_memset8                      
00013b81  memset                               
00013c69  __TI_closefile                       
00013cdd  main                                 
00013e31  HOSTrename                           
00013e9d  HOSTlseek                            
00013f05  __TI_decompress_lzss                 
00013f6d  USBHostCheckPipes                    
00013fd1  frexp                                
00013fd1  frexpl                               
00014035  fseek                                
00014099  __TI_wrt_ok                          
000140fd  HOSTopen                             
0001415d  ConfigDescAlloc                      
00014215  close                                
00014271  HOSTread                             
000142c9  HOSTwrite                            
00014379  USBHCDHubDeviceConnected             
00014427  __TI_ltoa                            
00014569  USBHCDPowerConfigSet                 
000145b5  __TI_doflush                         
00014601  atoi                                 
0001464d  taskmanager_drawpage                 
00014685  taskmanager_drawdata                 
00014687  taskmanager_drawinput                
00014699  USBHCDSetAddress                     
000146e1  USBHHubInit                          
00014729  exit                                 
00014771  __aeabi_d2iz                         
000147b9  HOSTclose                            
000147fd  HOSTunlink                           
00014841  __TI_auto_init_nobinit_nopinit       
00014885  getdevice                            
000148c9  __aeabi_d2uiz                        
0001490d  __aeabi_uidiv                        
0001490d  __aeabi_uidivmod                     
0001494d  sprintf                              
000149cb  CPUcpsid                             
000149d7  CPUprimask                           
000149e1  CPUcpsie                             
000149ed  CPUwfi                               
000149f1  CPUbasepriSet                        
000149ff  CPUbasepriGet                        
00014a45  USBHCDReset                          
00014a7d  __TI_writemsg                        
00014aab  C$$IO$$                              
00014ab5  __aeabi_f2d                          
00014b59  strncpy                              
00014b8f  USBHCDSetConfig                      
00014bc5  __TI_cleanup                         
00014bf9  __TI_readmsg                         
00014c2d  _c_int00_noargs                      
00014c61  finddevice                           
00014c91  __aeabi_i2d                          
00014cc1  ConfigDescFree                       
00014ced  InternalUSBHCDSendEvent              
00014d19  remove                               
00014d19  unlink                               
00014d45  vApplicationMallocFailedHook         
00014d55  vApplicationIdleHook                 
00014d57  vApplicationStackOverflowHook        
00014d99  lseek                                
00014dc1  write                                
00014e29  memchr                               
00014e49  __aeabi_ui2d                         
00014e69  _abort_msg                           
00014ea1  memccpy                              
00014ebd  copysign                             
00014ebd  copysignl                            
00014ed9  USBHHubEnumerationComplete           
00014ef1  USBHHubEnumerationError              
00014f21  strcmp                               
00014f39  USB0DeviceIntHandler                 
00014f51  strchr                               
00014f69  USBHCDPowerAutomatic                 
00014f91  strcpy                               
00014fa5  strlen                               
00014fcb  wcslen                               
00014fdd  __TI_decompress_none                 
00014fed  USBHCDHubDeviceDisconnected          
00014ff9  USBHCDPowerConfigGet                 
00015005  __TI_zero_init                       
00015011  ResetISR                             
00015029  __aeabi_errno_addr                   
00015031  malloc                               
00015039  SysCtlDelay                          
0001503f  _system_pre_init                     
00015043  C$$EXIT                              
00015043  abort                                
00015168  _ctypes_                             
00015838  g_pui8ConfigString                   
000158d0  g_sHIDHandlers                       
00015a28  g_ppui8StringDescriptors             
00015b04  looper_gpo_info                      
00015b0c  midi_gpo_info                        
00015b14  ulMaxSyscallInterruptPriority        
00015e90  __TI_Handler_Table_Base              
00015e9c  __TI_Handler_Table_Limit             
00015eb0  __TI_CINIT_Base                      
00015ec8  __TI_CINIT_Limit                     
20000000  __start___llvm_prf_cnts              
20000000  __stop___llvm_prf_cnts               
20000000  g_pfnRAMVectors                      
2000026c  ucHeap                               
200046c8  __CIOBUF_                            
200049e8  pad_states                           
20004ad8  __TI_tmpnams                         
20004cd8  g_psDCDInst                          
20004d68  xQueueRegistry                       
20004e48  g_pfnTickHandlers                    
20004e60  g_pvTickInstance                     
20004f24  button_states                        
20004f34  midi_knobs                           
20004fa4  adc_info                             
20004fac  gpis_info                            
20004fb4  gpo_info                             
20004fbc  parmbuf                              
20004fec  blue_debug                           
20004ff0  g_ppsDevInfo                         
20004ff4  g_ui32PollRate                       
20004ff8  green_debug                          
20004ffc  red_debug                            
20005007  g_eOTGModeState                      
20005110  _ftable                              
20005200  g_sGamepadDevice                     
20005298  _device                              
20005310  _stream                              
20005360  pxCurrentTCB                         
20005a4c  g_pui8HIDDeviceDescriptor            
20005a84  __TI_ft_end                          
20005a88  __aeabi_stdin                        
20005a8c  __aeabi_stdout                       
20005a90  __aeabi_stderr                       
20005a94  __TI_cleanup_ptr                     
20005a98  __TI_dtors_ptr                       
20005a9c  __TI_enable_exit_profile_output      
20005ab8  g_bUSBTimerInitialized               
20005abc  g_ui32CurrentUSBTick                 
20005ac0  g_ui32USBSOFCount                    
20005ae0  g_iUSBMode                           
20005ae4  g_ui32WaitTicks                      
20005aec  _lock                                
20005af0  _unlock                              
20005b04  adc_pin_struct                       
20005b24  looper_gpi_info                      
20005b2c  midi_gpi_info                        
20005b3c  i2c_msg_queue                        
20005b68  errno                                
20005b70  __stack                              
20005d70  __STACK_TOP                          
20005f70  __STACK_END                          
20005f70  _sys_memory                          
ffffffff  __TI_pprof_out_hndl                  
ffffffff  __TI_prof_data_size                  
ffffffff  __TI_prof_data_start                 
ffffffff  __binit__                            
ffffffff  __c_args__                           
ffffffff  binit                                
UNDEFED   __mpu_init                           
UNDEFED   _system_post_cinit                   

[914 symbols]
