******************************************************************************
                  TI ARM Linker PC v20.2.2                     
******************************************************************************
>> Linked Sat Apr 17 06:13:57 2021

OUTPUT FILE NAME:   <drum_pad.out>
ENTRY POINT SYMBOL: "_c_int00_noargs"  address: 00014061


MEMORY CONFIGURATION

         name            origin    length      used     unused   attr    fill
----------------------  --------  ---------  --------  --------  ----  --------
  FLASH                 00000000   00040000  000152e3  0002ad1d  R  X
  SRAM                  20000000   00008000  00005ccd  00002333  RW X


SEGMENT ALLOCATION MAP

run origin  load origin   length   init length attrs members
----------  ----------- ---------- ----------- ----- -------
00000000    00000000    000152e8   000152e8    r-x
  00000000    00000000    0000026c   0000026c    r-- .intvecs
  0000026c    0000026c    0001420e   0001420e    r-x .text
  0001447c    0001447c    00000ad9   00000ad9    r-- .const
  00014f58    00014f58    00000390   00000390    r-- .cinit
20000000    20000000    00005cd0   00000000    rw-
  20000000    20000000    0000026c   00000000    rw- .vtable
  2000026c    2000026c    00004ce9   00000000    rw- .bss
  20004f58    20004f58    00000b68   00000000    rw- .data
  20005ac0    20005ac0    00000200   00000000    rw- .stack
  20005cc0    20005cc0    00000010   00000000    rw- .sysmem


SECTION ALLOCATION MAP

 output                                  attributes/
section   page    origin      length       input sections
--------  ----  ----------  ----------   ----------------
.intvecs   0    00000000    0000026c     
                  00000000    0000026c     tm4c123gh6pm_startup_ccs.obj (.intvecs)

.text      0    0000026c    0001420e     
                  0000026c    00001ddc     tasks.obj (.text)
                  00002048    000015ba     usb.obj (.text)
                  00003602    00000002     rtsv7M4_T_le_v4SPD16_eabi.lib : _lock.c.obj (.text:_nop)
                  00003604    000011f4     usbdenum.obj (.text)
                  000047f8    00000fa8     queue.obj (.text)
                  000057a0    00000ef4     sysctl.obj (.text)
                  00006694    00000e64     usbdma.obj (.text)
                  000074f8    00000d10     usbdhid.obj (.text)
                  00008208    00000b88     gpio.obj (.text)
                  00008d90    00000a4e     rtsv7M4_T_le_v4SPD16_eabi.lib : _printfi.c.obj (.text:__TI_printfi)
                  000097de    00000002                                   : div0.asm.obj (.text)
                  000097e0    000007c2     adc.obj (.text)
                  00009fa2    00000002     --HOLE-- [fill = 0]
                  00009fa4    0000069c     i2c.obj (.text)
                  0000a640    00000650     drum_pad_functions.obj (.text)
                  0000ac90    00000642     timer.obj (.text)
                  0000b2d2    00000002     --HOLE-- [fill = 0]
                  0000b2d4    00000618     uart.obj (.text)
                  0000b8ec    00000558     I2C_task.obj (.text)
                  0000be44    000004e0     udma.obj (.text)
                  0000c324    000004a8     uartstdio.obj (.text)
                  0000c7cc    0000049c     usbmode.obj (.text)
                  0000cc68    00000494     console_task.obj (.text)
                  0000d0fc    000003f4     usblib.lib : usbhostenum.obj (.text:USBHostIntHandlerInternal)
                  0000d4f0    000003d4     ADC_task.obj (.text)
                  0000d8c4    000003c0     interrupt.obj (.text)
                  0000dc84    000003b8     ads1x15_task.obj (.text)
                  0000e03c    00000388     usbdconfig.obj (.text)
                  0000e3c4    00000346     ssi.obj (.text)
                  0000e70a    00000002     --HOLE-- [fill = 0]
                  0000e70c    00000308     joystick_functions.obj (.text)
                  0000ea14    000002de     usbdcdesc.obj (.text)
                  0000ecf2    00000002     --HOLE-- [fill = 0]
                  0000ecf4    000002dc     usbdhidgamepad.obj (.text)
                  0000efd0    000002b4     rotary_enc_task.obj (.text)
                  0000f284    0000028c     port.obj (.text)
                  0000f510    00000270     rtsv7M4_T_le_v4SPD16_eabi.lib : _printfi.c.obj (.text:_pconv_a)
                  0000f780    0000026c     midi_ctrl_board.obj (.text)
                  0000f9ec    00000228     logger.obj (.text)
                  0000fc14    000001fc     usb_hid_task.obj (.text)
                  0000fe10    000001d2     usbdesc.obj (.text)
                  0000ffe2    00000002     --HOLE-- [fill = 0]
                  0000ffe4    000001d0     rtsv7M4_T_le_v4SPD16_eabi.lib : _printfi.c.obj (.text:_pconv_g)
                  000101b4    000001d0     midi_knobs_functions.obj (.text)
                  00010384    000001c0     heap_2.obj (.text)
                  00010544    000001b6     rtsv7M4_T_le_v4SPD16_eabi.lib : fd_add_t2.asm.obj (.text)
                  000106fa    00000002     --HOLE-- [fill = 0]
                  000106fc    000001ac     GPIs.obj (.text)
                  000108a8    000001a0     looper_board.obj (.text)
                  00010a48    00000190     usblib.lib : usbhostenum.obj (.text:ProcessUSBDeviceStateMachine)
                  00010bd8    00000178     control_page.obj (.text)
                  00010d50    00000174     usblib.lib : usbhostenum.obj (.text:USBHCDInitInternal)
                  00010ec4    00000174                : usbhhub.obj (.text:USBHHubMain)
                  00011038    00000168     GPOs.obj (.text)
                  000111a0    00000158     host_uart_task.obj (.text)
                  000112f8    00000144     midi_uart_functions.obj (.text)
                  0001143c    0000013c     rtsv7M4_T_le_v4SPD16_eabi.lib : _printfi.c.obj (.text:_pconv_e)
                  00011578    00000136                                   : fd_div_t2.asm.obj (.text)
                  000116ae    00000002     --HOLE-- [fill = 0]
                  000116b0    00000130     homepage.obj (.text)
                  000117e0    0000012a     list.obj (.text)
                  0001190a    00000002     --HOLE-- [fill = 0]
                  0001190c    00000124     rtsv7M4_T_le_v4SPD16_eabi.lib : _printfi.c.obj (.text:fcvt)
                  00011a30    00000114                                   : fputs.c.obj (.text:fputs)
                  00011b44    00000114     midi_buttons_task.obj (.text)
                  00011c58    00000110     rtsv7M4_T_le_v4SPD16_eabi.lib : s_scalbn.c.obj (.text:scalbn)
                  00011d68    00000100     usblib.lib : usbhostenum.obj (.text:USBHCDEnumHandler)
                  00011e68    00000100     rtsv7M4_T_le_v4SPD16_eabi.lib : memory.c.obj (.text:aligned_alloc)
                  00011f68    000000fc                                   : fd_mul_t2.asm.obj (.text)
                  00012064    000000f0     usblib.lib : usbhostenum.obj (.text:USBHCDControlTransfer)
                  00012154    000000f0                : usbhostenum.obj (.text:USBHCDInit)
                  00012244    000000f0     console_uart.obj (.text)
                  00012334    000000ec     usbtick.obj (.text)
                  00012420    000000e4     rtsv7M4_T_le_v4SPD16_eabi.lib : memory.c.obj (.text:free)
                  00012504    000000e0     usblib.lib : usbhostenum.obj (.text:USBHCDMain)
                  000125e4    000000dc     rtsv7M4_T_le_v4SPD16_eabi.lib : setvbuf.c.obj (.text:setvbuf)
                  000126c0    000000da     portasm.obj (.text)
                  0001279a    00000002     --HOLE-- [fill = 0]
                  0001279c    000000d2     text_controls.obj (.text)
                  0001286e    000000c8     usbulpi.obj (.text)
                  00012936    00000002     --HOLE-- [fill = 0]
                  00012938    000000c0     fpu.obj (.text)
                  000129f8    000000b1     rtsv7M4_T_le_v4SPD16_eabi.lib : _printfi.c.obj (.text:_ltostr)
                  00012aa9    00000003     --HOLE-- [fill = 0]
                  00012aac    0000009c     usblib.lib : usbhostenum.obj (.text:USBHCDDeviceDisconnected)
                  00012b48    0000009c                : usbhostenum.obj (.text:USBHCDFeatureSet)
                  00012be4    0000009c     rtsv7M4_T_le_v4SPD16_eabi.lib : memcpy_t2.asm.obj (.text)
                  00012c80    00000096                                   : ull_div_t2.asm.obj (.text)
                  00012d16    00000002     --HOLE-- [fill = 0]
                  00012d18    00000090     usblib.lib : usbhostenum.obj (.text:USBHCDOpenDriver)
                  00012da8    00000086     rtsv7M4_T_le_v4SPD16_eabi.lib : fd_cmp_t2.asm.obj (.text:__aeabi_cdcmple)
                  00012e2e    00000086                                   : fd_cmp_t2.asm.obj (.text:__aeabi_cdrcmple)
                  00012eb4    0000007c     board_select.obj (.text)
                  00012f30    0000007c     rtsv7M4_T_le_v4SPD16_eabi.lib : fflush.c.obj (.text:fflush)
                  00012fac    0000007a                                   : memset_t2.asm.obj (.text)
                  00013026    00000074     usblib.lib : usbhostenum.obj (.text:USBHCDGetConfigDescriptor)
                  0001309a    00000002     --HOLE-- [fill = 0]
                  0001309c    00000074     rtsv7M4_T_le_v4SPD16_eabi.lib : fclose.c.obj (.text:__TI_closefile)
                  00013110    00000074     main.obj (.text)
                  00013184    00000070     rtsv7M4_T_le_v4SPD16_eabi.lib : memory.c.obj (.text:split)
                  000131f4    0000006e                                   : _printfi.c.obj (.text:_mcpy)
                  00013262    00000002     --HOLE-- [fill = 0]
                  00013264    0000006c                                   : hostrename.c.obj (.text:HOSTrename)
                  000132d0    00000068                                   : hostlseek.c.obj (.text:HOSTlseek)
                  00013338    00000068                                   : copy_decompress_lzss.c.obj (.text:decompress:lzss:__TI_decompress_lzss)
                  000133a0    00000064     usblib.lib : usbhostenum.obj (.text:USBHostCheckPipes)
                  00013404    00000064     rtsv7M4_T_le_v4SPD16_eabi.lib : s_frexp.c.obj (.text:frexp)
                  00013468    00000064                                   : fseek.c.obj (.text:fseek)
                  000134cc    00000062                                   : _io_perm.c.obj (.text:__TI_wrt_ok)
                  0001352e    00000002     --HOLE-- [fill = 0]
                  00013530    00000060                                   : hostopen.c.obj (.text:HOSTopen)
                  00013590    0000005c     usblib.lib : usbhostenum.obj (.text:ConfigDescAlloc)
                  000135ec    0000005c                : usbhostenum.obj (.text:USBHCDGetDeviceDescriptor)
                  00013648    0000005c     rtsv7M4_T_le_v4SPD16_eabi.lib : close.c.obj (.text:close)
                  000136a4    00000058                                   : hostread.c.obj (.text:HOSTread)
                  000136fc    00000058                                   : hostwrite.c.obj (.text:HOSTwrite)
                  00013754    00000058     usblib.lib : usbhostenum.obj (.text:USBHCDEP0StateTx)
                  000137ac    00000058                : usbhostenum.obj (.text:USBHCDHubDeviceConnected)
                  00013804    00000056     rtsv7M4_T_le_v4SPD16_eabi.lib : _printfi.c.obj (.text:_pconv_f)
                  0001385a    00000054                                   : _ltoa.c.obj (.text:__TI_ltoa)
                  000138ae    00000052                                   : _printfi.c.obj (.text:_ecpy)
                  00013900    00000050     usblib.lib : usbhhub.obj (.text:HubGetPortStatus)
                  00013950    0000004c                : usbhhub.obj (.text:HubDriverDeviceDisconnect)
                  0001399c    0000004c                : usbhostenum.obj (.text:USBHCDPowerConfigSet)
                  000139e8    0000004c     rtsv7M4_T_le_v4SPD16_eabi.lib : fflush.c.obj (.text:__TI_doflush)
                  00013a34    0000004c                                   : atoi.c.obj (.text:atoi)
                  00013a80    0000004c     task_manager_page.obj (.text)
                  00013acc    00000048     usblib.lib : usbhostenum.obj (.text:USBHCDSetAddress)
                  00013b14    00000048                : usbhhub.obj (.text:USBHHubInit)
                  00013b5c    00000048     rtsv7M4_T_le_v4SPD16_eabi.lib : exit.c.obj (.text:exit)
                  00013ba4    00000048                                   : fd_toi_t2.asm.obj (.text)
                  00013bec    00000044                                   : hostclose.c.obj (.text:HOSTclose)
                  00013c30    00000044                                   : hostunlink.c.obj (.text:HOSTunlink)
                  00013c74    00000044                                   : autoinit.c.obj (.text:__TI_auto_init_nobinit_nopinit:__TI_auto_init_nobinit_nopinit)
                  00013cb8    00000044                                   : getdevice.c.obj (.text:getdevice)
                  00013cfc    00000044                                   : fd_tou_t2.asm.obj (.text)
                  00013d40    00000040                                   : u_divt2.asm.obj (.text)
                  00013d80    00000040                                   : sprintf.c.obj (.text:sprintf)
                  00013dc0    0000003e                                   : _printfi.c.obj (.text:_fcpy)
                  00013dfe    0000003e     cpu.obj (.text)
                  00013e3c    0000003c     usblib.lib : usbhhub.obj (.text:HubDriverReset)
                  00013e78    00000038                : usbhostenum.obj (.text:USBHCDReset)
                  00013eb0    00000038     rtsv7M4_T_le_v4SPD16_eabi.lib : trgmsg.c.obj (.text:__TI_writemsg)
                  00013ee8    00000038                                   : fs_tod_t2.asm.obj (.text)
                  00013f20    00000036     usblib.lib : usbhhub.obj (.text:HubClearPortFeature)
                  00013f56    00000036                : usbhhub.obj (.text:HubSetPortFeature)
                  00013f8c    00000036     rtsv7M4_T_le_v4SPD16_eabi.lib : strncpy.c.obj (.text:strncpy)
                  00013fc2    00000034     usblib.lib : usbhostenum.obj (.text:USBHCDSetConfig)
                  00013ff6    00000002     --HOLE-- [fill = 0]
                  00013ff8    00000034     rtsv7M4_T_le_v4SPD16_eabi.lib : fopen.c.obj (.text:__TI_cleanup)
                  0001402c    00000034                                   : trgmsg.c.obj (.text:__TI_readmsg)
                  00014060    00000034                                   : boot_cortex_m.c.obj (.text:_c_int00_noargs:_c_int00_noargs)
                  00014094    00000030                                   : getdevice.c.obj (.text:finddevice)
                  000140c4    0000002e                                   : i_tofd_t2.asm.obj (.text)
                  000140f2    00000002     --HOLE-- [fill = 0]
                  000140f4    0000002c     usblib.lib : usbhostenum.obj (.text:ConfigDescFree)
                  00014120    0000002c                : usbhostenum.obj (.text:InternalUSBHCDSendEvent)
                  0001414c    0000002c     rtsv7M4_T_le_v4SPD16_eabi.lib : unlink.c.obj (.text:unlink)
                  00014178    0000002a     hooks.obj (.text)
                  000141a2    00000002     --HOLE-- [fill = 0]
                  000141a4    00000028     rtsv7M4_T_le_v4SPD16_eabi.lib : memory.c.obj (.text:free_list_insert)
                  000141cc    00000028                                   : lseek.c.obj (.text:lseek)
                  000141f4    00000028                                   : write.c.obj (.text:write)
                  0001421c    00000020     usblib.lib : usbhhub.obj (.text:HubDriverDeviceConnect)
                  0001423c    00000020                : usbhhub.obj (.text:HubDriverDeviceReset)
                  0001425c    00000020     rtsv7M4_T_le_v4SPD16_eabi.lib : memchr.c.obj (.text:memchr)
                  0001427c    00000020                                   : u_tofd_t2.asm.obj (.text)
                  0001429c    0000001c                                   : assert.c.obj (.text:_abort_msg)
                  000142b8    0000001c                                   : memory.c.obj (.text:free_list_remove)
                  000142d4    0000001c                                   : memccpy.c.obj (.text:memccpy)
                  000142f0    0000001a                                   : s_copysign.c.obj (.text:copysign)
                  0001430a    00000002     --HOLE-- [fill = 0]
                  0001430c    00000018     usblib.lib : usbhhub.obj (.text:USBHHubEnumerationComplete)
                  00014324    00000018                : usbhhub.obj (.text:USBHHubEnumerationError)
                  0001433c    00000018     rtsv7M4_T_le_v4SPD16_eabi.lib : sprintf.c.obj (.text:_outs)
                  00014354    00000018                                   : strcmp.c.obj (.text:strcmp)
                  0001436c    00000018     usbdhandler.obj (.text)
                  00014384    00000016     rtsv7M4_T_le_v4SPD16_eabi.lib : strchr.c.obj (.text:strchr)
                  0001439a    00000002     --HOLE-- [fill = 0]
                  0001439c    00000014     usblib.lib : usbhostenum.obj (.text:USBHCDPowerAutomatic)
                  000143b0    00000014                : usbhhub.obj (.text:USBHubPortSpeedSet)
                  000143c4    00000014     rtsv7M4_T_le_v4SPD16_eabi.lib : strcpy.c.obj (.text:strcpy)
                  000143d8    00000014                                   : strlen.c.obj (.text:strlen)
                  000143ec    00000012     usblib.lib : usbhostenum.obj (.text:SendUnknownConnect)
                  000143fe    00000012     rtsv7M4_T_le_v4SPD16_eabi.lib : wcslen.c.obj (.text:wcslen)
                  00014410    0000000e                                   : copy_decompress_none.c.obj (.text:decompress:none:__TI_decompress_none)
                  0001441e    00000002     --HOLE-- [fill = 0]
                  00014420    0000000c     usblib.lib : usbhostenum.obj (.text:USBHCDHubDeviceDisconnected)
                  0001442c    0000000c                : usbhostenum.obj (.text:USBHCDPowerConfigGet)
                  00014438    0000000c     rtsv7M4_T_le_v4SPD16_eabi.lib : copy_zero_init.c.obj (.text:decompress:ZI:__TI_zero_init)
                  00014444    0000000c     tm4c123gh6pm_startup_ccs.obj (.text)
                  00014450    0000000a     rtsv7M4_T_le_v4SPD16_eabi.lib : sprintf.c.obj (.text:_outc)
                  0001445a    00000002     --HOLE-- [fill = 0]
                  0001445c    00000008                                   : errno.c.obj (.text:__aeabi_errno_addr)
                  00014464    00000008                                   : memory.c.obj (.text:malloc)
                  0001446c    00000006     sysctl.obj (.text:SysCtlDelay)
                  00014472    00000004     rtsv7M4_T_le_v4SPD16_eabi.lib : pre_init.c.obj (.text:_system_pre_init)
                  00014476    00000004                                   : exit.c.obj (.text:abort:abort)

.const     0    0001447c    00000ad9     
                  0001447c    00000120     sysctl.obj (.const:g_pppui32XTALtoVCO)
                  0001459c    00000101     rtsv7M4_T_le_v4SPD16_eabi.lib : ctype.c.obj (.const:.string:_ctypes_)
                  0001469d    00000003     ads1x15_task.obj (.const:.string:ADC0_SEL)
                  000146a0    000000c0     gpio.obj (.const:g_ppui32GPIOIntMapBlizzard)
                  00014760    000000c0     gpio.obj (.const:g_ppui32GPIOIntMapSnowflake)
                  00014820    0000009c     interrupt.obj (.const:g_pui32Regs)
                  000148bc    00000090     gpio.obj (.const:g_pui32GPIOBaseAddrs)
                  0001494c    00000080     GPIs.obj (.const:.string)
                  000149cc    0000006c     sysctl.obj (.const:g_pui32Xtals)
                  00014a38    00000062     GPOs.obj (.const:.string)
                  00014a9a    00000001     ads1x15_task.obj (.const)
                  00014a9b    00000001     --HOLE-- [fill = 0]
                  00014a9c    00000060     ADC_task.obj (.const:.string)
                  00014afc    00000060     timer.obj (.const:g_ppui32TimerIntMap)
                  00014b5c    00000050     i2c.obj (.const:g_ppui32I2CIntMapSnowflake)
                  00014bac    00000040     timer.obj (.const:g_ppui32TimerIntMapSnowflake)
                  00014bec    00000040     uart.obj (.const:g_ppui32UARTIntMap)
                  00014c2c    00000040     uart.obj (.const:g_ppui32UARTIntMapSnowflake)
                  00014c6c    00000034     usb_structs.obj (.const:.string:g_pui8ConfigString)
                  00014ca0    00000034     usbdenum.obj (.const:g_psUSBDStdRequests)
                  00014cd4    00000030     i2c.obj (.const:g_ppui32I2CIntMap)
                  00014d04    00000030     usbdhid.obj (.const:g_sHIDHandlers)
                  00014d34    00000030     sysctl.obj (.const:g_sXTALtoMEMTIM)
                  00014d64    0000002c     usb_structs.obj (.const:.string:g_pui8HIDInterfaceString)
                  00014d90    00000022     usb_structs.obj (.const:.string:g_pui8ProductString)
                  00014db2    00000020     usbdhidgamepad.obj (.const:.string:g_pui8GameReportDescriptor)
                  00014dd2    00000002     --HOLE-- [fill = 0]
                  00014dd4    00000020     ssi.obj (.const:g_ppui32SSIIntMap)
                  00014df4    00000020     ssi.obj (.const:g_ppui32SSIIntMapSnowflake)
                  00014e14    00000020     interrupt.obj (.const:g_pui32Priority)
                  00014e34    00000018     usb_structs.obj (.const:g_ppui8StringDescriptors)
                  00014e4c    00000014     usb_structs.obj (.const:.string:g_pui8ManufacturerString)
                  00014e60    00000014     interrupt.obj (.const:g_pui32Dii16Regs)
                  00014e74    00000014     interrupt.obj (.const:g_pui32EnRegs)
                  00014e88    00000014     interrupt.obj (.const:g_pui32PendRegs)
                  00014e9c    00000014     interrupt.obj (.const:g_pui32UnpendRegs)
                  00014eb0    00000012     usb_structs.obj (.const:.string:g_pui8SerialNumberString)
                  00014ec2    00000002     --HOLE-- [fill = 0]
                  00014ec4    00000012     uartstdio.obj (.const:.string)
                  00014ed6    00000002     --HOLE-- [fill = 0]
                  00014ed8    00000010     drum_pad_functions.obj (.const)
                  00014ee8    0000000c     uartstdio.obj (.const:g_ui32UARTBase)
                  00014ef4    0000000c     uartstdio.obj (.const:g_ui32UARTPeriph)
                  00014f00    00000008     sysctl.obj (.const:g_pui32VCOFrequencies)
                  00014f08    00000008     usbdhidgamepad.obj (.const:g_sHIDConfigSection)
                  00014f10    00000008     usbdhidgamepad.obj (.const:g_sHIDInEndpointSection)
                  00014f18    00000008     usbdhidgamepad.obj (.const:g_sHIDInterfaceSection)
                  00014f20    00000008     GPOs.obj (.const:looper_gpo_info)
                  00014f28    00000008     GPOs.obj (.const:midi_gpo_info)
                  00014f30    00000008     port.obj (.const)
                  00014f38    00000007     usbdhidgamepad.obj (.const:.string:g_pui8HIDInEndpoint)
                  00014f3f    00000004     usb_structs.obj (.const:.string:g_pui8LangDescriptor)
                  00014f43    00000001     --HOLE-- [fill = 0]
                  00014f44    00000004     usbdhidgamepad.obj (.const:g_ppsHIDConfigDescriptors)
                  00014f48    00000004     uartstdio.obj (.const)
                  00014f4c    00000003     ads1x15_task.obj (.const:.string:ADC1_SEL)
                  00014f4f    00000003     ads1x15_task.obj (.const:.string:ADC2_SEL)
                  00014f52    00000003     ads1x15_task.obj (.const:.string:ADC3_SEL)

.cinit     0    00014f58    00000390     
                  00014f58    0000035b     (.cinit..data.load) [load image, compression = lzss]
                  000152b3    00000001     --HOLE-- [fill = 0]
                  000152b4    0000000c     (__TI_handler_table)
                  000152c0    00000008     (.cinit..bss.load) [load image, compression = zero_init]
                  000152c8    00000008     (.cinit..vtable.load) [load image, compression = zero_init]
                  000152d0    00000018     (__TI_cinit_table)

.init_array 
*          0    00000000    00000000     UNINITIALIZED

.vtable    0    20000000    0000026c     UNINITIALIZED
                  20000000    0000026c     interrupt.obj (.vtable)

.bss       0    2000026c    00004ce9     UNINITIALIZED
                  2000026c    00003c00     (.common:ucHeap)
                  20003e6c    000006cc     usblib.lib : usbhostenum.obj (.bss:g_sUSBHCD)
                  20004538    00000190     task_manager_page.obj (.bss:write_buffer)
                  200046c8    00000120     rtsv7M4_T_le_v4SPD16_eabi.lib : trgmsg.c.obj (.bss:_CIOBUF_)
                  200047e8    00000110     usbdma.obj (.bss:g_psUSBDMAInst)
                  200048f8    000000f0     logger.obj (.bss:errors)
                  200049e8    000000f0     (.common:pad_states)
                  20004ad8    000000a0     (.common:__TI_tmpnams)
                  20004b78    0000009c     usblib.lib : usbhhub.obj (.bss:g_sRootHub)
                  20004c14    00000064     tasks.obj (.bss:pxReadyTasksLists)
                  20004c78    00000050     (.common:g_psDCDInst)
                  20004cc8    00000040     usbdenum.obj (.bss:g_pui8DataBufferIn)
                  20004d08    00000040     (.common:xQueueRegistry)
                  20004d48    00000020     ADC_task.obj (.bss:adc00_step_values)
                  20004d68    00000018     usblib.lib : usbhostenum.obj (.bss:g_pi32USBHActiveDriver)
                  20004d80    00000018                : usbhostenum.obj (.bss:g_ppvDriverInstance)
                  20004d98    00000018     (.common:g_pfnTickHandlers)
                  20004db0    00000018     (.common:g_pvTickInstance)
                  20004dc8    00000014     drum_pad_functions.obj (.bss:float_string)
                  20004ddc    00000014     tasks.obj (.bss:xDelayedTaskList1)
                  20004df0    00000014     tasks.obj (.bss:xDelayedTaskList2)
                  20004e04    00000014     tasks.obj (.bss:xPendingReadyList)
                  20004e18    00000014     tasks.obj (.bss:xSuspendedTaskList)
                  20004e2c    00000014     tasks.obj (.bss:xTasksWaitingTermination)
                  20004e40    00000010     ADC_task.obj (.bss:adc11_step_values)
                  20004e50    00000010     rotary_enc_task.obj (.bss)
                  20004e60    00000010     (.common:button_states)
                  20004e70    00000010     (.common:midi_knobs)
                  20004e80    0000000d     usb_hid_task.obj (.bss)
                  20004e8d    00000001     board_select.obj (.bss)
                  20004e8e    00000002     ads1x15_task.obj (.bss:joy_x_data)
                  20004e90    00000008     ADC_task.obj (.bss)
                  20004e98    00000008     ads1x15_task.obj (.bss:adc0_data)
                  20004ea0    00000008     ads1x15_task.obj (.bss:adc1_data)
                  20004ea8    00000008     usblib.lib : usbhostenum.obj (.bss:g_pui32Alloc)
                  20004eb0    00000008     GPIs.obj (.bss:gpi_info)
                  20004eb8    00000008     host_uart_task.obj (.bss)
                  20004ec0    00000008     tasks.obj (.bss)
                  20004ec8    00000008     usblib.lib : usbhhub.obj (.bss)
                  20004ed0    00000008     heap_2.obj (.bss:xEnd)
                  20004ed8    00000008     heap_2.obj (.bss:xStart)
                  20004ee0    00000008     (.common:adc_info)
                  20004ee8    00000008     (.common:gpis_info)
                  20004ef0    00000008     (.common:gpo_info)
                  20004ef8    00000008     (.common:parmbuf)
                  20004f00    00000006     joystick_functions.obj (.bss:js_uart_msg)
                  20004f06    00000002     ads1x15_task.obj (.bss:joy_y_data)
                  20004f08    00000004     I2C_task.obj (.bss)
                  20004f0c    00000004     console_uart.obj (.bss)
                  20004f10    00000004     drum_pad_functions.obj (.bss)
                  20004f14    00000004     adc.obj (.bss:g_pui8OversampleFactor)
                  20004f18    00000004     midi_buttons_task.obj (.bss)
                  20004f1c    00000004     usb_hid_task.obj (.bss:sReport)
                  20004f20    00000004     usbdenum.obj (.bss)
                  20004f24    00000004     usblib.lib : usbhostenum.obj (.bss)
                  20004f28    00000004     usbmode.obj (.bss)
                  20004f2c    00000004     (.common:addr_ack_err)
                  20004f30    00000004     (.common:arb_lost_err)
                  20004f34    00000004     (.common:blue_debug)
                  20004f38    00000004     (.common:clk_tout_err)
                  20004f3c    00000004     (.common:data_ack_err)
                  20004f40    00000004     (.common:g_ppsDevInfo)
                  20004f44    00000004     (.common:g_ui32PollRate)
                  20004f48    00000004     (.common:green_debug)
                  20004f4c    00000004     (.common:red_debug)
                  20004f50    00000002     ads1x15_task.obj (.bss:sense_data)
                  20004f52    00000002     ads1x15_task.obj (.bss:volume_data)
                  20004f54    00000001     (.common:g_eOTGModeState)

.data      0    20004f58    00000b68     UNINITIALIZED
                  20004f58    00000108     console_task.obj (.data:console_pages)
                  20005060    000000f0     rtsv7M4_T_le_v4SPD16_eabi.lib : defs.c.obj (.data:_ftable)
                  20005150    00000098     usb_structs.obj (.data:g_sGamepadDevice)
                  200051e8    00000078     rtsv7M4_T_le_v4SPD16_eabi.lib : host_device.c.obj (.data:_device)
                  20005260    00000050                                   : host_device.c.obj (.data:_stream)
                  200052b0    00000034     tasks.obj (.data)
                  200052e4    00000030     ADC_task.obj (.data:adc_pins)
                  20005314    0000002c     GPOs.obj (.data:looper_gpos)
                  20005340    00000024     ADC_task.obj (.data:pad0)
                  20005364    00000024     ADC_task.obj (.data:pad10)
                  20005388    00000024     ADC_task.obj (.data:pad11)
                  200053ac    00000024     ADC_task.obj (.data:pad1)
                  200053d0    00000024     ADC_task.obj (.data:pad2)
                  200053f4    00000024     ADC_task.obj (.data:pad3)
                  20005418    00000024     ADC_task.obj (.data:pad4)
                  2000543c    00000024     ADC_task.obj (.data:pad5)
                  20005460    00000024     ADC_task.obj (.data:pad6)
                  20005484    00000024     ADC_task.obj (.data:pad7)
                  200054a8    00000024     ADC_task.obj (.data:pad8)
                  200054cc    00000024     ADC_task.obj (.data:pad9)
                  200054f0    00000020     ads1x15_task.obj (.data:adc10_read)
                  20005510    00000020     ads1x15_task.obj (.data:adc11_read)
                  20005530    00000020     ads1x15_task.obj (.data:adc12_read)
                  20005550    00000020     ads1x15_task.obj (.data:adc13_read)
                  20005570    00000020     ads1x15_task.obj (.data:ads1015_adc10_sel)
                  20005590    00000020     ads1x15_task.obj (.data:ads1015_adc11_sel)
                  200055b0    00000020     ads1x15_task.obj (.data:ads1015_adc12_sel)
                  200055d0    00000020     ads1x15_task.obj (.data:ads1015_adc13_sel)
                  200055f0    00000020     ads1x15_task.obj (.data:joy_x_read)
                  20005610    00000020     ads1x15_task.obj (.data:joy_x_sel)
                  20005630    00000020     ads1x15_task.obj (.data:joy_y_read)
                  20005650    00000020     ads1x15_task.obj (.data:joy_y_sel)
                  20005670    00000020     GPIs.obj (.data:looper_gpi_pins)
                  20005690    00000020     ads1x15_task.obj (.data:sense_read)
                  200056b0    00000020     ads1x15_task.obj (.data:sense_sel)
                  200056d0    00000020     ads1x15_task.obj (.data:volume_read)
                  200056f0    00000020     ads1x15_task.obj (.data:volume_sel)
                  20005710    0000001c     GPIs.obj (.data:midi_gpi_pins)
                  2000572c    00000018     usblib.lib : usbhostenum.obj (.data:g_sUSBHEP0State)
                  20005744    00000014     GPOs.obj (.data:blue_led)
                  20005758    00000014     GPOs.obj (.data:blueled)
                  2000576c    00000014     GPIs.obj (.data:enc_bit_0)
                  20005780    00000014     GPIs.obj (.data:enc_bit_1)
                  20005794    00000014     GPIs.obj (.data:enc_bit_2)
                  200057a8    00000014     GPIs.obj (.data:enc_bit_3)
                  200057bc    00000014     GPOs.obj (.data:green_led)
                  200057d0    00000014     GPOs.obj (.data:greenled)
                  200057e4    00000014     GPOs.obj (.data:led_0)
                  200057f8    00000014     GPOs.obj (.data:led_1)
                  2000580c    00000014     GPOs.obj (.data:led_2)
                  20005820    00000014     GPOs.obj (.data:led_3)
                  20005834    00000014     GPOs.obj (.data:led_4)
                  20005848    00000014     GPOs.obj (.data:led_5)
                  2000585c    00000014     GPOs.obj (.data:led_6)
                  20005870    00000014     GPOs.obj (.data:led_7)
                  20005884    00000014     GPIs.obj (.data:loop_0)
                  20005898    00000014     GPIs.obj (.data:loop_1)
                  200058ac    00000014     GPIs.obj (.data:loop_2)
                  200058c0    00000014     GPIs.obj (.data:loop_3)
                  200058d4    00000014     GPIs.obj (.data:loop_4)
                  200058e8    00000014     GPIs.obj (.data:loop_5)
                  200058fc    00000014     GPIs.obj (.data:loop_6)
                  20005910    00000014     GPIs.obj (.data:loop_7)
                  20005924    00000014     GPIs.obj (.data:octave_down)
                  20005938    00000014     GPIs.obj (.data:octave_up)
                  2000594c    00000014     GPIs.obj (.data:pressure_sense)
                  20005960    00000014     GPOs.obj (.data:red_led)
                  20005974    00000014     GPOs.obj (.data:redled)
                  20005988    00000014     usblib.lib : usbhostenum.obj (.data)
                  2000599c    00000012     usbdhid.obj (.data:g_pui8HIDDeviceDescriptor)
                  200059ae    00000002     joystick_functions.obj (.data)
                  200059b0    00000011     console_task.obj (.data)
                  200059c1    00000003     --HOLE--
                  200059c4    00000010     usbdhidgamepad.obj (.data:g_psHIDSections)
                  200059d4    00000010     rtsv7M4_T_le_v4SPD16_eabi.lib : defs.c.obj (.data)
                  200059e4    0000000c                                   : exit.c.obj (.data:$O1$$)
                  200059f0    0000000c     GPOs.obj (.data:midi_gpos)
                  200059fc    0000000c     port.obj (.data)
                  20005a08    0000000c     usbtick.obj (.data)
                  20005a14    00000009     usbdhidgamepad.obj (.data:g_pui8GameDescriptor)
                  20005a1d    00000009     usbdhidgamepad.obj (.data:g_pui8HIDInterface)
                  20005a26    00000009     usbdhidgamepad.obj (.data:g_sGameHIDDescriptor)
                  20005a2f    00000001     --HOLE--
                  20005a30    00000009     usbmode.obj (.data)
                  20005a39    00000003     --HOLE--
                  20005a3c    00000008     rtsv7M4_T_le_v4SPD16_eabi.lib : _lock.c.obj (.data:$O1$$)
                  20005a44    00000008                                   : memory.c.obj (.data:$O1$$)
                  20005a4c    00000008     ADC_task.obj (.data)
                  20005a54    00000008     ADC_task.obj (.data:adc_pin_struct)
                  20005a5c    00000008     usbdhidgamepad.obj (.data:g_sHIDConfigHeader)
                  20005a64    00000008     usbdhidgamepad.obj (.data:g_sHIDDescriptorSection)
                  20005a6c    00000008     heap_2.obj (.data)
                  20005a74    00000008     GPIs.obj (.data:looper_gpi_info)
                  20005a7c    00000008     GPIs.obj (.data:midi_gpi_info)
                  20005a84    00000008     usbdenum.obj (.data)
                  20005a8c    00000005     I2C_task.obj (.data)
                  20005a91    00000003     --HOLE--
                  20005a94    00000005     uartstdio.obj (.data)
                  20005a99    00000003     --HOLE--
                  20005a9c    00000004     usbdhidgamepad.obj (.data:g_ppui8GameClassDescriptors)
                  20005aa0    00000004     host_uart_task.obj (.data)
                  20005aa4    00000004     logger.obj (.data)
                  20005aa8    00000004     looper_board.obj (.data)
                  20005aac    00000004     midi_buttons_task.obj (.data)
                  20005ab0    00000004     midi_ctrl_board.obj (.data)
                  20005ab4    00000004     rotary_enc_task.obj (.data)
                  20005ab8    00000004     rtsv7M4_T_le_v4SPD16_eabi.lib : errno.c.obj (.data)
                  20005abc    00000004     usb_hid_task.obj (.data)

.stack     0    20005ac0    00000200     UNINITIALIZED
                  20005ac0    00000004     rtsv7M4_T_le_v4SPD16_eabi.lib : boot_cortex_m.c.obj (.stack)
                  20005ac4    000001fc     --HOLE--

.sysmem    0    20005cc0    00000010     UNINITIALIZED
                  20005cc0    00000010     rtsv7M4_T_le_v4SPD16_eabi.lib : memory.c.obj (.sysmem)

__llvm_prf_cnts 
*          0    20000000    00000000     UNINITIALIZED

MODULE SUMMARY

       Module                         code    ro data   rw data
       ------                         ----    -------   -------
    .\
       ADC_task.obj                   980     96        15912  
       drum_pad_functions.obj         1616    16        264    
       ads1x15_task.obj               952     13        536    
       console_task.obj               1172    0         281    
       I2C_task.obj                   1368    0         25     
       GPIs.obj                       428     128       384    
       GPOs.obj                       360     114       344    
       logger.obj                     552     0         256    
       joystick_functions.obj         776     0         8      
       rotary_enc_task.obj            692     0         20     
       tm4c123gh6pm_startup_ccs.obj   12      620       0      
       midi_ctrl_board.obj            620     0         4      
       usb_hid_task.obj               508     0         21     
       midi_knobs_functions.obj       464     0         16     
       task_manager_page.obj          76      0         400    
       heap_2.obj                     448     0         24     
       looper_board.obj               416     0         4      
       control_page.obj               376     0         16     
       host_uart_task.obj             344     0         12     
       usb_structs.obj                0       196       152    
       midi_uart_functions.obj        324     0         0      
       homepage.obj                   304     0         0      
       midi_buttons_task.obj          276     0         24     
       console_uart.obj               240     0         4      
       text_controls.obj              210     0         0      
       board_select.obj               124     0         1      
       main.obj                       116     0         0      
       hooks.obj                      42      0         0      
    +--+------------------------------+-------+---------+---------+
       Total:                         13796   1183      18708  
                                                               
    .\FreeRTOS\
       tasks.obj                      7644    0         260    
       queue.obj                      4008    0         64     
       list.obj                       298     0         0      
    +--+------------------------------+-------+---------+---------+
       Total:                         11950   0         324    
                                                               
    .\FreeRTOS\portable\CCS\ARM_CM4F\
       port.obj                       652     8         12     
       portasm.obj                    218     0         0      
    +--+------------------------------+-------+---------+---------+
       Total:                         870     8         12     
                                                               
    .\driverlib\
       usb.obj                        5562    0         0      
       sysctl.obj                     3834    452       0      
       gpio.obj                       2952    528       0      
       adc.obj                        1986    0         4      
       interrupt.obj                  960     268       620    
       i2c.obj                        1692    128       0      
       timer.obj                      1602    160       0      
       uart.obj                       1560    128       0      
       udma.obj                       1248    0         0      
       ssi.obj                        838     64        0      
       fpu.obj                        192     0         0      
       cpu.obj                        62      0         0      
    +--+------------------------------+-------+---------+---------+
       Total:                         22488   1728      624    
                                                               
    .\usb\
       usbdenum.obj                   4596    52        160    
       usbdma.obj                     3684    0         272    
       usbdhid.obj                    3344    48        18     
       usbmode.obj                    1180    0         18     
       usbdconfig.obj                 904     0         0      
       usbdhidgamepad.obj             732     67        63     
       usbdcdesc.obj                  734     0         0      
       usbdesc.obj                    466     0         0      
       usbtick.obj                    236     0         60     
       usbulpi.obj                    200     0         0      
       usbdhandler.obj                24      0         0      
    +--+------------------------------+-------+---------+---------+
       Total:                         16100   167       591    
                                                               
    .\utils\
       uartstdio.obj                  1192    46        5      
    +--+------------------------------+-------+---------+---------+
       Total:                         1192    46        5      
                                                               
    C:/ti/TivaWare_C_Series-2.2.0.295/usblib/ccs/Debug/usblib.lib
       usbhostenum.obj                4182    0         1844   
       usbhhub.obj                    900     0         164    
    +--+------------------------------+-------+---------+---------+
       Total:                         5082    0         2008   
                                                               
    C:\ti\ccs1020\ccs\tools\compiler\ti-cgt-arm_20.2.2.LTS\lib\rtsv7M4_T_le_v4SPD16_eabi.lib
       _printfi.c.obj                 4851    0         0      
       memory.c.obj                   672     0         8      
       fd_add_t2.asm.obj              438     0         0      
       defs.c.obj                     0       0         416    
       trgmsg.c.obj                   108     0         288    
       fd_div_t2.asm.obj              310     0         0      
       fputs.c.obj                    276     0         0      
       s_scalbn.c.obj                 272     0         0      
       fd_cmp_t2.asm.obj              268     0         0      
       ctype.c.obj                    0       257       0      
       fd_mul_t2.asm.obj              252     0         0      
       setvbuf.c.obj                  220     0         0      
       fflush.c.obj                   200     0         0      
       host_device.c.obj              0       0         200    
       memcpy_t2.asm.obj              156     0         0      
       ull_div_t2.asm.obj             150     0         0      
       memset_t2.asm.obj              122     0         0      
       fclose.c.obj                   116     0         0      
       getdevice.c.obj                116     0         0      
       hostrename.c.obj               108     0         0      
       copy_decompress_lzss.c.obj     104     0         0      
       hostlseek.c.obj                104     0         0      
       hostopen.c.obj                 96      0         8      
       fseek.c.obj                    100     0         0      
       s_frexp.c.obj                  100     0         0      
       _io_perm.c.obj                 98      0         0      
       sprintf.c.obj                  98      0         0      
       close.c.obj                    92      0         0      
       exit.c.obj                     76      0         12     
       hostread.c.obj                 88      0         0      
       hostwrite.c.obj                88      0         0      
       _ltoa.c.obj                    84      0         0      
       atoi.c.obj                     76      0         0      
       fd_toi_t2.asm.obj              72      0         0      
       autoinit.c.obj                 68      0         0      
       fd_tou_t2.asm.obj              68      0         0      
       hostclose.c.obj                68      0         0      
       hostunlink.c.obj               68      0         0      
       u_divt2.asm.obj                64      0         0      
       fs_tod_t2.asm.obj              56      0         0      
       strncpy.c.obj                  54      0         0      
       boot_cortex_m.c.obj            52      0         0      
       fopen.c.obj                    52      0         0      
       i_tofd_t2.asm.obj              46      0         0      
       unlink.c.obj                   44      0         0      
       lseek.c.obj                    40      0         0      
       write.c.obj                    40      0         0      
       memchr.c.obj                   32      0         0      
       u_tofd_t2.asm.obj              32      0         0      
       assert.c.obj                   28      0         0      
       memccpy.c.obj                  28      0         0      
       s_copysign.c.obj               26      0         0      
       strcmp.c.obj                   24      0         0      
       strchr.c.obj                   22      0         0      
       strcpy.c.obj                   20      0         0      
       strlen.c.obj                   20      0         0      
       wcslen.c.obj                   18      0         0      
       copy_decompress_none.c.obj     14      0         0      
       copy_zero_init.c.obj           12      0         0      
       errno.c.obj                    8       0         4      
       _lock.c.obj                    2       0         8      
       pre_init.c.obj                 4       0         0      
       div0.asm.obj                   2       0         0      
    +--+------------------------------+-------+---------+---------+
       Total:                         10923   257       944    
                                                               
       Heap:                          0       0         16     
       Stack:                         0       0         512    
       Linker Generated:              0       911       0      
    +--+------------------------------+-------+---------+---------+
       Grand Total:                   82401   4300      23744  


LINKER GENERATED COPY TABLES

__TI_cinit_table @ 000152d0 records: 3, size/record: 8, table size: 24
	.data: load addr=00014f58, load size=0000035b bytes, run addr=20004f58, run size=00000b68 bytes, compression=lzss
	.bss: load addr=000152c0, load size=00000008 bytes, run addr=2000026c, run size=00004ce9 bytes, compression=zero_init
	.vtable: load addr=000152c8, load size=00000008 bytes, run addr=20000000, run size=0000026c bytes, compression=zero_init


LINKER GENERATED HANDLER TABLE

__TI_handler_table @ 000152b4 records: 3, size/record: 4, table size: 12
	index: 0, handler: __TI_zero_init
	index: 1, handler: __TI_decompress_lzss
	index: 2, handler: __TI_decompress_none


GLOBAL SYMBOLS: SORTED ALPHABETICALLY BY Name 

address   name                                 
-------   ----                                 
00009f1d  ADCBusy                              
00009f65  ADCClockConfigGet                    
00009f3b  ADCClockConfigSet                    
00009d37  ADCComparatorConfigure               
00009e07  ADCComparatorIntClear                
00009dbd  ADCComparatorIntDisable              
00009ddb  ADCComparatorIntEnable               
00009df9  ADCComparatorIntStatus               
00009d53  ADCComparatorRegionSet               
00009d77  ADCComparatorReset                   
00009d05  ADCHardwareOversampleConfigure       
0000991b  ADCIntClear                          
00009e7f  ADCIntClearEx                        
00009881  ADCIntDisable                        
00009e19  ADCIntDisableEx                      
0000989d  ADCIntEnable                         
00009e31  ADCIntEnableEx                       
0000983b  ADCIntRegister                       
000098c3  ADCIntStatus                         
00009e4d  ADCIntStatusEx                       
00009863  ADCIntUnregister                     
00009ed7  ADCPhaseDelayGet                     
00009ec5  ADCPhaseDelaySet                     
00009b7b  ADCProcessorTrigger                  
00009eb3  ADCReferenceGet                      
00009e97  ADCReferenceSet                      
0000d727  ADCSeq0Handler                       
0000d767  ADCSeq1Handler                       
00009965  ADCSequenceConfigure                 
00009f01  ADCSequenceDMADisable                
00009ee5  ADCSequenceDMAEnable                 
00009b39  ADCSequenceDataGet                   
0000994b  ADCSequenceDisable                   
00009931  ADCSequenceEnable                    
00009add  ADCSequenceOverflow                  
00009af5  ADCSequenceOverflowClear             
000099e9  ADCSequenceStepConfigure             
00009b0b  ADCSequenceUnderflow                 
00009b23  ADCSequenceUnderflowClear            
00009b9f  ADCSoftwareOversampleConfigure       
00009c97  ADCSoftwareOversampleDataGet         
00009bd7  ADCSoftwareOversampleStepConfigure   
00014477  C$$EXIT                              
00013edf  C$$IO$$                              
00013e33  CPUbasepriGet                        
00013e25  CPUbasepriSet                        
00013dff  CPUcpsid                             
00013e15  CPUcpsie                             
00013e0b  CPUprimask                           
00013e21  CPUwfi                               
00013591  ConfigDescAlloc                      
000140f5  ConfigDescFree                       
0001294b  FPUDisable                           
00012939  FPUEnable                            
000129b7  FPUFlushToZeroModeSet                
00012983  FPUHalfPrecisionModeSet              
0001296b  FPULazyStackingEnable                
0001299d  FPUNaNModeSet                        
000129d1  FPURoundingModeSet                   
00012977  FPUStackingDisable                   
00012959  FPUStackingEnable                    
00008d6b  GPIOADCTriggerDisable                
00008d4d  GPIOADCTriggerEnable                 
00008d2f  GPIODMATriggerDisable                
00008d11  GPIODMATriggerEnable                 
000082c3  GPIODirModeGet                       
00008267  GPIODirModeSet                       
0000882b  GPIOIntClear                         
000087ef  GPIOIntDisable                       
000087d5  GPIOIntEnable                        
0000883f  GPIOIntRegister                      
00008809  GPIOIntStatus                        
000083b3  GPIOIntTypeGet                       
0000830f  GPIOIntTypeSet                       
0000885d  GPIOIntUnregister                    
00008683  GPIOPadConfigGet                     
00008449  GPIOPadConfigSet                     
00008cb3  GPIOPinConfigure                     
00008877  GPIOPinRead                          
000088af  GPIOPinTypeADC                       
000088d3  GPIOPinTypeCAN                       
00008c7f  GPIOPinTypeCIR                       
000088f7  GPIOPinTypeComparator                
0000891b  GPIOPinTypeEPI                       
0000893f  GPIOPinTypeEthernetLED               
00008963  GPIOPinTypeEthernetMII               
00008987  GPIOPinTypeGPIOInput                 
000089ab  GPIOPinTypeGPIOOutput                
000089cf  GPIOPinTypeGPIOOutputOD              
000089f3  GPIOPinTypeI2C                       
00008a17  GPIOPinTypeI2CSCL                    
00008c37  GPIOPinTypeKBColumn                  
00008c13  GPIOPinTypeKBRow                     
00008a3b  GPIOPinTypeLCD                       
00008c5b  GPIOPinTypeLEDSeq                    
00008a5f  GPIOPinTypeLPC                       
00008a83  GPIOPinTypePECIRx                    
00008aa7  GPIOPinTypePECITx                    
00008acb  GPIOPinTypePWM                       
00008aef  GPIOPinTypeQEI                       
00008b13  GPIOPinTypeSSI                       
00008b37  GPIOPinTypeTimer                     
00008b5b  GPIOPinTypeUART                      
00008b7f  GPIOPinTypeUSBAnalog                 
00008ba3  GPIOPinTypeUSBDigital                
00008bc7  GPIOPinTypeWakeHigh                  
00008bed  GPIOPinTypeWakeLow                   
00008ca3  GPIOPinWakeStatus                    
0000888f  GPIOPinWrite                         
0000fc15  GamepadHandler                       
00013bed  HOSTclose                            
000132d1  HOSTlseek                            
00013531  HOSTopen                             
000136a5  HOSTread                             
00013265  HOSTrename                           
00013c31  HOSTunlink                           
000136fd  HOSTwrite                            
0000a59b  I2CFIFODataGet                       
0000a5b5  I2CFIFODataGetNonBlocking            
0000a551  I2CFIFODataPut                       
0000a573  I2CFIFODataPutNonBlocking            
0000a541  I2CFIFOStatus                        
0000a135  I2CIntRegister                       
0000a153  I2CIntUnregister                     
0000a5f1  I2CMasterBurstCountGet               
0000a5db  I2CMasterBurstLengthSet              
0000a399  I2CMasterBusBusy                     
0000a381  I2CMasterBusy                        
0000a3b1  I2CMasterControl                     
0000a405  I2CMasterDataGet                     
0000a3ef  I2CMasterDataPut                     
0000a101  I2CMasterDisable                     
0000a0cd  I2CMasterEnable                      
0000a3c3  I2CMasterErr                         
0000a5ff  I2CMasterGlitchFilterConfigSet       
0000a003  I2CMasterInitExpClk                  
0000a2fb  I2CMasterIntClear                    
0000a319  I2CMasterIntClearEx                  
0000a1c7  I2CMasterIntDisable                  
0000a1d7  I2CMasterIntDisableEx                
0000a16d  I2CMasterIntEnable                   
0000a17d  I2CMasterIntEnableEx                 
0000a221  I2CMasterIntStatus                   
0000a265  I2CMasterIntStatusEx                 
0000a373  I2CMasterLineStateGet                
0000a351  I2CMasterSlaveAddrSet                
0000a413  I2CMasterTimeoutSet                  
0000a501  I2CRxFIFOConfigSet                   
0000a529  I2CRxFIFOFlush                       
0000a425  I2CSlaveACKOverride                  
0000a457  I2CSlaveACKValueSet                  
0000a08f  I2CSlaveAddressSet                   
0000a4b1  I2CSlaveDataGet                      
0000a499  I2CSlaveDataPut                      
0000a117  I2CSlaveDisable                      
0000a0e3  I2CSlaveEnable                       
0000a62f  I2CSlaveFIFODisable                  
0000a617  I2CSlaveFIFOEnable                   
0000a075  I2CSlaveInit                         
0000a32b  I2CSlaveIntClear                     
0000a33d  I2CSlaveIntClearEx                   
0000a1ef  I2CSlaveIntDisable                   
0000a207  I2CSlaveIntDisableEx                 
0000a195  I2CSlaveIntEnable                    
0000a1ad  I2CSlaveIntEnableEx                  
0000a291  I2CSlaveIntStatus                    
0000a2d9  I2CSlaveIntStatusEx                  
0000a489  I2CSlaveStatus                       
0000a4c1  I2CTxFIFOConfigSet                   
0000a4e9  I2CTxFIFOFlush                       
0000da85  IntDisable                           
0000da13  IntEnable                            
0000daf7  IntIsEnabled                         
0000d8d7  IntMasterDisable                     
0000d8c7  IntMasterEnable                      
0000dbed  IntPendClear                         
0000db7d  IntPendSet                           
0000d9ef  IntPriorityGet                       
0000d967  IntPriorityGroupingGet               
0000d94d  IntPriorityGroupingSet               
0000dc47  IntPriorityMaskGet                   
0000dc3b  IntPriorityMaskSet                   
0000d99f  IntPrioritySet                       
0000d8e7  IntRegister                          
0000dc4f  IntTrigger                           
0000d939  IntUnregister                        
00014121  InternalUSBHCDSendEvent              
0001237b  InternalUSBRegisterTickHandler       
000123cb  InternalUSBStartOfFrameTick          
00012335  InternalUSBTickInit                  
00012373  InternalUSBTickReset                 
0000cb55  OTGDeviceDisconnect                  
00014445  ResetISR                             
0000e68d  SSIAdvDataPutFrameEnd                
0000e6b3  SSIAdvDataPutFrameEndNonBlocking     
0000e6f5  SSIAdvFrameHoldDisable               
0000e6df  SSIAdvFrameHoldEnable                
0000e671  SSIAdvModeSet                        
0000e61b  SSIBusy                              
0000e64d  SSIClockSourceGet                    
0000e639  SSIClockSourceSet                    
0000e423  SSIConfigSetExpClk                   
0000e603  SSIDMADisable                        
0000e5eb  SSIDMAEnable                         
0000e5ad  SSIDataGet                           
0000e5c9  SSIDataGetNonBlocking                
0000e573  SSIDataPut                           
0000e58d  SSIDataPutNonBlocking                
0000e4c5  SSIDisable                           
0000e4af  SSIEnable                            
0000e561  SSIIntClear                          
0000e52b  SSIIntDisable                        
0000e513  SSIIntEnable                         
0000e4db  SSIIntRegister                       
0000e543  SSIIntStatus                         
0000e4f9  SSIIntUnregister                     
00006633  SysCtlAltClkConfig                   
00005e09  SysCtlClockFreqSet                   
000062ed  SysCtlClockGet                       
00006617  SysCtlClockOutConfig                 
00006121  SysCtlClockSet                       
00005d09  SysCtlDeepSleep                      
000064b9  SysCtlDeepSleepClockConfigSet        
0000649b  SysCtlDeepSleepClockSet              
00005ce9  SysCtlDeepSleepPowerSet              
0001446d  SysCtlDelay                          
00005897  SysCtlFlashSectorSizeGet             
0000586b  SysCtlFlashSizeGet                   
0000658f  SysCtlGPIOAHBDisable                 
00006573  SysCtlGPIOAHBEnable                  
00005c7d  SysCtlIntClear                       
00005c65  SysCtlIntDisable                     
00005c51  SysCtlIntEnable                      
00005c29  SysCtlIntRegister                    
00005c8d  SysCtlIntStatus                      
00005c41  SysCtlIntUnregister                  
00005ccf  SysCtlLDODeepSleepGet                
00005cbf  SysCtlLDODeepSleepSet                
00005cb9  SysCtlLDOSleepGet                    
00005ca9  SysCtlLDOSleepSet                    
00005d3f  SysCtlMOSCConfigSet                  
00006603  SysCtlNMIClear                       
000065fd  SysCtlNMIStatus                      
00005d55  SysCtlPIOSCCalibrate                 
0000655d  SysCtlPWMClockGet                    
00006543  SysCtlPWMClockSet                    
00005bd5  SysCtlPeripheralClockGating          
00005b8d  SysCtlPeripheralDeepSleepDisable     
00005b3d  SysCtlPeripheralDeepSleepEnable      
00005a79  SysCtlPeripheralDisable              
00005a3d  SysCtlPeripheralEnable               
00005979  SysCtlPeripheralPowerOff             
0000593d  SysCtlPeripheralPowerOn              
000058bd  SysCtlPeripheralPresent              
000058fd  SysCtlPeripheralReady                
000059b5  SysCtlPeripheralReset                
00005b01  SysCtlPeripheralSleepDisable         
00005abd  SysCtlPeripheralSleepEnable          
00005cf9  SysCtlReset                          
00005db5  SysCtlResetBehaviorGet               
00005da5  SysCtlResetBehaviorSet               
00005d2b  SysCtlResetCauseClear                
00005d25  SysCtlResetCauseGet                  
00005861  SysCtlSRAMSizeGet                    
00005d01  SysCtlSleep                          
00005cd5  SysCtlSleepPowerSet                  
000065bd  SysCtlUSBPLLDisable                  
000065ab  SysCtlUSBPLLEnable                   
000065e9  SysCtlVoltageEventClear              
000065cd  SysCtlVoltageEventConfig             
000065dd  SysCtlVoltageEventStatus             
0000b251  TimerADCEventGet                     
0000b23f  TimerADCEventSet                     
0000af75  TimerClockSourceGet                  
0000af4b  TimerClockSourceSet                  
0000ad3f  TimerConfigure                       
0000ae5f  TimerControlEvent                    
0000adbb  TimerControlLevel                    
0000ae89  TimerControlStall                    
0000adf1  TimerControlTrigger                  
0000aebf  TimerControlWaitOnTrigger            
0000b271  TimerDMAEventGet                     
0000b25f  TimerDMAEventSet                     
0000ad21  TimerDisable                         
0000ad03  TimerEnable                          
0000b21b  TimerIntClear                        
0000b1e5  TimerIntDisable                      
0000b1cd  TimerIntEnable                       
0000b187  TimerIntRegister                     
0000b1fd  TimerIntStatus                       
0000b1af  TimerIntUnregister                   
0000b03f  TimerLoadGet                         
0000b075  TimerLoadGet64                       
0000b015  TimerLoadSet                         
0000b05b  TimerLoadSet64                       
0000b11f  TimerMatchGet                        
0000b155  TimerMatchGet64                      
0000b0f5  TimerMatchSet                        
0000b13b  TimerMatchSet64                      
0000afaf  TimerPrescaleGet                     
0000aff9  TimerPrescaleMatchGet                
0000afcb  TimerPrescaleMatchSet                
0000af85  TimerPrescaleSet                     
0000af35  TimerRTCDisable                      
0000af1f  TimerRTCEnable                       
0000b22d  TimerSynchronize                     
0000b27f  TimerUpdateMode                      
0000b0a7  TimerValueGet                        
0000b0c3  TimerValueGet64                      
0000b8a5  UART9BitAddrSend                     
0000b87f  UART9BitAddrSet                      
0000b869  UART9BitDisable                      
0000b853  UART9BitEnable                       
0000b6f7  UARTBreakCtl                         
0000b721  UARTBusy                             
0000b69f  UARTCharGet                          
0000b683  UARTCharGetNonBlocking               
0000b6d9  UARTCharPut                          
0000b6b5  UARTCharPutNonBlocking               
0000b647  UARTCharsAvail                       
0000b843  UARTClockSourceGet                   
0000b82f  UARTClockSourceSet                   
0000b417  UARTConfigGetExpClk                  
0000b3a1  UARTConfigSetExpClk                  
0000b7f5  UARTDMADisable                       
0000b7dd  UARTDMAEnable                        
0000b487  UARTDisable                          
0000b50b  UARTDisableSIR                       
0000b463  UARTEnable                           
0000b4dd  UARTEnableSIR                        
0000b4c7  UARTFIFODisable                      
0000b4b1  UARTFIFOEnable                       
0000b379  UARTFIFOLevelGet                     
0000b361  UARTFIFOLevelSet                     
0000b607  UARTFlowControlGet                   
0000b5eb  UARTFlowControlSet                   
0000b7cb  UARTIntClear                         
0000b795  UARTIntDisable                       
0000b77d  UARTIntEnable                        
0000b73f  UARTIntRegister                      
0000b7ad  UARTIntStatus                        
0000b75d  UARTIntUnregister                    
0000b5a1  UARTModemControlClear                
0000b5c5  UARTModemControlGet                  
0000b569  UARTModemControlSet                  
0000b5d7  UARTModemStatusGet                   
0000b34f  UARTParityModeGet                    
0000b333  UARTParityModeSet                    
0000b81f  UARTRxErrorClear                     
0000b80d  UARTRxErrorGet                       
0000b553  UARTSmartCardDisable                 
0000b521  UARTSmartCardEnable                  
0000b665  UARTSpaceAvail                       
0000c325  UARTStdioConfig                      
0000b635  UARTTxIntModeGet                     
0000b619  UARTTxIntModeSet                     
0000c475  UARTgetc                             
0000c3bb  UARTgets                             
0000c797  UARTprintf                           
0000c49d  UARTvprintf                          
0000c36b  UARTwrite                            
0001286f  ULPIConfigSet                        
00012911  ULPIPowerTransceiver                 
0001436d  USB0DeviceIntHandler                 
0000c889  USB0DualModeIntHandler               
0000ca71  USB0OTGModeIntHandler                
0000323f  USBClockDisable                      
00003223  USBClockEnable                       
0000320f  USBControllerVersion                 
0000eb6d  USBDCDConfigDescGet                  
0000eb1f  USBDCDConfigDescGetNum               
0000eae7  USBDCDConfigDescGetSize              
0000ec4f  USBDCDConfigGetInterface             
0000ec85  USBDCDConfigGetInterfaceEndpoint     
0000ebfb  USBDCDConfigGetNumAlternateInterfaces
00003605  USBDCDDeviceInfoInit                 
000039b9  USBDCDFeatureGet                     
000038f5  USBDCDFeatureSet                     
00003655  USBDCDInit                           
0000388b  USBDCDPowerStatusSet                 
000039ed  USBDCDRemoteWakeLPM                  
00003a0d  USBDCDRemoteWakeupRequest            
0000381b  USBDCDRequestDataEP0                 
00003841  USBDCDSendDataEP0                    
00003863  USBDCDSetDefaultConfiguration        
00003875  USBDCDStallEP0                       
000037d3  USBDCDTerm                           
00007ec5  USBDHIDCompositeInit                 
0000ee61  USBDHIDGamepadCompositeInit          
0000ee13  USBDHIDGamepadInit                   
0000ef3d  USBDHIDGamepadSendReport             
0000ef99  USBDHIDGamepadTerm                   
00007e8f  USBDHIDInit                          
000080e5  USBDHIDPacketRead                    
000081e5  USBDHIDPowerStatusSet                
000081f9  USBDHIDRemoteWakeupRequest           
00008065  USBDHIDReportWrite                   
000081a7  USBDHIDRxPacketAvailable             
00008031  USBDHIDSetRxCBData                   
0000804b  USBDHIDSetTxCBData                   
00008019  USBDHIDTerm                          
00008189  USBDHIDTxPacketAvailable             
00003377  USBDMAChannelAddressGet              
0000335b  USBDMAChannelAddressSet              
000032e1  USBDMAChannelConfigSet               
000033ab  USBDMAChannelCountGet                
0000338f  USBDMAChannelCountSet                
000032c1  USBDMAChannelDisable                 
000032a1  USBDMAChannelEnable                  
00003271  USBDMAChannelIntDisable              
00003251  USBDMAChannelIntEnable               
00003291  USBDMAChannelIntStatus               
00003311  USBDMAChannelStatus                  
00003331  USBDMAChannelStatusClear             
000033c3  USBDMANumChannels                    
0000fe6d  USBDescGet                           
0000ff91  USBDescGetInterface                  
0000ffbf  USBDescGetInterfaceEndpoint          
0000fe11  USBDescGetNum                        
0000fed7  USBDescGetNumAlternateInterfaces     
0000267d  USBDevAddrGet                        
00002669  USBDevAddrSet                        
0000263d  USBDevConnect                        
00002653  USBDevDisconnect                     
000029b3  USBDevEndpointConfigGet              
000028c1  USBDevEndpointConfigSet              
00002d3d  USBDevEndpointDataAck                
00002567  USBDevEndpointStall                  
000025c9  USBDevEndpointStallClear             
000023e3  USBDevEndpointStatusClear            
0000352f  USBDevLPMConfig                      
0000355d  USBDevLPMDisable                     
00003545  USBDevLPMEnable                      
00003517  USBDevLPMRemoteWake                  
00003177  USBDevMode                           
000021a9  USBDevSpeedGet                       
0000e103  USBDeviceConfig                      
0000e2f9  USBDeviceConfigAlternate             
00003b25  USBDeviceEnumHandler                 
00003c45  USBDeviceEnumResetHandler            
00004615  USBDeviceIntHandlerInternal          
00003a41  USBDeviceResumeTickHandler           
0000c8d5  USBDualModeInit                      
0000c933  USBDualModeTerm                      
00003129  USBEndpointDMAChannel                
00002b6f  USBEndpointDMAConfigSet              
00002c41  USBEndpointDMADisable                
00002c07  USBEndpointDMAEnable                 
00002c7b  USBEndpointDataAvail                 
00002cb3  USBEndpointDataGet                   
00002dad  USBEndpointDataPut                   
00002e11  USBEndpointDataSend                  
00002501  USBEndpointDataToggleClear           
000031db  USBEndpointPacketCountSet            
0000236f  USBEndpointStatus                    
000030ff  USBFIFOAddrGet                       
00002b09  USBFIFOConfigGet                     
00002aa3  USBFIFOConfigSet                     
00002e69  USBFIFOFlush                         
000030c3  USBFrameNumberGet                    
00012065  USBHCDControlTransfer                
00012b49  USBHCDFeatureSet                     
000137ad  USBHCDHubDeviceConnected             
00014421  USBHCDHubDeviceDisconnected          
00012155  USBHCDInit                           
00012505  USBHCDMain                           
0001439d  USBHCDPowerAutomatic                 
0001442d  USBHCDPowerConfigGet                 
0001399d  USBHCDPowerConfigSet                 
00013e79  USBHCDReset                          
00013acd  USBHCDSetAddress                     
00013fc3  USBHCDSetConfig                      
0001430d  USBHHubEnumerationComplete           
00014325  USBHHubEnumerationError              
00013b15  USBHHubInit                          
00010ec5  USBHHubMain                          
00002117  USBHighSpeed                         
00002f79  USBHostAddrGet                       
00002f41  USBHostAddrSet                       
000133a1  USBHostCheckPipes                    
00002691  USBHostEndpointConfig                
00002d7b  USBHostEndpointDataAck               
00002465  USBHostEndpointDataToggle            
0000253b  USBHostEndpointPing                  
0000282b  USBHostEndpointSpeed                 
0000239b  USBHostEndpointStatusClear           
0000300b  USBHostHubAddrGet                    
00002fa7  USBHostHubAddrSet                    
0000d0fd  USBHostIntHandlerInternal            
000034db  USBHostLPMConfig                     
000034ff  USBHostLPMResume                     
00003493  USBHostLPMSend                       
00003165  USBHostMode                          
00003039  USBHostPwrConfig                     
000030ab  USBHostPwrDisable                    
00003093  USBHostPwrEnable                     
0000307b  USBHostPwrFaultDisable               
00003063  USBHostPwrFaultEnable                
00002ed9  USBHostRequestIN                     
00002f01  USBHostRequestINClear                
00002f2f  USBHostRequestStatus                 
000020e9  USBHostReset                         
00002145  USBHostResume                        
00002173  USBHostSpeedGet                      
000020d3  USBHostSuspend                       
000021c1  USBIntDisableControl                 
00002285  USBIntDisableEndpoint                
000021ff  USBIntEnableControl                  
000022b3  USBIntEnableEndpoint                 
00002337  USBIntRegister                       
00002239  USBIntStatusControl                  
000022e1  USBIntStatusEndpoint                 
00002355  USBIntUnregister                     
00003589  USBLPMEndpointGet                    
000035e9  USBLPMIntDisable                     
000035cf  USBLPMIntEnable                      
000035bf  USBLPMIntStatus                      
00003575  USBLPMLinkStateGet                   
000035a5  USBLPMRemoteWakeEnabled              
000072f7  USBLibDMAAddrGet                     
00007327  USBLibDMAInit                        
0000730f  USBLibDMASizeGet                     
0000319b  USBModeConfig                        
00003115  USBModeGet                           
000031fb  USBNumEndpointsGet                   
0000cc0b  USBOTGFeatureSet                     
0000cb75  USBOTGMain                           
00003189  USBOTGMode                           
0000c97d  USBOTGModeInit                       
0000c955  USBOTGModeTerm                       
0000ca4b  USBOTGPollRate                       
000030d1  USBOTGSessionRequest                 
000031af  USBPHYPowerOff                       
000031c5  USBPHYPowerOn                        
0000c84d  USBStackModeSet                      
000033d5  USBULPIConfig                        
00003403  USBULPIDisable                       
000033eb  USBULPIEnable                        
0000341b  USBULPIRegRead                       
00003453  USBULPIRegWrite                      
200046c8  __CIOBUF_                            
20005cc0  __STACK_END                          
00000200  __STACK_SIZE                         
20005cc0  __STACK_TOP                          
00000010  __SYSMEM_SIZE                        
000152d0  __TI_CINIT_Base                      
000152e8  __TI_CINIT_Limit                     
000152b4  __TI_Handler_Table_Base              
000152c0  __TI_Handler_Table_Limit             
00013c75  __TI_auto_init_nobinit_nopinit       
00013ff9  __TI_cleanup                         
200059e4  __TI_cleanup_ptr                     
0001309d  __TI_closefile                       
00013339  __TI_decompress_lzss                 
00014411  __TI_decompress_none                 
000139e9  __TI_doflush                         
200059e8  __TI_dtors_ptr                       
200059ec  __TI_enable_exit_profile_output      
200059d4  __TI_ft_end                          
0001385b  __TI_ltoa                            
ffffffff  __TI_pprof_out_hndl                  
00008d91  __TI_printfi                         
ffffffff  __TI_prof_data_size                  
ffffffff  __TI_prof_data_start                 
0001402d  __TI_readmsg                         
00000000  __TI_static_base__                   
20004ad8  __TI_tmpnams                         
00013eb1  __TI_writemsg                        
000134cd  __TI_wrt_ok                          
00014439  __TI_zero_init                       
00012da9  __aeabi_cdcmpeq                      
00012da9  __aeabi_cdcmple                      
00012e2f  __aeabi_cdrcmple                     
00013ba5  __aeabi_d2iz                         
00013cfd  __aeabi_d2uiz                        
0001054f  __aeabi_dadd                         
00011579  __aeabi_ddiv                         
00011f69  __aeabi_dmul                         
00010545  __aeabi_dsub                         
0001445d  __aeabi_errno_addr                   
00013ee9  __aeabi_f2d                          
000140c5  __aeabi_i2d                          
000097df  __aeabi_idiv0                        
000097df  __aeabi_ldiv0                        
00012fad  __aeabi_memclr                       
00012fad  __aeabi_memclr4                      
00012fad  __aeabi_memclr8                      
00012be5  __aeabi_memcpy                       
00012be5  __aeabi_memcpy4                      
00012be5  __aeabi_memcpy8                      
00012faf  __aeabi_memset                       
00012faf  __aeabi_memset4                      
00012faf  __aeabi_memset8                      
200059e0  __aeabi_stderr                       
200059d8  __aeabi_stdin                        
200059dc  __aeabi_stdout                       
0001427d  __aeabi_ui2d                         
00013d41  __aeabi_uidiv                        
00013d41  __aeabi_uidivmod                     
00012c81  __aeabi_uldivmod                     
ffffffff  __binit__                            
ffffffff  __c_args__                           
UNDEFED   __mpu_init                           
20005ac0  __stack                              
20000000  __start___llvm_prf_cnts              
20000000  __stop___llvm_prf_cnts               
0001429d  _abort_msg                           
00014061  _c_int00_noargs                      
0001459c  _ctypes_                             
200051e8  _device                              
20005060  _ftable                              
20005a3c  _lock                                
00003603  _nop                                 
20005260  _stream                              
20005cc0  _sys_memory                          
UNDEFED   _system_post_cinit                   
00014473  _system_pre_init                     
20005a40  _unlock                              
00014477  abort                                
20004ee0  adc_info                             
20005a54  adc_pin_struct                       
0000d7b9  adc_task                             
0000b97f  add_i2c_msg                          
0000cc79  add_page                             
20004f2c  addr_ack_err                         
0000de49  ads1x15_drawdata                     
0000df5d  ads1x15_drawinput                    
0000de0d  ads1x15_drawpage                     
0000dce5  ads1x15_midi_task                    
00011e69  aligned_alloc                        
20004f30  arb_lost_err                         
00013a35  atoi                                 
000127c7  bgd_color                            
ffffffff  binit                                
20004f34  blue_debug                           
000127b9  bold_text_color                      
[...]
0000be45  uDMAEnable                           
0000be4d  uDMADisable                          
0000be55  uDMAErrorStatusGet                   
0000be5b  uDMAErrorStatusClear                 
0000be63  uDMAChannelEnable                    
0000be7b  uDMAChannelDisable                   
0000be93  uDMAChannelIsEnabled                 
0000bebb  uDMAControlBaseSet                   
0000becb  uDMAControlBaseGet                   
0000bed1  uDMAControlAlternateBaseGet          
0000bed7  uDMAChannelRequest                   
0000beef  uDMAChannelAttributeEnable           
0000bf43  uDMAChannelAttributeDisable          
0000bf97  uDMAChannelAttributeGet              
0000c007  uDMAChannelControlSet                
0000c049  uDMAChannelTransferSet               
0000c141  uDMAChannelScatterGatherSet          
0000c1cd  uDMAChannelSizeGet                   
0000c215  uDMAChannelModeGet                   
0000c25b  uDMAIntRegister                      
0000c271  uDMAIntUnregister                    
0000c283  uDMAIntStatus                        
0000c289  uDMAIntClear                         
0000c29d  uDMAChannelAssign                    
0000c2e5  uDMAChannelSelectSecondary           
0000c2f9  uDMAChannelSelectDefault             
0000c325  UARTStdioConfig                      
0000c36b  UARTwrite                            
0000c3bb  UARTgets                             
0000c475  UARTgetc                             
0000c49d  UARTvprintf                          
0000c797  UARTprintf                           
0000c84d  USBStackModeSet                      
0000c889  USB0DualModeIntHandler               
0000c8d5  USBDualModeInit                      
0000c933  USBDualModeTerm                      
0000c955  USBOTGModeTerm                       
0000c97d  USBOTGModeInit                       
0000ca4b  USBOTGPollRate                       
0000ca71  USB0OTGModeIntHandler                
0000cb55  OTGDeviceDisconnect                  
0000cb75  USBOTGMain                           
0000cc0b  USBOTGFeatureSet                     
0000cc69  init_console                         
0000cc79  add_page                             
0000cd35  is_on_screen                         
0000cf4d  console_task                         
0000d0fd  USBHostIntHandlerInternal            
0000d4f1  init_adc                             
0000d6a5  get_adc_config                       
0000d6e9  get_adc_val                          
0000d71d  get_adc_struct                       
0000d727  ADCSeq0Handler                       
0000d767  ADCSeq1Handler                       
0000d7b9  adc_task                             
0000d8c7  IntMasterEnable                      
0000d8d7  IntMasterDisable                     
0000d8e7  IntRegister                          
0000d939  IntUnregister                        
0000d94d  IntPriorityGroupingSet               
0000d967  IntPriorityGroupingGet               
0000d99f  IntPrioritySet                       
0000d9ef  IntPriorityGet                       
0000da13  IntEnable                            
0000da85  IntDisable                           
0000daf7  IntIsEnabled                         
0000db7d  IntPendSet                           
0000dbed  IntPendClear                         
0000dc3b  IntPriorityMaskSet                   
0000dc47  IntPriorityMaskGet                   
0000dc4f  IntTrigger                           
0000dc85  init_ads1x15                         
0000dce5  ads1x15_midi_task                    
0000dddd  get_volume                           
0000ddf5  get_sensitivity                      
0000de0d  ads1x15_drawpage                     
0000de49  ads1x15_drawdata                     
0000df5d  ads1x15_drawinput                    
0000e103  USBDeviceConfig                      
0000e2f9  USBDeviceConfigAlternate             
0000e423  SSIConfigSetExpClk                   
0000e4af  SSIEnable                            
0000e4c5  SSIDisable                           
0000e4db  SSIIntRegister                       
0000e4f9  SSIIntUnregister                     
0000e513  SSIIntEnable                         
0000e52b  SSIIntDisable                        
0000e543  SSIIntStatus                         
0000e561  SSIIntClear                          
0000e573  SSIDataPut                           
0000e58d  SSIDataPutNonBlocking                
0000e5ad  SSIDataGet                           
0000e5c9  SSIDataGetNonBlocking                
0000e5eb  SSIDMAEnable                         
0000e603  SSIDMADisable                        
0000e61b  SSIBusy                              
0000e639  SSIClockSourceSet                    
0000e64d  SSIClockSourceGet                    
0000e671  SSIAdvModeSet                        
0000e68d  SSIAdvDataPutFrameEnd                
0000e6b3  SSIAdvDataPutFrameEndNonBlocking     
0000e6df  SSIAdvFrameHoldEnable                
0000e6f5  SSIAdvFrameHoldDisable               
0000e70d  process_joystick                     
0000eae7  USBDCDConfigDescGetSize              
0000eb1f  USBDCDConfigDescGetNum               
0000eb6d  USBDCDConfigDescGet                  
0000ebfb  USBDCDConfigGetNumAlternateInterfaces
0000ec4f  USBDCDConfigGetInterface             
0000ec85  USBDCDConfigGetInterfaceEndpoint     
0000ee13  USBDHIDGamepadInit                   
0000ee61  USBDHIDGamepadCompositeInit          
0000ef3d  USBDHIDGamepadSendReport             
0000ef99  USBDHIDGamepadTerm                   
0000efd1  init_rotary_enc                      
0000f05d  rotary_enc_task                      
0000f239  get_channel                          
0000f285  pxPortInitialiseStack                
0000f311  xPortStartScheduler                  
0000f3a5  vPortEndScheduler                    
0000f3c9  vPortEnterCritical                   
0000f40b  vPortExitCritical                    
0000f437  xPortSysTickHandler                  
0000f45d  vPortSetupTimerInterrupt             
0000f479  vPortValidateInterruptPriority       
0000f781  init_midi_ctrl_board                 
0000f9ed  create_error                         
0000fa4d  set_error                            
0000fa6f  init_logger                          
0000fa9b  logger_drawpage                      
0000fad5  logger_drawdata                      
0000fb6f  logger_drawinput                     
0000fc15  GamepadHandler                       
0000fc89  init_usb_hid                         
0000fcf9  usb_hid_task                         
0000fd67  usb_hid_send                         
0000fd7b  usb_hid_send_from_isr                
0000fd8f  usbhid_drawpage                      
0000fd91  usbhid_drawdata                      
0000fd93  usbhid_drawinput                     
0000fe11  USBDescGetNum                        
0000fe6d  USBDescGet                           
0000fed7  USBDescGetNumAlternateInterfaces     
0000ff91  USBDescGetInterface                  
0000ffbf  USBDescGetInterfaceEndpoint          
000101b5  init_midi_knobs                      
000101e7  process_midi_knobs                   
00010385  pvPortMalloc                         
00010485  vPortFree                            
000104e3  xPortGetFreeHeapSize                 
000104e9  vPortInitialiseBlocks                
00010545  __aeabi_dsub                         
0001054f  __aeabi_dadd                         
000106fd  init_gpis                            
000107fd  get_gpi_config                       
00010841  read_gpi                             
0001085b  get_gpi_struct                       
000108a9  init_looper_board                    
00010bd9  control_drawpage                     
00010c8f  control_drawdata                     
00010d0f  control_drawinput                    
00010ec5  USBHHubMain                          
00011039  init_gpos                            
000110d7  get_gpo_config                       
0001111b  set_gpo                              
00011147  get_gpo                              
000111a1  init_host_uart                       
00011215  host_uart_task                       
00011277  send_to_host                         
00011293  send_to_host_from_isr                
000112af  uartmsg_drawpage                     
000112b1  uartmsg_drawdata                     
000112b3  uartmsg_drawinput                    
000112f9  send_midi_message                    
00011579  __aeabi_ddiv                         
000116b1  homepage_drawpage                    
00011703  homepage_drawdata                    
00011705  homepage_drawinput                   
000117e1  vListInitialise                      
00011811  vListInitialiseItem                  
00011821  vListInsertEnd                       
0001185d  vListInsert                          
000118c3  uxListRemove                         
00011a31  fputs                                
00011b45  init_midi_buttons                    
00011b73  midi_buttons_task                    
00011c07  get_octave                           
00011c0d  pressure_sense_is_on                 
00011c59  ldexp                                
00011c59  ldexpl                               
00011c59  scalbn                               
00011c59  scalbnl                              
00011e69  aligned_alloc                        
00011e69  memalign                             
00011f69  __aeabi_dmul                         
00012065  USBHCDControlTransfer                
00012155  USBHCDInit                           
00012245  get_char                             
000122ad  init_console_uart                    
00012335  InternalUSBTickInit                  
00012373  InternalUSBTickReset                 
0001237b  InternalUSBRegisterTickHandler       
000123cb  InternalUSBStartOfFrameTick          
00012421  free                                 
00012505  USBHCDMain                           
000125e5  setvbuf                              
000126d1  ulPortGetIPSR                        
000126e9  xPortPendSVHandler                   
00012749  vPortSVCHandler                      
00012769  vPortStartFirstTask                  
0001278d  vPortEnableVFP                       
0001279d  set_text_mode                        
000127ab  text_color                           
000127b9  bold_text_color                      
000127c7  bgd_color                            
000127d5  cursor_pos                           
000127e7  save_cursor_pos                      
000127f1  restore_cursor_pos                   
000127fb  clear_terminal                       
00012805  clear_line                           
0001280f  clear_in_line                        
00012819  clear_below_line                     
0001286f  ULPIConfigSet                        
00012911  ULPIPowerTransceiver                 
00012939  FPUEnable                            
0001294b  FPUDisable                           
00012959  FPUStackingEnable                    
0001296b  FPULazyStackingEnable                
00012977  FPUStackingDisable                   
00012983  FPUHalfPrecisionModeSet              
0001299d  FPUNaNModeSet                        
000129b7  FPUFlushToZeroModeSet                
000129d1  FPURoundingModeSet                   
00012b49  USBHCDFeatureSet                     
00012be5  __aeabi_memcpy                       
00012be5  __aeabi_memcpy4                      
00012be5  __aeabi_memcpy8                      
00012be5  memcpy                               
00012c81  __aeabi_uldivmod                     
00012da9  __aeabi_cdcmpeq                      
00012da9  __aeabi_cdcmple                      
00012e2f  __aeabi_cdrcmple                     
00012eb5  init_board_select                    
00012f13  get_board_type                       
00012f31  fflush                               
00012fad  __aeabi_memclr                       
00012fad  __aeabi_memclr4                      
00012fad  __aeabi_memclr8                      
00012faf  __aeabi_memset                       
00012faf  __aeabi_memset4                      
00012faf  __aeabi_memset8                      
00012fb5  memset                               
0001309d  __TI_closefile                       
00013111  main                                 
00013265  HOSTrename                           
000132d1  HOSTlseek                            
00013339  __TI_decompress_lzss                 
000133a1  USBHostCheckPipes                    
00013405  frexp                                
00013405  frexpl                               
00013469  fseek                                
000134cd  __TI_wrt_ok                          
00013531  HOSTopen                             
00013591  ConfigDescAlloc                      
00013649  close                                
000136a5  HOSTread                             
000136fd  HOSTwrite                            
000137ad  USBHCDHubDeviceConnected             
0001385b  __TI_ltoa                            
0001399d  USBHCDPowerConfigSet                 
000139e9  __TI_doflush                         
00013a35  atoi                                 
00013a81  taskmanager_drawpage                 
00013ab9  taskmanager_drawdata                 
00013abb  taskmanager_drawinput                
00013acd  USBHCDSetAddress                     
00013b15  USBHHubInit                          
00013b5d  exit                                 
00013ba5  __aeabi_d2iz                         
00013bed  HOSTclose                            
00013c31  HOSTunlink                           
00013c75  __TI_auto_init_nobinit_nopinit       
00013cb9  getdevice                            
00013cfd  __aeabi_d2uiz                        
00013d41  __aeabi_uidiv                        
00013d41  __aeabi_uidivmod                     
00013d81  sprintf                              
00013dff  CPUcpsid                             
00013e0b  CPUprimask                           
00013e15  CPUcpsie                             
00013e21  CPUwfi                               
00013e25  CPUbasepriSet                        
00013e33  CPUbasepriGet                        
00013e79  USBHCDReset                          
00013eb1  __TI_writemsg                        
00013edf  C$$IO$$                              
00013ee9  __aeabi_f2d                          
00013f8d  strncpy                              
00013fc3  USBHCDSetConfig                      
00013ff9  __TI_cleanup                         
0001402d  __TI_readmsg                         
00014061  _c_int00_noargs                      
00014095  finddevice                           
000140c5  __aeabi_i2d                          
000140f5  ConfigDescFree                       
00014121  InternalUSBHCDSendEvent              
0001414d  remove                               
0001414d  unlink                               
00014179  vApplicationMallocFailedHook         
00014189  vApplicationIdleHook                 
0001418b  vApplicationStackOverflowHook        
000141cd  lseek                                
000141f5  write                                
0001425d  memchr                               
0001427d  __aeabi_ui2d                         
0001429d  _abort_msg                           
000142d5  memccpy                              
000142f1  copysign                             
000142f1  copysignl                            
0001430d  USBHHubEnumerationComplete           
00014325  USBHHubEnumerationError              
00014355  strcmp                               
0001436d  USB0DeviceIntHandler                 
00014385  strchr                               
0001439d  USBHCDPowerAutomatic                 
000143c5  strcpy                               
000143d9  strlen                               
000143ff  wcslen                               
00014411  __TI_decompress_none                 
00014421  USBHCDHubDeviceDisconnected          
0001442d  USBHCDPowerConfigGet                 
00014439  __TI_zero_init                       
00014445  ResetISR                             
0001445d  __aeabi_errno_addr                   
00014465  malloc                               
0001446d  SysCtlDelay                          
00014473  _system_pre_init                     
00014477  C$$EXIT                              
00014477  abort                                
0001459c  _ctypes_                             
00014c6c  g_pui8ConfigString                   
00014d04  g_sHIDHandlers                       
00014e34  g_ppui8StringDescriptors             
00014f20  looper_gpo_info                      
00014f28  midi_gpo_info                        
00014f30  ulMaxSyscallInterruptPriority        
000152b4  __TI_Handler_Table_Base              
000152c0  __TI_Handler_Table_Limit             
000152d0  __TI_CINIT_Base                      
000152e8  __TI_CINIT_Limit                     
20000000  __start___llvm_prf_cnts              
20000000  __stop___llvm_prf_cnts               
20000000  g_pfnRAMVectors                      
2000026c  ucHeap                               
200046c8  __CIOBUF_                            
200049e8  pad_states                           
20004ad8  __TI_tmpnams                         
20004c78  g_psDCDInst                          
20004d08  xQueueRegistry                       
20004d98  g_pfnTickHandlers                    
20004db0  g_pvTickInstance                     
20004e60  button_states                        
20004e70  midi_knobs                           
20004ee0  adc_info                             
20004ee8  gpis_info                            
20004ef0  gpo_info                             
20004ef8  parmbuf                              
20004f2c  addr_ack_err                         
20004f30  arb_lost_err                         
20004f34  blue_debug                           
20004f38  clk_tout_err                         
20004f3c  data_ack_err                         
20004f40  g_ppsDevInfo                         
20004f44  g_ui32PollRate                       
20004f48  green_debug                          
20004f4c  red_debug                            
20004f54  g_eOTGModeState                      
20005060  _ftable                              
20005150  g_sGamepadDevice                     
200051e8  _device                              
20005260  _stream                              
200052b0  pxCurrentTCB                         
2000599c  g_pui8HIDDeviceDescriptor            
200059ae  js_x_state                           
200059af  js_y_state                           
200059d4  __TI_ft_end                          
200059d8  __aeabi_stdin                        
200059dc  __aeabi_stdout                       
200059e0  __aeabi_stderr                       
200059e4  __TI_cleanup_ptr                     
200059e8  __TI_dtors_ptr                       
200059ec  __TI_enable_exit_profile_output      
20005a08  g_bUSBTimerInitialized               
20005a0c  g_ui32CurrentUSBTick                 
20005a10  g_ui32USBSOFCount                    
20005a30  g_iUSBMode                           
20005a34  g_ui32WaitTicks                      
20005a3c  _lock                                
20005a40  _unlock                              
20005a54  adc_pin_struct                       
20005a74  looper_gpi_info                      
20005a7c  midi_gpi_info                        
20005a8c  i2c_msg_queue                        
20005ab8  errno                                
20005ac0  __stack                              
20005cc0  __STACK_END                          
20005cc0  __STACK_TOP                          
20005cc0  _sys_memory                          
ffffffff  __TI_pprof_out_hndl                  
ffffffff  __TI_prof_data_size                  
ffffffff  __TI_prof_data_start                 
ffffffff  __binit__                            
ffffffff  __c_args__                           
ffffffff  binit                                
UNDEFED   __mpu_init                           
UNDEFED   _system_post_cinit                   

[912 symbols]
