******************************************************************************
                  TI ARM Linker PC v20.2.2                     
******************************************************************************
>> Linked Tue Jul 27 07:44:23 2021

OUTPUT FILE NAME:   <drum_pad.out>
ENTRY POINT SYMBOL: "_c_int00_noargs"  address: 000113a5


MEMORY CONFIGURATION

         name            origin    length      used     unused   attr    fill
----------------------  --------  ---------  --------  --------  ----  --------
  FLASH                 00000000   00040000  000127de  0002d822  R  X
  SRAM                  20000000   00008000  0000588b  00002775  RW X


SEGMENT ALLOCATION MAP

run origin  load origin   length   init length attrs members
----------  ----------- ---------- ----------- ----- -------
00000000    00000000    000127e0   000127e0    r-x
  00000000    00000000    0000026c   0000026c    r-- .intvecs
  0000026c    0000026c    00011710   00011710    r-x .text
  0001197c    0001197c    00000b32   00000b32    r-- .const
  000124b0    000124b0    00000330   00000330    r-- .cinit
20000000    20000000    00005890   00000000    rw-
  20000000    20000000    0000026c   00000000    rw- .vtable
  2000026c    2000026c    000047fb   00000000    rw- .bss
  20004a68    20004a68    00000a14   00000000    rw- .data
  20005480    20005480    00000400   00000000    rw- .stack
  20005880    20005880    00000010   00000000    rw- .sysmem


SECTION ALLOCATION MAP

 output                                  attributes/
section   page    origin      length       input sections
--------  ----  ----------  ----------   ----------------
.intvecs   0    00000000    0000026c     
                  00000000    0000026c     tm4c123gh6pm_startup_ccs.obj (.intvecs)

.text      0    0000026c    00011710     
                  0000026c    00001ddc     tasks.obj (.text)
                  00002048    000015ba     usb.obj (.text)
                  00003602    00000002     rtsv7M4_T_le_v4SPD16_eabi.lib : _lock.c.obj (.text:_nop)
                  00003604    00000fa8     queue.obj (.text)
                  000045ac    00000ef4     sysctl.obj (.text)
                  000054a0    00000b88     gpio.obj (.text)
                  00006028    00000a4e     rtsv7M4_T_le_v4SPD16_eabi.lib : _printfi.c.obj (.text:__TI_printfi)
                  00006a76    00000002     usblib.lib : usbdma.obj (.text:iDMAUSBArbSizeSet)
                  00006a78    000009f4     drum_pad_functions.obj (.text)
                  0000746c    000007c2     adc.obj (.text)
                  00007c2e    00000002     usblib.lib : usbdma.obj (.text:iDMAUSBUnitSizeSet)
                  00007c30    0000069c     i2c.obj (.text)
                  000082cc    00000642     timer.obj (.text)
                  0000890e    00000002     rtsv7M4_T_le_v4SPD16_eabi.lib : div0.asm.obj (.text)
                  00008910    00000618     uart.obj (.text)
                  00008f28    00000564     I2C_task.obj (.text)
                  0000948c    000004e0     udma.obj (.text)
                  0000996c    000004a8     uartstdio.obj (.text)
                  00009e14    00000494     console_task.obj (.text)
                  0000a2a8    0000045c     ads1x15_task.obj (.text)
                  0000a704    00000444     ADC_task.obj (.text)
                  0000ab48    000003d8     usb_midi_task.obj (.text)
                  0000af20    000003c0     interrupt.obj (.text)
                  0000b2e0    00000384     joystick_functions.obj (.text)
                  0000b664    00000350     midi_channel_select.obj (.text)
                  0000b9b4    00000346     ssi.obj (.text)
                  0000bcfa    00000002     usblib.lib : usbdma.obj (.text:uDMAUSBChannelIntDisable)
                  0000bcfc    000002ec     looper_buttons_task.obj (.text)
                  0000bfe8    0000029c     midi_ctrl_board.obj (.text)
                  0000c284    0000028c     port.obj (.text)
                  0000c510    00000270     rtsv7M4_T_le_v4SPD16_eabi.lib : _printfi.c.obj (.text:_pconv_a)
                  0000c780    00000258     looper_effects.obj (.text)
                  0000c9d8    00000224     looper_volume_functions.obj (.text)
                  0000cbfc    0000021c     looper_board.obj (.text)
                  0000ce18    000001e4     logger.obj (.text)
                  0000cffc    000001d0     rtsv7M4_T_le_v4SPD16_eabi.lib : _printfi.c.obj (.text:_pconv_g)
                  0000d1cc    000001cc     midi_knobs_functions.obj (.text)
                  0000d398    000001c0     GPIs.obj (.text)
                  0000d558    000001c0     heap_2.obj (.text)
                  0000d718    000001b6     rtsv7M4_T_le_v4SPD16_eabi.lib : fd_add_t2.asm.obj (.text)
                  0000d8ce    00000002     usblib.lib : usbdma.obj (.text:uDMAUSBChannelIntEnable)
                  0000d8d0    00000178     control_page.obj (.text)
                  0000da48    00000170     GPOs.obj (.text)
                  0000dbb8    00000164     usblib.lib : usbdma.obj (.text:USBLibDMAInit)
                  0000dd1c    00000150                : usbdenum.obj (.text:USBDCDInit)
                  0000de6c    00000150                : usbdenum.obj (.text:USBDEP0StateTxConfig)
                  0000dfbc    00000150                : usbdenum.obj (.text:USBDeviceIntHandlerInternal)
                  0000e10c    00000148                : usbdconfig.obj (.text:USBDeviceConfig)
                  0000e254    0000013c     rtsv7M4_T_le_v4SPD16_eabi.lib : _printfi.c.obj (.text:_pconv_e)
                  0000e390    00000138     usbmidi_handlers.obj (.text)
                  0000e4c8    00000136     rtsv7M4_T_le_v4SPD16_eabi.lib : fd_div_t2.asm.obj (.text)
                  0000e5fe    0000012a     list.obj (.text)
                  0000e728    00000124     rtsv7M4_T_le_v4SPD16_eabi.lib : _printfi.c.obj (.text:fcvt)
                  0000e84c    00000124     homepage.obj (.text)
                  0000e970    0000011c     midi_buttons_task.obj (.text)
                  0000ea8c    00000114     rtsv7M4_T_le_v4SPD16_eabi.lib : fputs.c.obj (.text:fputs)
                  0000eba0    00000110                                   : s_scalbn.c.obj (.text:scalbn)
                  0000ecb0    00000100                                   : memory.c.obj (.text:aligned_alloc)
                  0000edb0    000000fc     console_uart.obj (.text)
                  0000eeac    000000fc     rtsv7M4_T_le_v4SPD16_eabi.lib : fd_mul_t2.asm.obj (.text)
                  0000efa8    000000f4     usblib.lib : usbdma.obj (.text:iDMAUSBTransfer)
                  0000f09c    000000f0     usbmidi.obj (.text)
                  0000f18c    000000e4     usblib.lib : usbdenum.obj (.text:USBDGetDescriptor)
                  0000f270    000000e4     rtsv7M4_T_le_v4SPD16_eabi.lib : memory.c.obj (.text:free)
                  0000f354    000000dc                                   : setvbuf.c.obj (.text:setvbuf)
                  0000f430    000000da     portasm.obj (.text)
                  0000f50a    00000002     --HOLE-- [fill = 0]
                  0000f50c    000000d8     usblib.lib : usbdenum.obj (.text:USBDeviceEnumHandler)
                  0000f5e4    000000d2     text_controls.obj (.text)
                  0000f6b6    00000002     --HOLE-- [fill = 0]
                  0000f6b8    000000d0     usblib.lib : usbdma.obj (.text:uDMAUSBChannelAllocate)
                  0000f788    000000c0     fpu.obj (.text)
                  0000f848    000000bc     usblib.lib : usbdma.obj (.text:uDMAUSBTransfer)
                  0000f904    000000b1     rtsv7M4_T_le_v4SPD16_eabi.lib : _printfi.c.obj (.text:_ltostr)
                  0000f9b5    00000001     --HOLE-- [fill = 0]
                  0000f9b6    000000a0     usb_midi_fifo.obj (.text)
                  0000fa56    0000009c     rtsv7M4_T_le_v4SPD16_eabi.lib : memcpy_t2.asm.obj (.text)
                  0000faf2    00000002     --HOLE-- [fill = 0]
                  0000faf4    00000098     usblib.lib : usbdenum.obj (.text:USBDSetInterface)
                  0000fb8c    00000096     rtsv7M4_T_le_v4SPD16_eabi.lib : ull_div_t2.asm.obj (.text)
                  0000fc22    00000002     --HOLE-- [fill = 0]
                  0000fc24    00000090     usblib.lib : usbdenum.obj (.text:USBDSetConfiguration)
                  0000fcb4    0000008c                : usbdconfig.obj (.text:USBDeviceConfigAlternate)
                  0000fd40    00000088                : usbdma.obj (.text:iDMAUSBChannelAllocate)
                  0000fdc8    00000086     rtsv7M4_T_le_v4SPD16_eabi.lib : fd_cmp_t2.asm.obj (.text:__aeabi_cdcmple)
                  0000fe4e    00000086                                   : fd_cmp_t2.asm.obj (.text:__aeabi_cdrcmple)
                  0000fed4    0000007c     usblib.lib : usbdenum.obj (.text:USBDClearFeature)
                  0000ff50    0000007c     board_select.obj (.text)
                  0000ffcc    0000007c     rtsv7M4_T_le_v4SPD16_eabi.lib : fflush.c.obj (.text:fflush)
                  00010048    0000007a                                   : memset_t2.asm.obj (.text)
                  000100c2    00000002     --HOLE-- [fill = 0]
                  000100c4    00000078     usblib.lib : usbdenum.obj (.text:USBDGetStatus)
                  0001013c    00000074     rtsv7M4_T_le_v4SPD16_eabi.lib : fclose.c.obj (.text:__TI_closefile)
                  000101b0    00000074     main.obj (.text)
                  00010224    00000072     usblib.lib : usbdma.obj (.text:uDMAUSBUnitSizeSet)
                  00010296    00000002     --HOLE-- [fill = 0]
                  00010298    00000070                : usbdenum.obj (.text:USBDEP0StateTx)
                  00010308    00000070                : usbdenum.obj (.text:USBDSetFeature)
                  00010378    00000070     rtsv7M4_T_le_v4SPD16_eabi.lib : memory.c.obj (.text:split)
                  000103e8    00000070     usblib.lib : usbdma.obj (.text:uDMAUSBArbSizeSet)
                  00010458    0000006e     rtsv7M4_T_le_v4SPD16_eabi.lib : _printfi.c.obj (.text:_mcpy)
                  000104c6    00000002     --HOLE-- [fill = 0]
                  000104c8    0000006c                                   : hostrename.c.obj (.text:HOSTrename)
                  00010534    00000068                                   : hostlseek.c.obj (.text:HOSTlseek)
                  0001059c    00000068                                   : copy_decompress_lzss.c.obj (.text:decompress:lzss:__TI_decompress_lzss)
                  00010604    00000064                                   : s_frexp.c.obj (.text:frexp)
                  00010668    00000064                                   : fseek.c.obj (.text:fseek)
                  000106cc    00000064     usblib.lib : usbdma.obj (.text:uDMAUSBChannelEnable)
                  00010730    00000062     rtsv7M4_T_le_v4SPD16_eabi.lib : _io_perm.c.obj (.text:__TI_wrt_ok)
                  00010792    00000002     --HOLE-- [fill = 0]
                  00010794    00000060                                   : hostopen.c.obj (.text:HOSTopen)
                  000107f4    00000060     usblib.lib : usbdenum.obj (.text:USBDReadAndDispatchRequest)
                  00010854    0000005c     rtsv7M4_T_le_v4SPD16_eabi.lib : close.c.obj (.text:close)
                  000108b0    00000058                                   : hostread.c.obj (.text:HOSTread)
                  00010908    00000058                                   : hostwrite.c.obj (.text:HOSTwrite)
                  00010960    00000056                                   : _printfi.c.obj (.text:_pconv_f)
                  000109b6    00000056     usblib.lib : usbdma.obj (.text:uDMAUSBChannelRelease)
                  00010a0c    00000054     rtsv7M4_T_le_v4SPD16_eabi.lib : _ltoa.c.obj (.text:__TI_ltoa)
                  00010a60    00000052     usblib.lib : usbulpi.obj (.text:ULPIConfigSet)
                  00010ab2    00000052     rtsv7M4_T_le_v4SPD16_eabi.lib : _printfi.c.obj (.text:_ecpy)
                  00010b04    00000050     usblib.lib : usbdcdesc.obj (.text:USBDCDConfigDescGet)
                  00010b54    00000050                : usbdenum.obj (.text:USBDeviceResumeTickHandler)
                  00010ba4    0000004c                : usbdconfig.obj (.text:GetEPDescriptorType)
                  00010bf0    0000004c                : usbdenum.obj (.text:USBDStringIndexFromRequest)
                  00010c3c    0000004c     rtsv7M4_T_le_v4SPD16_eabi.lib : fflush.c.obj (.text:__TI_doflush)
                  00010c88    0000004c                                   : atoi.c.obj (.text:atoi)
                  00010cd4    0000004c     usblib.lib : usbdma.obj (.text:iDMAUSBChannelEnable)
                  00010d20    0000004c     task_manager_page.obj (.text)
                  00010d6c    0000004a     usblib.lib : usbdcdesc.obj (.text:ConfigAlternateInterfaceGet)
                  00010db6    0000004a                : usbdma.obj (.text:uDMAUSBChannelDisable)
                  00010e00    00000048                : usbdenum.obj (.text:USBDCDDeviceInfoInit)
                  00010e48    00000048                : usbdenum.obj (.text:USBDeviceEnumResetHandler)
                  00010e90    00000048     rtsv7M4_T_le_v4SPD16_eabi.lib : exit.c.obj (.text:exit)
                  00010ed8    00000048                                   : fd_toi_t2.asm.obj (.text)
                  00010f20    00000044                                   : hostclose.c.obj (.text:HOSTclose)
                  00010f64    00000044                                   : hostunlink.c.obj (.text:HOSTunlink)
                  00010fa8    00000044     usblib.lib : usbdenum.obj (.text:USBDGetInterface)
                  00010fec    00000044     rtsv7M4_T_le_v4SPD16_eabi.lib : autoinit.c.obj (.text:__TI_auto_init_nobinit_nopinit:__TI_auto_init_nobinit_nopinit)
                  00011030    00000044                                   : getdevice.c.obj (.text:getdevice)
                  00011074    00000044                                   : fd_tou_t2.asm.obj (.text)
                  000110b8    00000040                                   : u_divt2.asm.obj (.text)
                  000110f8    00000040                                   : sprintf.c.obj (.text:sprintf)
                  00011138    0000003e                                   : _printfi.c.obj (.text:_fcpy)
                  00011176    0000003e     cpu.obj (.text)
                  000111b4    0000003c     usblib.lib : usbdma.obj (.text:iDMAUSBChannelRelease)
                  000111f0    00000038                : usbtick.obj (.text:InternalUSBStartOfFrameTick)
                  00011228    00000038                : usbdcdesc.obj (.text:USBDCDConfigGetInterfaceEndpoint)
                  00011260    00000038     rtsv7M4_T_le_v4SPD16_eabi.lib : trgmsg.c.obj (.text:__TI_writemsg)
                  00011298    00000038                                   : fs_tod_t2.asm.obj (.text)
                  000112d0    00000036                                   : strncpy.c.obj (.text:strncpy)
                  00011306    00000034     usblib.lib : usbdcdesc.obj (.text:NextConfigDescGet)
                  0001133a    00000002     --HOLE-- [fill = 0]
                  0001133c    00000034     rtsv7M4_T_le_v4SPD16_eabi.lib : fopen.c.obj (.text:__TI_cleanup)
                  00011370    00000034                                   : trgmsg.c.obj (.text:__TI_readmsg)
                  000113a4    00000034                                   : boot_cortex_m.c.obj (.text:_c_int00_noargs:_c_int00_noargs)
                  000113d8    00000034     usblib.lib : usbdma.obj (.text:iDMAUSBChannelStatus)
                  0001140c    00000032                : usbdma.obj (.text:iDMAUSBChannelDisable)
                  0001143e    00000030                : usbdma.obj (.text:DMAUSBIntHandler)
                  0001146e    00000002     --HOLE-- [fill = 0]
                  00011470    00000030                : usbtick.obj (.text:InternalUSBTickInit)
                  000114a0    00000030                : usbdenum.obj (.text:USBDGetConfiguration)
                  000114d0    00000030     rtsv7M4_T_le_v4SPD16_eabi.lib : getdevice.c.obj (.text:finddevice)
                  00011500    0000002e                                   : i_tofd_t2.asm.obj (.text)
                  0001152e    0000002c     usblib.lib : usbdcdesc.obj (.text:USBDCDConfigDescGetNum)
                  0001155a    0000002c                : usbdesc.obj (.text:USBDescGet)
                  00011586    0000002c                : usbdma.obj (.text:uDMAUSBIntStatus)
                  000115b2    00000002     --HOLE-- [fill = 0]
                  000115b4    0000002c     rtsv7M4_T_le_v4SPD16_eabi.lib : unlink.c.obj (.text:unlink)
                  000115e0    0000002a     usblib.lib : usbdesc.obj (.text:USBDescGetNum)
                  0001160a    0000002a     hooks.obj (.text)
                  00011634    00000028     usblib.lib : usbdenum.obj (.text:USBDSetAddress)
                  0001165c    00000028     rtsv7M4_T_le_v4SPD16_eabi.lib : memory.c.obj (.text:free_list_insert)
                  00011684    00000028                                   : lseek.c.obj (.text:lseek)
                  000116ac    00000028                                   : write.c.obj (.text:write)
                  000116d4    00000024     usblib.lib : usbmode.obj (.text:USBStackModeSet)
                  000116f8    00000022                : usbdma.obj (.text:uDMAUSBChannelStatus)
                  0001171a    00000020                : usbdconfig.obj (.text:GetEndpointFIFOSize)
                  0001173a    00000020     rtsv7M4_T_le_v4SPD16_eabi.lib : memchr.c.obj (.text:memchr)
                  0001175a    00000020                                   : u_tofd_t2.asm.obj (.text)
                  0001177a    0000001c     usblib.lib : usbdcdesc.obj (.text:USBDCDConfigGetInterface)
                  00011796    00000002     --HOLE-- [fill = 0]
                  00011798    0000001c                : usbdenum.obj (.text:USBDCDStallEP0)
                  000117b4    0000001c     rtsv7M4_T_le_v4SPD16_eabi.lib : assert.c.obj (.text:_abort_msg)
                  000117d0    0000001c                                   : memory.c.obj (.text:free_list_remove)
                  000117ec    0000001c                                   : memccpy.c.obj (.text:memccpy)
                  00011808    0000001a     usblib.lib : usbdcdesc.obj (.text:USBDCDConfigDescGetSize)
                  00011822    0000001a     rtsv7M4_T_le_v4SPD16_eabi.lib : s_copysign.c.obj (.text:copysign)
                  0001183c    00000018     usblib.lib : usbdhandler.obj (.text:USB0DeviceIntHandler)
                  00011854    00000018                : usbdenum.obj (.text:USBDSetDescriptor)
                  0001186c    00000018                : usbdenum.obj (.text:USBDSyncFrame)
                  00011884    00000018     rtsv7M4_T_le_v4SPD16_eabi.lib : sprintf.c.obj (.text:_outs)
                  0001189c    00000018                                   : strcmp.c.obj (.text:strcmp)
                  000118b4    00000016                                   : strchr.c.obj (.text:strchr)
                  000118ca    00000014                                   : strcpy.c.obj (.text:strcpy)
                  000118de    00000014                                   : strlen.c.obj (.text:strlen)
                  000118f2    00000012                                   : wcslen.c.obj (.text:wcslen)
                  00011904    0000000e     usblib.lib : usbdma.obj (.text:DMAUSBIntStatusClear)
                  00011912    0000000e     rtsv7M4_T_le_v4SPD16_eabi.lib : copy_decompress_none.c.obj (.text:decompress:none:__TI_decompress_none)
                  00011920    0000000c                                   : copy_zero_init.c.obj (.text:decompress:ZI:__TI_zero_init)
                  0001192c    0000000c     tm4c123gh6pm_startup_ccs.obj (.text)
                  00011938    0000000a     rtsv7M4_T_le_v4SPD16_eabi.lib : sprintf.c.obj (.text:_outc)
                  00011942    00000002     --HOLE-- [fill = 0]
                  00011944    00000008                                   : errno.c.obj (.text:__aeabi_errno_addr)
                  0001194c    00000008     usblib.lib : usbdma.obj (.text:iDMAUSBChannelIntDisable)
                  00011954    00000008                : usbdma.obj (.text:iDMAUSBChannelIntEnable)
                  0001195c    00000008     rtsv7M4_T_le_v4SPD16_eabi.lib : memory.c.obj (.text:malloc)
                  00011964    00000006     sysctl.obj (.text:SysCtlDelay)
                  0001196a    00000006     usblib.lib : usbdma.obj (.text:iDMAUSBIntStatus)
                  00011970    00000004                : usbdma.obj (.text:DMAUSBStatus)
                  00011974    00000004     rtsv7M4_T_le_v4SPD16_eabi.lib : pre_init.c.obj (.text:_system_pre_init)
                  00011978    00000004                                   : exit.c.obj (.text:abort:abort)

.const     0    0001197c    00000b32     
                  0001197c    00000120     sysctl.obj (.const:g_pppui32XTALtoVCO)
                  00011a9c    00000101     rtsv7M4_T_le_v4SPD16_eabi.lib : ctype.c.obj (.const:.string:_ctypes_)
                  00011b9d    00000003     ads1x15_task.obj (.const:.string:ADC0_SEL)
                  00011ba0    000000c0     gpio.obj (.const:g_ppui32GPIOIntMapBlizzard)
                  00011c60    000000c0     gpio.obj (.const:g_ppui32GPIOIntMapSnowflake)
                  00011d20    0000009c     interrupt.obj (.const:g_pui32Regs)
                  00011dbc    00000090     gpio.obj (.const:g_pui32GPIOBaseAddrs)
                  00011e4c    0000007c     GPIs.obj (.const:.string)
                  00011ec8    0000006c     sysctl.obj (.const:g_pui32Xtals)
                  00011f34    00000066     usbmidi.obj (.const:.string:g_pui8MidiStreamInterface)
                  00011f9a    00000001     ads1x15_task.obj (.const)
                  00011f9b    00000001     --HOLE-- [fill = 0]
                  00011f9c    00000062     GPOs.obj (.const:.string)
                  00011ffe    00000002     --HOLE-- [fill = 0]
                  00012000    00000060     ADC_task.obj (.const:.string)
                  00012060    00000060     timer.obj (.const:g_ppui32TimerIntMap)
                  000120c0    00000050     i2c.obj (.const:g_ppui32I2CIntMapSnowflake)
                  00012110    00000040     timer.obj (.const:g_ppui32TimerIntMapSnowflake)
                  00012150    00000040     uart.obj (.const:g_ppui32UARTIntMap)
                  00012190    00000040     uart.obj (.const:g_ppui32UARTIntMapSnowflake)
                  000121d0    00000036     usbmidi.obj (.const:.string:g_pui8ConfigString)
                  00012206    00000002     --HOLE-- [fill = 0]
                  00012208    00000034     usblib.lib : usbdenum.obj (.const:g_psUSBDStdRequests)
                  0001223c    00000030     usbmidi.obj (.const:MidiHandlers)
                  0001226c    00000030     i2c.obj (.const:g_ppui32I2CIntMap)
                  0001229c    00000030     sysctl.obj (.const:g_sXTALtoMEMTIM)
                  000122cc    00000028     drum_pad_functions.obj (.const)
                  000122f4    00000020     ssi.obj (.const:g_ppui32SSIIntMap)
                  00012314    00000020     ssi.obj (.const:g_ppui32SSIIntMapSnowflake)
                  00012334    00000020     interrupt.obj (.const:g_pui32Priority)
                  00012354    0000001c     usbmidi.obj (.const:.string:g_pui8ProductString)
                  00012370    00000018     usbmidi.obj (.const:.string:g_pui8ManufacturerString)
                  00012388    00000014     interrupt.obj (.const:g_pui32Dii16Regs)
                  0001239c    00000014     interrupt.obj (.const:g_pui32EnRegs)
                  000123b0    00000014     interrupt.obj (.const:g_pui32PendRegs)
                  000123c4    00000014     interrupt.obj (.const:g_pui32UnpendRegs)
                  000123d8    00000014     usbmidi.obj (.const:stringDescriptors)
                  000123ec    00000012     usbmidi.obj (.const:.string:g_pui8AudioMIDIDeviceDescriptor)
                  000123fe    00000012     usbmidi.obj (.const:.string:g_pui8AudioMidiControlInterface)
                  00012410    00000012     usbmidi.obj (.const:.string:g_pui8SerialNumberString)
                  00012422    00000002     --HOLE-- [fill = 0]
                  00012424    00000012     uartstdio.obj (.const:.string)
                  00012436    00000002     --HOLE-- [fill = 0]
                  00012438    0000000c     uartstdio.obj (.const:g_ui32UARTBase)
                  00012444    0000000c     uartstdio.obj (.const:g_ui32UARTPeriph)
                  00012450    00000009     usbmidi.obj (.const:.string:g_pui8MidiDescriptor)
                  00012459    00000003     ads1x15_task.obj (.const:.string:ADC1_SEL)
                  0001245c    00000008     sysctl.obj (.const:g_pui32VCOFrequencies)
                  00012464    00000008     usbmidi.obj (.const:g_sAudioMidiControlInterfaceSection)
                  0001246c    00000008     usbmidi.obj (.const:g_sMidiConfigHeader)
                  00012474    00000008     usbmidi.obj (.const:g_sMidiConfigSection)
                  0001247c    00000008     usbmidi.obj (.const:g_sMidiStreamInterfaceSection)
                  00012484    00000008     GPOs.obj (.const:looper_gpo_info)
                  0001248c    00000008     GPOs.obj (.const:midi_gpo_info)
                  00012494    00000008     port.obj (.const)
                  0001249c    00000004     usbmidi.obj (.const:.string:g_pui8LangDescriptor)
                  000124a0    00000004     usbmidi.obj (.const:g_ppMidiConfigDescriptors)
                  000124a4    00000004     uartstdio.obj (.const)
                  000124a8    00000003     ads1x15_task.obj (.const:.string:ADC2_SEL)
                  000124ab    00000003     ads1x15_task.obj (.const:.string:ADC3_SEL)

.cinit     0    000124b0    00000330     
                  000124b0    000002fa     (.cinit..data.load) [load image, compression = lzss]
                  000127aa    00000002     --HOLE-- [fill = 0]
                  000127ac    0000000c     (__TI_handler_table)
                  000127b8    00000008     (.cinit..bss.load) [load image, compression = zero_init]
                  000127c0    00000008     (.cinit..vtable.load) [load image, compression = zero_init]
                  000127c8    00000018     (__TI_cinit_table)

.init_array 
*          0    00000000    00000000     UNINITIALIZED

.vtable    0    20000000    0000026c     UNINITIALIZED
                  20000000    0000026c     interrupt.obj (.vtable)

.bss       0    2000026c    000047fb     UNINITIALIZED
                  2000026c    00003c00     (.common:ucHeap)
                  20003e6c    00000224     usbmidi.obj (.bss:g_sUsbMidiDevice)
                  20004090    00000190     task_manager_page.obj (.bss:write_buffer)
                  20004220    00000120     rtsv7M4_T_le_v4SPD16_eabi.lib : trgmsg.c.obj (.bss:_CIOBUF_)
                  20004340    00000110     usblib.lib : usbdma.obj (.bss:g_psUSBDMAInst)
                  20004450    000000f0     logger.obj (.bss:errors)
                  20004540    000000f0     drum_pad_functions.obj (.bss:pad_states)
                  20004630    000000a0     (.common:__TI_tmpnams)
                  200046d0    00000064     tasks.obj (.bss:pxReadyTasksLists)
                  20004734    00000060     looper_buttons_task.obj (.bss:looper_pins)
                  20004794    00000050     (.common:g_psDCDInst)
                  200047e4    00000040     usblib.lib : usbdenum.obj (.bss:g_pui8DataBufferIn)
                  20004824    00000040     (.common:xQueueRegistry)
                  20004864    00000030     looper_effects.obj (.bss:effects)
                  20004894    00000020     ADC_task.obj (.bss:adc00_step_values)
                  200048b4    00000020     looper_volume_functions.obj (.bss:last_value)
                  200048d4    00000018     (.common:g_pfnTickHandlers)
                  200048ec    00000018     (.common:g_pvTickInstance)
                  20004904    00000014     I2C_task.obj (.bss)
                  20004918    00000014     drum_pad_functions.obj (.bss:float_string)
                  2000492c    00000014     tasks.obj (.bss:xDelayedTaskList1)
                  20004940    00000014     tasks.obj (.bss:xDelayedTaskList2)
                  20004954    00000014     tasks.obj (.bss:xPendingReadyList)
                  20004968    00000014     tasks.obj (.bss:xSuspendedTaskList)
                  2000497c    00000014     tasks.obj (.bss:xTasksWaitingTermination)
                  20004990    00000010     ADC_task.obj (.bss:adc11_step_values)
                  200049a0    00000010     midi_buttons_task.obj (.bss:button_states)
                  200049b0    00000010     midi_channel_select.obj (.bss:button_states)
                  200049c0    00000010     (.common:midi_knobs)
                  200049d0    00000008     ADC_task.obj (.bss)
                  200049d8    00000008     ads1x15_task.obj (.bss:adc0_data)
                  200049e0    00000008     ads1x15_task.obj (.bss:adc1_data)
                  200049e8    00000008     GPIs.obj (.bss:gpi_info)
                  200049f0    00000008     midi_buttons_task.obj (.bss)
                  200049f8    00000008     tasks.obj (.bss)
                  20004a00    00000008     heap_2.obj (.bss:xEnd)
                  20004a08    00000008     heap_2.obj (.bss:xStart)
                  20004a10    00000008     (.common:adc_info)
                  20004a18    00000008     (.common:gpis_info)
                  20004a20    00000008     (.common:gpo_info)
                  20004a28    00000008     (.common:parmbuf)
                  20004a30    00000006     joystick_functions.obj (.bss:js_uart_msg)
                  20004a36    00000002     ads1x15_task.obj (.bss:joy_x_data)
                  20004a38    00000004     console_uart.obj (.bss)
                  20004a3c    00000004     drum_pad_functions.obj (.bss)
                  20004a40    00000004     adc.obj (.bss:g_pui8OversampleFactor)
                  20004a44    00000004     usb_midi_task.obj (.bss:rxmsg)
                  20004a48    00000004     usb_midi_task.obj (.bss:txmsg)
                  20004a4c    00000004     usb_midi_task.obj (.bss)
                  20004a50    00000004     usblib.lib : usbdenum.obj (.bss)
                  20004a54    00000004                : usbmode.obj (.bss)
                  20004a58    00000004     (.common:g_ppsDevInfo)
                  20004a5c    00000004     (.common:green_debug)
                  20004a60    00000002     ads1x15_task.obj (.bss:joy_y_data)
                  20004a62    00000002     ads1x15_task.obj (.bss:sense_data)
                  20004a64    00000002     ads1x15_task.obj (.bss:volume_data)
                  20004a66    00000001     board_select.obj (.bss)

.data      0    20004a68    00000a14     UNINITIALIZED
                  20004a68    00000108     console_task.obj (.data:console_pages)
                  20004b70    000000f0     rtsv7M4_T_le_v4SPD16_eabi.lib : defs.c.obj (.data:_ftable)
                  20004c60    00000078                                   : host_device.c.obj (.data:_device)
                  20004cd8    00000050                                   : host_device.c.obj (.data:_stream)
                  20004d28    00000034     tasks.obj (.data)
                  20004d5c    00000030     ADC_task.obj (.data:adc_pins)
                  20004d8c    00000024     GPOs.obj (.data:looper_gpos)
                  20004db0    00000024     ADC_task.obj (.data:pad0)
                  20004dd4    00000024     ADC_task.obj (.data:pad10)
                  20004df8    00000024     ADC_task.obj (.data:pad11)
                  20004e1c    00000024     ADC_task.obj (.data:pad1)
                  20004e40    00000024     ADC_task.obj (.data:pad2)
                  20004e64    00000024     ADC_task.obj (.data:pad3)
                  20004e88    00000024     ADC_task.obj (.data:pad4)
                  20004eac    00000024     ADC_task.obj (.data:pad5)
                  20004ed0    00000024     ADC_task.obj (.data:pad6)
                  20004ef4    00000024     ADC_task.obj (.data:pad7)
                  20004f18    00000024     ADC_task.obj (.data:pad8)
                  20004f3c    00000024     ADC_task.obj (.data:pad9)
                  20004f60    00000020     ads1x15_task.obj (.data:adc00_read)
                  20004f80    00000020     ads1x15_task.obj (.data:adc01_read)
                  20004fa0    00000020     ads1x15_task.obj (.data:adc02_read)
                  20004fc0    00000020     ads1x15_task.obj (.data:adc03_read)
                  20004fe0    00000020     ads1x15_task.obj (.data:adc10_read)
                  20005000    00000020     ads1x15_task.obj (.data:adc11_read)
                  20005020    00000020     ads1x15_task.obj (.data:adc12_read)
                  20005040    00000020     ads1x15_task.obj (.data:adc13_read)
                  20005060    00000020     ads1x15_task.obj (.data:ads1015_adc00_sel)
                  20005080    00000020     ads1x15_task.obj (.data:ads1015_adc01_sel)
                  200050a0    00000020     ads1x15_task.obj (.data:ads1015_adc02_sel)
                  200050c0    00000020     ads1x15_task.obj (.data:ads1015_adc03_sel)
                  200050e0    00000020     ads1x15_task.obj (.data:ads1015_adc10_sel)
                  20005100    00000020     ads1x15_task.obj (.data:ads1015_adc11_sel)
                  20005120    00000020     ads1x15_task.obj (.data:ads1015_adc12_sel)
                  20005140    00000020     ads1x15_task.obj (.data:ads1015_adc13_sel)
                  20005160    00000020     GPIs.obj (.data:looper_gpi_pins)
                  20005180    00000014     usbmidi.obj (.data:USBMIDIDeviceInfo)
                  20005194    00000014     GPOs.obj (.data:blue_led)
                  200051a8    00000014     GPIs.obj (.data:chan_down)
                  200051bc    00000014     GPIs.obj (.data:chan_up)
                  200051d0    00000014     GPOs.obj (.data:green_led)
                  200051e4    00000014     GPOs.obj (.data:greenled)
                  200051f8    00000014     GPOs.obj (.data:led_0)
                  2000520c    00000014     GPOs.obj (.data:led_1)
                  20005220    00000014     GPOs.obj (.data:led_2)
                  20005234    00000014     GPOs.obj (.data:led_3)
                  20005248    00000014     GPOs.obj (.data:led_4)
                  2000525c    00000014     GPOs.obj (.data:led_5)
                  20005270    00000014     GPOs.obj (.data:led_6)
                  20005284    00000014     GPOs.obj (.data:led_7)
                  20005298    00000014     GPIs.obj (.data:loop_0)
                  200052ac    00000014     GPIs.obj (.data:loop_1)
                  200052c0    00000014     GPIs.obj (.data:loop_2)
                  200052d4    00000014     GPIs.obj (.data:loop_3)
                  200052e8    00000014     GPIs.obj (.data:loop_4)
                  200052fc    00000014     GPIs.obj (.data:loop_5)
                  20005310    00000014     GPIs.obj (.data:loop_6)
                  20005324    00000014     GPIs.obj (.data:loop_7)
                  20005338    00000014     GPIs.obj (.data:midi_gpi_pins)
                  2000534c    00000014     GPIs.obj (.data:octave_down)
                  20005360    00000014     GPIs.obj (.data:octave_up)
                  20005374    00000014     GPIs.obj (.data:pressure_sense)
                  20005388    00000014     GPOs.obj (.data:red_led)
                  2000539c    00000011     console_task.obj (.data)
                  200053ad    00000002     joystick_functions.obj (.data)
                  200053af    00000001     looper_buttons_task.obj (.data)
                  200053b0    00000010     rtsv7M4_T_le_v4SPD16_eabi.lib : defs.c.obj (.data)
                  200053c0    0000000c                                   : exit.c.obj (.data:$O1$$)
                  200053cc    0000000c     usbmidi.obj (.data:g_psMidiSections)
                  200053d8    0000000c     GPOs.obj (.data:midi_gpos)
                  200053e4    0000000c     port.obj (.data)
                  200053f0    0000000c     usblib.lib : usbtick.obj (.data)
                  200053fc    00000009     usb_midi_task.obj (.data)
                  20005405    00000001     looper_effects.obj (.data)
                  20005406    00000001     looper_volume_functions.obj (.data)
                  20005407    00000001     --HOLE--
                  20005408    00000009     usblib.lib : usbmode.obj (.data)
                  20005411    00000003     --HOLE--
                  20005414    00000008     rtsv7M4_T_le_v4SPD16_eabi.lib : _lock.c.obj (.data:$O1$$)
                  2000541c    00000008                                   : memory.c.obj (.data:$O1$$)
                  20005424    00000008     ADC_task.obj (.data)
                  2000542c    00000008     ADC_task.obj (.data:adc_pin_struct)
                  20005434    00000008     heap_2.obj (.data)
                  2000543c    00000008     GPIs.obj (.data:looper_gpi_info)
                  20005444    00000008     GPIs.obj (.data:midi_gpi_info)
                  2000544c    00000008     usblib.lib : usbdenum.obj (.data)
                  20005454    00000005     I2C_task.obj (.data)
                  20005459    00000003     --HOLE--
                  2000545c    00000005     uartstdio.obj (.data)
                  20005461    00000003     --HOLE--
                  20005464    00000004     drum_pad_functions.obj (.data)
                  20005468    00000004     logger.obj (.data)
                  2000546c    00000004     looper_board.obj (.data)
                  20005470    00000004     midi_channel_select.obj (.data)
                  20005474    00000004     midi_ctrl_board.obj (.data)
                  20005478    00000004     rtsv7M4_T_le_v4SPD16_eabi.lib : errno.c.obj (.data)

.stack     0    20005480    00000400     UNINITIALIZED
                  20005480    00000004     rtsv7M4_T_le_v4SPD16_eabi.lib : boot_cortex_m.c.obj (.stack)
                  20005484    000003fc     --HOLE--

.sysmem    0    20005880    00000010     UNINITIALIZED
                  20005880    00000010     rtsv7M4_T_le_v4SPD16_eabi.lib : memory.c.obj (.sysmem)

__llvm_prf_cnts 
*          0    20000000    00000000     UNINITIALIZED

MODULE SUMMARY

       Module                         code    ro data   rw data
       ------                         ----    -------   -------
    .\
       ADC_task.obj                   1092    96        15912  
       drum_pad_functions.obj         2548    40        268    
       ads1x15_task.obj               1116    13        536    
       console_task.obj               1172    0         281    
       I2C_task.obj                   1380    0         25     
       usb_midi_task.obj              984     0         21     
       GPIs.obj                       448     124       336    
       joystick_functions.obj         900     0         8      
       midi_channel_select.obj        848     0         20     
       looper_buttons_task.obj        748     0         97     
       GPOs.obj                       368     114       296    
       logger.obj                     484     0         248    
       midi_ctrl_board.obj            668     0         4      
       looper_effects.obj             600     0         49     
       tm4c123gh6pm_startup_ccs.obj   12      620       0      
       looper_volume_functions.obj    548     0         33     
       looper_board.obj               540     0         4      
       midi_knobs_functions.obj       460     0         16     
       task_manager_page.obj          76      0         400    
       heap_2.obj                     448     0         24     
       control_page.obj               376     0         16     
       midi_buttons_task.obj          284     0         24     
       homepage.obj                   292     0         0      
       console_uart.obj               252     0         4      
       text_controls.obj              210     0         0      
       board_select.obj               124     0         1      
       main.obj                       116     0         0      
       hooks.obj                      42      0         0      
    +--+------------------------------+-------+---------+---------+
       Total:                         17136   1007      18623  
                                                               
    .\FreeRTOS\
       tasks.obj                      7644    0         260    
       queue.obj                      4008    0         64     
       list.obj                       298     0         0      
    +--+------------------------------+-------+---------+---------+
       Total:                         11950   0         324    
                                                               
    .\FreeRTOS\portable\CCS\ARM_CM4F\
       port.obj                       652     8         12     
       portasm.obj                    218     0         0      
    +--+------------------------------+-------+---------+---------+
       Total:                         870     8         12     
                                                               
    .\driverlib\
       usb.obj                        5562    0         0      
       sysctl.obj                     3834    452       0      
       gpio.obj                       2952    528       0      
       adc.obj                        1986    0         4      
       interrupt.obj                  960     268       620    
       i2c.obj                        1692    128       0      
       timer.obj                      1602    160       0      
       uart.obj                       1560    128       0      
       udma.obj                       1248    0         0      
       ssi.obj                        838     64        0      
       fpu.obj                        192     0         0      
       cpu.obj                        62      0         0      
    +--+------------------------------+-------+---------+---------+
       Total:                         22488   1728      624    
                                                               
    .\usb_midi\
       usbmidi.obj                    240     379       580    
       usbmidi_handlers.obj           312     0         0      
       usb_midi_fifo.obj              160     0         0      
    +--+------------------------------+-------+---------+---------+
       Total:                         712     379       580    
                                                               
    .\utils\
       uartstdio.obj                  1192    46        5      
    +--+------------------------------+-------+---------+---------+
       Total:                         1192    46        5      
                                                               
    C:/ti/TivaWare_C_Series-2.2.0.295/usblib/ccs/Debug/usblib.lib
       usbdenum.obj                   2844    52        160    
       usbdma.obj                     2030    0         272    
       usbdconfig.obj                 576     0         0      
       usbdcdesc.obj                  360     0         0      
       usbtick.obj                    104     0         60     
       usbdesc.obj                    86      0         0      
       usbulpi.obj                    82      0         0      
       usbmode.obj                    36      0         13     
       usbdhandler.obj                24      0         0      
    +--+------------------------------+-------+---------+---------+
       Total:                         6142    52        505    
                                                               
    C:\ti\ccs1020\ccs\tools\compiler\ti-cgt-arm_20.2.2.LTS\lib\rtsv7M4_T_le_v4SPD16_eabi.lib
       _printfi.c.obj                 4851    0         0      
       memory.c.obj                   672     0         8      
       fd_add_t2.asm.obj              438     0         0      
       defs.c.obj                     0       0         416    
       trgmsg.c.obj                   108     0         288    
       fd_div_t2.asm.obj              310     0         0      
       fputs.c.obj                    276     0         0      
       s_scalbn.c.obj                 272     0         0      
       fd_cmp_t2.asm.obj              268     0         0      
       ctype.c.obj                    0       257       0      
       fd_mul_t2.asm.obj              252     0         0      
       setvbuf.c.obj                  220     0         0      
       fflush.c.obj                   200     0         0      
       host_device.c.obj              0       0         200    
       memcpy_t2.asm.obj              156     0         0      
       ull_div_t2.asm.obj             150     0         0      
       memset_t2.asm.obj              122     0         0      
       fclose.c.obj                   116     0         0      
       getdevice.c.obj                116     0         0      
       hostrename.c.obj               108     0         0      
       copy_decompress_lzss.c.obj     104     0         0      
       hostlseek.c.obj                104     0         0      
       hostopen.c.obj                 96      0         8      
       fseek.c.obj                    100     0         0      
       s_frexp.c.obj                  100     0         0      
       _io_perm.c.obj                 98      0         0      
       sprintf.c.obj                  98      0         0      
       close.c.obj                    92      0         0      
       exit.c.obj                     76      0         12     
       hostread.c.obj                 88      0         0      
       hostwrite.c.obj                88      0         0      
       _ltoa.c.obj                    84      0         0      
       atoi.c.obj                     76      0         0      
       fd_toi_t2.asm.obj              72      0         0      
       autoinit.c.obj                 68      0         0      
       fd_tou_t2.asm.obj              68      0         0      
       hostclose.c.obj                68      0         0      
       hostunlink.c.obj               68      0         0      
       u_divt2.asm.obj                64      0         0      
       fs_tod_t2.asm.obj              56      0         0      
       strncpy.c.obj                  54      0         0      
       boot_cortex_m.c.obj            52      0         0      
       fopen.c.obj                    52      0         0      
       i_tofd_t2.asm.obj              46      0         0      
       unlink.c.obj                   44      0         0      
       lseek.c.obj                    40      0         0      
       write.c.obj                    40      0         0      
       memchr.c.obj                   32      0         0      
       u_tofd_t2.asm.obj              32      0         0      
       assert.c.obj                   28      0         0      
       memccpy.c.obj                  28      0         0      
       s_copysign.c.obj               26      0         0      
       strcmp.c.obj                   24      0         0      
       strchr.c.obj                   22      0         0      
       strcpy.c.obj                   20      0         0      
       strlen.c.obj                   20      0         0      
       wcslen.c.obj                   18      0         0      
       copy_decompress_none.c.obj     14      0         0      
       copy_zero_init.c.obj           12      0         0      
       errno.c.obj                    8       0         4      
       _lock.c.obj                    2       0         8      
       pre_init.c.obj                 4       0         0      
       div0.asm.obj                   2       0         0      
    +--+------------------------------+-------+---------+---------+
       Total:                         10923   257       944    
                                                               
       Heap:                          0       0         16     
       Stack:                         0       0         1024   
       Linker Generated:              0       814       0      
    +--+------------------------------+-------+---------+---------+
       Grand Total:                   71413   4291      22657  


LINKER GENERATED COPY TABLES

__TI_cinit_table @ 000127c8 records: 3, size/record: 8, table size: 24
	.data: load addr=000124b0, load size=000002fa bytes, run addr=20004a68, run size=00000a14 bytes, compression=lzss
	.bss: load addr=000127b8, load size=00000008 bytes, run addr=2000026c, run size=000047fb bytes, compression=zero_init
	.vtable: load addr=000127c0, load size=00000008 bytes, run addr=20000000, run size=0000026c bytes, compression=zero_init


LINKER GENERATED HANDLER TABLE

__TI_handler_table @ 000127ac records: 3, size/record: 4, table size: 12
	index: 0, handler: __TI_zero_init
	index: 1, handler: __TI_decompress_lzss
	index: 2, handler: __TI_decompress_none


GLOBAL SYMBOLS: SORTED ALPHABETICALLY BY Name 

address   name                               
-------   ----                               
00007ba9  ADCBusy                            
00007bf1  ADCClockConfigGet                  
00007bc7  ADCClockConfigSet                  
000079c3  ADCComparatorConfigure             
00007a93  ADCComparatorIntClear              
00007a49  ADCComparatorIntDisable            
00007a67  ADCComparatorIntEnable             
00007a85  ADCComparatorIntStatus             
000079df  ADCComparatorRegionSet             
00007a03  ADCComparatorReset                 
00007991  ADCHardwareOversampleConfigure     
000075a7  ADCIntClear                        
00007b0b  ADCIntClearEx                      
0000750d  ADCIntDisable                      
00007aa5  ADCIntDisableEx                    
00007529  ADCIntEnable                       
00007abd  ADCIntEnableEx                     
000074c7  ADCIntRegister                     
0000754f  ADCIntStatus                       
00007ad9  ADCIntStatusEx                     
000074ef  ADCIntUnregister                   
00007b63  ADCPhaseDelayGet                   
00007b51  ADCPhaseDelaySet                   
00007807  ADCProcessorTrigger                
00007b3f  ADCReferenceGet                    
00007b23  ADCReferenceSet                    
0000a93b  ADCSeq0Handler                     
0000a97b  ADCSeq1Handler                     
000075f1  ADCSequenceConfigure               
00007b8d  ADCSequenceDMADisable              
00007b71  ADCSequenceDMAEnable               
000077c5  ADCSequenceDataGet                 
000075d7  ADCSequenceDisable                 
000075bd  ADCSequenceEnable                  
00007769  ADCSequenceOverflow                
00007781  ADCSequenceOverflowClear           
00007675  ADCSequenceStepConfigure           
00007797  ADCSequenceUnderflow               
000077af  ADCSequenceUnderflowClear          
0000782b  ADCSoftwareOversampleConfigure     
00007923  ADCSoftwareOversampleDataGet       
00007863  ADCSoftwareOversampleStepConfigure 
00011979  C$$EXIT                            
0001128f  C$$IO$$                            
000111ab  CPUbasepriGet                      
0001119d  CPUbasepriSet                      
00011177  CPUcpsid                           
0001118d  CPUcpsie                           
00011183  CPUprimask                         
00011199  CPUwfi                             
0000f79b  FPUDisable                         
0000f789  FPUEnable                          
0000f807  FPUFlushToZeroModeSet              
0000f7d3  FPUHalfPrecisionModeSet            
0000f7bb  FPULazyStackingEnable              
0000f7ed  FPUNaNModeSet                      
0000f821  FPURoundingModeSet                 
0000f7c7  FPUStackingDisable                 
0000f7a9  FPUStackingEnable                  
00006003  GPIOADCTriggerDisable              
00005fe5  GPIOADCTriggerEnable               
00005fc7  GPIODMATriggerDisable              
00005fa9  GPIODMATriggerEnable               
0000555b  GPIODirModeGet                     
000054ff  GPIODirModeSet                     
00005ac3  GPIOIntClear                       
00005a87  GPIOIntDisable                     
00005a6d  GPIOIntEnable                      
00005ad7  GPIOIntRegister                    
00005aa1  GPIOIntStatus                      
0000564b  GPIOIntTypeGet                     
000055a7  GPIOIntTypeSet                     
00005af5  GPIOIntUnregister                  
0000591b  GPIOPadConfigGet                   
000056e1  GPIOPadConfigSet                   
00005f4b  GPIOPinConfigure                   
00005b0f  GPIOPinRead                        
00005b47  GPIOPinTypeADC                     
00005b6b  GPIOPinTypeCAN                     
00005f17  GPIOPinTypeCIR                     
00005b8f  GPIOPinTypeComparator              
00005bb3  GPIOPinTypeEPI                     
00005bd7  GPIOPinTypeEthernetLED             
00005bfb  GPIOPinTypeEthernetMII             
00005c1f  GPIOPinTypeGPIOInput               
00005c43  GPIOPinTypeGPIOOutput              
00005c67  GPIOPinTypeGPIOOutputOD            
00005c8b  GPIOPinTypeI2C                     
00005caf  GPIOPinTypeI2CSCL                  
00005ecf  GPIOPinTypeKBColumn                
00005eab  GPIOPinTypeKBRow                   
00005cd3  GPIOPinTypeLCD                     
00005ef3  GPIOPinTypeLEDSeq                  
00005cf7  GPIOPinTypeLPC                     
00005d1b  GPIOPinTypePECIRx                  
00005d3f  GPIOPinTypePECITx                  
00005d63  GPIOPinTypePWM                     
00005d87  GPIOPinTypeQEI                     
00005dab  GPIOPinTypeSSI                     
00005dcf  GPIOPinTypeTimer                   
00005df3  GPIOPinTypeUART                    
00005e17  GPIOPinTypeUSBAnalog               
00005e3b  GPIOPinTypeUSBDigital              
00005e5f  GPIOPinTypeWakeHigh                
00005e85  GPIOPinTypeWakeLow                 
00005f3b  GPIOPinWakeStatus                  
00005b27  GPIOPinWrite                       
00010f21  HOSTclose                          
00010535  HOSTlseek                          
00010795  HOSTopen                           
000108b1  HOSTread                           
000104c9  HOSTrename                         
00010f65  HOSTunlink                         
00010909  HOSTwrite                          
0000e459  HandleConfigChange                 
0000e495  HandleDisconnect                   
0000e39f  HandleEndpoints                    
0000e391  HandleRequests                     
0000e4bb  HandleResume                       
0000e4b1  HandleSuspend                      
00008227  I2CFIFODataGet                     
00008241  I2CFIFODataGetNonBlocking          
000081dd  I2CFIFODataPut                     
000081ff  I2CFIFODataPutNonBlocking          
000081cd  I2CFIFOStatus                      
00007dc1  I2CIntRegister                     
00007ddf  I2CIntUnregister                   
0000827d  I2CMasterBurstCountGet             
00008267  I2CMasterBurstLengthSet            
00008025  I2CMasterBusBusy                   
0000800d  I2CMasterBusy                      
0000803d  I2CMasterControl                   
00008091  I2CMasterDataGet                   
0000807b  I2CMasterDataPut                   
00007d8d  I2CMasterDisable                   
00007d59  I2CMasterEnable                    
0000804f  I2CMasterErr                       
0000828b  I2CMasterGlitchFilterConfigSet     
00007c8f  I2CMasterInitExpClk                
00007f87  I2CMasterIntClear                  
00007fa5  I2CMasterIntClearEx                
00007e53  I2CMasterIntDisable                
00007e63  I2CMasterIntDisableEx              
00007df9  I2CMasterIntEnable                 
00007e09  I2CMasterIntEnableEx               
00007ead  I2CMasterIntStatus                 
00007ef1  I2CMasterIntStatusEx               
00007fff  I2CMasterLineStateGet              
00007fdd  I2CMasterSlaveAddrSet              
0000809f  I2CMasterTimeoutSet                
0000818d  I2CRxFIFOConfigSet                 
000081b5  I2CRxFIFOFlush                     
000080b1  I2CSlaveACKOverride                
000080e3  I2CSlaveACKValueSet                
00007d1b  I2CSlaveAddressSet                 
0000813d  I2CSlaveDataGet                    
00008125  I2CSlaveDataPut                    
00007da3  I2CSlaveDisable                    
00007d6f  I2CSlaveEnable                     
000082bb  I2CSlaveFIFODisable                
000082a3  I2CSlaveFIFOEnable                 
00007d01  I2CSlaveInit                       
00007fb7  I2CSlaveIntClear                   
00007fc9  I2CSlaveIntClearEx                 
00007e7b  I2CSlaveIntDisable                 
00007e93  I2CSlaveIntDisableEx               
00007e21  I2CSlaveIntEnable                  
00007e39  I2CSlaveIntEnableEx                
00007f1d  I2CSlaveIntStatus                  
00007f65  I2CSlaveIntStatusEx                
00008115  I2CSlaveStatus                     
0000814d  I2CTxFIFOConfigSet                 
00008175  I2CTxFIFOFlush                     
0000b0e1  IntDisable                         
0000b06f  IntEnable                          
0000b153  IntIsEnabled                       
0000af33  IntMasterDisable                   
0000af23  IntMasterEnable                    
0000b249  IntPendClear                       
0000b1d9  IntPendSet                         
0000b04b  IntPriorityGet                     
0000afc3  IntPriorityGroupingGet             
0000afa9  IntPriorityGroupingSet             
0000b2a3  IntPriorityMaskGet                 
0000b297  IntPriorityMaskSet                 
0000affb  IntPrioritySet                     
0000af43  IntRegister                        
0000b2ab  IntTrigger                         
0000af95  IntUnregister                      
000111f1  InternalUSBStartOfFrameTick        
00011471  InternalUSBTickInit                
0001192d  ResetISR                           
0000bc7d  SSIAdvDataPutFrameEnd              
0000bca3  SSIAdvDataPutFrameEndNonBlocking   
0000bce5  SSIAdvFrameHoldDisable             
0000bccf  SSIAdvFrameHoldEnable              
0000bc61  SSIAdvModeSet                      
0000bc0b  SSIBusy                            
0000bc3d  SSIClockSourceGet                  
0000bc29  SSIClockSourceSet                  
0000ba13  SSIConfigSetExpClk                 
0000bbf3  SSIDMADisable                      
0000bbdb  SSIDMAEnable                       
0000bb9d  SSIDataGet                         
0000bbb9  SSIDataGetNonBlocking              
0000bb63  SSIDataPut                         
0000bb7d  SSIDataPutNonBlocking              
0000bab5  SSIDisable                         
0000ba9f  SSIEnable                          
0000bb51  SSIIntClear                        
0000bb1b  SSIIntDisable                      
0000bb03  SSIIntEnable                       
0000bacb  SSIIntRegister                     
0000bb33  SSIIntStatus                       
0000bae9  SSIIntUnregister                   
0000543f  SysCtlAltClkConfig                 
00004c15  SysCtlClockFreqSet                 
000050f9  SysCtlClockGet                     
00005423  SysCtlClockOutConfig               
00004f2d  SysCtlClockSet                     
00004b15  SysCtlDeepSleep                    
000052c5  SysCtlDeepSleepClockConfigSet      
000052a7  SysCtlDeepSleepClockSet            
00004af5  SysCtlDeepSleepPowerSet            
00011965  SysCtlDelay                        
000046a3  SysCtlFlashSectorSizeGet           
00004677  SysCtlFlashSizeGet                 
0000539b  SysCtlGPIOAHBDisable               
0000537f  SysCtlGPIOAHBEnable                
00004a89  SysCtlIntClear                     
00004a71  SysCtlIntDisable                   
00004a5d  SysCtlIntEnable                    
00004a35  SysCtlIntRegister                  
00004a99  SysCtlIntStatus                    
00004a4d  SysCtlIntUnregister                
00004adb  SysCtlLDODeepSleepGet              
00004acb  SysCtlLDODeepSleepSet              
00004ac5  SysCtlLDOSleepGet                  
00004ab5  SysCtlLDOSleepSet                  
00004b4b  SysCtlMOSCConfigSet                
0000540f  SysCtlNMIClear                     
00005409  SysCtlNMIStatus                    
00004b61  SysCtlPIOSCCalibrate               
00005369  SysCtlPWMClockGet                  
0000534f  SysCtlPWMClockSet                  
000049e1  SysCtlPeripheralClockGating        
00004999  SysCtlPeripheralDeepSleepDisable   
00004949  SysCtlPeripheralDeepSleepEnable    
00004885  SysCtlPeripheralDisable            
00004849  SysCtlPeripheralEnable             
00004785  SysCtlPeripheralPowerOff           
00004749  SysCtlPeripheralPowerOn            
000046c9  SysCtlPeripheralPresent            
00004709  SysCtlPeripheralReady              
000047c1  SysCtlPeripheralReset              
0000490d  SysCtlPeripheralSleepDisable       
000048c9  SysCtlPeripheralSleepEnable        
00004b05  SysCtlReset                        
00004bc1  SysCtlResetBehaviorGet             
00004bb1  SysCtlResetBehaviorSet             
00004b37  SysCtlResetCauseClear              
00004b31  SysCtlResetCauseGet                
0000466d  SysCtlSRAMSizeGet                  
00004b0d  SysCtlSleep                        
00004ae1  SysCtlSleepPowerSet                
000053c9  SysCtlUSBPLLDisable                
000053b7  SysCtlUSBPLLEnable                 
000053f5  SysCtlVoltageEventClear            
000053d9  SysCtlVoltageEventConfig           
000053e9  SysCtlVoltageEventStatus           
0000888d  TimerADCEventGet                   
0000887b  TimerADCEventSet                   
000085b1  TimerClockSourceGet                
00008587  TimerClockSourceSet                
0000837b  TimerConfigure                     
0000849b  TimerControlEvent                  
000083f7  TimerControlLevel                  
000084c5  TimerControlStall                  
0000842d  TimerControlTrigger                
000084fb  TimerControlWaitOnTrigger          
000088ad  TimerDMAEventGet                   
0000889b  TimerDMAEventSet                   
0000835d  TimerDisable                       
0000833f  TimerEnable                        
00008857  TimerIntClear                      
00008821  TimerIntDisable                    
00008809  TimerIntEnable                     
000087c3  TimerIntRegister                   
00008839  TimerIntStatus                     
000087eb  TimerIntUnregister                 
0000867b  TimerLoadGet                       
000086b1  TimerLoadGet64                     
00008651  TimerLoadSet                       
00008697  TimerLoadSet64                     
0000875b  TimerMatchGet                      
00008791  TimerMatchGet64                    
00008731  TimerMatchSet                      
00008777  TimerMatchSet64                    
000085eb  TimerPrescaleGet                   
00008635  TimerPrescaleMatchGet              
00008607  TimerPrescaleMatchSet              
000085c1  TimerPrescaleSet                   
00008571  TimerRTCDisable                    
0000855b  TimerRTCEnable                     
00008869  TimerSynchronize                   
000088bb  TimerUpdateMode                    
000086e3  TimerValueGet                      
000086ff  TimerValueGet64                    
00008ee1  UART9BitAddrSend                   
00008ebb  UART9BitAddrSet                    
00008ea5  UART9BitDisable                    
00008e8f  UART9BitEnable                     
00008d33  UARTBreakCtl                       
00008d5d  UARTBusy                           
00008cdb  UARTCharGet                        
00008cbf  UARTCharGetNonBlocking             
00008d15  UARTCharPut                        
00008cf1  UARTCharPutNonBlocking             
00008c83  UARTCharsAvail                     
00008e7f  UARTClockSourceGet                 
00008e6b  UARTClockSourceSet                 
00008a53  UARTConfigGetExpClk                
000089dd  UARTConfigSetExpClk                
00008e31  UARTDMADisable                     
00008e19  UARTDMAEnable                      
00008ac3  UARTDisable                        
00008b47  UARTDisableSIR                     
00008a9f  UARTEnable                         
00008b19  UARTEnableSIR                      
00008b03  UARTFIFODisable                    
00008aed  UARTFIFOEnable                     
000089b5  UARTFIFOLevelGet                   
0000899d  UARTFIFOLevelSet                   
00008c43  UARTFlowControlGet                 
00008c27  UARTFlowControlSet                 
00008e07  UARTIntClear                       
00008dd1  UARTIntDisable                     
00008db9  UARTIntEnable                      
00008d7b  UARTIntRegister                    
00008de9  UARTIntStatus                      
00008d99  UARTIntUnregister                  
00008bdd  UARTModemControlClear              
00008c01  UARTModemControlGet                
00008ba5  UARTModemControlSet                
00008c13  UARTModemStatusGet                 
0000898b  UARTParityModeGet                  
0000896f  UARTParityModeSet                  
00008e5b  UARTRxErrorClear                   
00008e49  UARTRxErrorGet                     
00008b8f  UARTSmartCardDisable               
00008b5d  UARTSmartCardEnable                
00008ca1  UARTSpaceAvail                     
0000996d  UARTStdioConfig                    
00008c71  UARTTxIntModeGet                   
00008c55  UARTTxIntModeSet                   
00009abd  UARTgetc                           
00009a03  UARTgets                           
00009ddf  UARTprintf                         
00009ae5  UARTvprintf                        
000099b3  UARTwrite                          
00010a61  ULPIConfigSet                      
0001183d  USB0DeviceIntHandler               
0000323f  USBClockDisable                    
00003223  USBClockEnable                     
0000320f  USBControllerVersion               
00010b05  USBDCDConfigDescGet                
0001152f  USBDCDConfigDescGetNum             
00011809  USBDCDConfigDescGetSize            
0001177b  USBDCDConfigGetInterface           
00011229  USBDCDConfigGetInterfaceEndpoint   
00010e01  USBDCDDeviceInfoInit               
0000dd1d  USBDCDInit                         
00011799  USBDCDStallEP0                     
00003377  USBDMAChannelAddressGet            
0000335b  USBDMAChannelAddressSet            
000032e1  USBDMAChannelConfigSet             
000033ab  USBDMAChannelCountGet              
0000338f  USBDMAChannelCountSet              
000032c1  USBDMAChannelDisable               
000032a1  USBDMAChannelEnable                
00003271  USBDMAChannelIntDisable            
00003251  USBDMAChannelIntEnable             
00003291  USBDMAChannelIntStatus             
00003311  USBDMAChannelStatus                
00003331  USBDMAChannelStatusClear           
000033c3  USBDMANumChannels                  
0001155b  USBDescGet                         
000115e1  USBDescGetNum                      
0000267d  USBDevAddrGet                      
00002669  USBDevAddrSet                      
0000263d  USBDevConnect                      
00002653  USBDevDisconnect                   
000029b3  USBDevEndpointConfigGet            
000028c1  USBDevEndpointConfigSet            
00002d3d  USBDevEndpointDataAck              
00002567  USBDevEndpointStall                
000025c9  USBDevEndpointStallClear           
000023e3  USBDevEndpointStatusClear          
0000352f  USBDevLPMConfig                    
0000355d  USBDevLPMDisable                   
00003545  USBDevLPMEnable                    
00003517  USBDevLPMRemoteWake                
00003177  USBDevMode                         
000021a9  USBDevSpeedGet                     
0000e10d  USBDeviceConfig                    
0000fcb5  USBDeviceConfigAlternate           
0000f50d  USBDeviceEnumHandler               
00010e49  USBDeviceEnumResetHandler          
0000dfbd  USBDeviceIntHandlerInternal        
00010b55  USBDeviceResumeTickHandler         
00003129  USBEndpointDMAChannel              
00002b6f  USBEndpointDMAConfigSet            
00002c41  USBEndpointDMADisable              
00002c07  USBEndpointDMAEnable               
00002c7b  USBEndpointDataAvail               
00002cb3  USBEndpointDataGet                 
00002dad  USBEndpointDataPut                 
00002e11  USBEndpointDataSend                
00002501  USBEndpointDataToggleClear         
000031db  USBEndpointPacketCountSet          
0000236f  USBEndpointStatus                  
000030ff  USBFIFOAddrGet                     
00002b09  USBFIFOConfigGet                   
00002aa3  USBFIFOConfigSet                   
00002e69  USBFIFOFlush                       
000030c3  USBFrameNumberGet                  
00002117  USBHighSpeed                       
00002f79  USBHostAddrGet                     
00002f41  USBHostAddrSet                     
00002691  USBHostEndpointConfig              
00002d7b  USBHostEndpointDataAck             
00002465  USBHostEndpointDataToggle          
0000253b  USBHostEndpointPing                
0000282b  USBHostEndpointSpeed               
0000239b  USBHostEndpointStatusClear         
0000300b  USBHostHubAddrGet                  
00002fa7  USBHostHubAddrSet                  
000034db  USBHostLPMConfig                   
000034ff  USBHostLPMResume                   
00003493  USBHostLPMSend                     
00003165  USBHostMode                        
00003039  USBHostPwrConfig                   
000030ab  USBHostPwrDisable                  
00003093  USBHostPwrEnable                   
0000307b  USBHostPwrFaultDisable             
00003063  USBHostPwrFaultEnable              
00002ed9  USBHostRequestIN                   
00002f01  USBHostRequestINClear              
00002f2f  USBHostRequestStatus               
000020e9  USBHostReset                       
00002145  USBHostResume                      
00002173  USBHostSpeedGet                    
000020d3  USBHostSuspend                     
000021c1  USBIntDisableControl               
00002285  USBIntDisableEndpoint              
000021ff  USBIntEnableControl                
000022b3  USBIntEnableEndpoint               
00002337  USBIntRegister                     
00002239  USBIntStatusControl                
000022e1  USBIntStatusEndpoint               
00002355  USBIntUnregister                   
00003589  USBLPMEndpointGet                  
000035e9  USBLPMIntDisable                   
000035cf  USBLPMIntEnable                    
000035bf  USBLPMIntStatus                    
00003575  USBLPMLinkStateGet                 
000035a5  USBLPMRemoteWakeEnabled            
0000dbb9  USBLibDMAInit                      
0000f9b7  USBMIDIFIFO_Init                   
0000fa0f  USBMIDIFIFO_Pop                    
0000f9d3  USBMIDIFIFO_Push                   
0000f0cd  USBMIDI_InEpMsgWrite               
0000f0ed  USBMIDI_InEpSendMessages           
0000f09d  USBMIDI_Init                       
0000f0b9  USBMIDI_IsConnected                
0000f0bf  USBMIDI_OutEpFIFO_Pop              
0000319b  USBModeConfig                      
00003115  USBModeGet                         
000031fb  USBNumEndpointsGet                 
00003189  USBOTGMode                         
000030d1  USBOTGSessionRequest               
000031af  USBPHYPowerOff                     
000031c5  USBPHYPowerOn                      
000116d5  USBStackModeSet                    
000033d5  USBULPIConfig                      
00003403  USBULPIDisable                     
000033eb  USBULPIEnable                      
0000341b  USBULPIRegRead                     
00003453  USBULPIRegWrite                    
20004220  __CIOBUF_                          
20005880  __STACK_END                        
00000400  __STACK_SIZE                       
20005680  __STACK_TOP                        
00000010  __SYSMEM_SIZE                      
000127c8  __TI_CINIT_Base                    
000127e0  __TI_CINIT_Limit                   
000127ac  __TI_Handler_Table_Base            
000127b8  __TI_Handler_Table_Limit           
00010fed  __TI_auto_init_nobinit_nopinit     
0001133d  __TI_cleanup                       
200053c0  __TI_cleanup_ptr                   
0001013d  __TI_closefile                     
0001059d  __TI_decompress_lzss               
00011913  __TI_decompress_none               
00010c3d  __TI_doflush                       
200053c4  __TI_dtors_ptr                     
200053c8  __TI_enable_exit_profile_output    
200053b0  __TI_ft_end                        
00010a0d  __TI_ltoa                          
ffffffff  __TI_pprof_out_hndl                
00006029  __TI_printfi                       
ffffffff  __TI_prof_data_size                
ffffffff  __TI_prof_data_start               
00011371  __TI_readmsg                       
00000000  __TI_static_base__                 
20004630  __TI_tmpnams                       
00011261  __TI_writemsg                      
00010731  __TI_wrt_ok                        
00011921  __TI_zero_init                     
0000fdc9  __aeabi_cdcmpeq                    
0000fdc9  __aeabi_cdcmple                    
0000fe4f  __aeabi_cdrcmple                   
00010ed9  __aeabi_d2iz                       
00011075  __aeabi_d2uiz                      
0000d723  __aeabi_dadd                       
0000e4c9  __aeabi_ddiv                       
0000eead  __aeabi_dmul                       
0000d719  __aeabi_dsub                       
00011945  __aeabi_errno_addr                 
00011299  __aeabi_f2d                        
00011501  __aeabi_i2d                        
0000890f  __aeabi_idiv0                      
0000890f  __aeabi_ldiv0                      
00010049  __aeabi_memclr                     
00010049  __aeabi_memclr4                    
00010049  __aeabi_memclr8                    
0000fa57  __aeabi_memcpy                     
0000fa57  __aeabi_memcpy4                    
0000fa57  __aeabi_memcpy8                    
0001004b  __aeabi_memset                     
0001004b  __aeabi_memset4                    
0001004b  __aeabi_memset8                    
200053bc  __aeabi_stderr                     
200053b4  __aeabi_stdin                      
200053b8  __aeabi_stdout                     
0001175b  __aeabi_ui2d                       
000110b9  __aeabi_uidiv                      
000110b9  __aeabi_uidivmod                   
0000fb8d  __aeabi_uldivmod                   
ffffffff  __binit__                          
ffffffff  __c_args__                         
UNDEFED   __mpu_init                         
20005480  __stack                            
20000000  __start___llvm_prf_cnts            
20000000  __stop___llvm_prf_cnts             
000117b5  _abort_msg                         
000113a5  _c_int00_noargs                    
00011a9c  _ctypes_                           
20004c60  _device                            
20004b70  _ftable                            
20005414  _lock                              
00003603  _nop                               
20004cd8  _stream                            
20005880  _sys_memory                        
UNDEFED   _system_post_cinit                 
00011975  _system_pre_init                   
20005418  _unlock                            
00011979  abort                              
20004a10  adc_info                           
2000542c  adc_pin_struct                     
00008fc5  add_i2c_msg                        
00009e25  add_page                           
0000a569  ads1x15_drawdata                   
0000a681  ads1x15_drawinput                  
0000a4fd  ads1x15_drawpage                   
0000a309  ads1x15_looper_task                
0000a3cf  ads1x15_midi_task                  
0000ecb1  aligned_alloc                      
00010c89  atoi                               
0000f60f  bgd_color                          
ffffffff  binit                              
0000f601  bold_text_color                    
0000f661  clear_below_line                   
0000f657  clear_in_line                      
0000f64d  clear_line                         
0000f643  clear_terminal                     
00010855  close                              
0000a0f9  console_task                       
0000d987  control_drawdata                   
0000da07  control_drawinput                  
0000d8d1  control_drawpage                   
00011823  copysign                           
00011823  copysignl                          
0000ce19  create_error                       
0000f61d  cursor_pos                         
000006a5  eTaskGetState                      
20005478  errno                              
00010e91  exit                               
0000ffcd  fflush                             
000114d1  finddevice                         
0000ea8d  fputs                              
0000f271  free                               
00010605  frexp                              
00010605  frexpl                             
00010669  fseek                              
200053f0  g_bUSBTimerInitialized             
20005408  g_iUSBMode                         
20000000  g_pfnRAMVectors                    
200048d4  g_pfnTickHandlers                  
00000000  g_pfnVectors                       
000124a0  g_ppMidiConfigDescriptors          
20004a58  g_ppsDevInfo                       
20004794  g_psDCDInst                        
200053cc  g_psMidiSections                   
000123ec  g_pui8AudioMIDIDeviceDescriptor    
000123fe  g_pui8AudioMidiControlInterface    
000121d0  g_pui8ConfigString                 
0001249c  g_pui8LangDescriptor               
00012370  g_pui8ManufacturerString           
00012450  g_pui8MidiDescriptor               
00011f34  g_pui8MidiStreamInterface          
00012354  g_pui8ProductString                
00012410  g_pui8SerialNumberString           
200048ec  g_pvTickInstance                   
00012464  g_sAudioMidiControlInterfaceSection
0001246c  g_sMidiConfigHeader                
00012474  g_sMidiConfigSection               
0001247c  g_sMidiStreamInterfaceSection      
200053f4  g_ui32CurrentUSBTick               
200053f8  g_ui32USBSOFCount                  
2000540c  g_ui32WaitTicks                    
0000a8b9  get_adc_config                     
0000a931  get_adc_struct                     
0000a8fd  get_adc_val                        
0000ffaf  get_board_type                     
0000b92b  get_channel                        
0000edb1  get_char                           
0000d4ab  get_gpi_config                     
0000d509  get_gpi_struct                     
0000db5f  get_gpo                            
0000daef  get_gpo_config                     
0000ea39  get_octave                         
0000a4e5  get_sensitivity                    
0000a4cd  get_volume                         
00011031  getdevice                          
20004a18  gpis_info                          
20004a20  gpo_info                           
20004a5c  green_debug                        
0000e897  homepage_drawdata                  
0000e899  homepage_drawinput                 
0000e84d  homepage_drawpage                  
20005454  i2c_msg_queue                      
0000904d  i2c_task                           
0000a705  init_adc                           
0000a2a9  init_ads1x15                       
0000ff51  init_board_select                  
00009e15  init_console                       
0000ee19  init_console_uart                  
00006a79  init_drumpad                       
0000d399  init_gpis                          
[...]
00008b5d  UARTSmartCardEnable                
00008b8f  UARTSmartCardDisable               
00008ba5  UARTModemControlSet                
00008bdd  UARTModemControlClear              
00008c01  UARTModemControlGet                
00008c13  UARTModemStatusGet                 
00008c27  UARTFlowControlSet                 
00008c43  UARTFlowControlGet                 
00008c55  UARTTxIntModeSet                   
00008c71  UARTTxIntModeGet                   
00008c83  UARTCharsAvail                     
00008ca1  UARTSpaceAvail                     
00008cbf  UARTCharGetNonBlocking             
00008cdb  UARTCharGet                        
00008cf1  UARTCharPutNonBlocking             
00008d15  UARTCharPut                        
00008d33  UARTBreakCtl                       
00008d5d  UARTBusy                           
00008d7b  UARTIntRegister                    
00008d99  UARTIntUnregister                  
00008db9  UARTIntEnable                      
00008dd1  UARTIntDisable                     
00008de9  UARTIntStatus                      
00008e07  UARTIntClear                       
00008e19  UARTDMAEnable                      
00008e31  UARTDMADisable                     
00008e49  UARTRxErrorGet                     
00008e5b  UARTRxErrorClear                   
00008e6b  UARTClockSourceSet                 
00008e7f  UARTClockSourceGet                 
00008e8f  UART9BitEnable                     
00008ea5  UART9BitDisable                    
00008ebb  UART9BitAddrSet                    
00008ee1  UART9BitAddrSend                   
00008f29  init_i2c                           
00008fc5  add_i2c_msg                        
0000904d  i2c_task                           
0000948d  uDMAEnable                         
00009495  uDMADisable                        
0000949d  uDMAErrorStatusGet                 
000094a3  uDMAErrorStatusClear               
000094ab  uDMAChannelEnable                  
000094c3  uDMAChannelDisable                 
000094db  uDMAChannelIsEnabled               
00009503  uDMAControlBaseSet                 
00009513  uDMAControlBaseGet                 
00009519  uDMAControlAlternateBaseGet        
0000951f  uDMAChannelRequest                 
00009537  uDMAChannelAttributeEnable         
0000958b  uDMAChannelAttributeDisable        
000095df  uDMAChannelAttributeGet            
0000964f  uDMAChannelControlSet              
00009691  uDMAChannelTransferSet             
00009789  uDMAChannelScatterGatherSet        
00009815  uDMAChannelSizeGet                 
0000985d  uDMAChannelModeGet                 
000098a3  uDMAIntRegister                    
000098b9  uDMAIntUnregister                  
000098cb  uDMAIntStatus                      
000098d1  uDMAIntClear                       
000098e5  uDMAChannelAssign                  
0000992d  uDMAChannelSelectSecondary         
00009941  uDMAChannelSelectDefault           
0000996d  UARTStdioConfig                    
000099b3  UARTwrite                          
00009a03  UARTgets                           
00009abd  UARTgetc                           
00009ae5  UARTvprintf                        
00009ddf  UARTprintf                         
00009e15  init_console                       
00009e25  add_page                           
00009ee1  is_on_screen                       
0000a0f9  console_task                       
0000a2a9  init_ads1x15                       
0000a309  ads1x15_looper_task                
0000a3cf  ads1x15_midi_task                  
0000a4cd  get_volume                         
0000a4e5  get_sensitivity                    
0000a4fd  ads1x15_drawpage                   
0000a569  ads1x15_drawdata                   
0000a681  ads1x15_drawinput                  
0000a705  init_adc                           
0000a8b9  get_adc_config                     
0000a8fd  get_adc_val                        
0000a931  get_adc_struct                     
0000a93b  ADCSeq0Handler                     
0000a97b  ADCSeq1Handler                     
0000a9cd  midi_adc_task                      
0000aa49  looper_adc_task                    
0000ad71  init_usb_midi                      
0000adb3  usb_midi_task                      
0000ae35  usb_midi_rx_task                   
0000ae71  send_to_host                       
0000ae8d  send_to_host_from_isr              
0000aea9  usb_midi_drawpage                  
0000aeab  usb_midi_drawdata                  
0000aead  usb_midi_drawinput                 
0000af23  IntMasterEnable                    
0000af33  IntMasterDisable                   
0000af43  IntRegister                        
0000af95  IntUnregister                      
0000afa9  IntPriorityGroupingSet             
0000afc3  IntPriorityGroupingGet             
0000affb  IntPrioritySet                     
0000b04b  IntPriorityGet                     
0000b06f  IntEnable                          
0000b0e1  IntDisable                         
0000b153  IntIsEnabled                       
0000b1d9  IntPendSet                         
0000b249  IntPendClear                       
0000b297  IntPriorityMaskSet                 
0000b2a3  IntPriorityMaskGet                 
0000b2ab  IntTrigger                         
0000b2e1  process_joystick                   
0000b665  init_midi_channel_select           
0000b883  midi_channel_select_task           
0000b92b  get_channel                        
0000ba13  SSIConfigSetExpClk                 
0000ba9f  SSIEnable                          
0000bab5  SSIDisable                         
0000bacb  SSIIntRegister                     
0000bae9  SSIIntUnregister                   
0000bb03  SSIIntEnable                       
0000bb1b  SSIIntDisable                      
0000bb33  SSIIntStatus                       
0000bb51  SSIIntClear                        
0000bb63  SSIDataPut                         
0000bb7d  SSIDataPutNonBlocking              
0000bb9d  SSIDataGet                         
0000bbb9  SSIDataGetNonBlocking              
0000bbdb  SSIDMAEnable                       
0000bbf3  SSIDMADisable                      
0000bc0b  SSIBusy                            
0000bc29  SSIClockSourceSet                  
0000bc3d  SSIClockSourceGet                  
0000bc61  SSIAdvModeSet                      
0000bc7d  SSIAdvDataPutFrameEnd              
0000bca3  SSIAdvDataPutFrameEndNonBlocking   
0000bccf  SSIAdvFrameHoldEnable              
0000bce5  SSIAdvFrameHoldDisable             
0000bcfd  init_looper_buttons                
0000bd5d  looper_buttons_task                
0000bfe9  init_midi_ctrl_board               
0000c285  pxPortInitialiseStack              
0000c311  xPortStartScheduler                
0000c3a5  vPortEndScheduler                  
0000c3c9  vPortEnterCritical                 
0000c40b  vPortExitCritical                  
0000c437  xPortSysTickHandler                
0000c45d  vPortSetupTimerInterrupt           
0000c479  vPortValidateInterruptPriority     
0000c781  init_looper_effects                
0000c7a9  process_effects                    
0000c92f  send_effects                       
0000c9d9  init_looper_volumes                
0000ca01  process_looper_volumes             
0000cbdb  send_volumes                       
0000cbfd  init_looper_board                  
0000ce19  create_error                       
0000ce79  set_error                          
0000ce8b  init_logger                        
0000cea3  logger_drawpage                    
0000cedd  logger_drawdata                    
0000cf77  logger_drawinput                   
0000d1cd  init_midi_knobs                    
0000d1ff  process_midi_knobs                 
0000d399  init_gpis                          
0000d4ab  get_gpi_config                     
0000d4ef  read_gpi                           
0000d509  get_gpi_struct                     
0000d559  pvPortMalloc                       
0000d659  vPortFree                          
0000d6b7  xPortGetFreeHeapSize               
0000d6bd  vPortInitialiseBlocks              
0000d719  __aeabi_dsub                       
0000d723  __aeabi_dadd                       
0000d8d1  control_drawpage                   
0000d987  control_drawdata                   
0000da07  control_drawinput                  
0000da49  init_gpos                          
0000daef  get_gpo_config                     
0000db33  set_gpo                            
0000db5f  get_gpo                            
0000dbb9  USBLibDMAInit                      
0000dd1d  USBDCDInit                         
0000dfbd  USBDeviceIntHandlerInternal        
0000e10d  USBDeviceConfig                    
0000e391  HandleRequests                     
0000e39f  HandleEndpoints                    
0000e459  HandleConfigChange                 
0000e495  HandleDisconnect                   
0000e4b1  HandleSuspend                      
0000e4bb  HandleResume                       
0000e4c9  __aeabi_ddiv                       
0000e5ff  vListInitialise                    
0000e62f  vListInitialiseItem                
0000e63f  vListInsertEnd                     
0000e67b  vListInsert                        
0000e6e1  uxListRemove                       
0000e84d  homepage_drawpage                  
0000e897  homepage_drawdata                  
0000e899  homepage_drawinput                 
0000e971  init_midi_buttons                  
0000e9a5  midi_buttons_task                  
0000ea39  get_octave                         
0000ea3f  pressure_sense_is_on               
0000ea8d  fputs                              
0000eba1  ldexp                              
0000eba1  ldexpl                             
0000eba1  scalbn                             
0000eba1  scalbnl                            
0000ecb1  aligned_alloc                      
0000ecb1  memalign                           
0000edb1  get_char                           
0000ee19  init_console_uart                  
0000eead  __aeabi_dmul                       
0000f09d  USBMIDI_Init                       
0000f0b9  USBMIDI_IsConnected                
0000f0bf  USBMIDI_OutEpFIFO_Pop              
0000f0cd  USBMIDI_InEpMsgWrite               
0000f0ed  USBMIDI_InEpSendMessages           
0000f271  free                               
0000f355  setvbuf                            
0000f441  ulPortGetIPSR                      
0000f459  xPortPendSVHandler                 
0000f4b9  vPortSVCHandler                    
0000f4d9  vPortStartFirstTask                
0000f4fd  vPortEnableVFP                     
0000f50d  USBDeviceEnumHandler               
0000f5e5  set_text_mode                      
0000f5f3  text_color                         
0000f601  bold_text_color                    
0000f60f  bgd_color                          
0000f61d  cursor_pos                         
0000f62f  save_cursor_pos                    
0000f639  restore_cursor_pos                 
0000f643  clear_terminal                     
0000f64d  clear_line                         
0000f657  clear_in_line                      
0000f661  clear_below_line                   
0000f789  FPUEnable                          
0000f79b  FPUDisable                         
0000f7a9  FPUStackingEnable                  
0000f7bb  FPULazyStackingEnable              
0000f7c7  FPUStackingDisable                 
0000f7d3  FPUHalfPrecisionModeSet            
0000f7ed  FPUNaNModeSet                      
0000f807  FPUFlushToZeroModeSet              
0000f821  FPURoundingModeSet                 
0000f9b7  USBMIDIFIFO_Init                   
0000f9d3  USBMIDIFIFO_Push                   
0000fa0f  USBMIDIFIFO_Pop                    
0000fa57  __aeabi_memcpy                     
0000fa57  __aeabi_memcpy4                    
0000fa57  __aeabi_memcpy8                    
0000fa57  memcpy                             
0000fb8d  __aeabi_uldivmod                   
0000fcb5  USBDeviceConfigAlternate           
0000fdc9  __aeabi_cdcmpeq                    
0000fdc9  __aeabi_cdcmple                    
0000fe4f  __aeabi_cdrcmple                   
0000ff51  init_board_select                  
0000ffaf  get_board_type                     
0000ffcd  fflush                             
00010049  __aeabi_memclr                     
00010049  __aeabi_memclr4                    
00010049  __aeabi_memclr8                    
0001004b  __aeabi_memset                     
0001004b  __aeabi_memset4                    
0001004b  __aeabi_memset8                    
00010051  memset                             
0001013d  __TI_closefile                     
000101b1  main                               
000104c9  HOSTrename                         
00010535  HOSTlseek                          
0001059d  __TI_decompress_lzss               
00010605  frexp                              
00010605  frexpl                             
00010669  fseek                              
00010731  __TI_wrt_ok                        
00010795  HOSTopen                           
00010855  close                              
000108b1  HOSTread                           
00010909  HOSTwrite                          
00010a0d  __TI_ltoa                          
00010a61  ULPIConfigSet                      
00010b05  USBDCDConfigDescGet                
00010b55  USBDeviceResumeTickHandler         
00010c3d  __TI_doflush                       
00010c89  atoi                               
00010d21  taskmanager_drawpage               
00010d59  taskmanager_drawdata               
00010d5b  taskmanager_drawinput              
00010e01  USBDCDDeviceInfoInit               
00010e49  USBDeviceEnumResetHandler          
00010e91  exit                               
00010ed9  __aeabi_d2iz                       
00010f21  HOSTclose                          
00010f65  HOSTunlink                         
00010fed  __TI_auto_init_nobinit_nopinit     
00011031  getdevice                          
00011075  __aeabi_d2uiz                      
000110b9  __aeabi_uidiv                      
000110b9  __aeabi_uidivmod                   
000110f9  sprintf                            
00011177  CPUcpsid                           
00011183  CPUprimask                         
0001118d  CPUcpsie                           
00011199  CPUwfi                             
0001119d  CPUbasepriSet                      
000111ab  CPUbasepriGet                      
000111f1  InternalUSBStartOfFrameTick        
00011229  USBDCDConfigGetInterfaceEndpoint   
00011261  __TI_writemsg                      
0001128f  C$$IO$$                            
00011299  __aeabi_f2d                        
000112d1  strncpy                            
0001133d  __TI_cleanup                       
00011371  __TI_readmsg                       
000113a5  _c_int00_noargs                    
00011471  InternalUSBTickInit                
000114d1  finddevice                         
00011501  __aeabi_i2d                        
0001152f  USBDCDConfigDescGetNum             
0001155b  USBDescGet                         
000115b5  remove                             
000115b5  unlink                             
000115e1  USBDescGetNum                      
0001160b  vApplicationMallocFailedHook       
0001161b  vApplicationIdleHook               
0001161d  vApplicationStackOverflowHook      
00011685  lseek                              
000116ad  write                              
000116d5  USBStackModeSet                    
0001173b  memchr                             
0001175b  __aeabi_ui2d                       
0001177b  USBDCDConfigGetInterface           
00011799  USBDCDStallEP0                     
000117b5  _abort_msg                         
000117ed  memccpy                            
00011809  USBDCDConfigDescGetSize            
00011823  copysign                           
00011823  copysignl                          
0001183d  USB0DeviceIntHandler               
0001189d  strcmp                             
000118b5  strchr                             
000118cb  strcpy                             
000118df  strlen                             
000118f3  wcslen                             
00011913  __TI_decompress_none               
00011921  __TI_zero_init                     
0001192d  ResetISR                           
00011945  __aeabi_errno_addr                 
0001195d  malloc                             
00011965  SysCtlDelay                        
00011975  _system_pre_init                   
00011979  C$$EXIT                            
00011979  abort                              
00011a9c  _ctypes_                           
00011f34  g_pui8MidiStreamInterface          
000121d0  g_pui8ConfigString                 
00012354  g_pui8ProductString                
00012370  g_pui8ManufacturerString           
000123d8  stringDescriptors                  
000123ec  g_pui8AudioMIDIDeviceDescriptor    
000123fe  g_pui8AudioMidiControlInterface    
00012410  g_pui8SerialNumberString           
00012450  g_pui8MidiDescriptor               
00012464  g_sAudioMidiControlInterfaceSection
0001246c  g_sMidiConfigHeader                
00012474  g_sMidiConfigSection               
0001247c  g_sMidiStreamInterfaceSection      
00012484  looper_gpo_info                    
0001248c  midi_gpo_info                      
00012494  ulMaxSyscallInterruptPriority      
0001249c  g_pui8LangDescriptor               
000124a0  g_ppMidiConfigDescriptors          
000127ac  __TI_Handler_Table_Base            
000127b8  __TI_Handler_Table_Limit           
000127c8  __TI_CINIT_Base                    
000127e0  __TI_CINIT_Limit                   
20000000  __start___llvm_prf_cnts            
20000000  __stop___llvm_prf_cnts             
20000000  g_pfnRAMVectors                    
2000026c  ucHeap                             
20004220  __CIOBUF_                          
20004630  __TI_tmpnams                       
20004794  g_psDCDInst                        
20004824  xQueueRegistry                     
200048d4  g_pfnTickHandlers                  
200048ec  g_pvTickInstance                   
200049c0  midi_knobs                         
20004a10  adc_info                           
20004a18  gpis_info                          
20004a20  gpo_info                           
20004a28  parmbuf                            
20004a58  g_ppsDevInfo                       
20004a5c  green_debug                        
20004b70  _ftable                            
20004c60  _device                            
20004cd8  _stream                            
20004d28  pxCurrentTCB                       
200053b0  __TI_ft_end                        
200053b4  __aeabi_stdin                      
200053b8  __aeabi_stdout                     
200053bc  __aeabi_stderr                     
200053c0  __TI_cleanup_ptr                   
200053c4  __TI_dtors_ptr                     
200053c8  __TI_enable_exit_profile_output    
200053cc  g_psMidiSections                   
200053f0  g_bUSBTimerInitialized             
200053f4  g_ui32CurrentUSBTick               
200053f8  g_ui32USBSOFCount                  
20005408  g_iUSBMode                         
2000540c  g_ui32WaitTicks                    
20005414  _lock                              
20005418  _unlock                            
2000542c  adc_pin_struct                     
2000543c  looper_gpi_info                    
20005444  midi_gpi_info                      
20005454  i2c_msg_queue                      
20005478  errno                              
20005480  __stack                            
20005680  __STACK_TOP                        
20005880  __STACK_END                        
20005880  _sys_memory                        
ffffffff  __TI_pprof_out_hndl                
ffffffff  __TI_prof_data_size                
ffffffff  __TI_prof_data_start               
ffffffff  __binit__                          
ffffffff  __c_args__                         
ffffffff  binit                              
UNDEFED   __mpu_init                         
UNDEFED   _system_post_cinit                 

[863 symbols]
