******************************************************************************
                  TI ARM Linker PC v20.2.2                     
******************************************************************************
>> Linked Fri Apr  9 22:35:00 2021

OUTPUT FILE NAME:   <drum_pad.out>
ENTRY POINT SYMBOL: "_c_int00_noargs"  address: 0000d131


MEMORY CONFIGURATION

         name            origin    length      used     unused   attr    fill
----------------------  --------  ---------  --------  --------  ----  --------
  FLASH                 00000000   00040000  0000ded2  0003212e  R  X
  SRAM                  20000000   00008000  0000759c  00000a64  RW X


SEGMENT ALLOCATION MAP

run origin  load origin   length   init length attrs members
----------  ----------- ---------- ----------- ----- -------
00000000    00000000    0000ded8   0000ded8    r-x
  00000000    00000000    0000026c   0000026c    r-- .intvecs
  0000026c    0000026c    0000d186   0000d186    r-x .text
  0000d3f4    0000d3f4    000008c8   000008c8    r-- .const
  0000dcc0    0000dcc0    00000218   00000218    r-- .cinit
20000000    20000000    000075a0   00000000    rw-
  20000000    20000000    0000026c   00000000    rw- .vtable
  2000026c    2000026c    00006b2c   00000000    rw- .bss
  20006d98    20006d98    000005f4   00000000    rw- .data
  20007390    20007390    00000200   00000000    rw- .stack
  20007590    20007590    00000010   00000000    rw- .sysmem


SECTION ALLOCATION MAP

 output                                  attributes/
section   page    origin      length       input sections
--------  ----  ----------  ----------   ----------------
.intvecs   0    00000000    0000026c     
                  00000000    0000026c     tm4c123gh6pm_startup_ccs.obj (.intvecs)

.text      0    0000026c    0000d186     
                  0000026c    00001e58     tasks.obj (.text)
                  000020c4    00001098     queue.obj (.text)
                  0000315c    00000ef4     sysctl.obj (.text)
                  00004050    00000b88     gpio.obj (.text)
                  00004bd8    00000a4e     rtsv7M4_T_le_v4SPD16_eabi.lib : _printfi.c.obj (.text:__TI_printfi)
                  00005626    00000002                                   : _lock.c.obj (.text:_nop)
                  00005628    00000830     timers.obj (.text)
                  00005e58    000007c2     adc.obj (.text)
                  0000661a    00000002     rtsv7M4_T_le_v4SPD16_eabi.lib : div0.asm.obj (.text)
                  0000661c    0000069c     i2c.obj (.text)
                  00006cb8    00000642     timer.obj (.text)
                  000072fa    00000002     --HOLE-- [fill = 0]
                  000072fc    00000618     uart.obj (.text)
                  00007914    0000055c     event_groups.obj (.text)
                  00007e70    0000053c     I2C_task.obj (.text)
                  000083ac    000004a8     uartstdio.obj (.text)
                  00008854    0000049c     drum_pad_functions.obj (.text)
                  00008cf0    00000494     console_task.obj (.text)
                  00009184    000003c0     interrupt.obj (.text)
                  00009544    000003a8     ADC_task.obj (.text)
                  000098ec    00000346     ssi.obj (.text)
                  00009c32    00000002     --HOLE-- [fill = 0]
                  00009c34    000002b4     rotary_enc_task.obj (.text)
                  00009ee8    0000028c     port.obj (.text)
                  0000a174    00000270     rtsv7M4_T_le_v4SPD16_eabi.lib : _printfi.c.obj (.text:_pconv_a)
                  0000a3e4    00000230     logger.obj (.text)
                  0000a614    00000208     main.obj (.text)
                  0000a81c    000001d0     rtsv7M4_T_le_v4SPD16_eabi.lib : _printfi.c.obj (.text:_pconv_g)
                  0000a9ec    000001c0     heap_2.obj (.text)
                  0000abac    000001b6     rtsv7M4_T_le_v4SPD16_eabi.lib : fd_add_t2.asm.obj (.text)
                  0000ad62    00000002     --HOLE-- [fill = 0]
                  0000ad64    000001b4     host_uart_task.obj (.text)
                  0000af18    0000018c     GPIs.obj (.text)
                  0000b0a4    00000178     control_page.obj (.text)
                  0000b21c    00000144     GPOs.obj (.text)
                  0000b360    0000013c     rtsv7M4_T_le_v4SPD16_eabi.lib : _printfi.c.obj (.text:_pconv_e)
                  0000b49c    00000136                                   : fd_div_t2.asm.obj (.text)
                  0000b5d2    00000002     --HOLE-- [fill = 0]
                  0000b5d4    00000130     homepage.obj (.text)
                  0000b704    0000012a     list.obj (.text)
                  0000b82e    00000002     --HOLE-- [fill = 0]
                  0000b830    00000124     rtsv7M4_T_le_v4SPD16_eabi.lib : _printfi.c.obj (.text:fcvt)
                  0000b954    00000114                                   : fputs.c.obj (.text:fputs)
                  0000ba68    00000110                                   : s_scalbn.c.obj (.text:scalbn)
                  0000bb78    00000100                                   : memory.c.obj (.text:aligned_alloc)
                  0000bc78    000000fc                                   : fd_mul_t2.asm.obj (.text)
                  0000bd74    000000f0     console_uart.obj (.text)
                  0000be64    000000e4     rtsv7M4_T_le_v4SPD16_eabi.lib : memory.c.obj (.text:free)
                  0000bf48    000000dc                                   : setvbuf.c.obj (.text:setvbuf)
                  0000c024    000000da     portasm.obj (.text)
                  0000c0fe    00000002     --HOLE-- [fill = 0]
                  0000c100    000000d2     text_controls.obj (.text)
                  0000c1d2    00000002     --HOLE-- [fill = 0]
                  0000c1d4    000000c0     fpu.obj (.text)
                  0000c294    000000b1     rtsv7M4_T_le_v4SPD16_eabi.lib : _printfi.c.obj (.text:_ltostr)
                  0000c345    00000001     --HOLE-- [fill = 0]
                  0000c346    0000009c                                   : memcpy_t2.asm.obj (.text)
                  0000c3e2    00000096                                   : ull_div_t2.asm.obj (.text)
                  0000c478    00000086                                   : fd_cmp_t2.asm.obj (.text:__aeabi_cdcmple)
                  0000c4fe    00000086                                   : fd_cmp_t2.asm.obj (.text:__aeabi_cdrcmple)
                  0000c584    0000007c                                   : fflush.c.obj (.text:fflush)
                  0000c600    0000007a                                   : memset_t2.asm.obj (.text)
                  0000c67a    00000002     --HOLE-- [fill = 0]
                  0000c67c    00000074                                   : fclose.c.obj (.text:__TI_closefile)
                  0000c6f0    00000070                                   : memory.c.obj (.text:split)
                  0000c760    0000006e                                   : _printfi.c.obj (.text:_mcpy)
                  0000c7ce    00000002     --HOLE-- [fill = 0]
                  0000c7d0    0000006c                                   : hostrename.c.obj (.text:HOSTrename)
                  0000c83c    00000068                                   : hostlseek.c.obj (.text:HOSTlseek)
                  0000c8a4    00000068                                   : copy_decompress_lzss.c.obj (.text:decompress:lzss:__TI_decompress_lzss)
                  0000c90c    00000064                                   : s_frexp.c.obj (.text:frexp)
                  0000c970    00000064                                   : fseek.c.obj (.text:fseek)
                  0000c9d4    00000062                                   : _io_perm.c.obj (.text:__TI_wrt_ok)
                  0000ca36    00000002     --HOLE-- [fill = 0]
                  0000ca38    00000060                                   : hostopen.c.obj (.text:HOSTopen)
                  0000ca98    0000005c                                   : close.c.obj (.text:close)
                  0000caf4    00000058                                   : hostread.c.obj (.text:HOSTread)
                  0000cb4c    00000058                                   : hostwrite.c.obj (.text:HOSTwrite)
                  0000cba4    00000056                                   : _printfi.c.obj (.text:_pconv_f)
                  0000cbfa    00000054                                   : _ltoa.c.obj (.text:__TI_ltoa)
                  0000cc4e    00000052                                   : _printfi.c.obj (.text:_ecpy)
                  0000cca0    0000004c                                   : fflush.c.obj (.text:__TI_doflush)
                  0000ccec    0000004c                                   : atoi.c.obj (.text:atoi)
                  0000cd38    0000004c     task_manager_page.obj (.text)
                  0000cd84    00000048     rtsv7M4_T_le_v4SPD16_eabi.lib : exit.c.obj (.text:exit)
                  0000cdcc    00000048                                   : fd_toi_t2.asm.obj (.text)
                  0000ce14    00000044                                   : hostclose.c.obj (.text:HOSTclose)
                  0000ce58    00000044                                   : hostunlink.c.obj (.text:HOSTunlink)
                  0000ce9c    00000044                                   : autoinit.c.obj (.text:__TI_auto_init_nobinit_nopinit:__TI_auto_init_nobinit_nopinit)
                  0000cee0    00000044                                   : getdevice.c.obj (.text:getdevice)
                  0000cf24    00000040                                   : u_divt2.asm.obj (.text)
                  0000cf64    00000040                                   : sprintf.c.obj (.text:sprintf)
                  0000cfa4    0000003e                                   : _printfi.c.obj (.text:_fcpy)
                  0000cfe2    0000003e     cpu.obj (.text)
                  0000d020    00000038     rtsv7M4_T_le_v4SPD16_eabi.lib : trgmsg.c.obj (.text:__TI_writemsg)
                  0000d058    00000038                                   : fs_tod_t2.asm.obj (.text)
                  0000d090    00000036                                   : strncpy.c.obj (.text:strncpy)
                  0000d0c6    00000002     --HOLE-- [fill = 0]
                  0000d0c8    00000034                                   : fopen.c.obj (.text:__TI_cleanup)
                  0000d0fc    00000034                                   : trgmsg.c.obj (.text:__TI_readmsg)
                  0000d130    00000034                                   : boot_cortex_m.c.obj (.text:_c_int00_noargs:_c_int00_noargs)
                  0000d164    00000030                                   : getdevice.c.obj (.text:finddevice)
                  0000d194    0000002e                                   : i_tofd_t2.asm.obj (.text)
                  0000d1c2    00000002     --HOLE-- [fill = 0]
                  0000d1c4    0000002c                                   : unlink.c.obj (.text:unlink)
                  0000d1f0    0000002a     hooks.obj (.text)
                  0000d21a    00000002     --HOLE-- [fill = 0]
                  0000d21c    00000028     rtsv7M4_T_le_v4SPD16_eabi.lib : memory.c.obj (.text:free_list_insert)
                  0000d244    00000028                                   : lseek.c.obj (.text:lseek)
                  0000d26c    00000028                                   : write.c.obj (.text:write)
                  0000d294    00000020                                   : memchr.c.obj (.text:memchr)
                  0000d2b4    0000001c                                   : assert.c.obj (.text:_abort_msg)
                  0000d2d0    0000001c                                   : memory.c.obj (.text:free_list_remove)
                  0000d2ec    0000001c                                   : memccpy.c.obj (.text:memccpy)
                  0000d308    0000001a                                   : s_copysign.c.obj (.text:copysign)
                  0000d322    00000018                                   : sprintf.c.obj (.text:_outs)
                  0000d33a    00000018                                   : strcmp.c.obj (.text:strcmp)
                  0000d352    00000016                                   : strchr.c.obj (.text:strchr)
                  0000d368    00000014                                   : strcpy.c.obj (.text:strcpy)
                  0000d37c    00000014                                   : strlen.c.obj (.text:strlen)
                  0000d390    00000012                                   : wcslen.c.obj (.text:wcslen)
                  0000d3a2    0000000e                                   : copy_decompress_none.c.obj (.text:decompress:none:__TI_decompress_none)
                  0000d3b0    0000000c                                   : copy_zero_init.c.obj (.text:decompress:ZI:__TI_zero_init)
                  0000d3bc    0000000c     tm4c123gh6pm_startup_ccs.obj (.text)
                  0000d3c8    0000000a     rtsv7M4_T_le_v4SPD16_eabi.lib : sprintf.c.obj (.text:_outc)
                  0000d3d2    00000002     --HOLE-- [fill = 0]
                  0000d3d4    00000008                                   : errno.c.obj (.text:__aeabi_errno_addr)
                  0000d3dc    00000008                                   : memory.c.obj (.text:malloc)
                  0000d3e4    00000006     sysctl.obj (.text:SysCtlDelay)
                  0000d3ea    00000004     rtsv7M4_T_le_v4SPD16_eabi.lib : pre_init.c.obj (.text:_system_pre_init)
                  0000d3ee    00000004                                   : exit.c.obj (.text:abort:abort)

.const     0    0000d3f4    000008c8     
                  0000d3f4    00000120     sysctl.obj (.const:g_pppui32XTALtoVCO)
                  0000d514    00000101     rtsv7M4_T_le_v4SPD16_eabi.lib : ctype.c.obj (.const:.string:_ctypes_)
                  0000d615    00000003     --HOLE-- [fill = 0]
                  0000d618    000000c0     gpio.obj (.const:g_ppui32GPIOIntMapBlizzard)
                  0000d6d8    000000c0     gpio.obj (.const:g_ppui32GPIOIntMapSnowflake)
                  0000d798    0000009c     interrupt.obj (.const:g_pui32Regs)
                  0000d834    00000090     gpio.obj (.const:g_pui32GPIOBaseAddrs)
                  0000d8c4    0000006c     sysctl.obj (.const:g_pui32Xtals)
                  0000d930    00000060     ADC_task.obj (.const:.string)
                  0000d990    00000060     timer.obj (.const:g_ppui32TimerIntMap)
                  0000d9f0    00000050     i2c.obj (.const:g_ppui32I2CIntMapSnowflake)
                  0000da40    00000040     GPIs.obj (.const:.string)
                  0000da80    00000040     timer.obj (.const:g_ppui32TimerIntMapSnowflake)
                  0000dac0    00000040     uart.obj (.const:g_ppui32UARTIntMap)
                  0000db00    00000040     uart.obj (.const:g_ppui32UARTIntMapSnowflake)
                  0000db40    00000030     i2c.obj (.const:g_ppui32I2CIntMap)
                  0000db70    00000030     sysctl.obj (.const:g_sXTALtoMEMTIM)
                  0000dba0    00000022     GPOs.obj (.const:.string)
                  0000dbc2    00000002     --HOLE-- [fill = 0]
                  0000dbc4    00000020     ssi.obj (.const:g_ppui32SSIIntMap)
                  0000dbe4    00000020     ssi.obj (.const:g_ppui32SSIIntMapSnowflake)
                  0000dc04    00000020     interrupt.obj (.const:g_pui32Priority)
                  0000dc24    00000014     interrupt.obj (.const:g_pui32Dii16Regs)
                  0000dc38    00000014     interrupt.obj (.const:g_pui32EnRegs)
                  0000dc4c    00000014     interrupt.obj (.const:g_pui32PendRegs)
                  0000dc60    00000014     interrupt.obj (.const:g_pui32UnpendRegs)
                  0000dc74    00000012     uartstdio.obj (.const:.string)
                  0000dc86    00000002     --HOLE-- [fill = 0]
                  0000dc88    0000000c     uartstdio.obj (.const:g_ui32UARTBase)
                  0000dc94    0000000c     uartstdio.obj (.const:g_ui32UARTPeriph)
                  0000dca0    00000008     sysctl.obj (.const:g_pui32VCOFrequencies)
                  0000dca8    00000008     GPOs.obj (.const:gpo_info)
                  0000dcb0    00000008     port.obj (.const)
                  0000dcb8    00000004     uartstdio.obj (.const)

.cinit     0    0000dcc0    00000218     
                  0000dcc0    000001df     (.cinit..data.load) [load image, compression = lzss]
                  0000de9f    00000001     --HOLE-- [fill = 0]
                  0000dea0    0000000c     (__TI_handler_table)
                  0000deac    00000004     --HOLE-- [fill = 0]
                  0000deb0    00000008     (.cinit..bss.load) [load image, compression = zero_init]
                  0000deb8    00000008     (.cinit..vtable.load) [load image, compression = zero_init]
                  0000dec0    00000018     (__TI_cinit_table)

.init_array 
*          0    00000000    00000000     UNINITIALIZED

.vtable    0    20000000    0000026c     UNINITIALIZED
                  20000000    0000026c     interrupt.obj (.vtable)

.bss       0    2000026c    00006b2c     UNINITIALIZED
                  2000026c    00006400     (.common:ucHeap)
                  2000666c    00000190     task_manager_page.obj (.bss:write_buffer)
                  200067fc    00000120     rtsv7M4_T_le_v4SPD16_eabi.lib : trgmsg.c.obj (.bss:_CIOBUF_)
                  2000691c    000000f0     logger.obj (.bss:errors)
                  20006a0c    000000f0     (.common:pad_states)
                  20006afc    000000a0     (.common:__TI_tmpnams)
                  20006b9c    00000064     tasks.obj (.bss:pxReadyTasksLists)
                  20006c00    00000040     (.common:xQueueRegistry)
                  20006c40    00000020     ADC_task.obj (.bss:adc00_step_values)
                  20006c60    00000014     drum_pad_functions.obj (.bss:float_string)
                  20006c74    00000014     rotary_enc_task.obj (.bss)
                  20006c88    00000014     timers.obj (.bss:xActiveTimerList1)
                  20006c9c    00000014     timers.obj (.bss:xActiveTimerList2)
                  20006cb0    00000014     tasks.obj (.bss:xDelayedTaskList1)
                  20006cc4    00000014     tasks.obj (.bss:xDelayedTaskList2)
                  20006cd8    00000014     tasks.obj (.bss:xPendingReadyList)
                  20006cec    00000014     tasks.obj (.bss:xSuspendedTaskList)
                  20006d00    00000014     tasks.obj (.bss:xTasksWaitingTermination)
                  20006d14    00000010     ADC_task.obj (.bss:adc11_step_values)
                  20006d24    00000008     ADC_task.obj (.bss)
                  20006d2c    00000008     host_uart_task.obj (.bss)
                  20006d34    00000008     tasks.obj (.bss)
                  20006d3c    00000008     timers.obj (.bss)
                  20006d44    00000008     heap_2.obj (.bss:xEnd)
                  20006d4c    00000008     heap_2.obj (.bss:xStart)
                  20006d54    00000008     (.common:adc_info)
                  20006d5c    00000008     (.common:gpis_info)
                  20006d64    00000008     (.common:parmbuf)
                  20006d6c    00000004     I2C_task.obj (.bss)
                  20006d70    00000004     console_uart.obj (.bss)
                  20006d74    00000004     drum_pad_functions.obj (.bss)
                  20006d78    00000004     adc.obj (.bss:g_pui8OversampleFactor)
                  20006d7c    00000004     (.common:addr_ack_err)
                  20006d80    00000004     (.common:arb_lost_err)
                  20006d84    00000004     (.common:blue_debug)
                  20006d88    00000004     (.common:clk_tout_err)
                  20006d8c    00000004     (.common:data_ack_err)
                  20006d90    00000004     (.common:green_debug)
                  20006d94    00000004     (.common:red_debug)

.data      0    20006d98    000005f4     UNINITIALIZED
                  20006d98    000000f0     rtsv7M4_T_le_v4SPD16_eabi.lib : defs.c.obj (.data:_ftable)
                  20006e88    000000a8     console_task.obj (.data:console_pages)
                  20006f30    00000078     rtsv7M4_T_le_v4SPD16_eabi.lib : host_device.c.obj (.data:_device)
                  20006fa8    00000050                                   : host_device.c.obj (.data:_stream)
                  20006ff8    00000034     tasks.obj (.data)
                  2000702c    00000030     ADC_task.obj (.data:adc_pins)
                  2000705c    00000024     ADC_task.obj (.data:pad0)
                  20007080    00000024     ADC_task.obj (.data:pad10)
                  200070a4    00000024     ADC_task.obj (.data:pad11)
                  200070c8    00000024     ADC_task.obj (.data:pad1)
                  200070ec    00000024     ADC_task.obj (.data:pad2)
                  20007110    00000024     ADC_task.obj (.data:pad3)
                  20007134    00000024     ADC_task.obj (.data:pad4)
                  20007158    00000024     ADC_task.obj (.data:pad5)
                  2000717c    00000024     ADC_task.obj (.data:pad6)
                  200071a0    00000024     ADC_task.obj (.data:pad7)
                  200071c4    00000024     ADC_task.obj (.data:pad8)
                  200071e8    00000024     ADC_task.obj (.data:pad9)
                  2000720c    0000001c     GPIs.obj (.data:gpi_pins)
                  20007228    00000014     GPOs.obj (.data:blue_led)
                  2000723c    00000014     GPIs.obj (.data:enc_bit_0)
                  20007250    00000014     GPIs.obj (.data:enc_bit_1)
                  20007264    00000014     GPIs.obj (.data:enc_bit_2)
                  20007278    00000014     GPIs.obj (.data:enc_bit_3)
                  2000728c    00000014     GPOs.obj (.data:green_led)
                  200072a0    00000014     GPIs.obj (.data:octave_down)
                  200072b4    00000014     GPIs.obj (.data:octave_up)
                  200072c8    00000014     GPIs.obj (.data:pressure_sense)
                  200072dc    00000014     GPOs.obj (.data:red_led)
                  200072f0    00000011     console_task.obj (.data)
                  20007301    00000003     --HOLE--
                  20007304    00000010     rtsv7M4_T_le_v4SPD16_eabi.lib : defs.c.obj (.data)
                  20007314    0000000c                                   : exit.c.obj (.data:$O1$$)
                  20007320    0000000c     GPOs.obj (.data:gpos)
                  2000732c    0000000c     port.obj (.data)
                  20007338    0000000c     timers.obj (.data)
                  20007344    00000008     rtsv7M4_T_le_v4SPD16_eabi.lib : _lock.c.obj (.data:$O1$$)
                  2000734c    00000008                                   : memory.c.obj (.data:$O1$$)
                  20007354    00000008     ADC_task.obj (.data:adc_pin_struct)
                  2000735c    00000008     GPIs.obj (.data:gpi_info)
                  20007364    00000008     heap_2.obj (.data)
                  2000736c    00000005     I2C_task.obj (.data)
                  20007371    00000003     --HOLE--
                  20007374    00000005     uartstdio.obj (.data)
                  20007379    00000003     --HOLE--
                  2000737c    00000004     ADC_task.obj (.data)
                  20007380    00000004     host_uart_task.obj (.data)
                  20007384    00000004     logger.obj (.data)
                  20007388    00000004     rtsv7M4_T_le_v4SPD16_eabi.lib : errno.c.obj (.data)

.stack     0    20007390    00000200     UNINITIALIZED
                  20007390    00000004     rtsv7M4_T_le_v4SPD16_eabi.lib : boot_cortex_m.c.obj (.stack)
                  20007394    000001fc     --HOLE--

.sysmem    0    20007590    00000010     UNINITIALIZED
                  20007590    00000010     rtsv7M4_T_le_v4SPD16_eabi.lib : memory.c.obj (.sysmem)

__llvm_prf_cnts 
*          0    20000000    00000000     UNINITIALIZED

MODULE SUMMARY

       Module                         code    ro data   rw data
       ------                         ----    -------   -------
    .\
       ADC_task.obj                   936     96        26148  
       drum_pad_functions.obj         1180    0         264    
       I2C_task.obj                   1340    0         25     
       console_task.obj               1172    0         185    
       logger.obj                     560     0         256    
       rotary_enc_task.obj            692     0         20     
       GPIs.obj                       396     64        176    
       tm4c123gh6pm_startup_ccs.obj   12      620       0      
       main.obj                       520     0         0      
       task_manager_page.obj          76      0         400    
       heap_2.obj                     448     0         24     
       host_uart_task.obj             436     0         12     
       GPOs.obj                       324     42        72     
       control_page.obj               376     0         16     
       homepage.obj                   304     0         0      
       console_uart.obj               240     0         4      
       text_controls.obj              210     0         0      
       hooks.obj                      42      0         0      
    +--+------------------------------+-------+---------+---------+
       Total:                         9264    822       27602  
                                                               
    .\FreeRTOS\
       tasks.obj                      7768    0         260    
       queue.obj                      4248    0         64     
       timers.obj                     2096    0         60     
       event_groups.obj               1372    0         0      
       list.obj                       298     0         0      
    +--+------------------------------+-------+---------+---------+
       Total:                         15782   0         384    
                                                               
    .\FreeRTOS\portable\CCS\ARM_CM4F\
       port.obj                       652     8         12     
       portasm.obj                    218     0         0      
    +--+------------------------------+-------+---------+---------+
       Total:                         870     8         12     
                                                               
    .\driverlib\
       sysctl.obj                     3834    452       0      
       gpio.obj                       2952    528       0      
       adc.obj                        1986    0         4      
       interrupt.obj                  960     268       620    
       i2c.obj                        1692    128       0      
       timer.obj                      1602    160       0      
       uart.obj                       1560    128       0      
       ssi.obj                        838     64        0      
       fpu.obj                        192     0         0      
       cpu.obj                        62      0         0      
    +--+------------------------------+-------+---------+---------+
       Total:                         15678   1728      624    
                                                               
    .\utils\
       uartstdio.obj                  1192    46        5      
    +--+------------------------------+-------+---------+---------+
       Total:                         1192    46        5      
                                                               
    C:\ti\ccs1020\ccs\tools\compiler\ti-cgt-arm_20.2.2.LTS\lib\rtsv7M4_T_le_v4SPD16_eabi.lib
       _printfi.c.obj                 4851    0         0      
       memory.c.obj                   672     0         8      
       fd_add_t2.asm.obj              438     0         0      
       defs.c.obj                     0       0         416    
       trgmsg.c.obj                   108     0         288    
       fd_div_t2.asm.obj              310     0         0      
       fputs.c.obj                    276     0         0      
       s_scalbn.c.obj                 272     0         0      
       fd_cmp_t2.asm.obj              268     0         0      
       ctype.c.obj                    0       257       0      
       fd_mul_t2.asm.obj              252     0         0      
       setvbuf.c.obj                  220     0         0      
       fflush.c.obj                   200     0         0      
       host_device.c.obj              0       0         200    
       memcpy_t2.asm.obj              156     0         0      
       ull_div_t2.asm.obj             150     0         0      
       memset_t2.asm.obj              122     0         0      
       fclose.c.obj                   116     0         0      
       getdevice.c.obj                116     0         0      
       hostrename.c.obj               108     0         0      
       copy_decompress_lzss.c.obj     104     0         0      
       hostlseek.c.obj                104     0         0      
       hostopen.c.obj                 96      0         8      
       fseek.c.obj                    100     0         0      
       s_frexp.c.obj                  100     0         0      
       _io_perm.c.obj                 98      0         0      
       sprintf.c.obj                  98      0         0      
       close.c.obj                    92      0         0      
       exit.c.obj                     76      0         12     
       hostread.c.obj                 88      0         0      
       hostwrite.c.obj                88      0         0      
       _ltoa.c.obj                    84      0         0      
       atoi.c.obj                     76      0         0      
       fd_toi_t2.asm.obj              72      0         0      
       autoinit.c.obj                 68      0         0      
       hostclose.c.obj                68      0         0      
       hostunlink.c.obj               68      0         0      
       u_divt2.asm.obj                64      0         0      
       fs_tod_t2.asm.obj              56      0         0      
       strncpy.c.obj                  54      0         0      
       boot_cortex_m.c.obj            52      0         0      
       fopen.c.obj                    52      0         0      
       i_tofd_t2.asm.obj              46      0         0      
       unlink.c.obj                   44      0         0      
       lseek.c.obj                    40      0         0      
       write.c.obj                    40      0         0      
       memchr.c.obj                   32      0         0      
       assert.c.obj                   28      0         0      
       memccpy.c.obj                  28      0         0      
       s_copysign.c.obj               26      0         0      
       strcmp.c.obj                   24      0         0      
       strchr.c.obj                   22      0         0      
       strcpy.c.obj                   20      0         0      
       strlen.c.obj                   20      0         0      
       wcslen.c.obj                   18      0         0      
       copy_decompress_none.c.obj     14      0         0      
       copy_zero_init.c.obj           12      0         0      
       errno.c.obj                    8       0         4      
       _lock.c.obj                    2       0         8      
       pre_init.c.obj                 4       0         0      
       div0.asm.obj                   2       0         0      
    +--+------------------------------+-------+---------+---------+
       Total:                         10823   257       944    
                                                               
       Heap:                          0       0         16     
       Stack:                         0       0         512    
       Linker Generated:              0       531       0      
    +--+------------------------------+-------+---------+---------+
       Grand Total:                   53609   3392      30099  


LINKER GENERATED COPY TABLES

__TI_cinit_table @ 0000dec0 records: 3, size/record: 8, table size: 24
	.data: load addr=0000dcc0, load size=000001df bytes, run addr=20006d98, run size=000005f4 bytes, compression=lzss
	.bss: load addr=0000deb0, load size=00000008 bytes, run addr=2000026c, run size=00006b2c bytes, compression=zero_init
	.vtable: load addr=0000deb8, load size=00000008 bytes, run addr=20000000, run size=0000026c bytes, compression=zero_init


LINKER GENERATED HANDLER TABLE

__TI_handler_table @ 0000dea0 records: 3, size/record: 4, table size: 12
	index: 0, handler: __TI_zero_init
	index: 1, handler: __TI_decompress_lzss
	index: 2, handler: __TI_decompress_none


GLOBAL SYMBOLS: SORTED ALPHABETICALLY BY Name 

address   name                               
-------   ----                               
00006595  ADCBusy                            
000065dd  ADCClockConfigGet                  
000065b3  ADCClockConfigSet                  
000063af  ADCComparatorConfigure             
0000647f  ADCComparatorIntClear              
00006435  ADCComparatorIntDisable            
00006453  ADCComparatorIntEnable             
00006471  ADCComparatorIntStatus             
000063cb  ADCComparatorRegionSet             
000063ef  ADCComparatorReset                 
0000637d  ADCHardwareOversampleConfigure     
00005f93  ADCIntClear                        
000064f7  ADCIntClearEx                      
00005ef9  ADCIntDisable                      
00006491  ADCIntDisableEx                    
00005f15  ADCIntEnable                       
000064a9  ADCIntEnableEx                     
00005eb3  ADCIntRegister                     
00005f3b  ADCIntStatus                       
000064c5  ADCIntStatusEx                     
00005edb  ADCIntUnregister                   
0000654f  ADCPhaseDelayGet                   
0000653d  ADCPhaseDelaySet                   
000061f3  ADCProcessorTrigger                
0000652b  ADCReferenceGet                    
0000650f  ADCReferenceSet                    
00009767  ADCSeq0Handler                     
000097a9  ADCSeq1Handler                     
00005fdd  ADCSequenceConfigure               
00006579  ADCSequenceDMADisable              
0000655d  ADCSequenceDMAEnable               
000061b1  ADCSequenceDataGet                 
00005fc3  ADCSequenceDisable                 
00005fa9  ADCSequenceEnable                  
00006155  ADCSequenceOverflow                
0000616d  ADCSequenceOverflowClear           
00006061  ADCSequenceStepConfigure           
00006183  ADCSequenceUnderflow               
0000619b  ADCSequenceUnderflowClear          
00006217  ADCSoftwareOversampleConfigure     
0000630f  ADCSoftwareOversampleDataGet       
0000624f  ADCSoftwareOversampleStepConfigure 
0000d3ef  C$$EXIT                            
0000d04f  C$$IO$$                            
0000d017  CPUbasepriGet                      
0000d009  CPUbasepriSet                      
0000cfe3  CPUcpsid                           
0000cff9  CPUcpsie                           
0000cfef  CPUprimask                         
0000d005  CPUwfi                             
0000c1e7  FPUDisable                         
0000c1d5  FPUEnable                          
0000c253  FPUFlushToZeroModeSet              
0000c21f  FPUHalfPrecisionModeSet            
0000c207  FPULazyStackingEnable              
0000c239  FPUNaNModeSet                      
0000c26d  FPURoundingModeSet                 
0000c213  FPUStackingDisable                 
0000c1f5  FPUStackingEnable                  
00004bb3  GPIOADCTriggerDisable              
00004b95  GPIOADCTriggerEnable               
00004b77  GPIODMATriggerDisable              
00004b59  GPIODMATriggerEnable               
0000410b  GPIODirModeGet                     
000040af  GPIODirModeSet                     
00004673  GPIOIntClear                       
00004637  GPIOIntDisable                     
0000461d  GPIOIntEnable                      
00004687  GPIOIntRegister                    
00004651  GPIOIntStatus                      
000041fb  GPIOIntTypeGet                     
00004157  GPIOIntTypeSet                     
000046a5  GPIOIntUnregister                  
000044cb  GPIOPadConfigGet                   
00004291  GPIOPadConfigSet                   
00004afb  GPIOPinConfigure                   
000046bf  GPIOPinRead                        
000046f7  GPIOPinTypeADC                     
0000471b  GPIOPinTypeCAN                     
00004ac7  GPIOPinTypeCIR                     
0000473f  GPIOPinTypeComparator              
00004763  GPIOPinTypeEPI                     
00004787  GPIOPinTypeEthernetLED             
000047ab  GPIOPinTypeEthernetMII             
000047cf  GPIOPinTypeGPIOInput               
000047f3  GPIOPinTypeGPIOOutput              
00004817  GPIOPinTypeGPIOOutputOD            
0000483b  GPIOPinTypeI2C                     
0000485f  GPIOPinTypeI2CSCL                  
00004a7f  GPIOPinTypeKBColumn                
00004a5b  GPIOPinTypeKBRow                   
00004883  GPIOPinTypeLCD                     
00004aa3  GPIOPinTypeLEDSeq                  
000048a7  GPIOPinTypeLPC                     
000048cb  GPIOPinTypePECIRx                  
000048ef  GPIOPinTypePECITx                  
00004913  GPIOPinTypePWM                     
00004937  GPIOPinTypeQEI                     
0000495b  GPIOPinTypeSSI                     
0000497f  GPIOPinTypeTimer                   
000049a3  GPIOPinTypeUART                    
000049c7  GPIOPinTypeUSBAnalog               
000049eb  GPIOPinTypeUSBDigital              
00004a0f  GPIOPinTypeWakeHigh                
00004a35  GPIOPinTypeWakeLow                 
00004aeb  GPIOPinWakeStatus                  
000046d7  GPIOPinWrite                       
0000ce15  HOSTclose                          
0000c83d  HOSTlseek                          
0000ca39  HOSTopen                           
0000caf5  HOSTread                           
0000c7d1  HOSTrename                         
0000ce59  HOSTunlink                         
0000cb4d  HOSTwrite                          
00006c13  I2CFIFODataGet                     
00006c2d  I2CFIFODataGetNonBlocking          
00006bc9  I2CFIFODataPut                     
00006beb  I2CFIFODataPutNonBlocking          
00006bb9  I2CFIFOStatus                      
000067ad  I2CIntRegister                     
000067cb  I2CIntUnregister                   
00006c69  I2CMasterBurstCountGet             
00006c53  I2CMasterBurstLengthSet            
00006a11  I2CMasterBusBusy                   
000069f9  I2CMasterBusy                      
00006a29  I2CMasterControl                   
00006a7d  I2CMasterDataGet                   
00006a67  I2CMasterDataPut                   
00006779  I2CMasterDisable                   
00006745  I2CMasterEnable                    
00006a3b  I2CMasterErr                       
00006c77  I2CMasterGlitchFilterConfigSet     
0000667b  I2CMasterInitExpClk                
00006973  I2CMasterIntClear                  
00006991  I2CMasterIntClearEx                
0000683f  I2CMasterIntDisable                
0000684f  I2CMasterIntDisableEx              
000067e5  I2CMasterIntEnable                 
000067f5  I2CMasterIntEnableEx               
00006899  I2CMasterIntStatus                 
000068dd  I2CMasterIntStatusEx               
000069eb  I2CMasterLineStateGet              
000069c9  I2CMasterSlaveAddrSet              
00006a8b  I2CMasterTimeoutSet                
00006b79  I2CRxFIFOConfigSet                 
00006ba1  I2CRxFIFOFlush                     
00006a9d  I2CSlaveACKOverride                
00006acf  I2CSlaveACKValueSet                
00006707  I2CSlaveAddressSet                 
00006b29  I2CSlaveDataGet                    
00006b11  I2CSlaveDataPut                    
0000678f  I2CSlaveDisable                    
0000675b  I2CSlaveEnable                     
00006ca7  I2CSlaveFIFODisable                
00006c8f  I2CSlaveFIFOEnable                 
000066ed  I2CSlaveInit                       
000069a3  I2CSlaveIntClear                   
000069b5  I2CSlaveIntClearEx                 
00006867  I2CSlaveIntDisable                 
0000687f  I2CSlaveIntDisableEx               
0000680d  I2CSlaveIntEnable                  
00006825  I2CSlaveIntEnableEx                
00006909  I2CSlaveIntStatus                  
00006951  I2CSlaveIntStatusEx                
00006b01  I2CSlaveStatus                     
00006b39  I2CTxFIFOConfigSet                 
00006b61  I2CTxFIFOFlush                     
00009345  IntDisable                         
000092d3  IntEnable                          
000093b7  IntIsEnabled                       
00009197  IntMasterDisable                   
00009187  IntMasterEnable                    
000094ad  IntPendClear                       
0000943d  IntPendSet                         
000092af  IntPriorityGet                     
00009227  IntPriorityGroupingGet             
0000920d  IntPriorityGroupingSet             
00009507  IntPriorityMaskGet                 
000094fb  IntPriorityMaskSet                 
0000925f  IntPrioritySet                     
000091a7  IntRegister                        
0000950f  IntTrigger                         
000091f9  IntUnregister                      
0000d3bd  ResetISR                           
00009bb5  SSIAdvDataPutFrameEnd              
00009bdb  SSIAdvDataPutFrameEndNonBlocking   
00009c1d  SSIAdvFrameHoldDisable             
00009c07  SSIAdvFrameHoldEnable              
00009b99  SSIAdvModeSet                      
00009b43  SSIBusy                            
00009b75  SSIClockSourceGet                  
00009b61  SSIClockSourceSet                  
0000994b  SSIConfigSetExpClk                 
00009b2b  SSIDMADisable                      
00009b13  SSIDMAEnable                       
00009ad5  SSIDataGet                         
00009af1  SSIDataGetNonBlocking              
00009a9b  SSIDataPut                         
00009ab5  SSIDataPutNonBlocking              
000099ed  SSIDisable                         
000099d7  SSIEnable                          
00009a89  SSIIntClear                        
00009a53  SSIIntDisable                      
00009a3b  SSIIntEnable                       
00009a03  SSIIntRegister                     
00009a6b  SSIIntStatus                       
00009a21  SSIIntUnregister                   
00003fef  SysCtlAltClkConfig                 
000037c5  SysCtlClockFreqSet                 
00003ca9  SysCtlClockGet                     
00003fd3  SysCtlClockOutConfig               
00003add  SysCtlClockSet                     
000036c5  SysCtlDeepSleep                    
00003e75  SysCtlDeepSleepClockConfigSet      
00003e57  SysCtlDeepSleepClockSet            
000036a5  SysCtlDeepSleepPowerSet            
0000d3e5  SysCtlDelay                        
00003253  SysCtlFlashSectorSizeGet           
00003227  SysCtlFlashSizeGet                 
00003f4b  SysCtlGPIOAHBDisable               
00003f2f  SysCtlGPIOAHBEnable                
00003639  SysCtlIntClear                     
00003621  SysCtlIntDisable                   
0000360d  SysCtlIntEnable                    
000035e5  SysCtlIntRegister                  
00003649  SysCtlIntStatus                    
000035fd  SysCtlIntUnregister                
0000368b  SysCtlLDODeepSleepGet              
0000367b  SysCtlLDODeepSleepSet              
00003675  SysCtlLDOSleepGet                  
00003665  SysCtlLDOSleepSet                  
000036fb  SysCtlMOSCConfigSet                
00003fbf  SysCtlNMIClear                     
00003fb9  SysCtlNMIStatus                    
00003711  SysCtlPIOSCCalibrate               
00003f19  SysCtlPWMClockGet                  
00003eff  SysCtlPWMClockSet                  
00003591  SysCtlPeripheralClockGating        
00003549  SysCtlPeripheralDeepSleepDisable   
000034f9  SysCtlPeripheralDeepSleepEnable    
00003435  SysCtlPeripheralDisable            
000033f9  SysCtlPeripheralEnable             
00003335  SysCtlPeripheralPowerOff           
000032f9  SysCtlPeripheralPowerOn            
00003279  SysCtlPeripheralPresent            
000032b9  SysCtlPeripheralReady              
00003371  SysCtlPeripheralReset              
000034bd  SysCtlPeripheralSleepDisable       
00003479  SysCtlPeripheralSleepEnable        
000036b5  SysCtlReset                        
00003771  SysCtlResetBehaviorGet             
00003761  SysCtlResetBehaviorSet             
000036e7  SysCtlResetCauseClear              
000036e1  SysCtlResetCauseGet                
0000321d  SysCtlSRAMSizeGet                  
000036bd  SysCtlSleep                        
00003691  SysCtlSleepPowerSet                
00003f79  SysCtlUSBPLLDisable                
00003f67  SysCtlUSBPLLEnable                 
00003fa5  SysCtlVoltageEventClear            
00003f89  SysCtlVoltageEventConfig           
00003f99  SysCtlVoltageEventStatus           
00007279  TimerADCEventGet                   
00007267  TimerADCEventSet                   
00006f9d  TimerClockSourceGet                
00006f73  TimerClockSourceSet                
00006d67  TimerConfigure                     
00006e87  TimerControlEvent                  
00006de3  TimerControlLevel                  
00006eb1  TimerControlStall                  
00006e19  TimerControlTrigger                
00006ee7  TimerControlWaitOnTrigger          
00007299  TimerDMAEventGet                   
00007287  TimerDMAEventSet                   
00006d49  TimerDisable                       
00006d2b  TimerEnable                        
00007243  TimerIntClear                      
0000720d  TimerIntDisable                    
000071f5  TimerIntEnable                     
000071af  TimerIntRegister                   
00007225  TimerIntStatus                     
000071d7  TimerIntUnregister                 
00007067  TimerLoadGet                       
0000709d  TimerLoadGet64                     
0000703d  TimerLoadSet                       
00007083  TimerLoadSet64                     
00007147  TimerMatchGet                      
0000717d  TimerMatchGet64                    
0000711d  TimerMatchSet                      
00007163  TimerMatchSet64                    
00006fd7  TimerPrescaleGet                   
00007021  TimerPrescaleMatchGet              
00006ff3  TimerPrescaleMatchSet              
00006fad  TimerPrescaleSet                   
00006f5d  TimerRTCDisable                    
00006f47  TimerRTCEnable                     
00007255  TimerSynchronize                   
000072a7  TimerUpdateMode                    
000070cf  TimerValueGet                      
000070eb  TimerValueGet64                    
000078cd  UART9BitAddrSend                   
000078a7  UART9BitAddrSet                    
00007891  UART9BitDisable                    
0000787b  UART9BitEnable                     
0000771f  UARTBreakCtl                       
00007749  UARTBusy                           
000076c7  UARTCharGet                        
000076ab  UARTCharGetNonBlocking             
00007701  UARTCharPut                        
000076dd  UARTCharPutNonBlocking             
0000766f  UARTCharsAvail                     
0000786b  UARTClockSourceGet                 
00007857  UARTClockSourceSet                 
0000743f  UARTConfigGetExpClk                
000073c9  UARTConfigSetExpClk                
0000781d  UARTDMADisable                     
00007805  UARTDMAEnable                      
000074af  UARTDisable                        
00007533  UARTDisableSIR                     
0000748b  UARTEnable                         
00007505  UARTEnableSIR                      
000074ef  UARTFIFODisable                    
000074d9  UARTFIFOEnable                     
000073a1  UARTFIFOLevelGet                   
00007389  UARTFIFOLevelSet                   
0000762f  UARTFlowControlGet                 
00007613  UARTFlowControlSet                 
000077f3  UARTIntClear                       
000077bd  UARTIntDisable                     
000077a5  UARTIntEnable                      
00007767  UARTIntRegister                    
000077d5  UARTIntStatus                      
00007785  UARTIntUnregister                  
000075c9  UARTModemControlClear              
000075ed  UARTModemControlGet                
00007591  UARTModemControlSet                
000075ff  UARTModemStatusGet                 
00007377  UARTParityModeGet                  
0000735b  UARTParityModeSet                  
00007847  UARTRxErrorClear                   
00007835  UARTRxErrorGet                     
0000757b  UARTSmartCardDisable               
00007549  UARTSmartCardEnable                
0000768d  UARTSpaceAvail                     
000083ad  UARTStdioConfig                    
0000765d  UARTTxIntModeGet                   
00007641  UARTTxIntModeSet                   
000084fd  UARTgetc                           
00008443  UARTgets                           
0000881f  UARTprintf                         
00008525  UARTvprintf                        
000083f3  UARTwrite                          
200067fc  __CIOBUF_                          
20007590  __STACK_END                        
00000200  __STACK_SIZE                       
20007590  __STACK_TOP                        
00000010  __SYSMEM_SIZE                      
0000dec0  __TI_CINIT_Base                    
0000ded8  __TI_CINIT_Limit                   
0000dea0  __TI_Handler_Table_Base            
0000deac  __TI_Handler_Table_Limit           
0000ce9d  __TI_auto_init_nobinit_nopinit     
0000d0c9  __TI_cleanup                       
20007314  __TI_cleanup_ptr                   
0000c67d  __TI_closefile                     
0000c8a5  __TI_decompress_lzss               
0000d3a3  __TI_decompress_none               
0000cca1  __TI_doflush                       
20007318  __TI_dtors_ptr                     
2000731c  __TI_enable_exit_profile_output    
20007304  __TI_ft_end                        
0000cbfb  __TI_ltoa                          
ffffffff  __TI_pprof_out_hndl                
00004bd9  __TI_printfi                       
ffffffff  __TI_prof_data_size                
ffffffff  __TI_prof_data_start               
0000d0fd  __TI_readmsg                       
00000000  __TI_static_base__                 
20006afc  __TI_tmpnams                       
0000d021  __TI_writemsg                      
0000c9d5  __TI_wrt_ok                        
0000d3b1  __TI_zero_init                     
0000c479  __aeabi_cdcmpeq                    
0000c479  __aeabi_cdcmple                    
0000c4ff  __aeabi_cdrcmple                   
0000cdcd  __aeabi_d2iz                       
0000abb7  __aeabi_dadd                       
0000b49d  __aeabi_ddiv                       
0000bc79  __aeabi_dmul                       
0000abad  __aeabi_dsub                       
0000d3d5  __aeabi_errno_addr                 
0000d059  __aeabi_f2d                        
0000d195  __aeabi_i2d                        
0000661b  __aeabi_idiv0                      
0000661b  __aeabi_ldiv0                      
0000c601  __aeabi_memclr                     
0000c601  __aeabi_memclr4                    
0000c601  __aeabi_memclr8                    
0000c347  __aeabi_memcpy                     
0000c347  __aeabi_memcpy4                    
0000c347  __aeabi_memcpy8                    
0000c603  __aeabi_memset                     
0000c603  __aeabi_memset4                    
0000c603  __aeabi_memset8                    
20007310  __aeabi_stderr                     
20007308  __aeabi_stdin                      
2000730c  __aeabi_stdout                     
0000cf25  __aeabi_uidiv                      
0000cf25  __aeabi_uidivmod                   
0000c3e3  __aeabi_uldivmod                   
ffffffff  __binit__                          
ffffffff  __c_args__                         
UNDEFED   __mpu_init                         
20007390  __stack                            
20000000  __start___llvm_prf_cnts            
20000000  __stop___llvm_prf_cnts             
0000d2b5  _abort_msg                         
0000d131  _c_int00_noargs                    
0000d514  _ctypes_                           
20006f30  _device                            
20006d98  _ftable                            
20007344  _lock                              
00005627  _nop                               
20006fa8  _stream                            
20007590  _sys_memory                        
UNDEFED   _system_post_cinit                 
0000d3eb  _system_pre_init                   
20007348  _unlock                            
0000d3ef  abort                              
20006d54  adc_info                           
20007354  adc_pin_struct                     
000097fd  adc_task                           
00007efb  add_i2c_msg                        
00008d01  add_page                           
20006d7c  addr_ack_err                       
0000bb79  aligned_alloc                      
20006d80  arb_lost_err                       
0000cced  atoi                               
0000c12b  bgd_color                          
ffffffff  binit                              
20006d84  blue_debug                         
0000c11d  bold_text_color                    
0000c17d  clear_below_line                   
0000c173  clear_in_line                      
0000c169  clear_line                         
0000c15f  clear_terminal                     
20006d88  clk_tout_err                       
0000ca99  close                              
00008fd5  console_task                       
0000b15b  control_drawdata                   
0000b1db  control_drawinput                  
0000b0a5  control_drawpage                   
0000d309  copysign                           
0000d309  copysignl                          
0000a3e5  create_error                       
0000c139  cursor_pos                         
20006d8c  data_ack_err                       
000006a5  eTaskGetState                      
20007388  errno                              
0000cd85  exit                               
0000c585  fflush                             
0000d165  finddevice                         
0000b955  fputs                              
0000be65  free                               
0000c90d  frexp                              
0000c90d  frexpl                             
0000c971  fseek                              
20000000  g_pfnRAMVectors                    
00000000  g_pfnVectors                       
000096e5  get_adc_config                     
0000975d  get_adc_struct                     
00009729  get_adc_val                        
00009e9d  get_channel                        
0000bd75  get_char                           
0000affd  get_gpi_config                     
0000b05f  get_gpi_struct                     
0000b30f  get_gpo                            
0000b29f  get_gpo_config                     
0000cee1  getdevice                          
2000735c  gpi_info                           
20006d5c  gpis_info                          
0000dca8  gpo_info                           
20006d90  green_debug                        
0000b627  homepage_drawdata                  
0000b629  homepage_drawinput                 
0000b5d5  homepage_drawpage                  
0000addf  host_uart_task                     
2000736c  i2c_msg_queue                      
00007f85  i2c_task                           
00009545  init_adc                           
00008cf1  init_console                       
0000bddd  init_console_uart                  
00008855  init_drumpad                       
0000af19  init_gpis                          
0000b21d  init_gpos                          
0000ad65  init_host_uart                     
00007e71  init_i2c                           
0000a457  init_logger                        
00009c35  init_rotary_enc                    
00008dbd  is_on_screen                       
0000ba69  ldexp                              
0000ba69  ldexpl                             
0000a4bd  logger_drawdata                    
0000a56d  logger_drawinput                   
0000a483  logger_drawpage                    
0000d245  lseek                              
0000a615  main                               
0000d3dd  malloc                             
0000bb79  memalign                           
0000d2ed  memccpy                            
0000d295  memchr                             
0000c347  memcpy                             
0000c609  memset                             
20006a0c  pad_states                         
20006d64  parmbuf                            
00003075  pcQueueGetName                     
00000d55  pcTaskGetName                      
00005845  pcTimerGetName                     
00008897  process_drumpad                    
0000a9ed  pvPortMalloc                       
00001b01  pvTaskIncrementMutexHeldCount      
00005d3d  pvTimerGetTimerID                  
20006ff8  pxCurrentTCB                       
00009ee9  pxPortInitialiseStack              
0000b041  read_gpi                           
20006d94  red_debug                          
0000d1c5  remove                             
0000c155  restore_cursor_pos                 
00009cc1  rotary_enc_task                    
0000c14b  save_cursor_pos                    
0000ba69  scalbn                             
0000ba69  scalbnl                            
0000ae93  send_to_host                       
0000aeaf  send_to_host_from_isr              
0000a445  set_error                          
0000b2e3  set_gpo                            
0000c101  set_text_mode                      
0000bf49  setvbuf                            
00008c8f  slope_drawdata                     
00008c91  slope_drawinput                    
00008c8d  slope_drawpage                     
0000cf65  sprintf                            
0000d353  strchr                             
0000d33b  strcmp                             
0000d369  strcpy                             
0000d37d  strlen                             
0000d091  strncpy                            
0000cd71  taskmanager_drawdata               
0000cd73  taskmanager_drawinput              
0000cd39  taskmanager_drawpage               
0000c10f  text_color                         
0000aecd  uartmsg_drawdata                   
0000aecf  uartmsg_drawinput                  
0000aecb  uartmsg_drawpage                   
2000026c  ucHeap                             
00002da5  ucQueueGetQueueType                
0000dcb0  ulMaxSyscallInterruptPriority      
0000c035  ulPortGetIPSR                      
00001b19  ulTaskNotifyTake                   
0000d1c5  unlink                             
00007e37  uxEventGroupGetNumber              
0000b7e7  uxListRemove                       
00002d85  uxQueueGetQueueNumber              
00002ccf  uxQueueMessagesWaiting             
00002d31  uxQueueMessagesWaitingFromISR      
00002cfd  uxQueueSpacesAvailable             
00000d4f  uxTaskGetNumberOfTasks             
00000d9d  uxTaskGetSystemState               
00001387  uxTaskGetTaskNumber                
0000075b  uxTaskPriorityGet                  
0000078d  uxTaskPriorityGetFromISR           
00001adf  uxTaskResetEventItemValue          
00005e1b  uxTimerGetTimerNumber              
0000d201  vApplicationIdleHook               
0000d1f1  vApplicationMallocFailedHook       
0000d203  vApplicationStackOverflowHook      
00007dd1  vEventGroupClearBitsCallback       
00007d6b  vEventGroupDelete                  
00007dc1  vEventGroupSetBitsCallback         
00007e57  vEventGroupSetNumber               
0000b705  vListInitialise                    
0000b735  vListInitialiseItem                
0000b781  vListInsert                        
0000b745  vListInsertEnd                     
0000c0f1  vPortEnableVFP                     
0000a009  vPortEndScheduler                  
0000a02d  vPortEnterCritical                 
0000a06f  vPortExitCritical                  
0000aaed  vPortFree                          
0000ab51  vPortInitialiseBlocks              
0000c0ad  vPortSVCHandler                    
0000a0c1  vPortSetupTimerInterrupt           
0000c0cd  vPortStartFirstTask                
0000a0dd  vPortValidateInterruptPriority     
00003033  vQueueAddToRegistry                
00002d5b  vQueueDelete                       
00002d93  vQueueSetQueueNumber               
000030b5  vQueueUnregisterQueue              
000030f9  vQueueWaitForMessageRestricted     
0000063d  vTaskDelay                         
00000559  vTaskDelayUntil                    
0000048f  vTaskDelete                        
00000bf5  vTaskEndScheduler                  
0000148d  vTaskGetInfo                       
000012bf  vTaskInternalSetTimeOutState       
000019cd  vTaskList                          
0000137f  vTaskMissedYield                   
00001ee5  vTaskNotifyGiveFromISR             
0000106f  vTaskPlaceOnEventList              
00001111  vTaskPlaceOnEventListRestricted    
000010b1  vTaskPlaceOnUnorderedEventList     
00001879  vTaskPriorityDisinheritAfterTimeout
000007d1  vTaskPrioritySet                   
000011f5  vTaskRemoveFromUnorderedEventList  
00000a49  vTaskResume                        
000013a7  vTaskSetTaskNumber                 
0000128d  vTaskSetTimeOutState               
00000b81  vTaskStartScheduler                
00000905  vTaskSuspend                       
00000c15  vTaskSuspendAll                    
00000fa9  vTaskSwitchContext                 
000057d1  vTimerSetReloadMode                
00005d6b  vTimerSetTimerID                   
00005e29  vTimerSetTimerNumber               
0000d391  wcslen                             
0000d26d  write                              
00007bc7  xEventGroupClearBits               
00007c25  xEventGroupClearBitsFromISR        
00007915  xEventGroupCreate                  
00007c3d  xEventGroupGetBitsFromISR          
00007c71  xEventGroupSetBits                 
00007e17  xEventGroupSetBitsFromISR          
00007935  xEventGroupSync                    
00007a67  xEventGroupWaitBits                
0000ab4b  xPortGetFreeHeapSize               
0000c04d  xPortPendSVHandler                 
00009f75  xPortStartScheduler                
0000a09b  xPortSysTickHandler                
0000227d  xQueueCreateCountingSemaphore      
00002251  xQueueCreateMutex                  
00002179  xQueueGenericCreate                
000020c5  xQueueGenericReset                 
000022d9  xQueueGenericSend                  
0000248d  xQueueGenericSendFromISR           
00002595  xQueueGiveFromISR                  
00002f9f  xQueueIsQueueEmptyFromISR          
00002ff9  xQueueIsQueueFullFromISR           
000029cd  xQueuePeek                         
00002c23  xQueuePeekFromISR                  
00002685  xQueueReceive                      
00002b4b  xQueueReceiveFromISR               
20006c00  xQueueRegistry                     
000027fd  xQueueSemaphoreTake                
000012d9  xTaskCheckForTimeOut               
0000026d  xTaskCreate                        
00001c45  xTaskGenericNotify                 
00001d85  xTaskGenericNotifyFromISR          
00001661  xTaskGetCurrentTaskHandle          
00001675  xTaskGetSchedulerState             
00000d2b  xTaskGetTickCount                  
00000d3b  xTaskGetTickCountFromISR           
00000e8d  xTaskIncrementTick                 
00001fcd  xTaskNotifyStateClear              
00001b8f  xTaskNotifyWait                    
0000179b  xTaskPriorityDisinherit            
000016c1  xTaskPriorityInherit               
00001155  xTaskRemoveFromEventList           
00000c29  xTaskResumeAll                     
00000add  xTaskResumeFromISR                 
00005667  xTimerCreate                       
00005629  xTimerCreateTimerTask              
00005709  xTimerGenericCommand               
0000581b  xTimerGetExpiryTime                
000057ab  xTimerGetPeriod                    
00005789  xTimerGetTimerDaemonTaskHandle     
00005d01  xTimerIsTimerActive                
00005dcf  xTimerPendFunctionCall             
00005d99  xTimerPendFunctionCallFromISR      


GLOBAL SYMBOLS: SORTED BY Symbol Address 

address   name                               
-------   ----                               
00000000  __TI_static_base__                 
00000000  g_pfnVectors                       
00000010  __SYSMEM_SIZE                      
00000200  __STACK_SIZE                       
0000026d  xTaskCreate                        
0000048f  vTaskDelete                        
00000559  vTaskDelayUntil                    
0000063d  vTaskDelay                         
000006a5  eTaskGetState                      
0000075b  uxTaskPriorityGet                  
0000078d  uxTaskPriorityGetFromISR           
000007d1  vTaskPrioritySet                   
00000905  vTaskSuspend                       
00000a49  vTaskResume                        
00000add  xTaskResumeFromISR                 
00000b81  vTaskStartScheduler                
00000bf5  vTaskEndScheduler                  
00000c15  vTaskSuspendAll                    
00000c29  xTaskResumeAll                     
00000d2b  xTaskGetTickCount                  
00000d3b  xTaskGetTickCountFromISR           
00000d4f  uxTaskGetNumberOfTasks             
00000d55  pcTaskGetName                      
00000d9d  uxTaskGetSystemState               
00000e8d  xTaskIncrementTick                 
00000fa9  vTaskSwitchContext                 
0000106f  vTaskPlaceOnEventList              
000010b1  vTaskPlaceOnUnorderedEventList     
00001111  vTaskPlaceOnEventListRestricted    
00001155  xTaskRemoveFromEventList           
000011f5  vTaskRemoveFromUnorderedEventList  
0000128d  vTaskSetTimeOutState               
000012bf  vTaskInternalSetTimeOutState       
000012d9  xTaskCheckForTimeOut               
0000137f  vTaskMissedYield                   
00001387  uxTaskGetTaskNumber                
000013a7  vTaskSetTaskNumber                 
0000148d  vTaskGetInfo                       
00001661  xTaskGetCurrentTaskHandle          
00001675  xTaskGetSchedulerState             
000016c1  xTaskPriorityInherit               
0000179b  xTaskPriorityDisinherit            
00001879  vTaskPriorityDisinheritAfterTimeout
000019cd  vTaskList                          
00001adf  uxTaskResetEventItemValue          
00001b01  pvTaskIncrementMutexHeldCount      
00001b19  ulTaskNotifyTake                   
00001b8f  xTaskNotifyWait                    
00001c45  xTaskGenericNotify                 
00001d85  xTaskGenericNotifyFromISR          
00001ee5  vTaskNotifyGiveFromISR             
00001fcd  xTaskNotifyStateClear              
000020c5  xQueueGenericReset                 
00002179  xQueueGenericCreate                
00002251  xQueueCreateMutex                  
0000227d  xQueueCreateCountingSemaphore      
000022d9  xQueueGenericSend                  
0000248d  xQueueGenericSendFromISR           
00002595  xQueueGiveFromISR                  
00002685  xQueueReceive                      
000027fd  xQueueSemaphoreTake                
000029cd  xQueuePeek                         
00002b4b  xQueueReceiveFromISR               
00002c23  xQueuePeekFromISR                  
00002ccf  uxQueueMessagesWaiting             
00002cfd  uxQueueSpacesAvailable             
00002d31  uxQueueMessagesWaitingFromISR      
00002d5b  vQueueDelete                       
00002d85  uxQueueGetQueueNumber              
00002d93  vQueueSetQueueNumber               
00002da5  ucQueueGetQueueType                
00002f9f  xQueueIsQueueEmptyFromISR          
00002ff9  xQueueIsQueueFullFromISR           
00003033  vQueueAddToRegistry                
00003075  pcQueueGetName                     
000030b5  vQueueUnregisterQueue              
000030f9  vQueueWaitForMessageRestricted     
0000321d  SysCtlSRAMSizeGet                  
00003227  SysCtlFlashSizeGet                 
00003253  SysCtlFlashSectorSizeGet           
00003279  SysCtlPeripheralPresent            
000032b9  SysCtlPeripheralReady              
000032f9  SysCtlPeripheralPowerOn            
00003335  SysCtlPeripheralPowerOff           
00003371  SysCtlPeripheralReset              
000033f9  SysCtlPeripheralEnable             
00003435  SysCtlPeripheralDisable            
00003479  SysCtlPeripheralSleepEnable        
000034bd  SysCtlPeripheralSleepDisable       
000034f9  SysCtlPeripheralDeepSleepEnable    
00003549  SysCtlPeripheralDeepSleepDisable   
00003591  SysCtlPeripheralClockGating        
000035e5  SysCtlIntRegister                  
000035fd  SysCtlIntUnregister                
0000360d  SysCtlIntEnable                    
00003621  SysCtlIntDisable                   
00003639  SysCtlIntClear                     
00003649  SysCtlIntStatus                    
00003665  SysCtlLDOSleepSet                  
00003675  SysCtlLDOSleepGet                  
0000367b  SysCtlLDODeepSleepSet              
0000368b  SysCtlLDODeepSleepGet              
00003691  SysCtlSleepPowerSet                
000036a5  SysCtlDeepSleepPowerSet            
000036b5  SysCtlReset                        
000036bd  SysCtlSleep                        
000036c5  SysCtlDeepSleep                    
000036e1  SysCtlResetCauseGet                
000036e7  SysCtlResetCauseClear              
000036fb  SysCtlMOSCConfigSet                
00003711  SysCtlPIOSCCalibrate               
00003761  SysCtlResetBehaviorSet             
00003771  SysCtlResetBehaviorGet             
000037c5  SysCtlClockFreqSet                 
00003add  SysCtlClockSet                     
00003ca9  SysCtlClockGet                     
00003e57  SysCtlDeepSleepClockSet            
00003e75  SysCtlDeepSleepClockConfigSet      
00003eff  SysCtlPWMClockSet                  
00003f19  SysCtlPWMClockGet                  
00003f2f  SysCtlGPIOAHBEnable                
00003f4b  SysCtlGPIOAHBDisable               
00003f67  SysCtlUSBPLLEnable                 
00003f79  SysCtlUSBPLLDisable                
00003f89  SysCtlVoltageEventConfig           
00003f99  SysCtlVoltageEventStatus           
00003fa5  SysCtlVoltageEventClear            
00003fb9  SysCtlNMIStatus                    
00003fbf  SysCtlNMIClear                     
00003fd3  SysCtlClockOutConfig               
00003fef  SysCtlAltClkConfig                 
000040af  GPIODirModeSet                     
0000410b  GPIODirModeGet                     
00004157  GPIOIntTypeSet                     
000041fb  GPIOIntTypeGet                     
00004291  GPIOPadConfigSet                   
000044cb  GPIOPadConfigGet                   
0000461d  GPIOIntEnable                      
00004637  GPIOIntDisable                     
00004651  GPIOIntStatus                      
00004673  GPIOIntClear                       
00004687  GPIOIntRegister                    
000046a5  GPIOIntUnregister                  
000046bf  GPIOPinRead                        
000046d7  GPIOPinWrite                       
000046f7  GPIOPinTypeADC                     
0000471b  GPIOPinTypeCAN                     
0000473f  GPIOPinTypeComparator              
00004763  GPIOPinTypeEPI                     
00004787  GPIOPinTypeEthernetLED             
000047ab  GPIOPinTypeEthernetMII             
000047cf  GPIOPinTypeGPIOInput               
000047f3  GPIOPinTypeGPIOOutput              
00004817  GPIOPinTypeGPIOOutputOD            
0000483b  GPIOPinTypeI2C                     
0000485f  GPIOPinTypeI2CSCL                  
00004883  GPIOPinTypeLCD                     
000048a7  GPIOPinTypeLPC                     
000048cb  GPIOPinTypePECIRx                  
000048ef  GPIOPinTypePECITx                  
00004913  GPIOPinTypePWM                     
00004937  GPIOPinTypeQEI                     
0000495b  GPIOPinTypeSSI                     
0000497f  GPIOPinTypeTimer                   
000049a3  GPIOPinTypeUART                    
000049c7  GPIOPinTypeUSBAnalog               
000049eb  GPIOPinTypeUSBDigital              
00004a0f  GPIOPinTypeWakeHigh                
00004a35  GPIOPinTypeWakeLow                 
00004a5b  GPIOPinTypeKBRow                   
00004a7f  GPIOPinTypeKBColumn                
00004aa3  GPIOPinTypeLEDSeq                  
00004ac7  GPIOPinTypeCIR                     
00004aeb  GPIOPinWakeStatus                  
00004afb  GPIOPinConfigure                   
00004b59  GPIODMATriggerEnable               
00004b77  GPIODMATriggerDisable              
00004b95  GPIOADCTriggerEnable               
00004bb3  GPIOADCTriggerDisable              
00004bd9  __TI_printfi                       
00005627  _nop                               
00005629  xTimerCreateTimerTask              
00005667  xTimerCreate                       
00005709  xTimerGenericCommand               
00005789  xTimerGetTimerDaemonTaskHandle     
000057ab  xTimerGetPeriod                    
000057d1  vTimerSetReloadMode                
0000581b  xTimerGetExpiryTime                
00005845  pcTimerGetName                     
00005d01  xTimerIsTimerActive                
00005d3d  pvTimerGetTimerID                  
00005d6b  vTimerSetTimerID                   
00005d99  xTimerPendFunctionCallFromISR      
00005dcf  xTimerPendFunctionCall             
00005e1b  uxTimerGetTimerNumber              
00005e29  vTimerSetTimerNumber               
00005eb3  ADCIntRegister                     
00005edb  ADCIntUnregister                   
00005ef9  ADCIntDisable                      
00005f15  ADCIntEnable                       
00005f3b  ADCIntStatus                       
00005f93  ADCIntClear                        
00005fa9  ADCSequenceEnable                  
00005fc3  ADCSequenceDisable                 
00005fdd  ADCSequenceConfigure               
00006061  ADCSequenceStepConfigure           
00006155  ADCSequenceOverflow                
0000616d  ADCSequenceOverflowClear           
00006183  ADCSequenceUnderflow               
0000619b  ADCSequenceUnderflowClear          
000061b1  ADCSequenceDataGet                 
000061f3  ADCProcessorTrigger                
00006217  ADCSoftwareOversampleConfigure     
0000624f  ADCSoftwareOversampleStepConfigure 
0000630f  ADCSoftwareOversampleDataGet       
0000637d  ADCHardwareOversampleConfigure     
000063af  ADCComparatorConfigure             
000063cb  ADCComparatorRegionSet             
000063ef  ADCComparatorReset                 
00006435  ADCComparatorIntDisable            
00006453  ADCComparatorIntEnable             
00006471  ADCComparatorIntStatus             
0000647f  ADCComparatorIntClear              
00006491  ADCIntDisableEx                    
000064a9  ADCIntEnableEx                     
000064c5  ADCIntStatusEx                     
000064f7  ADCIntClearEx                      
0000650f  ADCReferenceSet                    
0000652b  ADCReferenceGet                    
0000653d  ADCPhaseDelaySet                   
0000654f  ADCPhaseDelayGet                   
0000655d  ADCSequenceDMAEnable               
00006579  ADCSequenceDMADisable              
00006595  ADCBusy                            
000065b3  ADCClockConfigSet                  
000065dd  ADCClockConfigGet                  
0000661b  __aeabi_idiv0                      
0000661b  __aeabi_ldiv0                      
0000667b  I2CMasterInitExpClk                
000066ed  I2CSlaveInit                       
00006707  I2CSlaveAddressSet                 
00006745  I2CMasterEnable                    
0000675b  I2CSlaveEnable                     
00006779  I2CMasterDisable                   
0000678f  I2CSlaveDisable                    
000067ad  I2CIntRegister                     
000067cb  I2CIntUnregister                   
000067e5  I2CMasterIntEnable                 
000067f5  I2CMasterIntEnableEx               
0000680d  I2CSlaveIntEnable                  
00006825  I2CSlaveIntEnableEx                
0000683f  I2CMasterIntDisable                
0000684f  I2CMasterIntDisableEx              
00006867  I2CSlaveIntDisable                 
0000687f  I2CSlaveIntDisableEx               
00006899  I2CMasterIntStatus                 
000068dd  I2CMasterIntStatusEx               
00006909  I2CSlaveIntStatus                  
00006951  I2CSlaveIntStatusEx                
00006973  I2CMasterIntClear                  
00006991  I2CMasterIntClearEx                
000069a3  I2CSlaveIntClear                   
000069b5  I2CSlaveIntClearEx                 
000069c9  I2CMasterSlaveAddrSet              
000069eb  I2CMasterLineStateGet              
000069f9  I2CMasterBusy                      
00006a11  I2CMasterBusBusy                   
00006a29  I2CMasterControl                   
00006a3b  I2CMasterErr                       
00006a67  I2CMasterDataPut                   
00006a7d  I2CMasterDataGet                   
00006a8b  I2CMasterTimeoutSet                
00006a9d  I2CSlaveACKOverride                
00006acf  I2CSlaveACKValueSet                
00006b01  I2CSlaveStatus                     
00006b11  I2CSlaveDataPut                    
00006b29  I2CSlaveDataGet                    
00006b39  I2CTxFIFOConfigSet                 
00006b61  I2CTxFIFOFlush                     
00006b79  I2CRxFIFOConfigSet                 
00006ba1  I2CRxFIFOFlush                     
00006bb9  I2CFIFOStatus                      
00006bc9  I2CFIFODataPut                     
00006beb  I2CFIFODataPutNonBlocking          
00006c13  I2CFIFODataGet                     
00006c2d  I2CFIFODataGetNonBlocking          
00006c53  I2CMasterBurstLengthSet            
00006c69  I2CMasterBurstCountGet             
00006c77  I2CMasterGlitchFilterConfigSet     
00006c8f  I2CSlaveFIFOEnable                 
00006ca7  I2CSlaveFIFODisable                
00006d2b  TimerEnable                        
00006d49  TimerDisable                       
00006d67  TimerConfigure                     
00006de3  TimerControlLevel                  
00006e19  TimerControlTrigger                
00006e87  TimerControlEvent                  
00006eb1  TimerControlStall                  
00006ee7  TimerControlWaitOnTrigger          
00006f47  TimerRTCEnable                     
00006f5d  TimerRTCDisable                    
00006f73  TimerClockSourceSet                
00006f9d  TimerClockSourceGet                
00006fad  TimerPrescaleSet                   
00006fd7  TimerPrescaleGet                   
00006ff3  TimerPrescaleMatchSet              
00007021  TimerPrescaleMatchGet              
0000703d  TimerLoadSet                       
00007067  TimerLoadGet                       
00007083  TimerLoadSet64                     
0000709d  TimerLoadGet64                     
000070cf  TimerValueGet                      
000070eb  TimerValueGet64                    
0000711d  TimerMatchSet                      
00007147  TimerMatchGet                      
00007163  TimerMatchSet64                    
0000717d  TimerMatchGet64                    
000071af  TimerIntRegister                   
000071d7  TimerIntUnregister                 
000071f5  TimerIntEnable                     
0000720d  TimerIntDisable                    
00007225  TimerIntStatus                     
00007243  TimerIntClear                      
00007255  TimerSynchronize                   
00007267  TimerADCEventSet                   
00007279  TimerADCEventGet                   
00007287  TimerDMAEventSet                   
00007299  TimerDMAEventGet                   
000072a7  TimerUpdateMode                    
0000735b  UARTParityModeSet                  
00007377  UARTParityModeGet                  
00007389  UARTFIFOLevelSet                   
000073a1  UARTFIFOLevelGet                   
000073c9  UARTConfigSetExpClk                
0000743f  UARTConfigGetExpClk                
0000748b  UARTEnable                         
000074af  UARTDisable                        
000074d9  UARTFIFOEnable                     
000074ef  UARTFIFODisable                    
00007505  UARTEnableSIR                      
00007533  UARTDisableSIR                     
00007549  UARTSmartCardEnable                
0000757b  UARTSmartCardDisable               
00007591  UARTModemControlSet                
000075c9  UARTModemControlClear              
000075ed  UARTModemControlGet                
000075ff  UARTModemStatusGet                 
00007613  UARTFlowControlSet                 
0000762f  UARTFlowControlGet                 
00007641  UARTTxIntModeSet                   
0000765d  UARTTxIntModeGet                   
0000766f  UARTCharsAvail                     
0000768d  UARTSpaceAvail                     
000076ab  UARTCharGetNonBlocking             
000076c7  UARTCharGet                        
000076dd  UARTCharPutNonBlocking             
00007701  UARTCharPut                        
0000771f  UARTBreakCtl                       
00007749  UARTBusy                           
00007767  UARTIntRegister                    
00007785  UARTIntUnregister                  
000077a5  UARTIntEnable                      
000077bd  UARTIntDisable                     
000077d5  UARTIntStatus                      
000077f3  UARTIntClear                       
00007805  UARTDMAEnable                      
0000781d  UARTDMADisable                     
00007835  UARTRxErrorGet                     
00007847  UARTRxErrorClear                   
00007857  UARTClockSourceSet                 
0000786b  UARTClockSourceGet                 
0000787b  UART9BitEnable                     
00007891  UART9BitDisable                    
000078a7  UART9BitAddrSet                    
000078cd  UART9BitAddrSend                   
00007915  xEventGroupCreate                  
00007935  xEventGroupSync                    
00007a67  xEventGroupWaitBits                
00007bc7  xEventGroupClearBits               
00007c25  xEventGroupClearBitsFromISR        
00007c3d  xEventGroupGetBitsFromISR          
00007c71  xEventGroupSetBits                 
00007d6b  vEventGroupDelete                  
00007dc1  vEventGroupSetBitsCallback         
00007dd1  vEventGroupClearBitsCallback       
00007e17  xEventGroupSetBitsFromISR          
00007e37  uxEventGroupGetNumber              
00007e57  vEventGroupSetNumber               
00007e71  init_i2c                           
00007efb  add_i2c_msg                        
00007f85  i2c_task                           
000083ad  UARTStdioConfig                    
000083f3  UARTwrite                          
00008443  UARTgets                           
000084fd  UARTgetc                           
00008525  UARTvprintf                        
0000881f  UARTprintf                         
00008855  init_drumpad                       
00008897  process_drumpad                    
00008c8d  slope_drawpage                     
00008c8f  slope_drawdata                     
00008c91  slope_drawinput                    
00008cf1  init_console                       
00008d01  add_page                           
00008dbd  is_on_screen                       
00008fd5  console_task                       
00009187  IntMasterEnable                    
00009197  IntMasterDisable                   
000091a7  IntRegister                        
000091f9  IntUnregister                      
0000920d  IntPriorityGroupingSet             
00009227  IntPriorityGroupingGet             
0000925f  IntPrioritySet                     
000092af  IntPriorityGet                     
000092d3  IntEnable                          
00009345  IntDisable                         
000093b7  IntIsEnabled                       
0000943d  IntPendSet                         
000094ad  IntPendClear                       
000094fb  IntPriorityMaskSet                 
00009507  IntPriorityMaskGet                 
0000950f  IntTrigger                         
00009545  init_adc                           
000096e5  get_adc_config                     
00009729  get_adc_val                        
0000975d  get_adc_struct                     
00009767  ADCSeq0Handler                     
000097a9  ADCSeq1Handler                     
000097fd  adc_task                           
0000994b  SSIConfigSetExpClk                 
000099d7  SSIEnable                          
000099ed  SSIDisable                         
00009a03  SSIIntRegister                     
00009a21  SSIIntUnregister                   
00009a3b  SSIIntEnable                       
00009a53  SSIIntDisable                      
00009a6b  SSIIntStatus                       
00009a89  SSIIntClear                        
00009a9b  SSIDataPut                         
00009ab5  SSIDataPutNonBlocking              
00009ad5  SSIDataGet                         
00009af1  SSIDataGetNonBlocking              
00009b13  SSIDMAEnable                       
00009b2b  SSIDMADisable                      
00009b43  SSIBusy                            
00009b61  SSIClockSourceSet                  
00009b75  SSIClockSourceGet                  
00009b99  SSIAdvModeSet                      
00009bb5  SSIAdvDataPutFrameEnd              
00009bdb  SSIAdvDataPutFrameEndNonBlocking   
00009c07  SSIAdvFrameHoldEnable              
00009c1d  SSIAdvFrameHoldDisable             
00009c35  init_rotary_enc                    
00009cc1  rotary_enc_task                    
00009e9d  get_channel                        
00009ee9  pxPortInitialiseStack              
00009f75  xPortStartScheduler                
0000a009  vPortEndScheduler                  
0000a02d  vPortEnterCritical                 
0000a06f  vPortExitCritical                  
0000a09b  xPortSysTickHandler                
0000a0c1  vPortSetupTimerInterrupt           
0000a0dd  vPortValidateInterruptPriority     
0000a3e5  create_error                       
0000a445  set_error                          
0000a457  init_logger                        
0000a483  logger_drawpage                    
0000a4bd  logger_drawdata                    
0000a56d  logger_drawinput                   
0000a615  main                               
0000a9ed  pvPortMalloc                       
0000aaed  vPortFree                          
0000ab4b  xPortGetFreeHeapSize               
0000ab51  vPortInitialiseBlocks              
0000abad  __aeabi_dsub                       
0000abb7  __aeabi_dadd                       
0000ad65  init_host_uart                     
0000addf  host_uart_task                     
0000ae93  send_to_host                       
0000aeaf  send_to_host_from_isr              
0000aecb  uartmsg_drawpage                   
0000aecd  uartmsg_drawdata                   
0000aecf  uartmsg_drawinput                  
0000af19  init_gpis                          
0000affd  get_gpi_config                     
0000b041  read_gpi                           
0000b05f  get_gpi_struct                     
0000b0a5  control_drawpage                   
0000b15b  control_drawdata                   
0000b1db  control_drawinput                  
0000b21d  init_gpos                          
0000b29f  get_gpo_config                     
0000b2e3  set_gpo                            
0000b30f  get_gpo                            
0000b49d  __aeabi_ddiv                       
0000b5d5  homepage_drawpage                  
0000b627  homepage_drawdata                  
0000b629  homepage_drawinput                 
0000b705  vListInitialise                    
0000b735  vListInitialiseItem                
0000b745  vListInsertEnd                     
0000b781  vListInsert                        
0000b7e7  uxListRemove                       
0000b955  fputs                              
0000ba69  ldexp                              
0000ba69  ldexpl                             
0000ba69  scalbn                             
0000ba69  scalbnl                            
0000bb79  aligned_alloc                      
0000bb79  memalign                           
0000bc79  __aeabi_dmul                       
0000bd75  get_char                           
0000bddd  init_console_uart                  
0000be65  free                               
0000bf49  setvbuf                            
0000c035  ulPortGetIPSR                      
0000c04d  xPortPendSVHandler                 
0000c0ad  vPortSVCHandler                    
0000c0cd  vPortStartFirstTask                
0000c0f1  vPortEnableVFP                     
0000c101  set_text_mode                      
0000c10f  text_color                         
0000c11d  bold_text_color                    
0000c12b  bgd_color                          
0000c139  cursor_pos                         
0000c14b  save_cursor_pos                    
0000c155  restore_cursor_pos                 
0000c15f  clear_terminal                     
0000c169  clear_line                         
0000c173  clear_in_line                      
0000c17d  clear_below_line                   
0000c1d5  FPUEnable                          
0000c1e7  FPUDisable                         
0000c1f5  FPUStackingEnable                  
0000c207  FPULazyStackingEnable              
0000c213  FPUStackingDisable                 
0000c21f  FPUHalfPrecisionModeSet            
0000c239  FPUNaNModeSet                      
0000c253  FPUFlushToZeroModeSet              
0000c26d  FPURoundingModeSet                 
0000c347  __aeabi_memcpy                     
0000c347  __aeabi_memcpy4                    
0000c347  __aeabi_memcpy8                    
0000c347  memcpy                             
0000c3e3  __aeabi_uldivmod                   
0000c479  __aeabi_cdcmpeq                    
0000c479  __aeabi_cdcmple                    
0000c4ff  __aeabi_cdrcmple                   
0000c585  fflush                             
0000c601  __aeabi_memclr                     
0000c601  __aeabi_memclr4                    
0000c601  __aeabi_memclr8                    
0000c603  __aeabi_memset                     
0000c603  __aeabi_memset4                    
0000c603  __aeabi_memset8                    
0000c609  memset                             
0000c67d  __TI_closefile                     
0000c7d1  HOSTrename                         
0000c83d  HOSTlseek                          
0000c8a5  __TI_decompress_lzss               
0000c90d  frexp                              
0000c90d  frexpl                             
0000c971  fseek                              
0000c9d5  __TI_wrt_ok                        
0000ca39  HOSTopen                           
0000ca99  close                              
0000caf5  HOSTread                           
0000cb4d  HOSTwrite                          
0000cbfb  __TI_ltoa                          
0000cca1  __TI_doflush                       
0000cced  atoi                               
0000cd39  taskmanager_drawpage               
0000cd71  taskmanager_drawdata               
0000cd73  taskmanager_drawinput              
0000cd85  exit                               
0000cdcd  __aeabi_d2iz                       
0000ce15  HOSTclose                          
0000ce59  HOSTunlink                         
0000ce9d  __TI_auto_init_nobinit_nopinit     
0000cee1  getdevice                          
0000cf25  __aeabi_uidiv                      
0000cf25  __aeabi_uidivmod                   
0000cf65  sprintf                            
0000cfe3  CPUcpsid                           
0000cfef  CPUprimask                         
0000cff9  CPUcpsie                           
0000d005  CPUwfi                             
0000d009  CPUbasepriSet                      
0000d017  CPUbasepriGet                      
0000d021  __TI_writemsg                      
0000d04f  C$$IO$$                            
0000d059  __aeabi_f2d                        
0000d091  strncpy                            
0000d0c9  __TI_cleanup                       
0000d0fd  __TI_readmsg                       
0000d131  _c_int00_noargs                    
0000d165  finddevice                         
0000d195  __aeabi_i2d                        
0000d1c5  remove                             
0000d1c5  unlink                             
0000d1f1  vApplicationMallocFailedHook       
0000d201  vApplicationIdleHook               
0000d203  vApplicationStackOverflowHook      
0000d245  lseek                              
0000d26d  write                              
0000d295  memchr                             
0000d2b5  _abort_msg                         
0000d2ed  memccpy                            
0000d309  copysign                           
0000d309  copysignl                          
0000d33b  strcmp                             
0000d353  strchr                             
0000d369  strcpy                             
0000d37d  strlen                             
0000d391  wcslen                             
0000d3a3  __TI_decompress_none               
0000d3b1  __TI_zero_init                     
0000d3bd  ResetISR                           
0000d3d5  __aeabi_errno_addr                 
0000d3dd  malloc                             
0000d3e5  SysCtlDelay                        
0000d3eb  _system_pre_init                   
0000d3ef  C$$EXIT                            
0000d3ef  abort                              
0000d514  _ctypes_                           
0000dca8  gpo_info                           
0000dcb0  ulMaxSyscallInterruptPriority      
0000dea0  __TI_Handler_Table_Base            
0000deac  __TI_Handler_Table_Limit           
0000dec0  __TI_CINIT_Base                    
0000ded8  __TI_CINIT_Limit                   
20000000  __start___llvm_prf_cnts            
20000000  __stop___llvm_prf_cnts             
20000000  g_pfnRAMVectors                    
2000026c  ucHeap                             
200067fc  __CIOBUF_                          
20006a0c  pad_states                         
20006afc  __TI_tmpnams                       
20006c00  xQueueRegistry                     
20006d54  adc_info                           
20006d5c  gpis_info                          
20006d64  parmbuf                            
20006d7c  addr_ack_err                       
20006d80  arb_lost_err                       
20006d84  blue_debug                         
20006d88  clk_tout_err                       
20006d8c  data_ack_err                       
20006d90  green_debug                        
20006d94  red_debug                          
20006d98  _ftable                            
20006f30  _device                            
20006fa8  _stream                            
20006ff8  pxCurrentTCB                       
20007304  __TI_ft_end                        
20007308  __aeabi_stdin                      
2000730c  __aeabi_stdout                     
20007310  __aeabi_stderr                     
20007314  __TI_cleanup_ptr                   
20007318  __TI_dtors_ptr                     
2000731c  __TI_enable_exit_profile_output    
20007344  _lock                              
20007348  _unlock                            
20007354  adc_pin_struct                     
2000735c  gpi_info                           
2000736c  i2c_msg_queue                      
20007388  errno                              
20007390  __stack                            
20007590  __STACK_END                        
20007590  __STACK_TOP                        
20007590  _sys_memory                        
ffffffff  __TI_pprof_out_hndl                
ffffffff  __TI_prof_data_size                
ffffffff  __TI_prof_data_start               
ffffffff  __binit__                          
ffffffff  __c_args__                         
ffffffff  binit                              
UNDEFED   __mpu_init                         
UNDEFED   _system_post_cinit                 

[678 symbols]
