<?xml version="1.0" encoding="ISO-8859-1" ?>
<link_info>
   <banner>TI ARM Linker PC v20.2.2.LTS</banner>
   <copyright>Copyright (c) 1996-2018 Texas Instruments Incorporated</copyright>
   <link_time>0x6071ce57</link_time>
   <link_errors>0x0</link_errors>
   <output_file>drum_pad.out</output_file>
   <entry_point>
      <name>_c_int00_noargs</name>
      <address>0xd149</address>
   </entry_point>
   <input_file_list>
      <input_file id="fl-2">
         <path>.\</path>
         <kind>object</kind>
         <file>ADC_task.obj</file>
         <name>ADC_task.obj</name>
      </input_file>
      <input_file id="fl-3">
         <path>.\</path>
         <kind>object</kind>
         <file>GPIs.obj</file>
         <name>GPIs.obj</name>
      </input_file>
      <input_file id="fl-4">
         <path>.\</path>
         <kind>object</kind>
         <file>GPOs.obj</file>
         <name>GPOs.obj</name>
      </input_file>
      <input_file id="fl-5">
         <path>.\</path>
         <kind>object</kind>
         <file>I2C_task.obj</file>
         <name>I2C_task.obj</name>
      </input_file>
      <input_file id="fl-6">
         <path>.\</path>
         <kind>object</kind>
         <file>console_task.obj</file>
         <name>console_task.obj</name>
      </input_file>
      <input_file id="fl-7">
         <path>.\</path>
         <kind>object</kind>
         <file>console_uart.obj</file>
         <name>console_uart.obj</name>
      </input_file>
      <input_file id="fl-8">
         <path>.\</path>
         <kind>object</kind>
         <file>control_page.obj</file>
         <name>control_page.obj</name>
      </input_file>
      <input_file id="fl-9">
         <path>.\</path>
         <kind>object</kind>
         <file>drum_pad_functions.obj</file>
         <name>drum_pad_functions.obj</name>
      </input_file>
      <input_file id="fl-a">
         <path>.\</path>
         <kind>object</kind>
         <file>heap_2.obj</file>
         <name>heap_2.obj</name>
      </input_file>
      <input_file id="fl-b">
         <path>.\</path>
         <kind>object</kind>
         <file>homepage.obj</file>
         <name>homepage.obj</name>
      </input_file>
      <input_file id="fl-c">
         <path>.\</path>
         <kind>object</kind>
         <file>hooks.obj</file>
         <name>hooks.obj</name>
      </input_file>
      <input_file id="fl-d">
         <path>.\</path>
         <kind>object</kind>
         <file>host_uart_task.obj</file>
         <name>host_uart_task.obj</name>
      </input_file>
      <input_file id="fl-e">
         <path>.\</path>
         <kind>object</kind>
         <file>joystick_task.obj</file>
         <name>joystick_task.obj</name>
      </input_file>
      <input_file id="fl-f">
         <path>.\</path>
         <kind>object</kind>
         <file>logger.obj</file>
         <name>logger.obj</name>
      </input_file>
      <input_file id="fl-10">
         <path>.\</path>
         <kind>object</kind>
         <file>main.obj</file>
         <name>main.obj</name>
      </input_file>
      <input_file id="fl-11">
         <path>.\</path>
         <kind>object</kind>
         <file>rotary_enc_task.obj</file>
         <name>rotary_enc_task.obj</name>
      </input_file>
      <input_file id="fl-12">
         <path>.\</path>
         <kind>object</kind>
         <file>task_manager_page.obj</file>
         <name>task_manager_page.obj</name>
      </input_file>
      <input_file id="fl-13">
         <path>.\</path>
         <kind>object</kind>
         <file>text_controls.obj</file>
         <name>text_controls.obj</name>
      </input_file>
      <input_file id="fl-14">
         <path>.\</path>
         <kind>object</kind>
         <file>tm4c123gh6pm_startup_ccs.obj</file>
         <name>tm4c123gh6pm_startup_ccs.obj</name>
      </input_file>
      <input_file id="fl-15">
         <path>.\</path>
         <kind>object</kind>
         <file>watchdog_task.obj</file>
         <name>watchdog_task.obj</name>
      </input_file>
      <input_file id="fl-16">
         <path>.\FreeRTOS\</path>
         <kind>object</kind>
         <file>croutine.obj</file>
         <name>croutine.obj</name>
      </input_file>
      <input_file id="fl-17">
         <path>.\FreeRTOS\</path>
         <kind>object</kind>
         <file>event_groups.obj</file>
         <name>event_groups.obj</name>
      </input_file>
      <input_file id="fl-18">
         <path>.\FreeRTOS\</path>
         <kind>object</kind>
         <file>list.obj</file>
         <name>list.obj</name>
      </input_file>
      <input_file id="fl-19">
         <path>.\FreeRTOS\</path>
         <kind>object</kind>
         <file>queue.obj</file>
         <name>queue.obj</name>
      </input_file>
      <input_file id="fl-1a">
         <path>.\FreeRTOS\</path>
         <kind>object</kind>
         <file>stream_buffer.obj</file>
         <name>stream_buffer.obj</name>
      </input_file>
      <input_file id="fl-1b">
         <path>.\FreeRTOS\</path>
         <kind>object</kind>
         <file>tasks.obj</file>
         <name>tasks.obj</name>
      </input_file>
      <input_file id="fl-1c">
         <path>.\FreeRTOS\</path>
         <kind>object</kind>
         <file>timers.obj</file>
         <name>timers.obj</name>
      </input_file>
      <input_file id="fl-1d">
         <path>.\FreeRTOS\portable\CCS\ARM_CM4F\</path>
         <kind>object</kind>
         <file>port.obj</file>
         <name>port.obj</name>
      </input_file>
      <input_file id="fl-1e">
         <path>.\FreeRTOS\portable\CCS\ARM_CM4F\</path>
         <kind>object</kind>
         <file>portasm.obj</file>
         <name>portasm.obj</name>
      </input_file>
      <input_file id="fl-1f">
         <path>.\driverlib\</path>
         <kind>object</kind>
         <file>adc.obj</file>
         <name>adc.obj</name>
      </input_file>
      <input_file id="fl-20">
         <path>.\driverlib\</path>
         <kind>object</kind>
         <file>aes.obj</file>
         <name>aes.obj</name>
      </input_file>
      <input_file id="fl-21">
         <path>.\driverlib\</path>
         <kind>object</kind>
         <file>can.obj</file>
         <name>can.obj</name>
      </input_file>
      <input_file id="fl-22">
         <path>.\driverlib\</path>
         <kind>object</kind>
         <file>comp.obj</file>
         <name>comp.obj</name>
      </input_file>
      <input_file id="fl-23">
         <path>.\driverlib\</path>
         <kind>object</kind>
         <file>cpu.obj</file>
         <name>cpu.obj</name>
      </input_file>
      <input_file id="fl-24">
         <path>.\driverlib\</path>
         <kind>object</kind>
         <file>crc.obj</file>
         <name>crc.obj</name>
      </input_file>
      <input_file id="fl-25">
         <path>.\driverlib\</path>
         <kind>object</kind>
         <file>des.obj</file>
         <name>des.obj</name>
      </input_file>
      <input_file id="fl-26">
         <path>.\driverlib\</path>
         <kind>object</kind>
         <file>eeprom.obj</file>
         <name>eeprom.obj</name>
      </input_file>
      <input_file id="fl-27">
         <path>.\driverlib\</path>
         <kind>object</kind>
         <file>emac.obj</file>
         <name>emac.obj</name>
      </input_file>
      <input_file id="fl-28">
         <path>.\driverlib\</path>
         <kind>object</kind>
         <file>epi.obj</file>
         <name>epi.obj</name>
      </input_file>
      <input_file id="fl-29">
         <path>.\driverlib\</path>
         <kind>object</kind>
         <file>epi_workaround_ccs.obj</file>
         <name>epi_workaround_ccs.obj</name>
      </input_file>
      <input_file id="fl-2a">
         <path>.\driverlib\</path>
         <kind>object</kind>
         <file>flash.obj</file>
         <name>flash.obj</name>
      </input_file>
      <input_file id="fl-2b">
         <path>.\driverlib\</path>
         <kind>object</kind>
         <file>fpu.obj</file>
         <name>fpu.obj</name>
      </input_file>
      <input_file id="fl-2c">
         <path>.\driverlib\</path>
         <kind>object</kind>
         <file>gpio.obj</file>
         <name>gpio.obj</name>
      </input_file>
      <input_file id="fl-2d">
         <path>.\driverlib\</path>
         <kind>object</kind>
         <file>hibernate.obj</file>
         <name>hibernate.obj</name>
      </input_file>
      <input_file id="fl-2e">
         <path>.\driverlib\</path>
         <kind>object</kind>
         <file>i2c.obj</file>
         <name>i2c.obj</name>
      </input_file>
      <input_file id="fl-2f">
         <path>.\driverlib\</path>
         <kind>object</kind>
         <file>interrupt.obj</file>
         <name>interrupt.obj</name>
      </input_file>
      <input_file id="fl-30">
         <path>.\driverlib\</path>
         <kind>object</kind>
         <file>lcd.obj</file>
         <name>lcd.obj</name>
      </input_file>
      <input_file id="fl-31">
         <path>.\driverlib\</path>
         <kind>object</kind>
         <file>mpu.obj</file>
         <name>mpu.obj</name>
      </input_file>
      <input_file id="fl-32">
         <path>.\driverlib\</path>
         <kind>object</kind>
         <file>pwm.obj</file>
         <name>pwm.obj</name>
      </input_file>
      <input_file id="fl-33">
         <path>.\driverlib\</path>
         <kind>object</kind>
         <file>qei.obj</file>
         <name>qei.obj</name>
      </input_file>
      <input_file id="fl-34">
         <path>.\driverlib\</path>
         <kind>object</kind>
         <file>shamd5.obj</file>
         <name>shamd5.obj</name>
      </input_file>
      <input_file id="fl-35">
         <path>.\driverlib\</path>
         <kind>object</kind>
         <file>ssi.obj</file>
         <name>ssi.obj</name>
      </input_file>
      <input_file id="fl-36">
         <path>.\driverlib\</path>
         <kind>object</kind>
         <file>sw_crc.obj</file>
         <name>sw_crc.obj</name>
      </input_file>
      <input_file id="fl-37">
         <path>.\driverlib\</path>
         <kind>object</kind>
         <file>sysctl.obj</file>
         <name>sysctl.obj</name>
      </input_file>
      <input_file id="fl-38">
         <path>.\driverlib\</path>
         <kind>object</kind>
         <file>sysexc.obj</file>
         <name>sysexc.obj</name>
      </input_file>
      <input_file id="fl-39">
         <path>.\driverlib\</path>
         <kind>object</kind>
         <file>systick.obj</file>
         <name>systick.obj</name>
      </input_file>
      <input_file id="fl-3a">
         <path>.\driverlib\</path>
         <kind>object</kind>
         <file>timer.obj</file>
         <name>timer.obj</name>
      </input_file>
      <input_file id="fl-3b">
         <path>.\driverlib\</path>
         <kind>object</kind>
         <file>uart.obj</file>
         <name>uart.obj</name>
      </input_file>
      <input_file id="fl-3c">
         <path>.\driverlib\</path>
         <kind>object</kind>
         <file>udma.obj</file>
         <name>udma.obj</name>
      </input_file>
      <input_file id="fl-3d">
         <path>.\driverlib\</path>
         <kind>object</kind>
         <file>usb.obj</file>
         <name>usb.obj</name>
      </input_file>
      <input_file id="fl-3e">
         <path>.\driverlib\</path>
         <kind>object</kind>
         <file>watchdog.obj</file>
         <name>watchdog.obj</name>
      </input_file>
      <input_file id="fl-3f">
         <path>.\utils\</path>
         <kind>object</kind>
         <file>uartstdio.obj</file>
         <name>uartstdio.obj</name>
      </input_file>
      <input_file id="fl-44">
         <kind>object</kind>
         <file>&lt;internal&gt;</file>
         <name>&lt;internal&gt;</name>
      </input_file>
      <input_file id="fl-fa">
         <path>C:\ti\ccs1020\ccs\tools\compiler\ti-cgt-arm_20.2.2.LTS\lib\</path>
         <kind>archive</kind>
         <file>rtsv7M4_T_le_v4SPD16_eabi.lib</file>
         <name>sprintf.c.obj</name>
      </input_file>
      <input_file id="fl-fb">
         <path>C:\ti\ccs1020\ccs\tools\compiler\ti-cgt-arm_20.2.2.LTS\lib\</path>
         <kind>archive</kind>
         <file>rtsv7M4_T_le_v4SPD16_eabi.lib</file>
         <name>fs_tod_t2.asm.obj</name>
      </input_file>
      <input_file id="fl-fc">
         <path>C:\ti\ccs1020\ccs\tools\compiler\ti-cgt-arm_20.2.2.LTS\lib\</path>
         <kind>archive</kind>
         <file>rtsv7M4_T_le_v4SPD16_eabi.lib</file>
         <name>memcpy_t2.asm.obj</name>
      </input_file>
      <input_file id="fl-fd">
         <path>C:\ti\ccs1020\ccs\tools\compiler\ti-cgt-arm_20.2.2.LTS\lib\</path>
         <kind>archive</kind>
         <file>rtsv7M4_T_le_v4SPD16_eabi.lib</file>
         <name>memset_t2.asm.obj</name>
      </input_file>
      <input_file id="fl-fe">
         <path>C:\ti\ccs1020\ccs\tools\compiler\ti-cgt-arm_20.2.2.LTS\lib\</path>
         <kind>archive</kind>
         <file>rtsv7M4_T_le_v4SPD16_eabi.lib</file>
         <name>u_divt2.asm.obj</name>
      </input_file>
      <input_file id="fl-ff">
         <path>C:\ti\ccs1020\ccs\tools\compiler\ti-cgt-arm_20.2.2.LTS\lib\</path>
         <kind>archive</kind>
         <file>rtsv7M4_T_le_v4SPD16_eabi.lib</file>
         <name>copy_zero_init.c.obj</name>
      </input_file>
      <input_file id="fl-100">
         <path>C:\ti\ccs1020\ccs\tools\compiler\ti-cgt-arm_20.2.2.LTS\lib\</path>
         <kind>archive</kind>
         <file>rtsv7M4_T_le_v4SPD16_eabi.lib</file>
         <name>copy_decompress_none.c.obj</name>
      </input_file>
      <input_file id="fl-101">
         <path>C:\ti\ccs1020\ccs\tools\compiler\ti-cgt-arm_20.2.2.LTS\lib\</path>
         <kind>archive</kind>
         <file>rtsv7M4_T_le_v4SPD16_eabi.lib</file>
         <name>copy_decompress_lzss.c.obj</name>
      </input_file>
      <input_file id="fl-102">
         <path>C:\ti\ccs1020\ccs\tools\compiler\ti-cgt-arm_20.2.2.LTS\lib\</path>
         <kind>archive</kind>
         <file>rtsv7M4_T_le_v4SPD16_eabi.lib</file>
         <name>assert.c.obj</name>
      </input_file>
      <input_file id="fl-103">
         <path>C:\ti\ccs1020\ccs\tools\compiler\ti-cgt-arm_20.2.2.LTS\lib\</path>
         <kind>archive</kind>
         <file>rtsv7M4_T_le_v4SPD16_eabi.lib</file>
         <name>defs.c.obj</name>
      </input_file>
      <input_file id="fl-104">
         <path>C:\ti\ccs1020\ccs\tools\compiler\ti-cgt-arm_20.2.2.LTS\lib\</path>
         <kind>archive</kind>
         <file>rtsv7M4_T_le_v4SPD16_eabi.lib</file>
         <name>strcmp.c.obj</name>
      </input_file>
      <input_file id="fl-105">
         <path>C:\ti\ccs1020\ccs\tools\compiler\ti-cgt-arm_20.2.2.LTS\lib\</path>
         <kind>archive</kind>
         <file>rtsv7M4_T_le_v4SPD16_eabi.lib</file>
         <name>strcpy.c.obj</name>
      </input_file>
      <input_file id="fl-106">
         <path>C:\ti\ccs1020\ccs\tools\compiler\ti-cgt-arm_20.2.2.LTS\lib\</path>
         <kind>archive</kind>
         <file>rtsv7M4_T_le_v4SPD16_eabi.lib</file>
         <name>strlen.c.obj</name>
      </input_file>
      <input_file id="fl-107">
         <path>C:\ti\ccs1020\ccs\tools\compiler\ti-cgt-arm_20.2.2.LTS\lib\</path>
         <kind>archive</kind>
         <file>rtsv7M4_T_le_v4SPD16_eabi.lib</file>
         <name>boot_cortex_m.c.obj</name>
      </input_file>
      <input_file id="fl-108">
         <path>C:\ti\ccs1020\ccs\tools\compiler\ti-cgt-arm_20.2.2.LTS\lib\</path>
         <kind>archive</kind>
         <file>rtsv7M4_T_le_v4SPD16_eabi.lib</file>
         <name>_printfi.c.obj</name>
      </input_file>
      <input_file id="fl-109">
         <path>C:\ti\ccs1020\ccs\tools\compiler\ti-cgt-arm_20.2.2.LTS\lib\</path>
         <kind>archive</kind>
         <file>rtsv7M4_T_le_v4SPD16_eabi.lib</file>
         <name>fflush.c.obj</name>
      </input_file>
      <input_file id="fl-10a">
         <path>C:\ti\ccs1020\ccs\tools\compiler\ti-cgt-arm_20.2.2.LTS\lib\</path>
         <kind>archive</kind>
         <file>rtsv7M4_T_le_v4SPD16_eabi.lib</file>
         <name>fputs.c.obj</name>
      </input_file>
      <input_file id="fl-10b">
         <path>C:\ti\ccs1020\ccs\tools\compiler\ti-cgt-arm_20.2.2.LTS\lib\</path>
         <kind>archive</kind>
         <file>rtsv7M4_T_le_v4SPD16_eabi.lib</file>
         <name>_io_perm.c.obj</name>
      </input_file>
      <input_file id="fl-10c">
         <path>C:\ti\ccs1020\ccs\tools\compiler\ti-cgt-arm_20.2.2.LTS\lib\</path>
         <kind>archive</kind>
         <file>rtsv7M4_T_le_v4SPD16_eabi.lib</file>
         <name>setvbuf.c.obj</name>
      </input_file>
      <input_file id="fl-10d">
         <path>C:\ti\ccs1020\ccs\tools\compiler\ti-cgt-arm_20.2.2.LTS\lib\</path>
         <kind>archive</kind>
         <file>rtsv7M4_T_le_v4SPD16_eabi.lib</file>
         <name>div0.asm.obj</name>
      </input_file>
      <input_file id="fl-10e">
         <path>C:\ti\ccs1020\ccs\tools\compiler\ti-cgt-arm_20.2.2.LTS\lib\</path>
         <kind>archive</kind>
         <file>rtsv7M4_T_le_v4SPD16_eabi.lib</file>
         <name>fd_add_t2.asm.obj</name>
      </input_file>
      <input_file id="fl-10f">
         <path>C:\ti\ccs1020\ccs\tools\compiler\ti-cgt-arm_20.2.2.LTS\lib\</path>
         <kind>archive</kind>
         <file>rtsv7M4_T_le_v4SPD16_eabi.lib</file>
         <name>fd_cmp_t2.asm.obj</name>
      </input_file>
      <input_file id="fl-110">
         <path>C:\ti\ccs1020\ccs\tools\compiler\ti-cgt-arm_20.2.2.LTS\lib\</path>
         <kind>archive</kind>
         <file>rtsv7M4_T_le_v4SPD16_eabi.lib</file>
         <name>fd_div_t2.asm.obj</name>
      </input_file>
      <input_file id="fl-111">
         <path>C:\ti\ccs1020\ccs\tools\compiler\ti-cgt-arm_20.2.2.LTS\lib\</path>
         <kind>archive</kind>
         <file>rtsv7M4_T_le_v4SPD16_eabi.lib</file>
         <name>fd_mul_t2.asm.obj</name>
      </input_file>
      <input_file id="fl-112">
         <path>C:\ti\ccs1020\ccs\tools\compiler\ti-cgt-arm_20.2.2.LTS\lib\</path>
         <kind>archive</kind>
         <file>rtsv7M4_T_le_v4SPD16_eabi.lib</file>
         <name>fd_toi_t2.asm.obj</name>
      </input_file>
      <input_file id="fl-113">
         <path>C:\ti\ccs1020\ccs\tools\compiler\ti-cgt-arm_20.2.2.LTS\lib\</path>
         <kind>archive</kind>
         <file>rtsv7M4_T_le_v4SPD16_eabi.lib</file>
         <name>i_tofd_t2.asm.obj</name>
      </input_file>
      <input_file id="fl-114">
         <path>C:\ti\ccs1020\ccs\tools\compiler\ti-cgt-arm_20.2.2.LTS\lib\</path>
         <kind>archive</kind>
         <file>rtsv7M4_T_le_v4SPD16_eabi.lib</file>
         <name>ull_div_t2.asm.obj</name>
      </input_file>
      <input_file id="fl-115">
         <path>C:\ti\ccs1020\ccs\tools\compiler\ti-cgt-arm_20.2.2.LTS\lib\</path>
         <kind>archive</kind>
         <file>rtsv7M4_T_le_v4SPD16_eabi.lib</file>
         <name>autoinit.c.obj</name>
      </input_file>
      <input_file id="fl-116">
         <path>C:\ti\ccs1020\ccs\tools\compiler\ti-cgt-arm_20.2.2.LTS\lib\</path>
         <kind>archive</kind>
         <file>rtsv7M4_T_le_v4SPD16_eabi.lib</file>
         <name>pre_init.c.obj</name>
      </input_file>
      <input_file id="fl-117">
         <path>C:\ti\ccs1020\ccs\tools\compiler\ti-cgt-arm_20.2.2.LTS\lib\</path>
         <kind>archive</kind>
         <file>rtsv7M4_T_le_v4SPD16_eabi.lib</file>
         <name>cpy_tbl.c.obj</name>
      </input_file>
      <input_file id="fl-118">
         <path>C:\ti\ccs1020\ccs\tools\compiler\ti-cgt-arm_20.2.2.LTS\lib\</path>
         <kind>archive</kind>
         <file>rtsv7M4_T_le_v4SPD16_eabi.lib</file>
         <name>exit.c.obj</name>
      </input_file>
      <input_file id="fl-119">
         <path>C:\ti\ccs1020\ccs\tools\compiler\ti-cgt-arm_20.2.2.LTS\lib\</path>
         <kind>archive</kind>
         <file>rtsv7M4_T_le_v4SPD16_eabi.lib</file>
         <name>_lock.c.obj</name>
      </input_file>
      <input_file id="fl-11a">
         <path>C:\ti\ccs1020\ccs\tools\compiler\ti-cgt-arm_20.2.2.LTS\lib\</path>
         <kind>archive</kind>
         <file>rtsv7M4_T_le_v4SPD16_eabi.lib</file>
         <name>_ltoa.c.obj</name>
      </input_file>
      <input_file id="fl-11b">
         <path>C:\ti\ccs1020\ccs\tools\compiler\ti-cgt-arm_20.2.2.LTS\lib\</path>
         <kind>archive</kind>
         <file>rtsv7M4_T_le_v4SPD16_eabi.lib</file>
         <name>args_main.c.obj</name>
      </input_file>
      <input_file id="fl-11c">
         <path>C:\ti\ccs1020\ccs\tools\compiler\ti-cgt-arm_20.2.2.LTS\lib\</path>
         <kind>archive</kind>
         <file>rtsv7M4_T_le_v4SPD16_eabi.lib</file>
         <name>atoi.c.obj</name>
      </input_file>
      <input_file id="fl-11d">
         <path>C:\ti\ccs1020\ccs\tools\compiler\ti-cgt-arm_20.2.2.LTS\lib\</path>
         <kind>archive</kind>
         <file>rtsv7M4_T_le_v4SPD16_eabi.lib</file>
         <name>ctype.c.obj</name>
      </input_file>
      <input_file id="fl-11e">
         <path>C:\ti\ccs1020\ccs\tools\compiler\ti-cgt-arm_20.2.2.LTS\lib\</path>
         <kind>archive</kind>
         <file>rtsv7M4_T_le_v4SPD16_eabi.lib</file>
         <name>memccpy.c.obj</name>
      </input_file>
      <input_file id="fl-11f">
         <path>C:\ti\ccs1020\ccs\tools\compiler\ti-cgt-arm_20.2.2.LTS\lib\</path>
         <kind>archive</kind>
         <file>rtsv7M4_T_le_v4SPD16_eabi.lib</file>
         <name>memchr.c.obj</name>
      </input_file>
      <input_file id="fl-120">
         <path>C:\ti\ccs1020\ccs\tools\compiler\ti-cgt-arm_20.2.2.LTS\lib\</path>
         <kind>archive</kind>
         <file>rtsv7M4_T_le_v4SPD16_eabi.lib</file>
         <name>memory.c.obj</name>
      </input_file>
      <input_file id="fl-121">
         <path>C:\ti\ccs1020\ccs\tools\compiler\ti-cgt-arm_20.2.2.LTS\lib\</path>
         <kind>archive</kind>
         <file>rtsv7M4_T_le_v4SPD16_eabi.lib</file>
         <name>strchr.c.obj</name>
      </input_file>
      <input_file id="fl-122">
         <path>C:\ti\ccs1020\ccs\tools\compiler\ti-cgt-arm_20.2.2.LTS\lib\</path>
         <kind>archive</kind>
         <file>rtsv7M4_T_le_v4SPD16_eabi.lib</file>
         <name>write.c.obj</name>
      </input_file>
      <input_file id="fl-123">
         <path>C:\ti\ccs1020\ccs\tools\compiler\ti-cgt-arm_20.2.2.LTS\lib\</path>
         <kind>archive</kind>
         <file>rtsv7M4_T_le_v4SPD16_eabi.lib</file>
         <name>host_device.c.obj</name>
      </input_file>
      <input_file id="fl-124">
         <path>C:\ti\ccs1020\ccs\tools\compiler\ti-cgt-arm_20.2.2.LTS\lib\</path>
         <kind>archive</kind>
         <file>rtsv7M4_T_le_v4SPD16_eabi.lib</file>
         <name>errno.c.obj</name>
      </input_file>
      <input_file id="fl-125">
         <path>C:\ti\ccs1020\ccs\tools\compiler\ti-cgt-arm_20.2.2.LTS\lib\</path>
         <kind>archive</kind>
         <file>rtsv7M4_T_le_v4SPD16_eabi.lib</file>
         <name>s_frexp.c.obj</name>
      </input_file>
      <input_file id="fl-126">
         <path>C:\ti\ccs1020\ccs\tools\compiler\ti-cgt-arm_20.2.2.LTS\lib\</path>
         <kind>archive</kind>
         <file>rtsv7M4_T_le_v4SPD16_eabi.lib</file>
         <name>s_scalbn.c.obj</name>
      </input_file>
      <input_file id="fl-127">
         <path>C:\ti\ccs1020\ccs\tools\compiler\ti-cgt-arm_20.2.2.LTS\lib\</path>
         <kind>archive</kind>
         <file>rtsv7M4_T_le_v4SPD16_eabi.lib</file>
         <name>wcslen.c.obj</name>
      </input_file>
      <input_file id="fl-128">
         <path>C:\ti\ccs1020\ccs\tools\compiler\ti-cgt-arm_20.2.2.LTS\lib\</path>
         <kind>archive</kind>
         <file>rtsv7M4_T_le_v4SPD16_eabi.lib</file>
         <name>s_copysign.c.obj</name>
      </input_file>
      <input_file id="fl-129">
         <path>C:\ti\ccs1020\ccs\tools\compiler\ti-cgt-arm_20.2.2.LTS\lib\</path>
         <kind>archive</kind>
         <file>rtsv7M4_T_le_v4SPD16_eabi.lib</file>
         <name>fopen.c.obj</name>
      </input_file>
      <input_file id="fl-12a">
         <path>C:\ti\ccs1020\ccs\tools\compiler\ti-cgt-arm_20.2.2.LTS\lib\</path>
         <kind>archive</kind>
         <file>rtsv7M4_T_le_v4SPD16_eabi.lib</file>
         <name>fseek.c.obj</name>
      </input_file>
      <input_file id="fl-12b">
         <path>C:\ti\ccs1020\ccs\tools\compiler\ti-cgt-arm_20.2.2.LTS\lib\</path>
         <kind>archive</kind>
         <file>rtsv7M4_T_le_v4SPD16_eabi.lib</file>
         <name>hostclose.c.obj</name>
      </input_file>
      <input_file id="fl-12c">
         <path>C:\ti\ccs1020\ccs\tools\compiler\ti-cgt-arm_20.2.2.LTS\lib\</path>
         <kind>archive</kind>
         <file>rtsv7M4_T_le_v4SPD16_eabi.lib</file>
         <name>hostlseek.c.obj</name>
      </input_file>
      <input_file id="fl-12d">
         <path>C:\ti\ccs1020\ccs\tools\compiler\ti-cgt-arm_20.2.2.LTS\lib\</path>
         <kind>archive</kind>
         <file>rtsv7M4_T_le_v4SPD16_eabi.lib</file>
         <name>hostopen.c.obj</name>
      </input_file>
      <input_file id="fl-12e">
         <path>C:\ti\ccs1020\ccs\tools\compiler\ti-cgt-arm_20.2.2.LTS\lib\</path>
         <kind>archive</kind>
         <file>rtsv7M4_T_le_v4SPD16_eabi.lib</file>
         <name>hostread.c.obj</name>
      </input_file>
      <input_file id="fl-12f">
         <path>C:\ti\ccs1020\ccs\tools\compiler\ti-cgt-arm_20.2.2.LTS\lib\</path>
         <kind>archive</kind>
         <file>rtsv7M4_T_le_v4SPD16_eabi.lib</file>
         <name>hostrename.c.obj</name>
      </input_file>
      <input_file id="fl-130">
         <path>C:\ti\ccs1020\ccs\tools\compiler\ti-cgt-arm_20.2.2.LTS\lib\</path>
         <kind>archive</kind>
         <file>rtsv7M4_T_le_v4SPD16_eabi.lib</file>
         <name>hostunlink.c.obj</name>
      </input_file>
      <input_file id="fl-131">
         <path>C:\ti\ccs1020\ccs\tools\compiler\ti-cgt-arm_20.2.2.LTS\lib\</path>
         <kind>archive</kind>
         <file>rtsv7M4_T_le_v4SPD16_eabi.lib</file>
         <name>hostwrite.c.obj</name>
      </input_file>
      <input_file id="fl-132">
         <path>C:\ti\ccs1020\ccs\tools\compiler\ti-cgt-arm_20.2.2.LTS\lib\</path>
         <kind>archive</kind>
         <file>rtsv7M4_T_le_v4SPD16_eabi.lib</file>
         <name>trgmsg.c.obj</name>
      </input_file>
      <input_file id="fl-133">
         <path>C:\ti\ccs1020\ccs\tools\compiler\ti-cgt-arm_20.2.2.LTS\lib\</path>
         <kind>archive</kind>
         <file>rtsv7M4_T_le_v4SPD16_eabi.lib</file>
         <name>open.c.obj</name>
      </input_file>
      <input_file id="fl-134">
         <path>C:\ti\ccs1020\ccs\tools\compiler\ti-cgt-arm_20.2.2.LTS\lib\</path>
         <kind>archive</kind>
         <file>rtsv7M4_T_le_v4SPD16_eabi.lib</file>
         <name>lseek.c.obj</name>
      </input_file>
      <input_file id="fl-135">
         <path>C:\ti\ccs1020\ccs\tools\compiler\ti-cgt-arm_20.2.2.LTS\lib\</path>
         <kind>archive</kind>
         <file>rtsv7M4_T_le_v4SPD16_eabi.lib</file>
         <name>fclose.c.obj</name>
      </input_file>
      <input_file id="fl-136">
         <path>C:\ti\ccs1020\ccs\tools\compiler\ti-cgt-arm_20.2.2.LTS\lib\</path>
         <kind>archive</kind>
         <file>rtsv7M4_T_le_v4SPD16_eabi.lib</file>
         <name>getdevice.c.obj</name>
      </input_file>
      <input_file id="fl-137">
         <path>C:\ti\ccs1020\ccs\tools\compiler\ti-cgt-arm_20.2.2.LTS\lib\</path>
         <kind>archive</kind>
         <file>rtsv7M4_T_le_v4SPD16_eabi.lib</file>
         <name>strncpy.c.obj</name>
      </input_file>
      <input_file id="fl-138">
         <path>C:\ti\ccs1020\ccs\tools\compiler\ti-cgt-arm_20.2.2.LTS\lib\</path>
         <kind>archive</kind>
         <file>rtsv7M4_T_le_v4SPD16_eabi.lib</file>
         <name>remove.c.obj</name>
      </input_file>
      <input_file id="fl-139">
         <path>C:\ti\ccs1020\ccs\tools\compiler\ti-cgt-arm_20.2.2.LTS\lib\</path>
         <kind>archive</kind>
         <file>rtsv7M4_T_le_v4SPD16_eabi.lib</file>
         <name>close.c.obj</name>
      </input_file>
      <input_file id="fl-13a">
         <path>C:\ti\ccs1020\ccs\tools\compiler\ti-cgt-arm_20.2.2.LTS\lib\</path>
         <kind>archive</kind>
         <file>rtsv7M4_T_le_v4SPD16_eabi.lib</file>
         <name>unlink.c.obj</name>
      </input_file>
   </input_file_list>
   <object_component_list>
      <object_component id="oc-12">
         <name>.intvecs</name>
         <load_address>0x0</load_address>
         <run_address>0x0</run_address>
         <size>0x26c</size>
         <input_file_ref idref="fl-14"/>
      </object_component>
      <object_component id="oc-8c">
         <name>.text</name>
         <load_address>0x26c</load_address>
         <run_address>0x26c</run_address>
         <size>0x1e58</size>
         <input_file_ref idref="fl-1b"/>
      </object_component>
      <object_component id="oc-271">
         <name>.text</name>
         <load_address>0x20c4</load_address>
         <run_address>0x20c4</run_address>
         <size>0x1098</size>
         <input_file_ref idref="fl-19"/>
      </object_component>
      <object_component id="oc-ae">
         <name>.text</name>
         <load_address>0x315c</load_address>
         <run_address>0x315c</run_address>
         <size>0xef4</size>
         <input_file_ref idref="fl-37"/>
      </object_component>
      <object_component id="oc-ba">
         <name>.text</name>
         <load_address>0x4050</load_address>
         <run_address>0x4050</run_address>
         <size>0xb88</size>
         <input_file_ref idref="fl-2c"/>
      </object_component>
      <object_component id="oc-34f">
         <name>.text:__TI_printfi</name>
         <load_address>0x4bd8</load_address>
         <run_address>0x4bd8</run_address>
         <size>0xa4e</size>
         <input_file_ref idref="fl-108"/>
      </object_component>
      <object_component id="oc-559">
         <name>.text:_nop</name>
         <load_address>0x5626</load_address>
         <run_address>0x5626</run_address>
         <size>0x2</size>
         <input_file_ref idref="fl-119"/>
      </object_component>
      <object_component id="oc-163">
         <name>.text</name>
         <load_address>0x5628</load_address>
         <run_address>0x5628</run_address>
         <size>0x830</size>
         <input_file_ref idref="fl-1c"/>
      </object_component>
      <object_component id="oc-b4">
         <name>.text</name>
         <load_address>0x5e58</load_address>
         <run_address>0x5e58</run_address>
         <size>0x7c2</size>
         <input_file_ref idref="fl-1f"/>
      </object_component>
      <object_component id="oc-597">
         <name>.text</name>
         <load_address>0x661a</load_address>
         <run_address>0x661a</run_address>
         <size>0x2</size>
         <input_file_ref idref="fl-10d"/>
      </object_component>
      <object_component id="oc-441">
         <name>.text</name>
         <load_address>0x661c</load_address>
         <run_address>0x661c</run_address>
         <size>0x69c</size>
         <input_file_ref idref="fl-2e"/>
      </object_component>
      <object_component id="oc-c6">
         <name>.text</name>
         <load_address>0x6cb8</load_address>
         <run_address>0x6cb8</run_address>
         <size>0x642</size>
         <input_file_ref idref="fl-3a"/>
      </object_component>
      <object_component id="oc-404">
         <name>.text</name>
         <load_address>0x72fc</load_address>
         <run_address>0x72fc</run_address>
         <size>0x618</size>
         <input_file_ref idref="fl-3b"/>
      </object_component>
      <object_component id="oc-a8">
         <name>.text</name>
         <load_address>0x7914</load_address>
         <run_address>0x7914</run_address>
         <size>0x55c</size>
         <input_file_ref idref="fl-17"/>
      </object_component>
      <object_component id="oc-277">
         <name>.text</name>
         <load_address>0x7e70</load_address>
         <run_address>0x7e70</run_address>
         <size>0x53c</size>
         <input_file_ref idref="fl-5"/>
      </object_component>
      <object_component id="oc-22e">
         <name>.text</name>
         <load_address>0x83ac</load_address>
         <run_address>0x83ac</run_address>
         <size>0x4a8</size>
         <input_file_ref idref="fl-3f"/>
      </object_component>
      <object_component id="oc-de">
         <name>.text</name>
         <load_address>0x8854</load_address>
         <run_address>0x8854</run_address>
         <size>0x49c</size>
         <input_file_ref idref="fl-9"/>
      </object_component>
      <object_component id="oc-223">
         <name>.text</name>
         <load_address>0x8cf0</load_address>
         <run_address>0x8cf0</run_address>
         <size>0x494</size>
         <input_file_ref idref="fl-6"/>
      </object_component>
      <object_component id="oc-3b">
         <name>.text</name>
         <load_address>0x9184</load_address>
         <run_address>0x9184</run_address>
         <size>0x3c0</size>
         <input_file_ref idref="fl-2"/>
      </object_component>
      <object_component id="oc-c0">
         <name>.text</name>
         <load_address>0x9544</load_address>
         <run_address>0x9544</run_address>
         <size>0x3c0</size>
         <input_file_ref idref="fl-2f"/>
      </object_component>
      <object_component id="oc-46c">
         <name>.text</name>
         <load_address>0x9904</load_address>
         <run_address>0x9904</run_address>
         <size>0x346</size>
         <input_file_ref idref="fl-35"/>
      </object_component>
      <object_component id="oc-295">
         <name>.text</name>
         <load_address>0x9c4c</load_address>
         <run_address>0x9c4c</run_address>
         <size>0x2b4</size>
         <input_file_ref idref="fl-11"/>
      </object_component>
      <object_component id="oc-35">
         <name>.text</name>
         <load_address>0x9f00</load_address>
         <run_address>0x9f00</run_address>
         <size>0x28c</size>
         <input_file_ref idref="fl-1d"/>
      </object_component>
      <object_component id="oc-51b">
         <name>.text:_pconv_a</name>
         <load_address>0xa18c</load_address>
         <run_address>0xa18c</run_address>
         <size>0x270</size>
         <input_file_ref idref="fl-108"/>
      </object_component>
      <object_component id="oc-28f">
         <name>.text</name>
         <load_address>0xa3fc</load_address>
         <run_address>0xa3fc</run_address>
         <size>0x230</size>
         <input_file_ref idref="fl-f"/>
      </object_component>
      <object_component id="oc-122">
         <name>.text</name>
         <load_address>0xa62c</load_address>
         <run_address>0xa62c</run_address>
         <size>0x208</size>
         <input_file_ref idref="fl-10"/>
      </object_component>
      <object_component id="oc-509">
         <name>.text:_pconv_g</name>
         <load_address>0xa834</load_address>
         <run_address>0xa834</run_address>
         <size>0x1d0</size>
         <input_file_ref idref="fl-108"/>
      </object_component>
      <object_component id="oc-14b">
         <name>.text</name>
         <load_address>0xaa04</load_address>
         <run_address>0xaa04</run_address>
         <size>0x1c0</size>
         <input_file_ref idref="fl-a"/>
      </object_component>
      <object_component id="oc-618">
         <name>.text</name>
         <load_address>0xabc4</load_address>
         <run_address>0xabc4</run_address>
         <size>0x1b6</size>
         <input_file_ref idref="fl-10e"/>
      </object_component>
      <object_component id="oc-234">
         <name>.text</name>
         <load_address>0xad7c</load_address>
         <run_address>0xad7c</run_address>
         <size>0x1b4</size>
         <input_file_ref idref="fl-d"/>
      </object_component>
      <object_component id="oc-27d">
         <name>.text</name>
         <load_address>0xaf30</load_address>
         <run_address>0xaf30</run_address>
         <size>0x18c</size>
         <input_file_ref idref="fl-3"/>
      </object_component>
      <object_component id="oc-2a1">
         <name>.text</name>
         <load_address>0xb0bc</load_address>
         <run_address>0xb0bc</run_address>
         <size>0x178</size>
         <input_file_ref idref="fl-8"/>
      </object_component>
      <object_component id="oc-283">
         <name>.text</name>
         <load_address>0xb234</load_address>
         <run_address>0xb234</run_address>
         <size>0x144</size>
         <input_file_ref idref="fl-4"/>
      </object_component>
      <object_component id="oc-515">
         <name>.text:_pconv_e</name>
         <load_address>0xb378</load_address>
         <run_address>0xb378</run_address>
         <size>0x13c</size>
         <input_file_ref idref="fl-108"/>
      </object_component>
      <object_component id="oc-5fe">
         <name>.text</name>
         <load_address>0xb4b4</load_address>
         <run_address>0xb4b4</run_address>
         <size>0x136</size>
         <input_file_ref idref="fl-110"/>
      </object_component>
      <object_component id="oc-29b">
         <name>.text</name>
         <load_address>0xb5ec</load_address>
         <run_address>0xb5ec</run_address>
         <size>0x130</size>
         <input_file_ref idref="fl-b"/>
      </object_component>
      <object_component id="oc-151">
         <name>.text</name>
         <load_address>0xb71c</load_address>
         <run_address>0xb71c</run_address>
         <size>0x12a</size>
         <input_file_ref idref="fl-18"/>
      </object_component>
      <object_component id="oc-62a">
         <name>.text:fcvt</name>
         <load_address>0xb848</load_address>
         <run_address>0xb848</run_address>
         <size>0x124</size>
         <input_file_ref idref="fl-108"/>
      </object_component>
      <object_component id="oc-200">
         <name>.text:fputs</name>
         <load_address>0xb96c</load_address>
         <run_address>0xb96c</run_address>
         <size>0x114</size>
         <input_file_ref idref="fl-10a"/>
      </object_component>
      <object_component id="oc-63e">
         <name>.text:scalbn</name>
         <load_address>0xba80</load_address>
         <run_address>0xba80</run_address>
         <size>0x110</size>
         <input_file_ref idref="fl-126"/>
      </object_component>
      <object_component id="oc-72b">
         <name>.text:aligned_alloc</name>
         <load_address>0xbb90</load_address>
         <run_address>0xbb90</run_address>
         <size>0x100</size>
         <input_file_ref idref="fl-120"/>
      </object_component>
      <object_component id="oc-5f9">
         <name>.text</name>
         <load_address>0xbc90</load_address>
         <run_address>0xbc90</run_address>
         <size>0xfc</size>
         <input_file_ref idref="fl-111"/>
      </object_component>
      <object_component id="oc-289">
         <name>.text</name>
         <load_address>0xbd8c</load_address>
         <run_address>0xbd8c</run_address>
         <size>0xf0</size>
         <input_file_ref idref="fl-7"/>
      </object_component>
      <object_component id="oc-672">
         <name>.text:free</name>
         <load_address>0xbe7c</load_address>
         <run_address>0xbe7c</run_address>
         <size>0xe4</size>
         <input_file_ref idref="fl-120"/>
      </object_component>
      <object_component id="oc-549">
         <name>.text:setvbuf</name>
         <load_address>0xbf60</load_address>
         <run_address>0xbf60</run_address>
         <size>0xdc</size>
         <input_file_ref idref="fl-10c"/>
      </object_component>
      <object_component id="oc-30">
         <name>.text</name>
         <load_address>0xc03c</load_address>
         <run_address>0xc03c</run_address>
         <size>0xda</size>
         <input_file_ref idref="fl-1e"/>
      </object_component>
      <object_component id="oc-3f6">
         <name>.text</name>
         <load_address>0xc118</load_address>
         <run_address>0xc118</run_address>
         <size>0xd2</size>
         <input_file_ref idref="fl-13"/>
      </object_component>
      <object_component id="oc-26b">
         <name>.text</name>
         <load_address>0xc1ec</load_address>
         <run_address>0xc1ec</run_address>
         <size>0xc0</size>
         <input_file_ref idref="fl-2b"/>
      </object_component>
      <object_component id="oc-4fe">
         <name>.text:_ltostr</name>
         <load_address>0xc2ac</load_address>
         <run_address>0xc2ac</run_address>
         <size>0xb1</size>
         <input_file_ref idref="fl-108"/>
      </object_component>
      <object_component id="oc-4f">
         <name>.text</name>
         <load_address>0xc35e</load_address>
         <run_address>0xc35e</run_address>
         <size>0x9c</size>
         <input_file_ref idref="fl-fc"/>
      </object_component>
      <object_component id="oc-5f2">
         <name>.text</name>
         <load_address>0xc3fa</load_address>
         <run_address>0xc3fa</run_address>
         <size>0x96</size>
         <input_file_ref idref="fl-114"/>
      </object_component>
      <object_component id="oc-504">
         <name>.text:__aeabi_cdcmple</name>
         <load_address>0xc490</load_address>
         <run_address>0xc490</run_address>
         <size>0x86</size>
         <input_file_ref idref="fl-10f"/>
      </object_component>
      <object_component id="oc-603">
         <name>.text:__aeabi_cdrcmple</name>
         <load_address>0xc516</load_address>
         <run_address>0xc516</run_address>
         <size>0x86</size>
         <input_file_ref idref="fl-10f"/>
      </object_component>
      <object_component id="oc-206">
         <name>.text:fflush</name>
         <load_address>0xc59c</load_address>
         <run_address>0xc59c</run_address>
         <size>0x7c</size>
         <input_file_ref idref="fl-109"/>
      </object_component>
      <object_component id="oc-116">
         <name>.text</name>
         <load_address>0xc618</load_address>
         <run_address>0xc618</run_address>
         <size>0x7a</size>
         <input_file_ref idref="fl-fd"/>
      </object_component>
      <object_component id="oc-732">
         <name>.text:__TI_closefile</name>
         <load_address>0xc694</load_address>
         <run_address>0xc694</run_address>
         <size>0x74</size>
         <input_file_ref idref="fl-135"/>
      </object_component>
      <object_component id="oc-796">
         <name>.text:split</name>
         <load_address>0xc708</load_address>
         <run_address>0xc708</run_address>
         <size>0x70</size>
         <input_file_ref idref="fl-120"/>
      </object_component>
      <object_component id="oc-623">
         <name>.text:_mcpy</name>
         <load_address>0xc778</load_address>
         <run_address>0xc778</run_address>
         <size>0x6e</size>
         <input_file_ref idref="fl-108"/>
      </object_component>
      <object_component id="oc-75f">
         <name>.text:HOSTrename</name>
         <load_address>0xc7e8</load_address>
         <run_address>0xc7e8</run_address>
         <size>0x6c</size>
         <input_file_ref idref="fl-12f"/>
      </object_component>
      <object_component id="oc-753">
         <name>.text:HOSTlseek</name>
         <load_address>0xc854</load_address>
         <run_address>0xc854</run_address>
         <size>0x68</size>
         <input_file_ref idref="fl-12c"/>
      </object_component>
      <object_component id="oc-15">
         <name>.text:decompress:lzss:__TI_decompress_lzss</name>
         <load_address>0xc8bc</load_address>
         <run_address>0xc8bc</run_address>
         <size>0x68</size>
         <input_file_ref idref="fl-101"/>
      </object_component>
      <object_component id="oc-638">
         <name>.text:frexp</name>
         <load_address>0xc924</load_address>
         <run_address>0xc924</run_address>
         <size>0x64</size>
         <input_file_ref idref="fl-125"/>
      </object_component>
      <object_component id="oc-543">
         <name>.text:fseek</name>
         <load_address>0xc988</load_address>
         <run_address>0xc988</run_address>
         <size>0x64</size>
         <input_file_ref idref="fl-12a"/>
      </object_component>
      <object_component id="oc-3a2">
         <name>.text:__TI_wrt_ok</name>
         <load_address>0xc9ec</load_address>
         <run_address>0xc9ec</run_address>
         <size>0x62</size>
         <input_file_ref idref="fl-10b"/>
      </object_component>
      <object_component id="oc-73b">
         <name>.text:HOSTopen</name>
         <load_address>0xca50</load_address>
         <run_address>0xca50</run_address>
         <size>0x60</size>
         <input_file_ref idref="fl-12d"/>
      </object_component>
      <object_component id="oc-79d">
         <name>.text:close</name>
         <load_address>0xcab0</load_address>
         <run_address>0xcab0</run_address>
         <size>0x5c</size>
         <input_file_ref idref="fl-139"/>
      </object_component>
      <object_component id="oc-747">
         <name>.text:HOSTread</name>
         <load_address>0xcb0c</load_address>
         <run_address>0xcb0c</run_address>
         <size>0x58</size>
         <input_file_ref idref="fl-12e"/>
      </object_component>
      <object_component id="oc-74d">
         <name>.text:HOSTwrite</name>
         <load_address>0xcb64</load_address>
         <run_address>0xcb64</run_address>
         <size>0x58</size>
         <input_file_ref idref="fl-131"/>
      </object_component>
      <object_component id="oc-50f">
         <name>.text:_pconv_f</name>
         <load_address>0xcbbc</load_address>
         <run_address>0xcbbc</run_address>
         <size>0x56</size>
         <input_file_ref idref="fl-108"/>
      </object_component>
      <object_component id="oc-60d">
         <name>.text:__TI_ltoa</name>
         <load_address>0xcc12</load_address>
         <run_address>0xcc12</run_address>
         <size>0x54</size>
         <input_file_ref idref="fl-11a"/>
      </object_component>
      <object_component id="oc-61d">
         <name>.text:_ecpy</name>
         <load_address>0xcc66</load_address>
         <run_address>0xcc66</run_address>
         <size>0x52</size>
         <input_file_ref idref="fl-108"/>
      </object_component>
      <object_component id="oc-3ae">
         <name>.text:__TI_doflush</name>
         <load_address>0xccb8</load_address>
         <run_address>0xccb8</run_address>
         <size>0x4c</size>
         <input_file_ref idref="fl-109"/>
      </object_component>
      <object_component id="oc-4f8">
         <name>.text:atoi</name>
         <load_address>0xcd04</load_address>
         <run_address>0xcd04</run_address>
         <size>0x4c</size>
         <input_file_ref idref="fl-11c"/>
      </object_component>
      <object_component id="oc-2a7">
         <name>.text</name>
         <load_address>0xcd50</load_address>
         <run_address>0xcd50</run_address>
         <size>0x4c</size>
         <input_file_ref idref="fl-12"/>
      </object_component>
      <object_component id="oc-2b3">
         <name>.text:exit</name>
         <load_address>0xcd9c</load_address>
         <run_address>0xcd9c</run_address>
         <size>0x48</size>
         <input_file_ref idref="fl-118"/>
      </object_component>
      <object_component id="oc-608">
         <name>.text</name>
         <load_address>0xcde4</load_address>
         <run_address>0xcde4</run_address>
         <size>0x48</size>
         <input_file_ref idref="fl-112"/>
      </object_component>
      <object_component id="oc-741">
         <name>.text:HOSTclose</name>
         <load_address>0xce2c</load_address>
         <run_address>0xce2c</run_address>
         <size>0x44</size>
         <input_file_ref idref="fl-12b"/>
      </object_component>
      <object_component id="oc-759">
         <name>.text:HOSTunlink</name>
         <load_address>0xce70</load_address>
         <run_address>0xce70</run_address>
         <size>0x44</size>
         <input_file_ref idref="fl-130"/>
      </object_component>
      <object_component id="oc-2b9">
         <name>.text:__TI_auto_init_nobinit_nopinit:__TI_auto_init_nobinit_nopinit</name>
         <load_address>0xceb4</load_address>
         <run_address>0xceb4</run_address>
         <size>0x44</size>
         <input_file_ref idref="fl-115"/>
      </object_component>
      <object_component id="oc-7cd">
         <name>.text:getdevice</name>
         <load_address>0xcef8</load_address>
         <run_address>0xcef8</run_address>
         <size>0x44</size>
         <input_file_ref idref="fl-136"/>
      </object_component>
      <object_component id="oc-413">
         <name>.text</name>
         <load_address>0xcf3c</load_address>
         <run_address>0xcf3c</run_address>
         <size>0x40</size>
         <input_file_ref idref="fl-fe"/>
      </object_component>
      <object_component id="oc-184">
         <name>.text:sprintf</name>
         <load_address>0xcf7c</load_address>
         <run_address>0xcf7c</run_address>
         <size>0x40</size>
         <input_file_ref idref="fl-fa"/>
      </object_component>
      <object_component id="oc-630">
         <name>.text:_fcpy</name>
         <load_address>0xcfbc</load_address>
         <run_address>0xcfbc</run_address>
         <size>0x3e</size>
         <input_file_ref idref="fl-108"/>
      </object_component>
      <object_component id="oc-1b8">
         <name>.text</name>
         <load_address>0xcffa</load_address>
         <run_address>0xcffa</run_address>
         <size>0x3e</size>
         <input_file_ref idref="fl-23"/>
      </object_component>
      <object_component id="oc-7ac">
         <name>.text:__TI_writemsg</name>
         <load_address>0xd038</load_address>
         <run_address>0xd038</run_address>
         <size>0x38</size>
         <input_file_ref idref="fl-132"/>
      </object_component>
      <object_component id="oc-229">
         <name>.text</name>
         <load_address>0xd070</load_address>
         <run_address>0xd070</run_address>
         <size>0x38</size>
         <input_file_ref idref="fl-fb"/>
      </object_component>
      <object_component id="oc-7ed">
         <name>.text:strncpy</name>
         <load_address>0xd0a8</load_address>
         <run_address>0xd0a8</run_address>
         <size>0x36</size>
         <input_file_ref idref="fl-137"/>
      </object_component>
      <object_component id="oc-67e">
         <name>.text:__TI_cleanup</name>
         <load_address>0xd0e0</load_address>
         <run_address>0xd0e0</run_address>
         <size>0x34</size>
         <input_file_ref idref="fl-129"/>
      </object_component>
      <object_component id="oc-7b2">
         <name>.text:__TI_readmsg</name>
         <load_address>0xd114</load_address>
         <run_address>0xd114</run_address>
         <size>0x34</size>
         <input_file_ref idref="fl-132"/>
      </object_component>
      <object_component id="oc-6d">
         <name>.text:_c_int00_noargs:_c_int00_noargs</name>
         <load_address>0xd148</load_address>
         <run_address>0xd148</run_address>
         <size>0x34</size>
         <input_file_ref idref="fl-107"/>
      </object_component>
      <object_component id="oc-7f3">
         <name>.text:finddevice</name>
         <load_address>0xd17c</load_address>
         <run_address>0xd17c</run_address>
         <size>0x30</size>
         <input_file_ref idref="fl-136"/>
      </object_component>
      <object_component id="oc-613">
         <name>.text</name>
         <load_address>0xd1ac</load_address>
         <run_address>0xd1ac</run_address>
         <size>0x2e</size>
         <input_file_ref idref="fl-113"/>
      </object_component>
      <object_component id="oc-7a3">
         <name>.text:unlink</name>
         <load_address>0xd1dc</load_address>
         <run_address>0xd1dc</run_address>
         <size>0x2c</size>
         <input_file_ref idref="fl-13a"/>
      </object_component>
      <object_component id="oc-16c">
         <name>.text</name>
         <load_address>0xd208</load_address>
         <run_address>0xd208</run_address>
         <size>0x2a</size>
         <input_file_ref idref="fl-c"/>
      </object_component>
      <object_component id="oc-724">
         <name>.text:free_list_insert</name>
         <load_address>0xd234</load_address>
         <run_address>0xd234</run_address>
         <size>0x28</size>
         <input_file_ref idref="fl-120"/>
      </object_component>
      <object_component id="oc-66a">
         <name>.text:lseek</name>
         <load_address>0xd25c</load_address>
         <run_address>0xd25c</run_address>
         <size>0x28</size>
         <input_file_ref idref="fl-134"/>
      </object_component>
      <object_component id="oc-3b4">
         <name>.text:write</name>
         <load_address>0xd284</load_address>
         <run_address>0xd284</run_address>
         <size>0x28</size>
         <input_file_ref idref="fl-122"/>
      </object_component>
      <object_component id="oc-3a8">
         <name>.text:memchr</name>
         <load_address>0xd2ac</load_address>
         <run_address>0xd2ac</run_address>
         <size>0x20</size>
         <input_file_ref idref="fl-11f"/>
      </object_component>
      <object_component id="oc-d2">
         <name>.text:_abort_msg</name>
         <load_address>0xd2cc</load_address>
         <run_address>0xd2cc</run_address>
         <size>0x1c</size>
         <input_file_ref idref="fl-102"/>
      </object_component>
      <object_component id="oc-71e">
         <name>.text:free_list_remove</name>
         <load_address>0xd2e8</load_address>
         <run_address>0xd2e8</run_address>
         <size>0x1c</size>
         <input_file_ref idref="fl-120"/>
      </object_component>
      <object_component id="oc-521">
         <name>.text:memccpy</name>
         <load_address>0xd304</load_address>
         <run_address>0xd304</run_address>
         <size>0x1c</size>
         <input_file_ref idref="fl-11e"/>
      </object_component>
      <object_component id="oc-6fe">
         <name>.text:copysign</name>
         <load_address>0xd320</load_address>
         <run_address>0xd320</run_address>
         <size>0x1a</size>
         <input_file_ref idref="fl-128"/>
      </object_component>
      <object_component id="oc-355">
         <name>.text:_outs</name>
         <load_address>0xd33a</load_address>
         <run_address>0xd33a</run_address>
         <size>0x18</size>
         <input_file_ref idref="fl-fa"/>
      </object_component>
      <object_component id="oc-cc">
         <name>.text:strcmp</name>
         <load_address>0xd352</load_address>
         <run_address>0xd352</run_address>
         <size>0x18</size>
         <input_file_ref idref="fl-104"/>
      </object_component>
      <object_component id="oc-644">
         <name>.text:strchr</name>
         <load_address>0xd36a</load_address>
         <run_address>0xd36a</run_address>
         <size>0x16</size>
         <input_file_ref idref="fl-121"/>
      </object_component>
      <object_component id="oc-178">
         <name>.text:strcpy</name>
         <load_address>0xd380</load_address>
         <run_address>0xd380</run_address>
         <size>0x14</size>
         <input_file_ref idref="fl-105"/>
      </object_component>
      <object_component id="oc-17e">
         <name>.text:strlen</name>
         <load_address>0xd394</load_address>
         <run_address>0xd394</run_address>
         <size>0x14</size>
         <input_file_ref idref="fl-106"/>
      </object_component>
      <object_component id="oc-527">
         <name>.text:wcslen</name>
         <load_address>0xd3a8</load_address>
         <run_address>0xd3a8</run_address>
         <size>0x12</size>
         <input_file_ref idref="fl-127"/>
      </object_component>
      <object_component id="oc-1b">
         <name>.text:decompress:none:__TI_decompress_none</name>
         <load_address>0xd3ba</load_address>
         <run_address>0xd3ba</run_address>
         <size>0xe</size>
         <input_file_ref idref="fl-100"/>
      </object_component>
      <object_component id="oc-61">
         <name>.text:decompress:ZI:__TI_zero_init</name>
         <load_address>0xd3c8</load_address>
         <run_address>0xd3c8</run_address>
         <size>0xc</size>
         <input_file_ref idref="fl-ff"/>
      </object_component>
      <object_component id="oc-2a">
         <name>.text</name>
         <load_address>0xd3d4</load_address>
         <run_address>0xd3d4</run_address>
         <size>0xc</size>
         <input_file_ref idref="fl-14"/>
      </object_component>
      <object_component id="oc-35b">
         <name>.text:_outc</name>
         <load_address>0xd3e0</load_address>
         <run_address>0xd3e0</run_address>
         <size>0xa</size>
         <input_file_ref idref="fl-fa"/>
      </object_component>
      <object_component id="oc-52d">
         <name>.text:__aeabi_errno_addr</name>
         <load_address>0xd3ec</load_address>
         <run_address>0xd3ec</run_address>
         <size>0x8</size>
         <input_file_ref idref="fl-124"/>
      </object_component>
      <object_component id="oc-678">
         <name>.text:malloc</name>
         <load_address>0xd3f4</load_address>
         <run_address>0xd3f4</run_address>
         <size>0x8</size>
         <input_file_ref idref="fl-120"/>
      </object_component>
      <object_component id="oc-1c7">
         <name>.text:SysCtlDelay</name>
         <load_address>0xd3fc</load_address>
         <run_address>0xd3fc</run_address>
         <size>0x6</size>
         <input_file_ref idref="fl-37"/>
      </object_component>
      <object_component id="oc-11c">
         <name>.text:_system_pre_init</name>
         <load_address>0xd402</load_address>
         <run_address>0xd402</run_address>
         <size>0x4</size>
         <input_file_ref idref="fl-116"/>
      </object_component>
      <object_component id="oc-20c">
         <name>.text:abort:abort</name>
         <load_address>0xd406</load_address>
         <run_address>0xd406</run_address>
         <size>0x4</size>
         <input_file_ref idref="fl-118"/>
      </object_component>
      <object_component id="oc-1c1">
         <name>.const:g_pppui32XTALtoVCO</name>
         <load_address>0xd40c</load_address>
         <run_address>0xd40c</run_address>
         <size>0x120</size>
         <input_file_ref idref="fl-37"/>
      </object_component>
      <object_component id="oc-5ed">
         <name>.const:.string:_ctypes_</name>
         <load_address>0xd52c</load_address>
         <run_address>0xd52c</run_address>
         <size>0x101</size>
         <input_file_ref idref="fl-11d"/>
      </object_component>
      <object_component id="oc-1d4">
         <name>.const:g_ppui32GPIOIntMapBlizzard</name>
         <load_address>0xd630</load_address>
         <run_address>0xd630</run_address>
         <size>0xc0</size>
         <input_file_ref idref="fl-2c"/>
      </object_component>
      <object_component id="oc-1d7">
         <name>.const:g_ppui32GPIOIntMapSnowflake</name>
         <load_address>0xd6f0</load_address>
         <run_address>0xd6f0</run_address>
         <size>0xc0</size>
         <input_file_ref idref="fl-2c"/>
      </object_component>
      <object_component id="oc-1e5">
         <name>.const:g_pui32Regs</name>
         <load_address>0xd7b0</load_address>
         <run_address>0xd7b0</run_address>
         <size>0x9c</size>
         <input_file_ref idref="fl-2f"/>
      </object_component>
      <object_component id="oc-1da">
         <name>.const:g_pui32GPIOBaseAddrs</name>
         <load_address>0xd84c</load_address>
         <run_address>0xd84c</run_address>
         <size>0x90</size>
         <input_file_ref idref="fl-2c"/>
      </object_component>
      <object_component id="oc-1be">
         <name>.const:g_pui32Xtals</name>
         <load_address>0xd8dc</load_address>
         <run_address>0xd8dc</run_address>
         <size>0x6c</size>
         <input_file_ref idref="fl-37"/>
      </object_component>
      <object_component id="oc-56b">
         <name>.const:.string</name>
         <load_address>0xd948</load_address>
         <run_address>0xd948</run_address>
         <size>0x60</size>
         <input_file_ref idref="fl-2"/>
      </object_component>
      <object_component id="oc-1f6">
         <name>.const:g_ppui32TimerIntMap</name>
         <load_address>0xd9a8</load_address>
         <run_address>0xd9a8</run_address>
         <size>0x60</size>
         <input_file_ref idref="fl-3a"/>
      </object_component>
      <object_component id="oc-5a9">
         <name>.const:g_ppui32I2CIntMapSnowflake</name>
         <load_address>0xda08</load_address>
         <run_address>0xda08</run_address>
         <size>0x50</size>
         <input_file_ref idref="fl-2e"/>
      </object_component>
      <object_component id="oc-769">
         <name>.const:.string</name>
         <load_address>0xda58</load_address>
         <run_address>0xda58</run_address>
         <size>0x40</size>
         <input_file_ref idref="fl-3"/>
      </object_component>
      <object_component id="oc-1f9">
         <name>.const:g_ppui32TimerIntMapSnowflake</name>
         <load_address>0xda98</load_address>
         <run_address>0xda98</run_address>
         <size>0x40</size>
         <input_file_ref idref="fl-3a"/>
      </object_component>
      <object_component id="oc-589">
         <name>.const:g_ppui32UARTIntMap</name>
         <load_address>0xdad8</load_address>
         <run_address>0xdad8</run_address>
         <size>0x40</size>
         <input_file_ref idref="fl-3b"/>
      </object_component>
      <object_component id="oc-58c">
         <name>.const:g_ppui32UARTIntMapSnowflake</name>
         <load_address>0xdb18</load_address>
         <run_address>0xdb18</run_address>
         <size>0x40</size>
         <input_file_ref idref="fl-3b"/>
      </object_component>
      <object_component id="oc-5a6">
         <name>.const:g_ppui32I2CIntMap</name>
         <load_address>0xdb58</load_address>
         <run_address>0xdb58</run_address>
         <size>0x30</size>
         <input_file_ref idref="fl-2e"/>
      </object_component>
      <object_component id="oc-1b5">
         <name>.const:g_sXTALtoMEMTIM</name>
         <load_address>0xdb88</load_address>
         <run_address>0xdb88</run_address>
         <size>0x30</size>
         <input_file_ref idref="fl-37"/>
      </object_component>
      <object_component id="oc-778">
         <name>.const:.string</name>
         <load_address>0xdbb8</load_address>
         <run_address>0xdbb8</run_address>
         <size>0x22</size>
         <input_file_ref idref="fl-4"/>
      </object_component>
      <object_component id="oc-5c8">
         <name>.const:g_ppui32SSIIntMap</name>
         <load_address>0xdbdc</load_address>
         <run_address>0xdbdc</run_address>
         <size>0x20</size>
         <input_file_ref idref="fl-35"/>
      </object_component>
      <object_component id="oc-5cb">
         <name>.const:g_ppui32SSIIntMapSnowflake</name>
         <load_address>0xdbfc</load_address>
         <run_address>0xdbfc</run_address>
         <size>0x20</size>
         <input_file_ref idref="fl-35"/>
      </object_component>
      <object_component id="oc-1e2">
         <name>.const:g_pui32Priority</name>
         <load_address>0xdc1c</load_address>
         <run_address>0xdc1c</run_address>
         <size>0x20</size>
         <input_file_ref idref="fl-2f"/>
      </object_component>
      <object_component id="oc-1eb">
         <name>.const:g_pui32Dii16Regs</name>
         <load_address>0xdc3c</load_address>
         <run_address>0xdc3c</run_address>
         <size>0x14</size>
         <input_file_ref idref="fl-2f"/>
      </object_component>
      <object_component id="oc-1e8">
         <name>.const:g_pui32EnRegs</name>
         <load_address>0xdc50</load_address>
         <run_address>0xdc50</run_address>
         <size>0x14</size>
         <input_file_ref idref="fl-2f"/>
      </object_component>
      <object_component id="oc-1ee">
         <name>.const:g_pui32PendRegs</name>
         <load_address>0xdc64</load_address>
         <run_address>0xdc64</run_address>
         <size>0x14</size>
         <input_file_ref idref="fl-2f"/>
      </object_component>
      <object_component id="oc-1f1">
         <name>.const:g_pui32UnpendRegs</name>
         <load_address>0xdc78</load_address>
         <run_address>0xdc78</run_address>
         <size>0x14</size>
         <input_file_ref idref="fl-2f"/>
      </object_component>
      <object_component id="oc-59d">
         <name>.const:.string</name>
         <load_address>0xdc8c</load_address>
         <run_address>0xdc8c</run_address>
         <size>0x12</size>
         <input_file_ref idref="fl-3f"/>
      </object_component>
      <object_component id="oc-410">
         <name>.const:g_ui32UARTBase</name>
         <load_address>0xdca0</load_address>
         <run_address>0xdca0</run_address>
         <size>0xc</size>
         <input_file_ref idref="fl-3f"/>
      </object_component>
      <object_component id="oc-40a">
         <name>.const:g_ui32UARTPeriph</name>
         <load_address>0xdcac</load_address>
         <run_address>0xdcac</run_address>
         <size>0xc</size>
         <input_file_ref idref="fl-3f"/>
      </object_component>
      <object_component id="oc-1c4">
         <name>.const:g_pui32VCOFrequencies</name>
         <load_address>0xdcb8</load_address>
         <run_address>0xdcb8</run_address>
         <size>0x8</size>
         <input_file_ref idref="fl-37"/>
      </object_component>
      <object_component id="oc-457">
         <name>.const:gpo_info</name>
         <load_address>0xdcc0</load_address>
         <run_address>0xdcc0</run_address>
         <size>0x8</size>
         <input_file_ref idref="fl-4"/>
      </object_component>
      <object_component id="oc-89">
         <name>.const</name>
         <load_address>0xdcc8</load_address>
         <run_address>0xdcc8</run_address>
         <size>0x8</size>
         <input_file_ref idref="fl-1d"/>
      </object_component>
      <object_component id="oc-418">
         <name>.const</name>
         <load_address>0xdcd0</load_address>
         <run_address>0xdcd0</run_address>
         <size>0x4</size>
         <input_file_ref idref="fl-3f"/>
      </object_component>
      <object_component id="oc-839">
         <name>.cinit..data.load</name>
         <load_address>0xdcd8</load_address>
         <run_address>0xdcd8</run_address>
         <size>0x1de</size>
      </object_component>
      <object_component id="oc-836">
         <name>__TI_handler_table</name>
         <load_address>0xdeb8</load_address>
         <run_address>0xdeb8</run_address>
         <size>0xc</size>
      </object_component>
      <object_component id="oc-83a">
         <name>.cinit..bss.load</name>
         <load_address>0xdec8</load_address>
         <run_address>0xdec8</run_address>
         <size>0x8</size>
      </object_component>
      <object_component id="oc-838">
         <name>.cinit..vtable.load</name>
         <load_address>0xded0</load_address>
         <run_address>0xded0</run_address>
         <size>0x8</size>
      </object_component>
      <object_component id="oc-837">
         <name>__TI_cinit_table</name>
         <load_address>0xded8</load_address>
         <run_address>0xded8</run_address>
         <size>0x18</size>
      </object_component>
      <object_component id="oc-1df">
         <name>.vtable</name>
         <uninitialized>true</uninitialized>
         <run_address>0x20000000</run_address>
         <size>0x26c</size>
         <input_file_ref idref="fl-2f"/>
      </object_component>
      <object_component id="oc-3d0">
         <name>.data:pad0</name>
         <load_address>0x2000705c</load_address>
         <run_address>0x2000705c</run_address>
         <size>0x24</size>
         <input_file_ref idref="fl-2"/>
      </object_component>
      <object_component id="oc-3d3">
         <name>.data:pad1</name>
         <load_address>0x200070c8</load_address>
         <run_address>0x200070c8</run_address>
         <size>0x24</size>
         <input_file_ref idref="fl-2"/>
      </object_component>
      <object_component id="oc-3d6">
         <name>.data:pad2</name>
         <load_address>0x200070ec</load_address>
         <run_address>0x200070ec</run_address>
         <size>0x24</size>
         <input_file_ref idref="fl-2"/>
      </object_component>
      <object_component id="oc-3d9">
         <name>.data:pad3</name>
         <load_address>0x20007110</load_address>
         <run_address>0x20007110</run_address>
         <size>0x24</size>
         <input_file_ref idref="fl-2"/>
      </object_component>
      <object_component id="oc-3dc">
         <name>.data:pad4</name>
         <load_address>0x20007134</load_address>
         <run_address>0x20007134</run_address>
         <size>0x24</size>
         <input_file_ref idref="fl-2"/>
      </object_component>
      <object_component id="oc-3df">
         <name>.data:pad5</name>
         <load_address>0x20007158</load_address>
         <run_address>0x20007158</run_address>
         <size>0x24</size>
         <input_file_ref idref="fl-2"/>
      </object_component>
      <object_component id="oc-3e2">
         <name>.data:pad6</name>
         <load_address>0x2000717c</load_address>
         <run_address>0x2000717c</run_address>
         <size>0x24</size>
         <input_file_ref idref="fl-2"/>
      </object_component>
      <object_component id="oc-3e5">
         <name>.data:pad7</name>
         <load_address>0x200071a0</load_address>
         <run_address>0x200071a0</run_address>
         <size>0x24</size>
         <input_file_ref idref="fl-2"/>
      </object_component>
      <object_component id="oc-3e8">
         <name>.data:pad8</name>
         <load_address>0x200071c4</load_address>
         <run_address>0x200071c4</run_address>
         <size>0x24</size>
         <input_file_ref idref="fl-2"/>
      </object_component>
      <object_component id="oc-3eb">
         <name>.data:pad9</name>
         <load_address>0x200071e8</load_address>
         <run_address>0x200071e8</run_address>
         <size>0x24</size>
         <input_file_ref idref="fl-2"/>
      </object_component>
      <object_component id="oc-3ee">
         <name>.data:pad10</name>
         <load_address>0x20007080</load_address>
         <run_address>0x20007080</run_address>
         <size>0x24</size>
         <input_file_ref idref="fl-2"/>
      </object_component>
      <object_component id="oc-3f1">
         <name>.data:pad11</name>
         <load_address>0x200070a4</load_address>
         <run_address>0x200070a4</run_address>
         <size>0x24</size>
         <input_file_ref idref="fl-2"/>
      </object_component>
      <object_component id="oc-217">
         <name>.data:adc_pins</name>
         <load_address>0x2000702c</load_address>
         <run_address>0x2000702c</run_address>
         <size>0x30</size>
         <input_file_ref idref="fl-2"/>
      </object_component>
      <object_component id="oc-d8">
         <name>.data:adc_pin_struct</name>
         <load_address>0x20007354</load_address>
         <run_address>0x20007354</run_address>
         <size>0x8</size>
         <input_file_ref idref="fl-2"/>
      </object_component>
      <object_component id="oc-db">
         <name>.data</name>
         <load_address>0x2000737c</load_address>
         <run_address>0x2000737c</run_address>
         <size>0x4</size>
         <input_file_ref idref="fl-2"/>
      </object_component>
      <object_component id="oc-6b1">
         <name>.data:enc_bit_0</name>
         <load_address>0x2000723c</load_address>
         <run_address>0x2000723c</run_address>
         <size>0x14</size>
         <input_file_ref idref="fl-3"/>
      </object_component>
      <object_component id="oc-6b4">
         <name>.data:enc_bit_1</name>
         <load_address>0x20007250</load_address>
         <run_address>0x20007250</run_address>
         <size>0x14</size>
         <input_file_ref idref="fl-3"/>
      </object_component>
      <object_component id="oc-6b7">
         <name>.data:enc_bit_2</name>
         <load_address>0x20007264</load_address>
         <run_address>0x20007264</run_address>
         <size>0x14</size>
         <input_file_ref idref="fl-3"/>
      </object_component>
      <object_component id="oc-6ba">
         <name>.data:enc_bit_3</name>
         <load_address>0x20007278</load_address>
         <run_address>0x20007278</run_address>
         <size>0x14</size>
         <input_file_ref idref="fl-3"/>
      </object_component>
      <object_component id="oc-6bd">
         <name>.data:pressure_sense</name>
         <load_address>0x200072c8</load_address>
         <run_address>0x200072c8</run_address>
         <size>0x14</size>
         <input_file_ref idref="fl-3"/>
      </object_component>
      <object_component id="oc-6c0">
         <name>.data:octave_up</name>
         <load_address>0x200072b4</load_address>
         <run_address>0x200072b4</run_address>
         <size>0x14</size>
         <input_file_ref idref="fl-3"/>
      </object_component>
      <object_component id="oc-6c3">
         <name>.data:octave_down</name>
         <load_address>0x200072a0</load_address>
         <run_address>0x200072a0</run_address>
         <size>0x14</size>
         <input_file_ref idref="fl-3"/>
      </object_component>
      <object_component id="oc-5b2">
         <name>.data:gpi_pins</name>
         <load_address>0x2000720c</load_address>
         <run_address>0x2000720c</run_address>
         <size>0x1c</size>
         <input_file_ref idref="fl-3"/>
      </object_component>
      <object_component id="oc-452">
         <name>.data:gpi_info</name>
         <load_address>0x2000735c</load_address>
         <run_address>0x2000735c</run_address>
         <size>0x8</size>
         <input_file_ref idref="fl-3"/>
      </object_component>
      <object_component id="oc-6c8">
         <name>.data:green_led</name>
         <load_address>0x2000728c</load_address>
         <run_address>0x2000728c</run_address>
         <size>0x14</size>
         <input_file_ref idref="fl-4"/>
      </object_component>
      <object_component id="oc-6ce">
         <name>.data:blue_led</name>
         <load_address>0x20007228</load_address>
         <run_address>0x20007228</run_address>
         <size>0x14</size>
         <input_file_ref idref="fl-4"/>
      </object_component>
      <object_component id="oc-6cb">
         <name>.data:red_led</name>
         <load_address>0x200072dc</load_address>
         <run_address>0x200072dc</run_address>
         <size>0x14</size>
         <input_file_ref idref="fl-4"/>
      </object_component>
      <object_component id="oc-5b9">
         <name>.data:gpos</name>
         <load_address>0x20007320</load_address>
         <run_address>0x20007320</run_address>
         <size>0xc</size>
         <input_file_ref idref="fl-4"/>
      </object_component>
      <object_component id="oc-44b">
         <name>.data</name>
         <load_address>0x2000736c</load_address>
         <run_address>0x2000736c</run_address>
         <size>0x5</size>
         <input_file_ref idref="fl-5"/>
      </object_component>
      <object_component id="oc-3ff">
         <name>.data</name>
         <load_address>0x200072f0</load_address>
         <run_address>0x200072f0</run_address>
         <size>0x11</size>
         <input_file_ref idref="fl-6"/>
      </object_component>
      <object_component id="oc-3fc">
         <name>.data:console_pages</name>
         <load_address>0x20006e88</load_address>
         <run_address>0x20006e88</run_address>
         <size>0xa8</size>
         <input_file_ref idref="fl-6"/>
      </object_component>
      <object_component id="oc-2f7">
         <name>.data</name>
         <load_address>0x20007364</load_address>
         <run_address>0x20007364</run_address>
         <size>0x8</size>
         <input_file_ref idref="fl-a"/>
      </object_component>
      <object_component id="oc-420">
         <name>.data</name>
         <load_address>0x20007380</load_address>
         <run_address>0x20007380</run_address>
         <size>0x4</size>
         <input_file_ref idref="fl-d"/>
      </object_component>
      <object_component id="oc-460">
         <name>.data</name>
         <load_address>0x20007384</load_address>
         <run_address>0x20007384</run_address>
         <size>0x4</size>
         <input_file_ref idref="fl-f"/>
      </object_component>
      <object_component id="oc-86">
         <name>.data</name>
         <load_address>0x20006ff8</load_address>
         <run_address>0x20006ff8</run_address>
         <size>0x34</size>
         <input_file_ref idref="fl-1b"/>
      </object_component>
      <object_component id="oc-32d">
         <name>.data</name>
         <load_address>0x20007338</load_address>
         <run_address>0x20007338</run_address>
         <size>0xc</size>
         <input_file_ref idref="fl-1c"/>
      </object_component>
      <object_component id="oc-93">
         <name>.data</name>
         <load_address>0x2000732c</load_address>
         <run_address>0x2000732c</run_address>
         <size>0xc</size>
         <input_file_ref idref="fl-1d"/>
      </object_component>
      <object_component id="oc-40d">
         <name>.data</name>
         <load_address>0x20007374</load_address>
         <run_address>0x20007374</run_address>
         <size>0x5</size>
         <input_file_ref idref="fl-3f"/>
      </object_component>
      <object_component id="oc-212">
         <name>.data:_ftable</name>
         <load_address>0x20006d98</load_address>
         <run_address>0x20006d98</run_address>
         <size>0xf0</size>
         <input_file_ref idref="fl-103"/>
      </object_component>
      <object_component id="oc-3bf">
         <name>.data</name>
         <load_address>0x20007304</load_address>
         <run_address>0x20007304</run_address>
         <size>0x10</size>
         <input_file_ref idref="fl-103"/>
      </object_component>
      <object_component id="oc-480">
         <name>.data:$O1$$</name>
         <load_address>0x20007314</load_address>
         <run_address>0x20007314</run_address>
         <size>0xc</size>
         <input_file_ref idref="fl-118"/>
      </object_component>
      <object_component id="oc-3ba">
         <name>.data:$O1$$</name>
         <load_address>0x20007344</load_address>
         <run_address>0x20007344</run_address>
         <size>0x8</size>
         <input_file_ref idref="fl-119"/>
      </object_component>
      <object_component id="oc-791">
         <name>.data:$O1$$</name>
         <load_address>0x2000734c</load_address>
         <run_address>0x2000734c</run_address>
         <size>0x8</size>
         <input_file_ref idref="fl-120"/>
      </object_component>
      <object_component id="oc-68f">
         <name>.data:_device</name>
         <load_address>0x20006f30</load_address>
         <run_address>0x20006f30</run_address>
         <size>0x78</size>
         <input_file_ref idref="fl-123"/>
      </object_component>
      <object_component id="oc-554">
         <name>.data:_stream</name>
         <load_address>0x20006fa8</load_address>
         <run_address>0x20006fa8</run_address>
         <size>0x50</size>
         <input_file_ref idref="fl-123"/>
      </object_component>
      <object_component id="oc-654">
         <name>.data</name>
         <load_address>0x20007388</load_address>
         <run_address>0x20007388</run_address>
         <size>0x4</size>
         <input_file_ref idref="fl-124"/>
      </object_component>
      <object_component id="oc-e4">
         <name>.bss:adc00_step_values</name>
         <uninitialized>true</uninitialized>
         <run_address>0x20006c40</run_address>
         <size>0x20</size>
         <input_file_ref idref="fl-2"/>
      </object_component>
      <object_component id="oc-e7">
         <name>.bss:adc11_step_values</name>
         <uninitialized>true</uninitialized>
         <run_address>0x20006d14</run_address>
         <size>0x10</size>
         <input_file_ref idref="fl-2"/>
      </object_component>
      <object_component id="oc-ea">
         <name>.bss</name>
[...]
         <value>0x762f</value>
         <object_component_ref idref="oc-404"/>
      </symbol>
      <symbol id="sm-1136">
         <name>UARTFIFOEnable</name>
         <value>0x74d9</value>
         <object_component_ref idref="oc-404"/>
      </symbol>
      <symbol id="sm-1137">
         <name>UARTIntClear</name>
         <value>0x77f3</value>
         <object_component_ref idref="oc-404"/>
      </symbol>
      <symbol id="sm-1138">
         <name>UARTIntStatus</name>
         <value>0x77d5</value>
         <object_component_ref idref="oc-404"/>
      </symbol>
      <symbol id="sm-1139">
         <name>UARTDMADisable</name>
         <value>0x781d</value>
         <object_component_ref idref="oc-404"/>
      </symbol>
      <symbol id="sm-113a">
         <name>UART9BitEnable</name>
         <value>0x787b</value>
         <object_component_ref idref="oc-404"/>
      </symbol>
      <symbol id="sm-113b">
         <name>UARTSpaceAvail</name>
         <value>0x768d</value>
         <object_component_ref idref="oc-404"/>
      </symbol>
      <symbol id="sm-113c">
         <name>UARTCharGet</name>
         <value>0x76c7</value>
         <object_component_ref idref="oc-404"/>
      </symbol>
      <symbol id="sm-113d">
         <name>UARTFIFOLevelSet</name>
         <value>0x7389</value>
         <object_component_ref idref="oc-404"/>
      </symbol>
      <symbol id="sm-113e">
         <name>UARTModemControlClear</name>
         <value>0x75c9</value>
         <object_component_ref idref="oc-404"/>
      </symbol>
      <symbol id="sm-113f">
         <name>UARTParityModeGet</name>
         <value>0x7377</value>
         <object_component_ref idref="oc-404"/>
      </symbol>
      <symbol id="sm-1140">
         <name>UARTIntRegister</name>
         <value>0x7767</value>
         <object_component_ref idref="oc-404"/>
      </symbol>
      <symbol id="sm-1141">
         <name>UARTBreakCtl</name>
         <value>0x771f</value>
         <object_component_ref idref="oc-404"/>
      </symbol>
      <symbol id="sm-1142">
         <name>UART9BitAddrSet</name>
         <value>0x78a7</value>
         <object_component_ref idref="oc-404"/>
      </symbol>
      <symbol id="sm-11b5">
         <name>UARTgetc</name>
         <value>0x84fd</value>
         <object_component_ref idref="oc-22e"/>
      </symbol>
      <symbol id="sm-11b6">
         <name>UARTgets</name>
         <value>0x8443</value>
         <object_component_ref idref="oc-22e"/>
      </symbol>
      <symbol id="sm-11b7">
         <name>UARTStdioConfig</name>
         <value>0x83ad</value>
         <object_component_ref idref="oc-22e"/>
      </symbol>
      <symbol id="sm-11b8">
         <name>UARTwrite</name>
         <value>0x83f3</value>
         <object_component_ref idref="oc-22e"/>
      </symbol>
      <symbol id="sm-11b9">
         <name>UARTprintf</name>
         <value>0x881f</value>
         <object_component_ref idref="oc-22e"/>
      </symbol>
      <symbol id="sm-11ba">
         <name>UARTvprintf</name>
         <value>0x8525</value>
         <object_component_ref idref="oc-22e"/>
      </symbol>
      <symbol id="sm-11e1">
         <name>sprintf</name>
         <value>0xcf7d</value>
         <object_component_ref idref="oc-184"/>
      </symbol>
      <symbol id="sm-11ec">
         <name>__aeabi_f2d</name>
         <value>0xd071</value>
         <object_component_ref idref="oc-229"/>
      </symbol>
      <symbol id="sm-1207">
         <name>memcpy</name>
         <value>0xc35f</value>
         <object_component_ref idref="oc-4f"/>
      </symbol>
      <symbol id="sm-1208">
         <name>__aeabi_memcpy</name>
         <value>0xc35f</value>
         <object_component_ref idref="oc-4f"/>
      </symbol>
      <symbol id="sm-1209">
         <name>__aeabi_memcpy8</name>
         <value>0xc35f</value>
         <object_component_ref idref="oc-4f"/>
      </symbol>
      <symbol id="sm-120a">
         <name>__aeabi_memcpy4</name>
         <value>0xc35f</value>
         <object_component_ref idref="oc-4f"/>
      </symbol>
      <symbol id="sm-1219">
         <name>__aeabi_memset</name>
         <value>0xc61b</value>
         <object_component_ref idref="oc-116"/>
      </symbol>
      <symbol id="sm-121a">
         <name>memset</name>
         <value>0xc621</value>
         <object_component_ref idref="oc-116"/>
      </symbol>
      <symbol id="sm-121b">
         <name>__aeabi_memset8</name>
         <value>0xc61b</value>
         <object_component_ref idref="oc-116"/>
      </symbol>
      <symbol id="sm-121c">
         <name>__aeabi_memset4</name>
         <value>0xc61b</value>
         <object_component_ref idref="oc-116"/>
      </symbol>
      <symbol id="sm-121d">
         <name>__aeabi_memclr8</name>
         <value>0xc619</value>
         <object_component_ref idref="oc-116"/>
      </symbol>
      <symbol id="sm-121e">
         <name>__aeabi_memclr4</name>
         <value>0xc619</value>
         <object_component_ref idref="oc-116"/>
      </symbol>
      <symbol id="sm-121f">
         <name>__aeabi_memclr</name>
         <value>0xc619</value>
         <object_component_ref idref="oc-116"/>
      </symbol>
      <symbol id="sm-122e">
         <name>__aeabi_uidivmod</name>
         <value>0xcf3d</value>
         <object_component_ref idref="oc-413"/>
      </symbol>
      <symbol id="sm-122f">
         <name>__aeabi_uidiv</name>
         <value>0xcf3d</value>
         <object_component_ref idref="oc-413"/>
      </symbol>
      <symbol id="sm-1241">
         <name>__TI_zero_init</name>
         <value>0xd3c9</value>
         <object_component_ref idref="oc-61"/>
      </symbol>
      <symbol id="sm-1258">
         <name>__TI_decompress_none</name>
         <value>0xd3bb</value>
         <object_component_ref idref="oc-1b"/>
      </symbol>
      <symbol id="sm-127b">
         <name>__TI_decompress_lzss</name>
         <value>0xc8bd</value>
         <object_component_ref idref="oc-15"/>
      </symbol>
      <symbol id="sm-128f">
         <name>_abort_msg</name>
         <value>0xd2cd</value>
         <object_component_ref idref="oc-d2"/>
      </symbol>
      <symbol id="sm-12a4">
         <name>__TI_tmpnams</name>
         <value>0x20006afc</value>
      </symbol>
      <symbol id="sm-12a5">
         <name>__aeabi_stdout</name>
         <value>0x2000730c</value>
         <object_component_ref idref="oc-3bf"/>
      </symbol>
      <symbol id="sm-12a6">
         <name>__aeabi_stderr</name>
         <value>0x20007310</value>
         <object_component_ref idref="oc-3bf"/>
      </symbol>
      <symbol id="sm-12a7">
         <name>__aeabi_stdin</name>
         <value>0x20007308</value>
         <object_component_ref idref="oc-3bf"/>
      </symbol>
      <symbol id="sm-12a8">
         <name>_ftable</name>
         <value>0x20006d98</value>
         <object_component_ref idref="oc-212"/>
      </symbol>
      <symbol id="sm-12a9">
         <name>__TI_ft_end</name>
         <value>0x20007304</value>
         <object_component_ref idref="oc-3bf"/>
      </symbol>
      <symbol id="sm-12b8">
         <name>strcmp</name>
         <value>0xd353</value>
         <object_component_ref idref="oc-cc"/>
      </symbol>
      <symbol id="sm-12c6">
         <name>strcpy</name>
         <value>0xd381</value>
         <object_component_ref idref="oc-178"/>
      </symbol>
      <symbol id="sm-12d4">
         <name>strlen</name>
         <value>0xd395</value>
         <object_component_ref idref="oc-17e"/>
      </symbol>
      <symbol id="sm-12e7">
         <name>__stack</name>
         <value>0x20007390</value>
         <object_component_ref idref="oc-24"/>
      </symbol>
      <symbol id="sm-12e8">
         <name>_c_int00_noargs</name>
         <value>0xd149</value>
         <object_component_ref idref="oc-6d"/>
      </symbol>
      <symbol id="sm-144d">
         <name>__TI_printfi</name>
         <value>0x4bd9</value>
         <object_component_ref idref="oc-34f"/>
      </symbol>
      <symbol id="sm-146e">
         <name>__TI_doflush</name>
         <value>0xccb9</value>
         <object_component_ref idref="oc-3ae"/>
      </symbol>
      <symbol id="sm-146f">
         <name>fflush</name>
         <value>0xc59d</value>
         <object_component_ref idref="oc-206"/>
      </symbol>
      <symbol id="sm-148d">
         <name>fputs</name>
         <value>0xb96d</value>
         <object_component_ref idref="oc-200"/>
      </symbol>
      <symbol id="sm-14a5">
         <name>__TI_wrt_ok</name>
         <value>0xc9ed</value>
         <object_component_ref idref="oc-3a2"/>
      </symbol>
      <symbol id="sm-14c1">
         <name>setvbuf</name>
         <value>0xbf61</value>
         <object_component_ref idref="oc-549"/>
      </symbol>
      <symbol id="sm-14cb">
         <name>__aeabi_idiv0</name>
         <value>0x661b</value>
         <object_component_ref idref="oc-597"/>
      </symbol>
      <symbol id="sm-14cc">
         <name>__aeabi_ldiv0</name>
         <value>0x661b</value>
         <object_component_ref idref="oc-597"/>
      </symbol>
      <symbol id="sm-14e3">
         <name>__aeabi_dsub</name>
         <value>0xabc5</value>
         <object_component_ref idref="oc-618"/>
      </symbol>
      <symbol id="sm-14e4">
         <name>__aeabi_dadd</name>
         <value>0xabcf</value>
         <object_component_ref idref="oc-618"/>
      </symbol>
      <symbol id="sm-1506">
         <name>__aeabi_cdcmpeq</name>
         <value>0xc491</value>
         <object_component_ref idref="oc-504"/>
      </symbol>
      <symbol id="sm-1507">
         <name>__aeabi_cdcmple</name>
         <value>0xc491</value>
         <object_component_ref idref="oc-504"/>
      </symbol>
      <symbol id="sm-1508">
         <name>__aeabi_cdrcmple</name>
         <value>0xc517</value>
         <object_component_ref idref="oc-603"/>
      </symbol>
      <symbol id="sm-151c">
         <name>__aeabi_ddiv</name>
         <value>0xb4b5</value>
         <object_component_ref idref="oc-5fe"/>
      </symbol>
      <symbol id="sm-1527">
         <name>__aeabi_dmul</name>
         <value>0xbc91</value>
         <object_component_ref idref="oc-5f9"/>
      </symbol>
      <symbol id="sm-1531">
         <name>__aeabi_d2iz</name>
         <value>0xcde5</value>
         <object_component_ref idref="oc-608"/>
      </symbol>
      <symbol id="sm-153b">
         <name>__aeabi_i2d</name>
         <value>0xd1ad</value>
         <object_component_ref idref="oc-613"/>
      </symbol>
      <symbol id="sm-1548">
         <name>__aeabi_uldivmod</name>
         <value>0xc3fb</value>
         <object_component_ref idref="oc-5f2"/>
      </symbol>
      <symbol id="sm-1570">
         <name>__TI_auto_init_nobinit_nopinit</name>
         <value>0xceb5</value>
         <object_component_ref idref="oc-2b9"/>
      </symbol>
      <symbol id="sm-157a">
         <name>_system_pre_init</name>
         <value>0xd403</value>
         <object_component_ref idref="oc-11c"/>
      </symbol>
      <symbol id="sm-15a1">
         <name>C$$EXIT</name>
         <value>0xd407</value>
         <object_component_ref idref="oc-20c"/>
      </symbol>
      <symbol id="sm-15a2">
         <name>abort</name>
         <value>0xd407</value>
         <object_component_ref idref="oc-20c"/>
      </symbol>
      <symbol id="sm-15a3">
         <name>__TI_dtors_ptr</name>
         <value>0x20007318</value>
         <object_component_ref idref="oc-480"/>
      </symbol>
      <symbol id="sm-15a4">
         <name>__TI_cleanup_ptr</name>
         <value>0x20007314</value>
         <object_component_ref idref="oc-480"/>
      </symbol>
      <symbol id="sm-15a5">
         <name>__TI_enable_exit_profile_output</name>
         <value>0x2000731c</value>
         <object_component_ref idref="oc-480"/>
      </symbol>
      <symbol id="sm-15a6">
         <name>exit</name>
         <value>0xcd9d</value>
         <object_component_ref idref="oc-2b3"/>
      </symbol>
      <symbol id="sm-15bb">
         <name>_nop</name>
         <value>0x5627</value>
         <object_component_ref idref="oc-559"/>
      </symbol>
      <symbol id="sm-15bc">
         <name>_lock</name>
         <value>0x20007344</value>
         <object_component_ref idref="oc-3ba"/>
      </symbol>
      <symbol id="sm-15bd">
         <name>_unlock</name>
         <value>0x20007348</value>
         <object_component_ref idref="oc-3ba"/>
      </symbol>
      <symbol id="sm-15cc">
         <name>__TI_ltoa</name>
         <value>0xcc13</value>
         <object_component_ref idref="oc-60d"/>
      </symbol>
      <symbol id="sm-15e3">
         <name>atoi</name>
         <value>0xcd05</value>
         <object_component_ref idref="oc-4f8"/>
      </symbol>
      <symbol id="sm-15ee">
         <name>_ctypes_</name>
         <value>0xd52c</value>
         <object_component_ref idref="oc-5ed"/>
      </symbol>
      <symbol id="sm-15fe">
         <name>memccpy</name>
         <value>0xd305</value>
         <object_component_ref idref="oc-521"/>
      </symbol>
      <symbol id="sm-160e">
         <name>memchr</name>
         <value>0xd2ad</value>
         <object_component_ref idref="oc-3a8"/>
      </symbol>
      <symbol id="sm-1697">
         <name>_sys_memory</name>
         <value>0x20007590</value>
         <object_component_ref idref="oc-27"/>
      </symbol>
      <symbol id="sm-1698">
         <name>free</name>
         <value>0xbe7d</value>
         <object_component_ref idref="oc-672"/>
      </symbol>
      <symbol id="sm-1699">
         <name>memalign</name>
         <value>0xbb91</value>
         <object_component_ref idref="oc-72b"/>
      </symbol>
      <symbol id="sm-169a">
         <name>malloc</name>
         <value>0xd3f5</value>
         <object_component_ref idref="oc-678"/>
      </symbol>
      <symbol id="sm-169b">
         <name>aligned_alloc</name>
         <value>0xbb91</value>
         <object_component_ref idref="oc-72b"/>
      </symbol>
      <symbol id="sm-16ab">
         <name>strchr</name>
         <value>0xd36b</value>
         <object_component_ref idref="oc-644"/>
      </symbol>
      <symbol id="sm-16c5">
         <name>write</name>
         <value>0xd285</value>
         <object_component_ref idref="oc-3b4"/>
      </symbol>
      <symbol id="sm-16d6">
         <name>_stream</name>
         <value>0x20006fa8</value>
         <object_component_ref idref="oc-554"/>
      </symbol>
      <symbol id="sm-16d7">
         <name>_device</name>
         <value>0x20006f30</value>
         <object_component_ref idref="oc-68f"/>
      </symbol>
      <symbol id="sm-16ed">
         <name>__aeabi_errno_addr</name>
         <value>0xd3ed</value>
         <object_component_ref idref="oc-52d"/>
      </symbol>
      <symbol id="sm-16ee">
         <name>errno</name>
         <value>0x20007388</value>
         <object_component_ref idref="oc-654"/>
      </symbol>
      <symbol id="sm-170e">
         <name>frexpl</name>
         <value>0xc925</value>
         <object_component_ref idref="oc-638"/>
      </symbol>
      <symbol id="sm-170f">
         <name>frexp</name>
         <value>0xc925</value>
         <object_component_ref idref="oc-638"/>
      </symbol>
      <symbol id="sm-172c">
         <name>scalbn</name>
         <value>0xba81</value>
         <object_component_ref idref="oc-63e"/>
      </symbol>
      <symbol id="sm-172d">
         <name>scalbnl</name>
         <value>0xba81</value>
         <object_component_ref idref="oc-63e"/>
      </symbol>
      <symbol id="sm-172e">
         <name>ldexpl</name>
         <value>0xba81</value>
         <object_component_ref idref="oc-63e"/>
      </symbol>
      <symbol id="sm-172f">
         <name>ldexp</name>
         <value>0xba81</value>
         <object_component_ref idref="oc-63e"/>
      </symbol>
      <symbol id="sm-1748">
         <name>wcslen</name>
         <value>0xd3a9</value>
         <object_component_ref idref="oc-527"/>
      </symbol>
      <symbol id="sm-1752">
         <name>copysign</name>
         <value>0xd321</value>
         <object_component_ref idref="oc-6fe"/>
      </symbol>
      <symbol id="sm-1753">
         <name>copysignl</name>
         <value>0xd321</value>
         <object_component_ref idref="oc-6fe"/>
      </symbol>
      <symbol id="sm-1763">
         <name>__TI_cleanup</name>
         <value>0xd0e1</value>
         <object_component_ref idref="oc-67e"/>
      </symbol>
      <symbol id="sm-1775">
         <name>fseek</name>
         <value>0xc989</value>
         <object_component_ref idref="oc-543"/>
      </symbol>
      <symbol id="sm-1786">
         <name>HOSTclose</name>
         <value>0xce2d</value>
         <object_component_ref idref="oc-741"/>
      </symbol>
      <symbol id="sm-1797">
         <name>HOSTlseek</name>
         <value>0xc855</value>
         <object_component_ref idref="oc-753"/>
      </symbol>
      <symbol id="sm-17a9">
         <name>parmbuf</name>
         <value>0x20006d64</value>
      </symbol>
      <symbol id="sm-17aa">
         <name>HOSTopen</name>
         <value>0xca51</value>
         <object_component_ref idref="oc-73b"/>
      </symbol>
      <symbol id="sm-17bb">
         <name>HOSTread</name>
         <value>0xcb0d</value>
         <object_component_ref idref="oc-747"/>
      </symbol>
      <symbol id="sm-17cc">
         <name>HOSTrename</name>
         <value>0xc7e9</value>
         <object_component_ref idref="oc-75f"/>
      </symbol>
      <symbol id="sm-17dd">
         <name>HOSTunlink</name>
         <value>0xce71</value>
         <object_component_ref idref="oc-759"/>
      </symbol>
      <symbol id="sm-17ee">
         <name>HOSTwrite</name>
         <value>0xcb65</value>
         <object_component_ref idref="oc-74d"/>
      </symbol>
      <symbol id="sm-1812">
         <name>__TI_readmsg</name>
         <value>0xd115</value>
         <object_component_ref idref="oc-7b2"/>
      </symbol>
      <symbol id="sm-1813">
         <name>C$$IO$$</name>
         <value>0xd067</value>
         <object_component_ref idref="oc-7ac"/>
      </symbol>
      <symbol id="sm-1814">
         <name>__CIOBUF_</name>
         <value>0x200067fc</value>
         <object_component_ref idref="oc-7d7"/>
      </symbol>
      <symbol id="sm-1815">
         <name>__TI_writemsg</name>
         <value>0xd039</value>
         <object_component_ref idref="oc-7ac"/>
      </symbol>
      <symbol id="sm-1826">
         <name>lseek</name>
         <value>0xd25d</value>
         <object_component_ref idref="oc-66a"/>
      </symbol>
      <symbol id="sm-183b">
         <name>__TI_closefile</name>
         <value>0xc695</value>
         <object_component_ref idref="oc-732"/>
      </symbol>
      <symbol id="sm-185e">
         <name>finddevice</name>
         <value>0xd17d</value>
         <object_component_ref idref="oc-7f3"/>
      </symbol>
      <symbol id="sm-185f">
         <name>getdevice</name>
         <value>0xcef9</value>
         <object_component_ref idref="oc-7cd"/>
      </symbol>
      <symbol id="sm-186f">
         <name>strncpy</name>
         <value>0xd0a9</value>
         <object_component_ref idref="oc-7ed"/>
      </symbol>
      <symbol id="sm-1884">
         <name>close</name>
         <value>0xcab1</value>
         <object_component_ref idref="oc-79d"/>
      </symbol>
      <symbol id="sm-1894">
         <name>unlink</name>
         <value>0xd1dd</value>
         <object_component_ref idref="oc-7a3"/>
      </symbol>
      <symbol id="sm-1895">
         <name>__TI_static_base__</name>
         <value>0x0</value>
      </symbol>
      <symbol id="sm-1898">
         <name>__mpu_init</name>
         <value>0x0</value>
      </symbol>
      <symbol id="sm-1899">
         <name>_system_post_cinit</name>
         <value>0x0</value>
      </symbol>
      <symbol id="sm-189a">
         <name>remove</name>
         <value>0xd1dd</value>
      </symbol>
   </symbol_table>
   <title>Link successful</title>
</link_info>
