******************************************************************************
                  TI ARM Linker PC v20.2.2                     
******************************************************************************
>> Linked Wed Apr 21 19:55:24 2021

OUTPUT FILE NAME:   <drum_pad.out>
ENTRY POINT SYMBOL: "_c_int00_noargs"  address: 00014605


MEMORY CONFIGURATION

         name            origin    length      used     unused   attr    fill
----------------------  --------  ---------  --------  --------  ----  --------
  FLASH                 00000000   00040000  00015887  0002a779  R  X
  SRAM                  20000000   00008000  00005f7c  00002084  RW X


SEGMENT ALLOCATION MAP

run origin  load origin   length   init length attrs members
----------  ----------- ---------- ----------- ----- -------
00000000    00000000    00015890   00015890    r-x
  00000000    00000000    0000026c   0000026c    r-- .intvecs
  0000026c    0000026c    000147b2   000147b2    r-x .text
  00014a20    00014a20    00000ad9   00000ad9    r-- .const
  00015500    00015500    00000390   00000390    r-- .cinit
20000000    20000000    00005f80   00000000    rw-
  20000000    20000000    0000026c   00000000    rw- .vtable
  2000026c    2000026c    00004d9c   00000000    rw- .bss
  20005008    20005008    00000b64   00000000    rw- .data
  20005b70    20005b70    00000400   00000000    rw- .stack
  20005f70    20005f70    00000010   00000000    rw- .sysmem


SECTION ALLOCATION MAP

 output                                  attributes/
section   page    origin      length       input sections
--------  ----  ----------  ----------   ----------------
.intvecs   0    00000000    0000026c     
                  00000000    0000026c     tm4c123gh6pm_startup_ccs.obj (.intvecs)

.text      0    0000026c    000147b2     
                  0000026c    00001ddc     tasks.obj (.text)
                  00002048    000015ba     usb.obj (.text)
                  00003602    00000002     rtsv7M4_T_le_v4SPD16_eabi.lib : _lock.c.obj (.text:_nop)
                  00003604    000011f4     usbdenum.obj (.text)
                  000047f8    00000fa8     queue.obj (.text)
                  000057a0    00000ef4     sysctl.obj (.text)
                  00006694    00000e64     usbdma.obj (.text)
                  000074f8    00000d10     usbdhid.obj (.text)
                  00008208    00000b88     gpio.obj (.text)
                  00008d90    00000a4e     rtsv7M4_T_le_v4SPD16_eabi.lib : _printfi.c.obj (.text:__TI_printfi)
                  000097de    00000002                                   : div0.asm.obj (.text)
                  000097e0    000007c2     adc.obj (.text)
                  00009fa2    00000002     --HOLE-- [fill = 0]
                  00009fa4    0000069c     i2c.obj (.text)
                  0000a640    00000642     timer.obj (.text)
                  0000ac82    00000002     --HOLE-- [fill = 0]
                  0000ac84    00000634     drum_pad_functions.obj (.text)
                  0000b2b8    00000618     uart.obj (.text)
                  0000b8d0    00000564     I2C_task.obj (.text)
                  0000be34    000004e0     udma.obj (.text)
                  0000c314    000004a8     uartstdio.obj (.text)
                  0000c7bc    0000049c     usbmode.obj (.text)
                  0000cc58    00000494     console_task.obj (.text)
                  0000d0ec    00000458     ads1x15_task.obj (.text)
                  0000d544    00000444     ADC_task.obj (.text)
                  0000d988    000003f4     usblib.lib : usbhostenum.obj (.text:USBHostIntHandlerInternal)
                  0000dd7c    000003c0     interrupt.obj (.text)
                  0000e13c    00000388     usbdconfig.obj (.text)
                  0000e4c4    00000346     ssi.obj (.text)
                  0000e80a    00000002     --HOLE-- [fill = 0]
                  0000e80c    000002f4     joystick_functions.obj (.text)
                  0000eb00    000002de     usbdcdesc.obj (.text)
                  0000edde    00000002     --HOLE-- [fill = 0]
                  0000ede0    000002dc     usbdhidgamepad.obj (.text)
                  0000f0bc    000002c8     looper_buttons_task.obj (.text)
                  0000f384    000002b4     rotary_enc_task.obj (.text)
                  0000f638    0000028c     port.obj (.text)
                  0000f8c4    00000270     rtsv7M4_T_le_v4SPD16_eabi.lib : _printfi.c.obj (.text:_pconv_a)
                  0000fb34    0000026c     midi_ctrl_board.obj (.text)
                  0000fda0    00000228     logger.obj (.text)
                  0000ffc8    00000210     looper_board.obj (.text)
                  000101d8    000001ec     usb_hid_task.obj (.text)
                  000103c4    000001d2     usbdesc.obj (.text)
                  00010596    00000002     --HOLE-- [fill = 0]
                  00010598    000001d0     rtsv7M4_T_le_v4SPD16_eabi.lib : _printfi.c.obj (.text:_pconv_g)
                  00010768    000001cc     midi_knobs_functions.obj (.text)
                  00010934    000001c0     heap_2.obj (.text)
                  00010af4    000001b6     rtsv7M4_T_le_v4SPD16_eabi.lib : fd_add_t2.asm.obj (.text)
                  00010caa    00000002     --HOLE-- [fill = 0]
                  00010cac    000001ac     GPIs.obj (.text)
                  00010e58    00000190     usblib.lib : usbhostenum.obj (.text:ProcessUSBDeviceStateMachine)
                  00010fe8    00000178     control_page.obj (.text)
                  00011160    00000174     usblib.lib : usbhostenum.obj (.text:USBHCDInitInternal)
                  000112d4    00000174                : usbhhub.obj (.text:USBHHubMain)
                  00011448    00000168     GPOs.obj (.text)
                  000115b0    0000013c     rtsv7M4_T_le_v4SPD16_eabi.lib : _printfi.c.obj (.text:_pconv_e)
                  000116ec    0000013c     looper_volume_functions.obj (.text)
                  00011828    00000136     rtsv7M4_T_le_v4SPD16_eabi.lib : fd_div_t2.asm.obj (.text)
                  0001195e    00000002     --HOLE-- [fill = 0]
                  00011960    00000130     homepage.obj (.text)
                  00011a90    0000012c     looper_effects.obj (.text)
                  00011bbc    0000012a     list.obj (.text)
                  00011ce6    00000002     --HOLE-- [fill = 0]
                  00011ce8    00000124     rtsv7M4_T_le_v4SPD16_eabi.lib : _printfi.c.obj (.text:fcvt)
                  00011e0c    00000120     host_uart_task.obj (.text)
                  00011f2c    0000011c     midi_buttons_task.obj (.text)
                  00012048    00000114     rtsv7M4_T_le_v4SPD16_eabi.lib : fputs.c.obj (.text:fputs)
                  0001215c    00000110                                   : s_scalbn.c.obj (.text:scalbn)
                  0001226c    00000100     usblib.lib : usbhostenum.obj (.text:USBHCDEnumHandler)
                  0001236c    00000100     rtsv7M4_T_le_v4SPD16_eabi.lib : memory.c.obj (.text:aligned_alloc)
                  0001246c    000000fc     console_uart.obj (.text)
                  00012568    000000fc     rtsv7M4_T_le_v4SPD16_eabi.lib : fd_mul_t2.asm.obj (.text)
                  00012664    000000f0     usblib.lib : usbhostenum.obj (.text:USBHCDControlTransfer)
                  00012754    000000f0                : usbhostenum.obj (.text:USBHCDInit)
                  00012844    000000ec     usbtick.obj (.text)
                  00012930    000000e4     rtsv7M4_T_le_v4SPD16_eabi.lib : memory.c.obj (.text:free)
                  00012a14    000000e0     usblib.lib : usbhostenum.obj (.text:USBHCDMain)
                  00012af4    000000dc     rtsv7M4_T_le_v4SPD16_eabi.lib : setvbuf.c.obj (.text:setvbuf)
                  00012bd0    000000da     portasm.obj (.text)
                  00012caa    00000002     --HOLE-- [fill = 0]
                  00012cac    000000d2     text_controls.obj (.text)
                  00012d7e    000000c8     usbulpi.obj (.text)
                  00012e46    00000002     --HOLE-- [fill = 0]
                  00012e48    000000c0     fpu.obj (.text)
                  00012f08    000000b1     rtsv7M4_T_le_v4SPD16_eabi.lib : _printfi.c.obj (.text:_ltostr)
                  00012fb9    00000003     --HOLE-- [fill = 0]
                  00012fbc    0000009c     usblib.lib : usbhostenum.obj (.text:USBHCDDeviceDisconnected)
                  00013058    0000009c                : usbhostenum.obj (.text:USBHCDFeatureSet)
                  000130f4    0000009c     rtsv7M4_T_le_v4SPD16_eabi.lib : memcpy_t2.asm.obj (.text)
                  00013190    00000096                                   : ull_div_t2.asm.obj (.text)
                  00013226    00000002     --HOLE-- [fill = 0]
                  00013228    00000094     midi_uart_functions.obj (.text)
                  000132bc    00000090     usblib.lib : usbhostenum.obj (.text:USBHCDOpenDriver)
                  0001334c    00000086     rtsv7M4_T_le_v4SPD16_eabi.lib : fd_cmp_t2.asm.obj (.text:__aeabi_cdcmple)
                  000133d2    00000086                                   : fd_cmp_t2.asm.obj (.text:__aeabi_cdrcmple)
                  00013458    0000007c     board_select.obj (.text)
                  000134d4    0000007c     rtsv7M4_T_le_v4SPD16_eabi.lib : fflush.c.obj (.text:fflush)
                  00013550    0000007a                                   : memset_t2.asm.obj (.text)
                  000135ca    00000074     usblib.lib : usbhostenum.obj (.text:USBHCDGetConfigDescriptor)
                  0001363e    00000002     --HOLE-- [fill = 0]
                  00013640    00000074     rtsv7M4_T_le_v4SPD16_eabi.lib : fclose.c.obj (.text:__TI_closefile)
                  000136b4    00000074     main.obj (.text)
                  00013728    00000070     rtsv7M4_T_le_v4SPD16_eabi.lib : memory.c.obj (.text:split)
                  00013798    0000006e                                   : _printfi.c.obj (.text:_mcpy)
                  00013806    00000002     --HOLE-- [fill = 0]
                  00013808    0000006c                                   : hostrename.c.obj (.text:HOSTrename)
                  00013874    00000068                                   : hostlseek.c.obj (.text:HOSTlseek)
                  000138dc    00000068                                   : copy_decompress_lzss.c.obj (.text:decompress:lzss:__TI_decompress_lzss)
                  00013944    00000064     usblib.lib : usbhostenum.obj (.text:USBHostCheckPipes)
                  000139a8    00000064     rtsv7M4_T_le_v4SPD16_eabi.lib : s_frexp.c.obj (.text:frexp)
                  00013a0c    00000064                                   : fseek.c.obj (.text:fseek)
                  00013a70    00000062                                   : _io_perm.c.obj (.text:__TI_wrt_ok)
                  00013ad2    00000002     --HOLE-- [fill = 0]
                  00013ad4    00000060                                   : hostopen.c.obj (.text:HOSTopen)
                  00013b34    0000005c     usblib.lib : usbhostenum.obj (.text:ConfigDescAlloc)
                  00013b90    0000005c                : usbhostenum.obj (.text:USBHCDGetDeviceDescriptor)
                  00013bec    0000005c     rtsv7M4_T_le_v4SPD16_eabi.lib : close.c.obj (.text:close)
                  00013c48    00000058                                   : hostread.c.obj (.text:HOSTread)
                  00013ca0    00000058                                   : hostwrite.c.obj (.text:HOSTwrite)
                  00013cf8    00000058     usblib.lib : usbhostenum.obj (.text:USBHCDEP0StateTx)
                  00013d50    00000058                : usbhostenum.obj (.text:USBHCDHubDeviceConnected)
                  00013da8    00000056     rtsv7M4_T_le_v4SPD16_eabi.lib : _printfi.c.obj (.text:_pconv_f)
                  00013dfe    00000054                                   : _ltoa.c.obj (.text:__TI_ltoa)
                  00013e52    00000052                                   : _printfi.c.obj (.text:_ecpy)
                  00013ea4    00000050     usblib.lib : usbhhub.obj (.text:HubGetPortStatus)
                  00013ef4    0000004c                : usbhhub.obj (.text:HubDriverDeviceDisconnect)
                  00013f40    0000004c                : usbhostenum.obj (.text:USBHCDPowerConfigSet)
                  00013f8c    0000004c     rtsv7M4_T_le_v4SPD16_eabi.lib : fflush.c.obj (.text:__TI_doflush)
                  00013fd8    0000004c                                   : atoi.c.obj (.text:atoi)
                  00014024    0000004c     task_manager_page.obj (.text)
                  00014070    00000048     usblib.lib : usbhostenum.obj (.text:USBHCDSetAddress)
                  000140b8    00000048                : usbhhub.obj (.text:USBHHubInit)
                  00014100    00000048     rtsv7M4_T_le_v4SPD16_eabi.lib : exit.c.obj (.text:exit)
                  00014148    00000048                                   : fd_toi_t2.asm.obj (.text)
                  00014190    00000044                                   : hostclose.c.obj (.text:HOSTclose)
                  000141d4    00000044                                   : hostunlink.c.obj (.text:HOSTunlink)
                  00014218    00000044                                   : autoinit.c.obj (.text:__TI_auto_init_nobinit_nopinit:__TI_auto_init_nobinit_nopinit)
                  0001425c    00000044                                   : getdevice.c.obj (.text:getdevice)
                  000142a0    00000044                                   : fd_tou_t2.asm.obj (.text)
                  000142e4    00000040                                   : u_divt2.asm.obj (.text)
                  00014324    00000040                                   : sprintf.c.obj (.text:sprintf)
                  00014364    0000003e                                   : _printfi.c.obj (.text:_fcpy)
                  000143a2    0000003e     cpu.obj (.text)
                  000143e0    0000003c     usblib.lib : usbhhub.obj (.text:HubDriverReset)
                  0001441c    00000038                : usbhostenum.obj (.text:USBHCDReset)
                  00014454    00000038     rtsv7M4_T_le_v4SPD16_eabi.lib : trgmsg.c.obj (.text:__TI_writemsg)
                  0001448c    00000038                                   : fs_tod_t2.asm.obj (.text)
                  000144c4    00000036     usblib.lib : usbhhub.obj (.text:HubClearPortFeature)
                  000144fa    00000036                : usbhhub.obj (.text:HubSetPortFeature)
                  00014530    00000036     rtsv7M4_T_le_v4SPD16_eabi.lib : strncpy.c.obj (.text:strncpy)
                  00014566    00000034     usblib.lib : usbhostenum.obj (.text:USBHCDSetConfig)
                  0001459a    00000002     --HOLE-- [fill = 0]
                  0001459c    00000034     rtsv7M4_T_le_v4SPD16_eabi.lib : fopen.c.obj (.text:__TI_cleanup)
                  000145d0    00000034                                   : trgmsg.c.obj (.text:__TI_readmsg)
                  00014604    00000034                                   : boot_cortex_m.c.obj (.text:_c_int00_noargs:_c_int00_noargs)
                  00014638    00000030                                   : getdevice.c.obj (.text:finddevice)
                  00014668    0000002e                                   : i_tofd_t2.asm.obj (.text)
                  00014696    00000002     --HOLE-- [fill = 0]
                  00014698    0000002c     usblib.lib : usbhostenum.obj (.text:ConfigDescFree)
                  000146c4    0000002c                : usbhostenum.obj (.text:InternalUSBHCDSendEvent)
                  000146f0    0000002c     rtsv7M4_T_le_v4SPD16_eabi.lib : unlink.c.obj (.text:unlink)
                  0001471c    0000002a     hooks.obj (.text)
                  00014746    00000002     --HOLE-- [fill = 0]
                  00014748    00000028     rtsv7M4_T_le_v4SPD16_eabi.lib : memory.c.obj (.text:free_list_insert)
                  00014770    00000028                                   : lseek.c.obj (.text:lseek)
                  00014798    00000028                                   : write.c.obj (.text:write)
                  000147c0    00000020     usblib.lib : usbhhub.obj (.text:HubDriverDeviceConnect)
                  000147e0    00000020                : usbhhub.obj (.text:HubDriverDeviceReset)
                  00014800    00000020     rtsv7M4_T_le_v4SPD16_eabi.lib : memchr.c.obj (.text:memchr)
                  00014820    00000020                                   : u_tofd_t2.asm.obj (.text)
                  00014840    0000001c                                   : assert.c.obj (.text:_abort_msg)
                  0001485c    0000001c                                   : memory.c.obj (.text:free_list_remove)
                  00014878    0000001c                                   : memccpy.c.obj (.text:memccpy)
                  00014894    0000001a                                   : s_copysign.c.obj (.text:copysign)
                  000148ae    00000002     --HOLE-- [fill = 0]
                  000148b0    00000018     usblib.lib : usbhhub.obj (.text:USBHHubEnumerationComplete)
                  000148c8    00000018                : usbhhub.obj (.text:USBHHubEnumerationError)
                  000148e0    00000018     rtsv7M4_T_le_v4SPD16_eabi.lib : sprintf.c.obj (.text:_outs)
                  000148f8    00000018                                   : strcmp.c.obj (.text:strcmp)
                  00014910    00000018     usbdhandler.obj (.text)
                  00014928    00000016     rtsv7M4_T_le_v4SPD16_eabi.lib : strchr.c.obj (.text:strchr)
                  0001493e    00000002     --HOLE-- [fill = 0]
                  00014940    00000014     usblib.lib : usbhostenum.obj (.text:USBHCDPowerAutomatic)
                  00014954    00000014                : usbhhub.obj (.text:USBHubPortSpeedSet)
                  00014968    00000014     rtsv7M4_T_le_v4SPD16_eabi.lib : strcpy.c.obj (.text:strcpy)
                  0001497c    00000014                                   : strlen.c.obj (.text:strlen)
                  00014990    00000012     usblib.lib : usbhostenum.obj (.text:SendUnknownConnect)
                  000149a2    00000012     rtsv7M4_T_le_v4SPD16_eabi.lib : wcslen.c.obj (.text:wcslen)
                  000149b4    0000000e                                   : copy_decompress_none.c.obj (.text:decompress:none:__TI_decompress_none)
                  000149c2    00000002     --HOLE-- [fill = 0]
                  000149c4    0000000c     usblib.lib : usbhostenum.obj (.text:USBHCDHubDeviceDisconnected)
                  000149d0    0000000c                : usbhostenum.obj (.text:USBHCDPowerConfigGet)
                  000149dc    0000000c     rtsv7M4_T_le_v4SPD16_eabi.lib : copy_zero_init.c.obj (.text:decompress:ZI:__TI_zero_init)
                  000149e8    0000000c     tm4c123gh6pm_startup_ccs.obj (.text)
                  000149f4    0000000a     rtsv7M4_T_le_v4SPD16_eabi.lib : sprintf.c.obj (.text:_outc)
                  000149fe    00000002     --HOLE-- [fill = 0]
                  00014a00    00000008                                   : errno.c.obj (.text:__aeabi_errno_addr)
                  00014a08    00000008                                   : memory.c.obj (.text:malloc)
                  00014a10    00000006     sysctl.obj (.text:SysCtlDelay)
                  00014a16    00000004     rtsv7M4_T_le_v4SPD16_eabi.lib : pre_init.c.obj (.text:_system_pre_init)
                  00014a1a    00000004                                   : exit.c.obj (.text:abort:abort)

.const     0    00014a20    00000ad9     
                  00014a20    00000120     sysctl.obj (.const:g_pppui32XTALtoVCO)
                  00014b40    00000101     rtsv7M4_T_le_v4SPD16_eabi.lib : ctype.c.obj (.const:.string:_ctypes_)
                  00014c41    00000003     ads1x15_task.obj (.const:.string:ADC0_SEL)
                  00014c44    000000c0     gpio.obj (.const:g_ppui32GPIOIntMapBlizzard)
                  00014d04    000000c0     gpio.obj (.const:g_ppui32GPIOIntMapSnowflake)
                  00014dc4    0000009c     interrupt.obj (.const:g_pui32Regs)
                  00014e60    00000090     gpio.obj (.const:g_pui32GPIOBaseAddrs)
                  00014ef0    00000080     GPIs.obj (.const:.string)
                  00014f70    0000006c     sysctl.obj (.const:g_pui32Xtals)
                  00014fdc    00000062     GPOs.obj (.const:.string)
                  0001503e    00000001     ads1x15_task.obj (.const)
                  0001503f    00000001     --HOLE-- [fill = 0]
                  00015040    00000060     ADC_task.obj (.const:.string)
                  000150a0    00000060     timer.obj (.const:g_ppui32TimerIntMap)
                  00015100    00000050     i2c.obj (.const:g_ppui32I2CIntMapSnowflake)
                  00015150    00000040     timer.obj (.const:g_ppui32TimerIntMapSnowflake)
                  00015190    00000040     uart.obj (.const:g_ppui32UARTIntMap)
                  000151d0    00000040     uart.obj (.const:g_ppui32UARTIntMapSnowflake)
                  00015210    00000034     usb_structs.obj (.const:.string:g_pui8ConfigString)
                  00015244    00000034     usbdenum.obj (.const:g_psUSBDStdRequests)
                  00015278    00000030     i2c.obj (.const:g_ppui32I2CIntMap)
                  000152a8    00000030     usbdhid.obj (.const:g_sHIDHandlers)
                  000152d8    00000030     sysctl.obj (.const:g_sXTALtoMEMTIM)
                  00015308    0000002c     usb_structs.obj (.const:.string:g_pui8HIDInterfaceString)
                  00015334    00000022     usb_structs.obj (.const:.string:g_pui8ProductString)
                  00015356    00000020     usbdhidgamepad.obj (.const:.string:g_pui8GameReportDescriptor)
                  00015376    00000002     --HOLE-- [fill = 0]
                  00015378    00000020     ssi.obj (.const:g_ppui32SSIIntMap)
                  00015398    00000020     ssi.obj (.const:g_ppui32SSIIntMapSnowflake)
                  000153b8    00000020     interrupt.obj (.const:g_pui32Priority)
                  000153d8    00000018     usb_structs.obj (.const:g_ppui8StringDescriptors)
                  000153f0    00000014     usb_structs.obj (.const:.string:g_pui8ManufacturerString)
                  00015404    00000014     interrupt.obj (.const:g_pui32Dii16Regs)
                  00015418    00000014     interrupt.obj (.const:g_pui32EnRegs)
                  0001542c    00000014     interrupt.obj (.const:g_pui32PendRegs)
                  00015440    00000014     interrupt.obj (.const:g_pui32UnpendRegs)
                  00015454    00000012     usb_structs.obj (.const:.string:g_pui8SerialNumberString)
                  00015466    00000002     --HOLE-- [fill = 0]
                  00015468    00000012     uartstdio.obj (.const:.string)
                  0001547a    00000002     --HOLE-- [fill = 0]
                  0001547c    00000010     drum_pad_functions.obj (.const)
                  0001548c    0000000c     uartstdio.obj (.const:g_ui32UARTBase)
                  00015498    0000000c     uartstdio.obj (.const:g_ui32UARTPeriph)
                  000154a4    00000008     sysctl.obj (.const:g_pui32VCOFrequencies)
                  000154ac    00000008     usbdhidgamepad.obj (.const:g_sHIDConfigSection)
                  000154b4    00000008     usbdhidgamepad.obj (.const:g_sHIDInEndpointSection)
                  000154bc    00000008     usbdhidgamepad.obj (.const:g_sHIDInterfaceSection)
                  000154c4    00000008     GPOs.obj (.const:looper_gpo_info)
                  000154cc    00000008     GPOs.obj (.const:midi_gpo_info)
                  000154d4    00000008     port.obj (.const)
                  000154dc    00000007     usbdhidgamepad.obj (.const:.string:g_pui8HIDInEndpoint)
                  000154e3    00000004     usb_structs.obj (.const:.string:g_pui8LangDescriptor)
                  000154e7    00000001     --HOLE-- [fill = 0]
                  000154e8    00000004     usbdhidgamepad.obj (.const:g_ppsHIDConfigDescriptors)
                  000154ec    00000004     uartstdio.obj (.const)
                  000154f0    00000003     ads1x15_task.obj (.const:.string:ADC1_SEL)
                  000154f3    00000003     ads1x15_task.obj (.const:.string:ADC2_SEL)
                  000154f6    00000003     ads1x15_task.obj (.const:.string:ADC3_SEL)

.cinit     0    00015500    00000390     
                  00015500    00000356     (.cinit..data.load) [load image, compression = lzss]
                  00015856    00000002     --HOLE-- [fill = 0]
                  00015858    0000000c     (__TI_handler_table)
                  00015864    00000004     --HOLE-- [fill = 0]
                  00015868    00000008     (.cinit..bss.load) [load image, compression = zero_init]
                  00015870    00000008     (.cinit..vtable.load) [load image, compression = zero_init]
                  00015878    00000018     (__TI_cinit_table)

.init_array 
*          0    00000000    00000000     UNINITIALIZED

.vtable    0    20000000    0000026c     UNINITIALIZED
                  20000000    0000026c     interrupt.obj (.vtable)

.bss       0    2000026c    00004d9c     UNINITIALIZED
                  2000026c    00003c00     (.common:ucHeap)
                  20003e6c    000006cc     usblib.lib : usbhostenum.obj (.bss:g_sUSBHCD)
                  20004538    00000190     task_manager_page.obj (.bss:write_buffer)
                  200046c8    00000120     rtsv7M4_T_le_v4SPD16_eabi.lib : trgmsg.c.obj (.bss:_CIOBUF_)
                  200047e8    00000110     usbdma.obj (.bss:g_psUSBDMAInst)
                  200048f8    000000f0     logger.obj (.bss:errors)
                  200049e8    000000f0     (.common:pad_states)
                  20004ad8    000000a0     (.common:__TI_tmpnams)
                  20004b78    0000009c     usblib.lib : usbhhub.obj (.bss:g_sRootHub)
                  20004c14    00000064     tasks.obj (.bss:pxReadyTasksLists)
                  20004c78    00000060     looper_buttons_task.obj (.bss:looper_pins)
                  20004cd8    00000050     (.common:g_psDCDInst)
                  20004d28    00000040     usbdenum.obj (.bss:g_pui8DataBufferIn)
                  20004d68    00000040     (.common:xQueueRegistry)
                  20004da8    00000030     looper_effects.obj (.bss:effects)
                  20004dd8    00000020     ADC_task.obj (.bss:adc00_step_values)
                  20004df8    00000020     looper_volume_functions.obj (.bss:last_value)
                  20004e18    00000018     usblib.lib : usbhostenum.obj (.bss:g_pi32USBHActiveDriver)
                  20004e30    00000018                : usbhostenum.obj (.bss:g_ppvDriverInstance)
                  20004e48    00000018     (.common:g_pfnTickHandlers)
                  20004e60    00000018     (.common:g_pvTickInstance)
                  20004e78    00000014     I2C_task.obj (.bss)
                  20004e8c    00000014     drum_pad_functions.obj (.bss:float_string)
                  20004ea0    00000014     tasks.obj (.bss:xDelayedTaskList1)
                  20004eb4    00000014     tasks.obj (.bss:xDelayedTaskList2)
                  20004ec8    00000014     tasks.obj (.bss:xPendingReadyList)
                  20004edc    00000014     tasks.obj (.bss:xSuspendedTaskList)
                  20004ef0    00000014     tasks.obj (.bss:xTasksWaitingTermination)
                  20004f04    00000010     ADC_task.obj (.bss:adc11_step_values)
                  20004f14    00000010     rotary_enc_task.obj (.bss)
                  20004f24    00000010     (.common:button_states)
                  20004f34    00000010     (.common:midi_knobs)
                  20004f44    0000000d     usb_hid_task.obj (.bss)
                  20004f51    00000003     usb_hid_task.obj (.bss:sReport)
                  20004f54    00000008     ADC_task.obj (.bss)
                  20004f5c    00000008     ads1x15_task.obj (.bss:adc0_data)
                  20004f64    00000008     ads1x15_task.obj (.bss:adc1_data)
                  20004f6c    00000008     usblib.lib : usbhostenum.obj (.bss:g_pui32Alloc)
                  20004f74    00000008     GPIs.obj (.bss:gpi_info)
                  20004f7c    00000008     midi_buttons_task.obj (.bss)
                  20004f84    00000008     tasks.obj (.bss)
                  20004f8c    00000008     usblib.lib : usbhhub.obj (.bss)
                  20004f94    00000008     heap_2.obj (.bss:xEnd)
                  20004f9c    00000008     heap_2.obj (.bss:xStart)
                  20004fa4    00000008     (.common:adc_info)
                  20004fac    00000008     (.common:gpis_info)
                  20004fb4    00000008     (.common:gpo_info)
                  20004fbc    00000008     (.common:parmbuf)
                  20004fc4    00000006     joystick_functions.obj (.bss:js_uart_msg)
                  20004fca    00000002     ads1x15_task.obj (.bss:joy_x_data)
                  20004fcc    00000004     console_uart.obj (.bss)
                  20004fd0    00000004     drum_pad_functions.obj (.bss)
                  20004fd4    00000004     adc.obj (.bss:g_pui8OversampleFactor)
                  20004fd8    00000004     host_uart_task.obj (.bss)
                  20004fdc    00000004     midi_uart_functions.obj (.bss:msg_bytes)
                  20004fe0    00000004     usbdenum.obj (.bss)
                  20004fe4    00000004     usblib.lib : usbhostenum.obj (.bss)
                  20004fe8    00000004     usbmode.obj (.bss)
                  20004fec    00000004     (.common:blue_debug)
                  20004ff0    00000004     (.common:g_ppsDevInfo)
                  20004ff4    00000004     (.common:g_ui32PollRate)
                  20004ff8    00000004     (.common:green_debug)
                  20004ffc    00000004     (.common:red_debug)
                  20005000    00000002     ads1x15_task.obj (.bss:joy_y_data)
                  20005002    00000002     ads1x15_task.obj (.bss:sense_data)
                  20005004    00000002     ads1x15_task.obj (.bss:volume_data)
                  20005006    00000001     board_select.obj (.bss)
                  20005007    00000001     (.common:g_eOTGModeState)

.data      0    20005008    00000b64     UNINITIALIZED
                  20005008    00000108     console_task.obj (.data:console_pages)
                  20005110    000000f0     rtsv7M4_T_le_v4SPD16_eabi.lib : defs.c.obj (.data:_ftable)
                  20005200    00000098     usb_structs.obj (.data:g_sGamepadDevice)
                  20005298    00000078     rtsv7M4_T_le_v4SPD16_eabi.lib : host_device.c.obj (.data:_device)
                  20005310    00000050                                   : host_device.c.obj (.data:_stream)
                  20005360    00000034     tasks.obj (.data)
                  20005394    00000030     ADC_task.obj (.data:adc_pins)
                  200053c4    0000002c     GPOs.obj (.data:looper_gpos)
                  200053f0    00000024     ADC_task.obj (.data:pad0)
                  20005414    00000024     ADC_task.obj (.data:pad10)
                  20005438    00000024     ADC_task.obj (.data:pad11)
                  2000545c    00000024     ADC_task.obj (.data:pad1)
                  20005480    00000024     ADC_task.obj (.data:pad2)
                  200054a4    00000024     ADC_task.obj (.data:pad3)
                  200054c8    00000024     ADC_task.obj (.data:pad4)
                  200054ec    00000024     ADC_task.obj (.data:pad5)
                  20005510    00000024     ADC_task.obj (.data:pad6)
                  20005534    00000024     ADC_task.obj (.data:pad7)
                  20005558    00000024     ADC_task.obj (.data:pad8)
                  2000557c    00000024     ADC_task.obj (.data:pad9)
                  200055a0    00000020     ads1x15_task.obj (.data:adc00_read)
                  200055c0    00000020     ads1x15_task.obj (.data:adc01_read)
                  200055e0    00000020     ads1x15_task.obj (.data:adc02_read)
                  20005600    00000020     ads1x15_task.obj (.data:adc03_read)
                  20005620    00000020     ads1x15_task.obj (.data:adc10_read)
                  20005640    00000020     ads1x15_task.obj (.data:adc11_read)
                  20005660    00000020     ads1x15_task.obj (.data:adc12_read)
                  20005680    00000020     ads1x15_task.obj (.data:adc13_read)
                  200056a0    00000020     ads1x15_task.obj (.data:ads1015_adc00_sel)
                  200056c0    00000020     ads1x15_task.obj (.data:ads1015_adc01_sel)
                  200056e0    00000020     ads1x15_task.obj (.data:ads1015_adc02_sel)
                  20005700    00000020     ads1x15_task.obj (.data:ads1015_adc03_sel)
                  20005720    00000020     ads1x15_task.obj (.data:ads1015_adc10_sel)
                  20005740    00000020     ads1x15_task.obj (.data:ads1015_adc11_sel)
                  20005760    00000020     ads1x15_task.obj (.data:ads1015_adc12_sel)
                  20005780    00000020     ads1x15_task.obj (.data:ads1015_adc13_sel)
                  200057a0    00000020     GPIs.obj (.data:looper_gpi_pins)
                  200057c0    0000001c     GPIs.obj (.data:midi_gpi_pins)
                  200057dc    00000018     usblib.lib : usbhostenum.obj (.data:g_sUSBHEP0State)
                  200057f4    00000014     GPOs.obj (.data:blue_led)
                  20005808    00000014     GPOs.obj (.data:blueled)
                  2000581c    00000014     GPIs.obj (.data:enc_bit_0)
                  20005830    00000014     GPIs.obj (.data:enc_bit_1)
                  20005844    00000014     GPIs.obj (.data:enc_bit_2)
                  20005858    00000014     GPIs.obj (.data:enc_bit_3)
                  2000586c    00000014     GPOs.obj (.data:green_led)
                  20005880    00000014     GPOs.obj (.data:greenled)
                  20005894    00000014     GPOs.obj (.data:led_0)
                  200058a8    00000014     GPOs.obj (.data:led_1)
                  200058bc    00000014     GPOs.obj (.data:led_2)
                  200058d0    00000014     GPOs.obj (.data:led_3)
                  200058e4    00000014     GPOs.obj (.data:led_4)
                  200058f8    00000014     GPOs.obj (.data:led_5)
                  2000590c    00000014     GPOs.obj (.data:led_6)
                  20005920    00000014     GPOs.obj (.data:led_7)
                  20005934    00000014     GPIs.obj (.data:loop_0)
                  20005948    00000014     GPIs.obj (.data:loop_1)
                  2000595c    00000014     GPIs.obj (.data:loop_2)
                  20005970    00000014     GPIs.obj (.data:loop_3)
                  20005984    00000014     GPIs.obj (.data:loop_4)
                  20005998    00000014     GPIs.obj (.data:loop_5)
                  200059ac    00000014     GPIs.obj (.data:loop_6)
                  200059c0    00000014     GPIs.obj (.data:loop_7)
                  200059d4    00000014     GPIs.obj (.data:octave_down)
                  200059e8    00000014     GPIs.obj (.data:octave_up)
                  200059fc    00000014     GPIs.obj (.data:pressure_sense)
                  20005a10    00000014     GPOs.obj (.data:red_led)
                  20005a24    00000014     GPOs.obj (.data:redled)
                  20005a38    00000014     usblib.lib : usbhostenum.obj (.data)
                  20005a4c    00000012     usbdhid.obj (.data:g_pui8HIDDeviceDescriptor)
                  20005a5e    00000002     joystick_functions.obj (.data)
                  20005a60    00000011     console_task.obj (.data)
                  20005a71    00000001     looper_buttons_task.obj (.data)
                  20005a72    00000002     --HOLE--
                  20005a74    00000010     usbdhidgamepad.obj (.data:g_psHIDSections)
                  20005a84    00000010     rtsv7M4_T_le_v4SPD16_eabi.lib : defs.c.obj (.data)
                  20005a94    0000000c                                   : exit.c.obj (.data:$O1$$)
                  20005aa0    0000000c     GPOs.obj (.data:midi_gpos)
                  20005aac    0000000c     port.obj (.data)
                  20005ab8    0000000c     usbtick.obj (.data)
                  20005ac4    00000009     usbdhidgamepad.obj (.data:g_pui8GameDescriptor)
                  20005acd    00000009     usbdhidgamepad.obj (.data:g_pui8HIDInterface)
                  20005ad6    00000009     usbdhidgamepad.obj (.data:g_sGameHIDDescriptor)
                  20005adf    00000001     --HOLE--
                  20005ae0    00000009     usbmode.obj (.data)
                  20005ae9    00000003     --HOLE--
                  20005aec    00000008     rtsv7M4_T_le_v4SPD16_eabi.lib : _lock.c.obj (.data:$O1$$)
                  20005af4    00000008                                   : memory.c.obj (.data:$O1$$)
                  20005afc    00000008     ADC_task.obj (.data)
                  20005b04    00000008     ADC_task.obj (.data:adc_pin_struct)
                  20005b0c    00000008     usbdhidgamepad.obj (.data:g_sHIDConfigHeader)
                  20005b14    00000008     usbdhidgamepad.obj (.data:g_sHIDDescriptorSection)
                  20005b1c    00000008     heap_2.obj (.data)
                  20005b24    00000008     GPIs.obj (.data:looper_gpi_info)
                  20005b2c    00000008     GPIs.obj (.data:midi_gpi_info)
                  20005b34    00000008     usbdenum.obj (.data)
                  20005b3c    00000005     I2C_task.obj (.data)
                  20005b41    00000003     --HOLE--
                  20005b44    00000005     uartstdio.obj (.data)
                  20005b49    00000003     --HOLE--
                  20005b4c    00000004     usbdhidgamepad.obj (.data:g_ppui8GameClassDescriptors)
                  20005b50    00000004     host_uart_task.obj (.data)
                  20005b54    00000004     logger.obj (.data)
                  20005b58    00000004     looper_board.obj (.data)
                  20005b5c    00000004     midi_ctrl_board.obj (.data)
                  20005b60    00000004     rotary_enc_task.obj (.data)
                  20005b64    00000004     rtsv7M4_T_le_v4SPD16_eabi.lib : errno.c.obj (.data)
                  20005b68    00000004     usb_hid_task.obj (.data)

.stack     0    20005b70    00000400     UNINITIALIZED
                  20005b70    00000004     rtsv7M4_T_le_v4SPD16_eabi.lib : boot_cortex_m.c.obj (.stack)
                  20005b74    000003fc     --HOLE--

.sysmem    0    20005f70    00000010     UNINITIALIZED
                  20005f70    00000010     rtsv7M4_T_le_v4SPD16_eabi.lib : memory.c.obj (.sysmem)

__llvm_prf_cnts 
*          0    20000000    00000000     UNINITIALIZED

MODULE SUMMARY

       Module                         code    ro data   rw data
       ------                         ----    -------   -------
    .\
       ADC_task.obj                   1092    96        15912  
       drum_pad_functions.obj         1588    16        264    
       ads1x15_task.obj               1112    13        536    
       console_task.obj               1172    0         281    
       I2C_task.obj                   1380    0         25     
       GPIs.obj                       428     128       384    
       GPOs.obj                       360     114       344    
       looper_buttons_task.obj        712     0         97     
       logger.obj                     552     0         256    
       joystick_functions.obj         756     0         8      
       rotary_enc_task.obj            692     0         20     
       tm4c123gh6pm_startup_ccs.obj   12      620       0      
       midi_ctrl_board.obj            620     0         4      
       looper_board.obj               528     0         4      
       usb_hid_task.obj               492     0         20     
       midi_knobs_functions.obj       460     0         16     
       task_manager_page.obj          76      0         400    
       heap_2.obj                     448     0         24     
       control_page.obj               376     0         16     
       looper_effects.obj             300     0         48     
       looper_volume_functions.obj    316     0         32     
       usb_structs.obj                0       196       152    
       midi_buttons_task.obj          284     0         24     
       homepage.obj                   304     0         0      
       host_uart_task.obj             288     0         8      
       console_uart.obj               252     0         4      
       text_controls.obj              210     0         0      
       midi_uart_functions.obj        148     0         4      
       board_select.obj               124     0         1      
       main.obj                       116     0         0      
       hooks.obj                      42      0         0      
    +--+------------------------------+-------+---------+---------+
       Total:                         15240   1183      18884  
                                                               
    .\FreeRTOS\
       tasks.obj                      7644    0         260    
       queue.obj                      4008    0         64     
       list.obj                       298     0         0      
    +--+------------------------------+-------+---------+---------+
       Total:                         11950   0         324    
                                                               
    .\FreeRTOS\portable\CCS\ARM_CM4F\
       port.obj                       652     8         12     
       portasm.obj                    218     0         0      
    +--+------------------------------+-------+---------+---------+
       Total:                         870     8         12     
                                                               
    .\driverlib\
       usb.obj                        5562    0         0      
       sysctl.obj                     3834    452       0      
       gpio.obj                       2952    528       0      
       adc.obj                        1986    0         4      
       interrupt.obj                  960     268       620    
       i2c.obj                        1692    128       0      
       timer.obj                      1602    160       0      
       uart.obj                       1560    128       0      
       udma.obj                       1248    0         0      
       ssi.obj                        838     64        0      
       fpu.obj                        192     0         0      
       cpu.obj                        62      0         0      
    +--+------------------------------+-------+---------+---------+
       Total:                         22488   1728      624    
                                                               
    .\usb\
       usbdenum.obj                   4596    52        160    
       usbdma.obj                     3684    0         272    
       usbdhid.obj                    3344    48        18     
       usbmode.obj                    1180    0         18     
       usbdconfig.obj                 904     0         0      
       usbdhidgamepad.obj             732     67        63     
       usbdcdesc.obj                  734     0         0      
       usbdesc.obj                    466     0         0      
       usbtick.obj                    236     0         60     
       usbulpi.obj                    200     0         0      
       usbdhandler.obj                24      0         0      
    +--+------------------------------+-------+---------+---------+
       Total:                         16100   167       591    
                                                               
    .\utils\
       uartstdio.obj                  1192    46        5      
    +--+------------------------------+-------+---------+---------+
       Total:                         1192    46        5      
                                                               
    C:/ti/TivaWare_C_Series-2.2.0.295/usblib/ccs/Debug/usblib.lib
       usbhostenum.obj                4182    0         1844   
       usbhhub.obj                    900     0         164    
    +--+------------------------------+-------+---------+---------+
       Total:                         5082    0         2008   
                                                               
    C:\ti\ccs1020\ccs\tools\compiler\ti-cgt-arm_20.2.2.LTS\lib\rtsv7M4_T_le_v4SPD16_eabi.lib
       _printfi.c.obj                 4851    0         0      
       memory.c.obj                   672     0         8      
       fd_add_t2.asm.obj              438     0         0      
       defs.c.obj                     0       0         416    
       trgmsg.c.obj                   108     0         288    
       fd_div_t2.asm.obj              310     0         0      
       fputs.c.obj                    276     0         0      
       s_scalbn.c.obj                 272     0         0      
       fd_cmp_t2.asm.obj              268     0         0      
       ctype.c.obj                    0       257       0      
       fd_mul_t2.asm.obj              252     0         0      
       setvbuf.c.obj                  220     0         0      
       fflush.c.obj                   200     0         0      
       host_device.c.obj              0       0         200    
       memcpy_t2.asm.obj              156     0         0      
       ull_div_t2.asm.obj             150     0         0      
       memset_t2.asm.obj              122     0         0      
       fclose.c.obj                   116     0         0      
       getdevice.c.obj                116     0         0      
       hostrename.c.obj               108     0         0      
       copy_decompress_lzss.c.obj     104     0         0      
       hostlseek.c.obj                104     0         0      
       hostopen.c.obj                 96      0         8      
       fseek.c.obj                    100     0         0      
       s_frexp.c.obj                  100     0         0      
       _io_perm.c.obj                 98      0         0      
       sprintf.c.obj                  98      0         0      
       close.c.obj                    92      0         0      
       exit.c.obj                     76      0         12     
       hostread.c.obj                 88      0         0      
       hostwrite.c.obj                88      0         0      
       _ltoa.c.obj                    84      0         0      
       atoi.c.obj                     76      0         0      
       fd_toi_t2.asm.obj              72      0         0      
       autoinit.c.obj                 68      0         0      
       fd_tou_t2.asm.obj              68      0         0      
       hostclose.c.obj                68      0         0      
       hostunlink.c.obj               68      0         0      
       u_divt2.asm.obj                64      0         0      
       fs_tod_t2.asm.obj              56      0         0      
       strncpy.c.obj                  54      0         0      
       boot_cortex_m.c.obj            52      0         0      
       fopen.c.obj                    52      0         0      
       i_tofd_t2.asm.obj              46      0         0      
       unlink.c.obj                   44      0         0      
       lseek.c.obj                    40      0         0      
       write.c.obj                    40      0         0      
       memchr.c.obj                   32      0         0      
       u_tofd_t2.asm.obj              32      0         0      
       assert.c.obj                   28      0         0      
       memccpy.c.obj                  28      0         0      
       s_copysign.c.obj               26      0         0      
       strcmp.c.obj                   24      0         0      
       strchr.c.obj                   22      0         0      
       strcpy.c.obj                   20      0         0      
       strlen.c.obj                   20      0         0      
       wcslen.c.obj                   18      0         0      
       copy_decompress_none.c.obj     14      0         0      
       copy_zero_init.c.obj           12      0         0      
       errno.c.obj                    8       0         4      
       _lock.c.obj                    2       0         8      
       pre_init.c.obj                 4       0         0      
       div0.asm.obj                   2       0         0      
    +--+------------------------------+-------+---------+---------+
       Total:                         10923   257       944    
                                                               
       Heap:                          0       0         16     
       Stack:                         0       0         1024   
       Linker Generated:              0       906       0      
    +--+------------------------------+-------+---------+---------+
       Grand Total:                   83845   4295      24432  


LINKER GENERATED COPY TABLES

__TI_cinit_table @ 00015878 records: 3, size/record: 8, table size: 24
	.data: load addr=00015500, load size=00000356 bytes, run addr=20005008, run size=00000b64 bytes, compression=lzss
	.bss: load addr=00015868, load size=00000008 bytes, run addr=2000026c, run size=00004d9c bytes, compression=zero_init
	.vtable: load addr=00015870, load size=00000008 bytes, run addr=20000000, run size=0000026c bytes, compression=zero_init


LINKER GENERATED HANDLER TABLE

__TI_handler_table @ 00015858 records: 3, size/record: 4, table size: 12
	index: 0, handler: __TI_zero_init
	index: 1, handler: __TI_decompress_lzss
	index: 2, handler: __TI_decompress_none


GLOBAL SYMBOLS: SORTED ALPHABETICALLY BY Name 

address   name                                 
-------   ----                                 
00009f1d  ADCBusy                              
00009f65  ADCClockConfigGet                    
00009f3b  ADCClockConfigSet                    
00009d37  ADCComparatorConfigure               
00009e07  ADCComparatorIntClear                
00009dbd  ADCComparatorIntDisable              
00009ddb  ADCComparatorIntEnable               
00009df9  ADCComparatorIntStatus               
00009d53  ADCComparatorRegionSet               
00009d77  ADCComparatorReset                   
00009d05  ADCHardwareOversampleConfigure       
0000991b  ADCIntClear                          
00009e7f  ADCIntClearEx                        
00009881  ADCIntDisable                        
00009e19  ADCIntDisableEx                      
0000989d  ADCIntEnable                         
00009e31  ADCIntEnableEx                       
0000983b  ADCIntRegister                       
000098c3  ADCIntStatus                         
00009e4d  ADCIntStatusEx                       
00009863  ADCIntUnregister                     
00009ed7  ADCPhaseDelayGet                     
00009ec5  ADCPhaseDelaySet                     
00009b7b  ADCProcessorTrigger                  
00009eb3  ADCReferenceGet                      
00009e97  ADCReferenceSet                      
0000d77b  ADCSeq0Handler                       
0000d7bb  ADCSeq1Handler                       
00009965  ADCSequenceConfigure                 
00009f01  ADCSequenceDMADisable                
00009ee5  ADCSequenceDMAEnable                 
00009b39  ADCSequenceDataGet                   
0000994b  ADCSequenceDisable                   
00009931  ADCSequenceEnable                    
00009add  ADCSequenceOverflow                  
00009af5  ADCSequenceOverflowClear             
000099e9  ADCSequenceStepConfigure             
00009b0b  ADCSequenceUnderflow                 
00009b23  ADCSequenceUnderflowClear            
00009b9f  ADCSoftwareOversampleConfigure       
00009c97  ADCSoftwareOversampleDataGet         
00009bd7  ADCSoftwareOversampleStepConfigure   
00014a1b  C$$EXIT                              
00014483  C$$IO$$                              
000143d7  CPUbasepriGet                        
000143c9  CPUbasepriSet                        
000143a3  CPUcpsid                             
000143b9  CPUcpsie                             
000143af  CPUprimask                           
000143c5  CPUwfi                               
00013b35  ConfigDescAlloc                      
00014699  ConfigDescFree                       
00012e5b  FPUDisable                           
00012e49  FPUEnable                            
00012ec7  FPUFlushToZeroModeSet                
00012e93  FPUHalfPrecisionModeSet              
00012e7b  FPULazyStackingEnable                
00012ead  FPUNaNModeSet                        
00012ee1  FPURoundingModeSet                   
00012e87  FPUStackingDisable                   
00012e69  FPUStackingEnable                    
00008d6b  GPIOADCTriggerDisable                
00008d4d  GPIOADCTriggerEnable                 
00008d2f  GPIODMATriggerDisable                
00008d11  GPIODMATriggerEnable                 
000082c3  GPIODirModeGet                       
00008267  GPIODirModeSet                       
0000882b  GPIOIntClear                         
000087ef  GPIOIntDisable                       
000087d5  GPIOIntEnable                        
0000883f  GPIOIntRegister                      
00008809  GPIOIntStatus                        
000083b3  GPIOIntTypeGet                       
0000830f  GPIOIntTypeSet                       
0000885d  GPIOIntUnregister                    
00008683  GPIOPadConfigGet                     
00008449  GPIOPadConfigSet                     
00008cb3  GPIOPinConfigure                     
00008877  GPIOPinRead                          
000088af  GPIOPinTypeADC                       
000088d3  GPIOPinTypeCAN                       
00008c7f  GPIOPinTypeCIR                       
000088f7  GPIOPinTypeComparator                
0000891b  GPIOPinTypeEPI                       
0000893f  GPIOPinTypeEthernetLED               
00008963  GPIOPinTypeEthernetMII               
00008987  GPIOPinTypeGPIOInput                 
000089ab  GPIOPinTypeGPIOOutput                
000089cf  GPIOPinTypeGPIOOutputOD              
000089f3  GPIOPinTypeI2C                       
00008a17  GPIOPinTypeI2CSCL                    
00008c37  GPIOPinTypeKBColumn                  
00008c13  GPIOPinTypeKBRow                     
00008a3b  GPIOPinTypeLCD                       
00008c5b  GPIOPinTypeLEDSeq                    
00008a5f  GPIOPinTypeLPC                       
00008a83  GPIOPinTypePECIRx                    
00008aa7  GPIOPinTypePECITx                    
00008acb  GPIOPinTypePWM                       
00008aef  GPIOPinTypeQEI                       
00008b13  GPIOPinTypeSSI                       
00008b37  GPIOPinTypeTimer                     
00008b5b  GPIOPinTypeUART                      
00008b7f  GPIOPinTypeUSBAnalog                 
00008ba3  GPIOPinTypeUSBDigital                
00008bc7  GPIOPinTypeWakeHigh                  
00008bed  GPIOPinTypeWakeLow                   
00008ca3  GPIOPinWakeStatus                    
0000888f  GPIOPinWrite                         
000101d9  GamepadHandler                       
00014191  HOSTclose                            
00013875  HOSTlseek                            
00013ad5  HOSTopen                             
00013c49  HOSTread                             
00013809  HOSTrename                           
000141d5  HOSTunlink                           
00013ca1  HOSTwrite                            
0000a59b  I2CFIFODataGet                       
0000a5b5  I2CFIFODataGetNonBlocking            
0000a551  I2CFIFODataPut                       
0000a573  I2CFIFODataPutNonBlocking            
0000a541  I2CFIFOStatus                        
0000a135  I2CIntRegister                       
0000a153  I2CIntUnregister                     
0000a5f1  I2CMasterBurstCountGet               
0000a5db  I2CMasterBurstLengthSet              
0000a399  I2CMasterBusBusy                     
0000a381  I2CMasterBusy                        
0000a3b1  I2CMasterControl                     
0000a405  I2CMasterDataGet                     
0000a3ef  I2CMasterDataPut                     
0000a101  I2CMasterDisable                     
0000a0cd  I2CMasterEnable                      
0000a3c3  I2CMasterErr                         
0000a5ff  I2CMasterGlitchFilterConfigSet       
0000a003  I2CMasterInitExpClk                  
0000a2fb  I2CMasterIntClear                    
0000a319  I2CMasterIntClearEx                  
0000a1c7  I2CMasterIntDisable                  
0000a1d7  I2CMasterIntDisableEx                
0000a16d  I2CMasterIntEnable                   
0000a17d  I2CMasterIntEnableEx                 
0000a221  I2CMasterIntStatus                   
0000a265  I2CMasterIntStatusEx                 
0000a373  I2CMasterLineStateGet                
0000a351  I2CMasterSlaveAddrSet                
0000a413  I2CMasterTimeoutSet                  
0000a501  I2CRxFIFOConfigSet                   
0000a529  I2CRxFIFOFlush                       
0000a425  I2CSlaveACKOverride                  
0000a457  I2CSlaveACKValueSet                  
0000a08f  I2CSlaveAddressSet                   
0000a4b1  I2CSlaveDataGet                      
0000a499  I2CSlaveDataPut                      
0000a117  I2CSlaveDisable                      
0000a0e3  I2CSlaveEnable                       
0000a62f  I2CSlaveFIFODisable                  
0000a617  I2CSlaveFIFOEnable                   
0000a075  I2CSlaveInit                         
0000a32b  I2CSlaveIntClear                     
0000a33d  I2CSlaveIntClearEx                   
0000a1ef  I2CSlaveIntDisable                   
0000a207  I2CSlaveIntDisableEx                 
0000a195  I2CSlaveIntEnable                    
0000a1ad  I2CSlaveIntEnableEx                  
0000a291  I2CSlaveIntStatus                    
0000a2d9  I2CSlaveIntStatusEx                  
0000a489  I2CSlaveStatus                       
0000a4c1  I2CTxFIFOConfigSet                   
0000a4e9  I2CTxFIFOFlush                       
0000df3d  IntDisable                           
0000decb  IntEnable                            
0000dfaf  IntIsEnabled                         
0000dd8f  IntMasterDisable                     
0000dd7f  IntMasterEnable                      
0000e0a5  IntPendClear                         
0000e035  IntPendSet                           
0000dea7  IntPriorityGet                       
0000de1f  IntPriorityGroupingGet               
0000de05  IntPriorityGroupingSet               
0000e0ff  IntPriorityMaskGet                   
0000e0f3  IntPriorityMaskSet                   
0000de57  IntPrioritySet                       
0000dd9f  IntRegister                          
0000e107  IntTrigger                           
0000ddf1  IntUnregister                        
000146c5  InternalUSBHCDSendEvent              
0001288b  InternalUSBRegisterTickHandler       
000128db  InternalUSBStartOfFrameTick          
00012845  InternalUSBTickInit                  
00012883  InternalUSBTickReset                 
0000cb45  OTGDeviceDisconnect                  
000149e9  ResetISR                             
0000e78d  SSIAdvDataPutFrameEnd                
0000e7b3  SSIAdvDataPutFrameEndNonBlocking     
0000e7f5  SSIAdvFrameHoldDisable               
0000e7df  SSIAdvFrameHoldEnable                
0000e771  SSIAdvModeSet                        
0000e71b  SSIBusy                              
0000e74d  SSIClockSourceGet                    
0000e739  SSIClockSourceSet                    
0000e523  SSIConfigSetExpClk                   
0000e703  SSIDMADisable                        
0000e6eb  SSIDMAEnable                         
0000e6ad  SSIDataGet                           
0000e6c9  SSIDataGetNonBlocking                
0000e673  SSIDataPut                           
0000e68d  SSIDataPutNonBlocking                
0000e5c5  SSIDisable                           
0000e5af  SSIEnable                            
0000e661  SSIIntClear                          
0000e62b  SSIIntDisable                        
0000e613  SSIIntEnable                         
0000e5db  SSIIntRegister                       
0000e643  SSIIntStatus                         
0000e5f9  SSIIntUnregister                     
00006633  SysCtlAltClkConfig                   
00005e09  SysCtlClockFreqSet                   
000062ed  SysCtlClockGet                       
00006617  SysCtlClockOutConfig                 
00006121  SysCtlClockSet                       
00005d09  SysCtlDeepSleep                      
000064b9  SysCtlDeepSleepClockConfigSet        
0000649b  SysCtlDeepSleepClockSet              
00005ce9  SysCtlDeepSleepPowerSet              
00014a11  SysCtlDelay                          
00005897  SysCtlFlashSectorSizeGet             
0000586b  SysCtlFlashSizeGet                   
0000658f  SysCtlGPIOAHBDisable                 
00006573  SysCtlGPIOAHBEnable                  
00005c7d  SysCtlIntClear                       
00005c65  SysCtlIntDisable                     
00005c51  SysCtlIntEnable                      
00005c29  SysCtlIntRegister                    
00005c8d  SysCtlIntStatus                      
00005c41  SysCtlIntUnregister                  
00005ccf  SysCtlLDODeepSleepGet                
00005cbf  SysCtlLDODeepSleepSet                
00005cb9  SysCtlLDOSleepGet                    
00005ca9  SysCtlLDOSleepSet                    
00005d3f  SysCtlMOSCConfigSet                  
00006603  SysCtlNMIClear                       
000065fd  SysCtlNMIStatus                      
00005d55  SysCtlPIOSCCalibrate                 
0000655d  SysCtlPWMClockGet                    
00006543  SysCtlPWMClockSet                    
00005bd5  SysCtlPeripheralClockGating          
00005b8d  SysCtlPeripheralDeepSleepDisable     
00005b3d  SysCtlPeripheralDeepSleepEnable      
00005a79  SysCtlPeripheralDisable              
00005a3d  SysCtlPeripheralEnable               
00005979  SysCtlPeripheralPowerOff             
0000593d  SysCtlPeripheralPowerOn              
000058bd  SysCtlPeripheralPresent              
000058fd  SysCtlPeripheralReady                
000059b5  SysCtlPeripheralReset                
00005b01  SysCtlPeripheralSleepDisable         
00005abd  SysCtlPeripheralSleepEnable          
00005cf9  SysCtlReset                          
00005db5  SysCtlResetBehaviorGet               
00005da5  SysCtlResetBehaviorSet               
00005d2b  SysCtlResetCauseClear                
00005d25  SysCtlResetCauseGet                  
00005861  SysCtlSRAMSizeGet                    
00005d01  SysCtlSleep                          
00005cd5  SysCtlSleepPowerSet                  
000065bd  SysCtlUSBPLLDisable                  
000065ab  SysCtlUSBPLLEnable                   
000065e9  SysCtlVoltageEventClear              
000065cd  SysCtlVoltageEventConfig             
000065dd  SysCtlVoltageEventStatus             
0000ac01  TimerADCEventGet                     
0000abef  TimerADCEventSet                     
0000a925  TimerClockSourceGet                  
0000a8fb  TimerClockSourceSet                  
0000a6ef  TimerConfigure                       
0000a80f  TimerControlEvent                    
0000a76b  TimerControlLevel                    
0000a839  TimerControlStall                    
0000a7a1  TimerControlTrigger                  
0000a86f  TimerControlWaitOnTrigger            
0000ac21  TimerDMAEventGet                     
0000ac0f  TimerDMAEventSet                     
0000a6d1  TimerDisable                         
0000a6b3  TimerEnable                          
0000abcb  TimerIntClear                        
0000ab95  TimerIntDisable                      
0000ab7d  TimerIntEnable                       
0000ab37  TimerIntRegister                     
0000abad  TimerIntStatus                       
0000ab5f  TimerIntUnregister                   
0000a9ef  TimerLoadGet                         
0000aa25  TimerLoadGet64                       
0000a9c5  TimerLoadSet                         
0000aa0b  TimerLoadSet64                       
0000aacf  TimerMatchGet                        
0000ab05  TimerMatchGet64                      
0000aaa5  TimerMatchSet                        
0000aaeb  TimerMatchSet64                      
0000a95f  TimerPrescaleGet                     
0000a9a9  TimerPrescaleMatchGet                
0000a97b  TimerPrescaleMatchSet                
0000a935  TimerPrescaleSet                     
0000a8e5  TimerRTCDisable                      
0000a8cf  TimerRTCEnable                       
0000abdd  TimerSynchronize                     
0000ac2f  TimerUpdateMode                      
0000aa57  TimerValueGet                        
0000aa73  TimerValueGet64                      
0000b889  UART9BitAddrSend                     
0000b863  UART9BitAddrSet                      
0000b84d  UART9BitDisable                      
0000b837  UART9BitEnable                       
0000b6db  UARTBreakCtl                         
0000b705  UARTBusy                             
0000b683  UARTCharGet                          
0000b667  UARTCharGetNonBlocking               
0000b6bd  UARTCharPut                          
0000b699  UARTCharPutNonBlocking               
0000b62b  UARTCharsAvail                       
0000b827  UARTClockSourceGet                   
0000b813  UARTClockSourceSet                   
0000b3fb  UARTConfigGetExpClk                  
0000b385  UARTConfigSetExpClk                  
0000b7d9  UARTDMADisable                       
0000b7c1  UARTDMAEnable                        
0000b46b  UARTDisable                          
0000b4ef  UARTDisableSIR                       
0000b447  UARTEnable                           
0000b4c1  UARTEnableSIR                        
0000b4ab  UARTFIFODisable                      
0000b495  UARTFIFOEnable                       
0000b35d  UARTFIFOLevelGet                     
0000b345  UARTFIFOLevelSet                     
0000b5eb  UARTFlowControlGet                   
0000b5cf  UARTFlowControlSet                   
0000b7af  UARTIntClear                         
0000b779  UARTIntDisable                       
0000b761  UARTIntEnable                        
0000b723  UARTIntRegister                      
0000b791  UARTIntStatus                        
0000b741  UARTIntUnregister                    
0000b585  UARTModemControlClear                
0000b5a9  UARTModemControlGet                  
0000b54d  UARTModemControlSet                  
0000b5bb  UARTModemStatusGet                   
0000b333  UARTParityModeGet                    
0000b317  UARTParityModeSet                    
0000b803  UARTRxErrorClear                     
0000b7f1  UARTRxErrorGet                       
0000b537  UARTSmartCardDisable                 
0000b505  UARTSmartCardEnable                  
0000b649  UARTSpaceAvail                       
0000c315  UARTStdioConfig                      
0000b619  UARTTxIntModeGet                     
0000b5fd  UARTTxIntModeSet                     
0000c465  UARTgetc                             
0000c3ab  UARTgets                             
0000c787  UARTprintf                           
0000c48d  UARTvprintf                          
0000c35b  UARTwrite                            
00012d7f  ULPIConfigSet                        
00012e21  ULPIPowerTransceiver                 
00014911  USB0DeviceIntHandler                 
0000c879  USB0DualModeIntHandler               
0000ca61  USB0OTGModeIntHandler                
0000323f  USBClockDisable                      
00003223  USBClockEnable                       
0000320f  USBControllerVersion                 
0000ec59  USBDCDConfigDescGet                  
0000ec0b  USBDCDConfigDescGetNum               
0000ebd3  USBDCDConfigDescGetSize              
0000ed3b  USBDCDConfigGetInterface             
0000ed71  USBDCDConfigGetInterfaceEndpoint     
0000ece7  USBDCDConfigGetNumAlternateInterfaces
00003605  USBDCDDeviceInfoInit                 
000039b9  USBDCDFeatureGet                     
000038f5  USBDCDFeatureSet                     
00003655  USBDCDInit                           
0000388b  USBDCDPowerStatusSet                 
000039ed  USBDCDRemoteWakeLPM                  
00003a0d  USBDCDRemoteWakeupRequest            
0000381b  USBDCDRequestDataEP0                 
00003841  USBDCDSendDataEP0                    
00003863  USBDCDSetDefaultConfiguration        
00003875  USBDCDStallEP0                       
000037d3  USBDCDTerm                           
00007ec5  USBDHIDCompositeInit                 
0000ef4d  USBDHIDGamepadCompositeInit          
0000eeff  USBDHIDGamepadInit                   
0000f029  USBDHIDGamepadSendReport             
0000f085  USBDHIDGamepadTerm                   
00007e8f  USBDHIDInit                          
000080e5  USBDHIDPacketRead                    
000081e5  USBDHIDPowerStatusSet                
000081f9  USBDHIDRemoteWakeupRequest           
00008065  USBDHIDReportWrite                   
000081a7  USBDHIDRxPacketAvailable             
00008031  USBDHIDSetRxCBData                   
0000804b  USBDHIDSetTxCBData                   
00008019  USBDHIDTerm                          
00008189  USBDHIDTxPacketAvailable             
00003377  USBDMAChannelAddressGet              
0000335b  USBDMAChannelAddressSet              
000032e1  USBDMAChannelConfigSet               
000033ab  USBDMAChannelCountGet                
0000338f  USBDMAChannelCountSet                
000032c1  USBDMAChannelDisable                 
000032a1  USBDMAChannelEnable                  
00003271  USBDMAChannelIntDisable              
00003251  USBDMAChannelIntEnable               
00003291  USBDMAChannelIntStatus               
00003311  USBDMAChannelStatus                  
00003331  USBDMAChannelStatusClear             
000033c3  USBDMANumChannels                    
00010421  USBDescGet                           
00010545  USBDescGetInterface                  
00010573  USBDescGetInterfaceEndpoint          
000103c5  USBDescGetNum                        
0001048b  USBDescGetNumAlternateInterfaces     
0000267d  USBDevAddrGet                        
00002669  USBDevAddrSet                        
0000263d  USBDevConnect                        
00002653  USBDevDisconnect                     
000029b3  USBDevEndpointConfigGet              
000028c1  USBDevEndpointConfigSet              
00002d3d  USBDevEndpointDataAck                
00002567  USBDevEndpointStall                  
000025c9  USBDevEndpointStallClear             
000023e3  USBDevEndpointStatusClear            
0000352f  USBDevLPMConfig                      
0000355d  USBDevLPMDisable                     
00003545  USBDevLPMEnable                      
00003517  USBDevLPMRemoteWake                  
00003177  USBDevMode                           
000021a9  USBDevSpeedGet                       
0000e203  USBDeviceConfig                      
0000e3f9  USBDeviceConfigAlternate             
00003b25  USBDeviceEnumHandler                 
00003c45  USBDeviceEnumResetHandler            
00004615  USBDeviceIntHandlerInternal          
00003a41  USBDeviceResumeTickHandler           
0000c8c5  USBDualModeInit                      
0000c923  USBDualModeTerm                      
00003129  USBEndpointDMAChannel                
00002b6f  USBEndpointDMAConfigSet              
00002c41  USBEndpointDMADisable                
00002c07  USBEndpointDMAEnable                 
00002c7b  USBEndpointDataAvail                 
00002cb3  USBEndpointDataGet                   
00002dad  USBEndpointDataPut                   
00002e11  USBEndpointDataSend                  
00002501  USBEndpointDataToggleClear           
000031db  USBEndpointPacketCountSet            
0000236f  USBEndpointStatus                    
000030ff  USBFIFOAddrGet                       
00002b09  USBFIFOConfigGet                     
00002aa3  USBFIFOConfigSet                     
00002e69  USBFIFOFlush                         
000030c3  USBFrameNumberGet                    
00012665  USBHCDControlTransfer                
00013059  USBHCDFeatureSet                     
00013d51  USBHCDHubDeviceConnected             
000149c5  USBHCDHubDeviceDisconnected          
00012755  USBHCDInit                           
00012a15  USBHCDMain                           
00014941  USBHCDPowerAutomatic                 
000149d1  USBHCDPowerConfigGet                 
00013f41  USBHCDPowerConfigSet                 
0001441d  USBHCDReset                          
00014071  USBHCDSetAddress                     
00014567  USBHCDSetConfig                      
000148b1  USBHHubEnumerationComplete           
000148c9  USBHHubEnumerationError              
000140b9  USBHHubInit                          
000112d5  USBHHubMain                          
00002117  USBHighSpeed                         
00002f79  USBHostAddrGet                       
00002f41  USBHostAddrSet                       
00013945  USBHostCheckPipes                    
00002691  USBHostEndpointConfig                
00002d7b  USBHostEndpointDataAck               
00002465  USBHostEndpointDataToggle            
0000253b  USBHostEndpointPing                  
0000282b  USBHostEndpointSpeed                 
0000239b  USBHostEndpointStatusClear           
0000300b  USBHostHubAddrGet                    
00002fa7  USBHostHubAddrSet                    
0000d989  USBHostIntHandlerInternal            
000034db  USBHostLPMConfig                     
000034ff  USBHostLPMResume                     
00003493  USBHostLPMSend                       
00003165  USBHostMode                          
00003039  USBHostPwrConfig                     
000030ab  USBHostPwrDisable                    
00003093  USBHostPwrEnable                     
0000307b  USBHostPwrFaultDisable               
00003063  USBHostPwrFaultEnable                
00002ed9  USBHostRequestIN                     
00002f01  USBHostRequestINClear                
00002f2f  USBHostRequestStatus                 
000020e9  USBHostReset                         
00002145  USBHostResume                        
00002173  USBHostSpeedGet                      
000020d3  USBHostSuspend                       
000021c1  USBIntDisableControl                 
00002285  USBIntDisableEndpoint                
000021ff  USBIntEnableControl                  
000022b3  USBIntEnableEndpoint                 
00002337  USBIntRegister                       
00002239  USBIntStatusControl                  
000022e1  USBIntStatusEndpoint                 
00002355  USBIntUnregister                     
00003589  USBLPMEndpointGet                    
000035e9  USBLPMIntDisable                     
000035cf  USBLPMIntEnable                      
000035bf  USBLPMIntStatus                      
00003575  USBLPMLinkStateGet                   
000035a5  USBLPMRemoteWakeEnabled              
000072f7  USBLibDMAAddrGet                     
00007327  USBLibDMAInit                        
0000730f  USBLibDMASizeGet                     
0000319b  USBModeConfig                        
00003115  USBModeGet                           
000031fb  USBNumEndpointsGet                   
0000cbfb  USBOTGFeatureSet                     
0000cb65  USBOTGMain                           
00003189  USBOTGMode                           
0000c96d  USBOTGModeInit                       
0000c945  USBOTGModeTerm                       
0000ca3b  USBOTGPollRate                       
000030d1  USBOTGSessionRequest                 
000031af  USBPHYPowerOff                       
000031c5  USBPHYPowerOn                        
0000c83d  USBStackModeSet                      
000033d5  USBULPIConfig                        
00003403  USBULPIDisable                       
000033eb  USBULPIEnable                        
0000341b  USBULPIRegRead                       
00003453  USBULPIRegWrite                      
200046c8  __CIOBUF_                            
20005f70  __STACK_END                          
00000400  __STACK_SIZE                         
20005d70  __STACK_TOP                          
00000010  __SYSMEM_SIZE                        
00015878  __TI_CINIT_Base                      
00015890  __TI_CINIT_Limit                     
00015858  __TI_Handler_Table_Base              
00015864  __TI_Handler_Table_Limit             
00014219  __TI_auto_init_nobinit_nopinit       
0001459d  __TI_cleanup                         
20005a94  __TI_cleanup_ptr                     
00013641  __TI_closefile                       
000138dd  __TI_decompress_lzss                 
000149b5  __TI_decompress_none                 
00013f8d  __TI_doflush                         
20005a98  __TI_dtors_ptr                       
20005a9c  __TI_enable_exit_profile_output      
20005a84  __TI_ft_end                          
00013dff  __TI_ltoa                            
ffffffff  __TI_pprof_out_hndl                  
00008d91  __TI_printfi                         
ffffffff  __TI_prof_data_size                  
ffffffff  __TI_prof_data_start                 
000145d1  __TI_readmsg                         
00000000  __TI_static_base__                   
20004ad8  __TI_tmpnams                         
00014455  __TI_writemsg                        
00013a71  __TI_wrt_ok                          
000149dd  __TI_zero_init                       
0001334d  __aeabi_cdcmpeq                      
0001334d  __aeabi_cdcmple                      
000133d3  __aeabi_cdrcmple                     
00014149  __aeabi_d2iz                         
000142a1  __aeabi_d2uiz                        
00010aff  __aeabi_dadd                         
00011829  __aeabi_ddiv                         
00012569  __aeabi_dmul                         
00010af5  __aeabi_dsub                         
00014a01  __aeabi_errno_addr                   
0001448d  __aeabi_f2d                          
00014669  __aeabi_i2d                          
000097df  __aeabi_idiv0                        
000097df  __aeabi_ldiv0                        
00013551  __aeabi_memclr                       
00013551  __aeabi_memclr4                      
00013551  __aeabi_memclr8                      
000130f5  __aeabi_memcpy                       
000130f5  __aeabi_memcpy4                      
000130f5  __aeabi_memcpy8                      
00013553  __aeabi_memset                       
00013553  __aeabi_memset4                      
00013553  __aeabi_memset8                      
20005a90  __aeabi_stderr                       
20005a88  __aeabi_stdin                        
20005a8c  __aeabi_stdout                       
00014821  __aeabi_ui2d                         
000142e5  __aeabi_uidiv                        
000142e5  __aeabi_uidivmod                     
00013191  __aeabi_uldivmod                     
ffffffff  __binit__                            
ffffffff  __c_args__                           
UNDEFED   __mpu_init                           
20005b70  __stack                              
20000000  __start___llvm_prf_cnts              
20000000  __stop___llvm_prf_cnts               
00014841  _abort_msg                           
00014605  _c_int00_noargs                      
00014b40  _ctypes_                             
20005298  _device                              
20005110  _ftable                              
20005aec  _lock                                
00003603  _nop                                 
20005310  _stream                              
20005f70  _sys_memory                          
UNDEFED   _system_post_cinit                   
00014a17  _system_pre_init                     
20005af0  _unlock                              
00014a1b  abort                                
0000d14d  ad1x15_looper_task                   
20004fa4  adc_info                             
20005b04  adc_pin_struct                       
0000b96d  add_i2c_msg                          
0000cc69  add_page                             
[...]
0000be53  uDMAChannelEnable                    
0000be6b  uDMAChannelDisable                   
0000be83  uDMAChannelIsEnabled                 
0000beab  uDMAControlBaseSet                   
0000bebb  uDMAControlBaseGet                   
0000bec1  uDMAControlAlternateBaseGet          
0000bec7  uDMAChannelRequest                   
0000bedf  uDMAChannelAttributeEnable           
0000bf33  uDMAChannelAttributeDisable          
0000bf87  uDMAChannelAttributeGet              
0000bff7  uDMAChannelControlSet                
0000c039  uDMAChannelTransferSet               
0000c131  uDMAChannelScatterGatherSet          
0000c1bd  uDMAChannelSizeGet                   
0000c205  uDMAChannelModeGet                   
0000c24b  uDMAIntRegister                      
0000c261  uDMAIntUnregister                    
0000c273  uDMAIntStatus                        
0000c279  uDMAIntClear                         
0000c28d  uDMAChannelAssign                    
0000c2d5  uDMAChannelSelectSecondary           
0000c2e9  uDMAChannelSelectDefault             
0000c315  UARTStdioConfig                      
0000c35b  UARTwrite                            
0000c3ab  UARTgets                             
0000c465  UARTgetc                             
0000c48d  UARTvprintf                          
0000c787  UARTprintf                           
0000c83d  USBStackModeSet                      
0000c879  USB0DualModeIntHandler               
0000c8c5  USBDualModeInit                      
0000c923  USBDualModeTerm                      
0000c945  USBOTGModeTerm                       
0000c96d  USBOTGModeInit                       
0000ca3b  USBOTGPollRate                       
0000ca61  USB0OTGModeIntHandler                
0000cb45  OTGDeviceDisconnect                  
0000cb65  USBOTGMain                           
0000cbfb  USBOTGFeatureSet                     
0000cc59  init_console                         
0000cc69  add_page                             
0000cd25  is_on_screen                         
0000cf3d  console_task                         
0000d0ed  init_ads1x15                         
0000d14d  ad1x15_looper_task                   
0000d213  ads1x15_midi_task                    
0000d30b  get_volume                           
0000d323  get_sensitivity                      
0000d33b  ads1x15_drawpage                     
0000d3a5  ads1x15_drawdata                     
0000d4c1  ads1x15_drawinput                    
0000d545  init_adc                             
0000d6f9  get_adc_config                       
0000d73d  get_adc_val                          
0000d771  get_adc_struct                       
0000d77b  ADCSeq0Handler                       
0000d7bb  ADCSeq1Handler                       
0000d80d  midi_adc_task                        
0000d889  looper_adc_task                      
0000d989  USBHostIntHandlerInternal            
0000dd7f  IntMasterEnable                      
0000dd8f  IntMasterDisable                     
0000dd9f  IntRegister                          
0000ddf1  IntUnregister                        
0000de05  IntPriorityGroupingSet               
0000de1f  IntPriorityGroupingGet               
0000de57  IntPrioritySet                       
0000dea7  IntPriorityGet                       
0000decb  IntEnable                            
0000df3d  IntDisable                           
0000dfaf  IntIsEnabled                         
0000e035  IntPendSet                           
0000e0a5  IntPendClear                         
0000e0f3  IntPriorityMaskSet                   
0000e0ff  IntPriorityMaskGet                   
0000e107  IntTrigger                           
0000e203  USBDeviceConfig                      
0000e3f9  USBDeviceConfigAlternate             
0000e523  SSIConfigSetExpClk                   
0000e5af  SSIEnable                            
0000e5c5  SSIDisable                           
0000e5db  SSIIntRegister                       
0000e5f9  SSIIntUnregister                     
0000e613  SSIIntEnable                         
0000e62b  SSIIntDisable                        
0000e643  SSIIntStatus                         
0000e661  SSIIntClear                          
0000e673  SSIDataPut                           
0000e68d  SSIDataPutNonBlocking                
0000e6ad  SSIDataGet                           
0000e6c9  SSIDataGetNonBlocking                
0000e6eb  SSIDMAEnable                         
0000e703  SSIDMADisable                        
0000e71b  SSIBusy                              
0000e739  SSIClockSourceSet                    
0000e74d  SSIClockSourceGet                    
0000e771  SSIAdvModeSet                        
0000e78d  SSIAdvDataPutFrameEnd                
0000e7b3  SSIAdvDataPutFrameEndNonBlocking     
0000e7df  SSIAdvFrameHoldEnable                
0000e7f5  SSIAdvFrameHoldDisable               
0000e80d  process_joystick                     
0000ebd3  USBDCDConfigDescGetSize              
0000ec0b  USBDCDConfigDescGetNum               
0000ec59  USBDCDConfigDescGet                  
0000ece7  USBDCDConfigGetNumAlternateInterfaces
0000ed3b  USBDCDConfigGetInterface             
0000ed71  USBDCDConfigGetInterfaceEndpoint     
0000eeff  USBDHIDGamepadInit                   
0000ef4d  USBDHIDGamepadCompositeInit          
0000f029  USBDHIDGamepadSendReport             
0000f085  USBDHIDGamepadTerm                   
0000f0bd  init_looper_buttons                  
0000f11d  looper_buttons_task                  
0000f385  init_rotary_enc                      
0000f411  rotary_enc_task                      
0000f5ed  get_channel                          
0000f639  pxPortInitialiseStack                
0000f6c5  xPortStartScheduler                  
0000f759  vPortEndScheduler                    
0000f77d  vPortEnterCritical                   
0000f7bf  vPortExitCritical                    
0000f7eb  xPortSysTickHandler                  
0000f811  vPortSetupTimerInterrupt             
0000f82d  vPortValidateInterruptPriority       
0000fb35  init_midi_ctrl_board                 
0000fda1  create_error                         
0000fe01  set_error                            
0000fe23  init_logger                          
0000fe4f  logger_drawpage                      
0000fe89  logger_drawdata                      
0000ff23  logger_drawinput                     
0000ffc9  init_looper_board                    
000101d9  GamepadHandler                       
0001024d  init_usb_hid                         
000102b5  usb_hid_task                         
00010323  usb_hid_send                         
00010337  usb_hid_send_from_isr                
0001034b  usbhid_drawpage                      
0001034d  usbhid_drawdata                      
0001034f  usbhid_drawinput                     
000103c5  USBDescGetNum                        
00010421  USBDescGet                           
0001048b  USBDescGetNumAlternateInterfaces     
00010545  USBDescGetInterface                  
00010573  USBDescGetInterfaceEndpoint          
00010769  init_midi_knobs                      
0001079b  process_midi_knobs                   
00010935  pvPortMalloc                         
00010a35  vPortFree                            
00010a93  xPortGetFreeHeapSize                 
00010a99  vPortInitialiseBlocks                
00010af5  __aeabi_dsub                         
00010aff  __aeabi_dadd                         
00010cad  init_gpis                            
00010dad  get_gpi_config                       
00010df1  read_gpi                             
00010e0b  get_gpi_struct                       
00010fe9  control_drawpage                     
0001109f  control_drawdata                     
0001111f  control_drawinput                    
000112d5  USBHHubMain                          
00011449  init_gpos                            
000114e7  get_gpo_config                       
0001152b  set_gpo                              
00011557  get_gpo                              
000116ed  init_looper_volumes                  
00011715  process_looper_volumes               
00011829  __aeabi_ddiv                         
00011961  homepage_drawpage                    
000119b3  homepage_drawdata                    
000119b5  homepage_drawinput                   
00011a91  init_looper_effects                  
00011ab9  process_effects                      
00011bbd  vListInitialise                      
00011bed  vListInitialiseItem                  
00011bfd  vListInsertEnd                       
00011c39  vListInsert                          
00011c9f  uxListRemove                         
00011e0d  init_host_uart                       
00011e69  host_uart_task                       
00011eb5  send_to_host                         
00011ed1  send_to_host_from_isr                
00011eed  uartmsg_drawpage                     
00011eef  uartmsg_drawdata                     
00011ef1  uartmsg_drawinput                    
00011f2d  init_midi_buttons                    
00011f61  midi_buttons_task                    
00011ff5  get_octave                           
00011ffb  pressure_sense_is_on                 
00012049  fputs                                
0001215d  ldexp                                
0001215d  ldexpl                               
0001215d  scalbn                               
0001215d  scalbnl                              
0001236d  aligned_alloc                        
0001236d  memalign                             
0001246d  get_char                             
000124d5  init_console_uart                    
00012569  __aeabi_dmul                         
00012665  USBHCDControlTransfer                
00012755  USBHCDInit                           
00012845  InternalUSBTickInit                  
00012883  InternalUSBTickReset                 
0001288b  InternalUSBRegisterTickHandler       
000128db  InternalUSBStartOfFrameTick          
00012931  free                                 
00012a15  USBHCDMain                           
00012af5  setvbuf                              
00012be1  ulPortGetIPSR                        
00012bf9  xPortPendSVHandler                   
00012c59  vPortSVCHandler                      
00012c79  vPortStartFirstTask                  
00012c9d  vPortEnableVFP                       
00012cad  set_text_mode                        
00012cbb  text_color                           
00012cc9  bold_text_color                      
00012cd7  bgd_color                            
00012ce5  cursor_pos                           
00012cf7  save_cursor_pos                      
00012d01  restore_cursor_pos                   
00012d0b  clear_terminal                       
00012d15  clear_line                           
00012d1f  clear_in_line                        
00012d29  clear_below_line                     
00012d7f  ULPIConfigSet                        
00012e21  ULPIPowerTransceiver                 
00012e49  FPUEnable                            
00012e5b  FPUDisable                           
00012e69  FPUStackingEnable                    
00012e7b  FPULazyStackingEnable                
00012e87  FPUStackingDisable                   
00012e93  FPUHalfPrecisionModeSet              
00012ead  FPUNaNModeSet                        
00012ec7  FPUFlushToZeroModeSet                
00012ee1  FPURoundingModeSet                   
00013059  USBHCDFeatureSet                     
000130f5  __aeabi_memcpy                       
000130f5  __aeabi_memcpy4                      
000130f5  __aeabi_memcpy8                      
000130f5  memcpy                               
00013191  __aeabi_uldivmod                     
00013229  send_midi_message                    
0001334d  __aeabi_cdcmpeq                      
0001334d  __aeabi_cdcmple                      
000133d3  __aeabi_cdrcmple                     
00013459  init_board_select                    
000134b7  get_board_type                       
000134d5  fflush                               
00013551  __aeabi_memclr                       
00013551  __aeabi_memclr4                      
00013551  __aeabi_memclr8                      
00013553  __aeabi_memset                       
00013553  __aeabi_memset4                      
00013553  __aeabi_memset8                      
00013559  memset                               
00013641  __TI_closefile                       
000136b5  main                                 
00013809  HOSTrename                           
00013875  HOSTlseek                            
000138dd  __TI_decompress_lzss                 
00013945  USBHostCheckPipes                    
000139a9  frexp                                
000139a9  frexpl                               
00013a0d  fseek                                
00013a71  __TI_wrt_ok                          
00013ad5  HOSTopen                             
00013b35  ConfigDescAlloc                      
00013bed  close                                
00013c49  HOSTread                             
00013ca1  HOSTwrite                            
00013d51  USBHCDHubDeviceConnected             
00013dff  __TI_ltoa                            
00013f41  USBHCDPowerConfigSet                 
00013f8d  __TI_doflush                         
00013fd9  atoi                                 
00014025  taskmanager_drawpage                 
0001405d  taskmanager_drawdata                 
0001405f  taskmanager_drawinput                
00014071  USBHCDSetAddress                     
000140b9  USBHHubInit                          
00014101  exit                                 
00014149  __aeabi_d2iz                         
00014191  HOSTclose                            
000141d5  HOSTunlink                           
00014219  __TI_auto_init_nobinit_nopinit       
0001425d  getdevice                            
000142a1  __aeabi_d2uiz                        
000142e5  __aeabi_uidiv                        
000142e5  __aeabi_uidivmod                     
00014325  sprintf                              
000143a3  CPUcpsid                             
000143af  CPUprimask                           
000143b9  CPUcpsie                             
000143c5  CPUwfi                               
000143c9  CPUbasepriSet                        
000143d7  CPUbasepriGet                        
0001441d  USBHCDReset                          
00014455  __TI_writemsg                        
00014483  C$$IO$$                              
0001448d  __aeabi_f2d                          
00014531  strncpy                              
00014567  USBHCDSetConfig                      
0001459d  __TI_cleanup                         
000145d1  __TI_readmsg                         
00014605  _c_int00_noargs                      
00014639  finddevice                           
00014669  __aeabi_i2d                          
00014699  ConfigDescFree                       
000146c5  InternalUSBHCDSendEvent              
000146f1  remove                               
000146f1  unlink                               
0001471d  vApplicationMallocFailedHook         
0001472d  vApplicationIdleHook                 
0001472f  vApplicationStackOverflowHook        
00014771  lseek                                
00014799  write                                
00014801  memchr                               
00014821  __aeabi_ui2d                         
00014841  _abort_msg                           
00014879  memccpy                              
00014895  copysign                             
00014895  copysignl                            
000148b1  USBHHubEnumerationComplete           
000148c9  USBHHubEnumerationError              
000148f9  strcmp                               
00014911  USB0DeviceIntHandler                 
00014929  strchr                               
00014941  USBHCDPowerAutomatic                 
00014969  strcpy                               
0001497d  strlen                               
000149a3  wcslen                               
000149b5  __TI_decompress_none                 
000149c5  USBHCDHubDeviceDisconnected          
000149d1  USBHCDPowerConfigGet                 
000149dd  __TI_zero_init                       
000149e9  ResetISR                             
00014a01  __aeabi_errno_addr                   
00014a09  malloc                               
00014a11  SysCtlDelay                          
00014a17  _system_pre_init                     
00014a1b  C$$EXIT                              
00014a1b  abort                                
00014b40  _ctypes_                             
00015210  g_pui8ConfigString                   
000152a8  g_sHIDHandlers                       
000153d8  g_ppui8StringDescriptors             
000154c4  looper_gpo_info                      
000154cc  midi_gpo_info                        
000154d4  ulMaxSyscallInterruptPriority        
00015858  __TI_Handler_Table_Base              
00015864  __TI_Handler_Table_Limit             
00015878  __TI_CINIT_Base                      
00015890  __TI_CINIT_Limit                     
20000000  __start___llvm_prf_cnts              
20000000  __stop___llvm_prf_cnts               
20000000  g_pfnRAMVectors                      
2000026c  ucHeap                               
200046c8  __CIOBUF_                            
200049e8  pad_states                           
20004ad8  __TI_tmpnams                         
20004cd8  g_psDCDInst                          
20004d68  xQueueRegistry                       
20004e48  g_pfnTickHandlers                    
20004e60  g_pvTickInstance                     
20004f24  button_states                        
20004f34  midi_knobs                           
20004fa4  adc_info                             
20004fac  gpis_info                            
20004fb4  gpo_info                             
20004fbc  parmbuf                              
20004fec  blue_debug                           
20004ff0  g_ppsDevInfo                         
20004ff4  g_ui32PollRate                       
20004ff8  green_debug                          
20004ffc  red_debug                            
20005007  g_eOTGModeState                      
20005110  _ftable                              
20005200  g_sGamepadDevice                     
20005298  _device                              
20005310  _stream                              
20005360  pxCurrentTCB                         
20005a4c  g_pui8HIDDeviceDescriptor            
20005a5e  js_x_state                           
20005a5f  js_y_state                           
20005a84  __TI_ft_end                          
20005a88  __aeabi_stdin                        
20005a8c  __aeabi_stdout                       
20005a90  __aeabi_stderr                       
20005a94  __TI_cleanup_ptr                     
20005a98  __TI_dtors_ptr                       
20005a9c  __TI_enable_exit_profile_output      
20005ab8  g_bUSBTimerInitialized               
20005abc  g_ui32CurrentUSBTick                 
20005ac0  g_ui32USBSOFCount                    
20005ae0  g_iUSBMode                           
20005ae4  g_ui32WaitTicks                      
20005aec  _lock                                
20005af0  _unlock                              
20005b04  adc_pin_struct                       
20005b24  looper_gpi_info                      
20005b2c  midi_gpi_info                        
20005b3c  i2c_msg_queue                        
20005b64  errno                                
20005b70  __stack                              
20005d70  __STACK_TOP                          
20005f70  __STACK_END                          
20005f70  _sys_memory                          
ffffffff  __TI_pprof_out_hndl                  
ffffffff  __TI_prof_data_size                  
ffffffff  __TI_prof_data_start                 
ffffffff  __binit__                            
ffffffff  __c_args__                           
ffffffff  binit                                
UNDEFED   __mpu_init                           
UNDEFED   _system_post_cinit                   

[916 symbols]
