******************************************************************************
                  TI ARM Linker PC v20.2.2                     
******************************************************************************
>> Linked Fri Apr  2 10:11:21 2021

OUTPUT FILE NAME:   <drum_pad.out>
ENTRY POINT SYMBOL: "_c_int00_noargs"  address: 0000dea1


MEMORY CONFIGURATION

         name            origin    length      used     unused   attr    fill
----------------------  --------  ---------  --------  --------  ----  --------
  FLASH                 00000000   00040000  0000ec6e  00031392  R  X
  SRAM                  20000000   00008000  00007430  00000bd0  RW X


SEGMENT ALLOCATION MAP

run origin  load origin   length   init length attrs members
----------  ----------- ---------- ----------- ----- -------
00000000    00000000    0000ec70   0000ec70    r-x
  00000000    00000000    0000026c   0000026c    r-- .intvecs
  0000026c    0000026c    0000e086   0000e086    r-x .text
  0000e2f4    0000e2f4    000007dc   000007dc    r-- .const
  0000ead0    0000ead0    000001a0   000001a0    r-- .cinit
20000000    20000000    00007430   00000000    rw-
  20000000    20000000    0000026c   00000000    rw- .vtable
  2000026c    2000026c    00006ad8   00000000    rw- .bss
  20006d44    20006d44    000004dc   00000000    rw- .data
  20007220    20007220    00000200   00000000    rw- .stack
  20007420    20007420    00000010   00000000    rw- .sysmem


SECTION ALLOCATION MAP

 output                                  attributes/
section   page    origin      length       input sections
--------  ----  ----------  ----------   ----------------
.intvecs   0    00000000    0000026c     
                  00000000    0000026c     tm4c123gh6pm_startup_ccs.obj (.intvecs)

.text      0    0000026c    0000e086     
                  0000026c    00001e58     tasks.obj (.text)
                  000020c4    000015ba     usb.obj (.text)
                  0000367e    00000002     rtsv7M4_T_le_v4SPD16_eabi.lib : _lock.c.obj (.text:_nop)
                  00003680    00001140     queue.obj (.text)
                  000047c0    00000ef4     sysctl.obj (.text)
                  000056b4    00000b88     gpio.obj (.text)
                  0000623c    00000a4e     rtsv7M4_T_le_v4SPD16_eabi.lib : _printfi.c.obj (.text:__TI_printfi)
                  00006c8a    00000002                                   : div0.asm.obj (.text)
                  00006c8c    00000830     timers.obj (.text)
                  000074bc    000007c2     adc.obj (.text)
                  00007c7e    00000002     --HOLE-- [fill = 0]
                  00007c80    0000069c     i2c.obj (.text)
                  0000831c    00000618     uart.obj (.text)
                  00008934    0000055c     event_groups.obj (.text)
                  00008e90    0000053c     I2C_task.obj (.text)
                  000093cc    000004a8     uartstdio.obj (.text)
                  00009874    000003fc     console_task.obj (.text)
                  00009c70    000003c0     interrupt.obj (.text)
                  0000a030    00000290     ADC_task.obj (.text)
                  0000a2c0    0000028c     port.obj (.text)
                  0000a54c    00000270     rtsv7M4_T_le_v4SPD16_eabi.lib : _printfi.c.obj (.text:_pconv_a)
                  0000a7bc    00000230     logger.obj (.text)
                  0000a9ec    000001d0     rtsv7M4_T_le_v4SPD16_eabi.lib : _printfi.c.obj (.text:_pconv_g)
                  0000abbc    000001c0     heap_2.obj (.text)
                  0000ad7c    000001b6     rtsv7M4_T_le_v4SPD16_eabi.lib : fd_add_t2.asm.obj (.text)
                  0000af32    00000002     --HOLE-- [fill = 0]
                  0000af34    0000018c     GPIs.obj (.text)
                  0000b0c0    00000178     control_page.obj (.text)
                  0000b238    00000154     main.obj (.text)
                  0000b38c    00000150     usblib.lib : usbdenum.obj (.text:USBDEP0StateTxConfig)
                  0000b4dc    00000150                : usbdenum.obj (.text:USBDeviceIntHandlerInternal)
                  0000b62c    00000148                : usbdconfig.obj (.text:USBDeviceConfig)
                  0000b774    00000144     GPOs.obj (.text)
                  0000b8b8    0000013c     rtsv7M4_T_le_v4SPD16_eabi.lib : _printfi.c.obj (.text:_pconv_e)
                  0000b9f4    00000136                                   : fd_div_t2.asm.obj (.text)
                  0000bb2a    00000002     --HOLE-- [fill = 0]
                  0000bb2c    00000130     homepage.obj (.text)
                  0000bc5c    0000012a     list.obj (.text)
                  0000bd86    00000002     --HOLE-- [fill = 0]
                  0000bd88    00000124     rtsv7M4_T_le_v4SPD16_eabi.lib : _printfi.c.obj (.text:fcvt)
                  0000beac    00000114                                   : fputs.c.obj (.text:fputs)
                  0000bfc0    00000110                                   : s_scalbn.c.obj (.text:scalbn)
                  0000c0d0    00000100                                   : memory.c.obj (.text:aligned_alloc)
                  0000c1d0    000000fc                                   : fd_mul_t2.asm.obj (.text)
                  0000c2cc    000000e4     usblib.lib : usbdenum.obj (.text:USBDGetDescriptor)
                  0000c3b0    000000e4     console_uart.obj (.text)
                  0000c494    000000e4     rtsv7M4_T_le_v4SPD16_eabi.lib : memory.c.obj (.text:free)
                  0000c578    000000dc                                   : setvbuf.c.obj (.text:setvbuf)
                  0000c654    000000da     portasm.obj (.text)
                  0000c72e    00000002     --HOLE-- [fill = 0]
                  0000c730    000000d8     usblib.lib : usbdenum.obj (.text:USBDeviceEnumHandler)
                  0000c808    000000d2     text_controls.obj (.text)
                  0000c8da    00000002     --HOLE-- [fill = 0]
                  0000c8dc    000000c0     fpu.obj (.text)
                  0000c99c    000000b1     rtsv7M4_T_le_v4SPD16_eabi.lib : _printfi.c.obj (.text:_ltostr)
                  0000ca4d    00000001     --HOLE-- [fill = 0]
                  0000ca4e    0000009c                                   : memcpy_t2.asm.obj (.text)
                  0000caea    00000002     --HOLE-- [fill = 0]
                  0000caec    00000098     usblib.lib : usbdenum.obj (.text:USBDSetInterface)
                  0000cb84    00000096     rtsv7M4_T_le_v4SPD16_eabi.lib : ull_div_t2.asm.obj (.text)
                  0000cc1a    00000002     --HOLE-- [fill = 0]
                  0000cc1c    00000090     usblib.lib : usbdenum.obj (.text:USBDSetConfiguration)
                  0000ccac    0000008c                : usbdconfig.obj (.text:USBDeviceConfigAlternate)
                  0000cd38    00000086     rtsv7M4_T_le_v4SPD16_eabi.lib : fd_cmp_t2.asm.obj (.text:__aeabi_cdcmple)
                  0000cdbe    00000086                                   : fd_cmp_t2.asm.obj (.text:__aeabi_cdrcmple)
                  0000ce44    0000007c     usblib.lib : usbdenum.obj (.text:USBDClearFeature)
                  0000cec0    0000007c     rtsv7M4_T_le_v4SPD16_eabi.lib : fflush.c.obj (.text:fflush)
                  0000cf3c    0000007a                                   : memset_t2.asm.obj (.text)
                  0000cfb6    00000002     --HOLE-- [fill = 0]
                  0000cfb8    00000078     usblib.lib : usbdenum.obj (.text:USBDGetStatus)
                  0000d030    00000074     rtsv7M4_T_le_v4SPD16_eabi.lib : fclose.c.obj (.text:__TI_closefile)
                  0000d0a4    00000070     usblib.lib : usbdenum.obj (.text:USBDEP0StateTx)
                  0000d114    00000070                : usbdenum.obj (.text:USBDSetFeature)
                  0000d184    00000070     rtsv7M4_T_le_v4SPD16_eabi.lib : memory.c.obj (.text:split)
                  0000d1f4    0000006e                                   : _printfi.c.obj (.text:_mcpy)
                  0000d262    00000002     --HOLE-- [fill = 0]
                  0000d264    0000006c                                   : hostrename.c.obj (.text:HOSTrename)
                  0000d2d0    00000068                                   : hostlseek.c.obj (.text:HOSTlseek)
                  0000d338    00000068                                   : copy_decompress_lzss.c.obj (.text:decompress:lzss:__TI_decompress_lzss)
                  0000d3a0    00000064                                   : s_frexp.c.obj (.text:frexp)
                  0000d404    00000064                                   : fseek.c.obj (.text:fseek)
                  0000d468    00000062                                   : _io_perm.c.obj (.text:__TI_wrt_ok)
                  0000d4ca    00000002     --HOLE-- [fill = 0]
                  0000d4cc    00000060                                   : hostopen.c.obj (.text:HOSTopen)
                  0000d52c    00000060     usblib.lib : usbdenum.obj (.text:USBDReadAndDispatchRequest)
                  0000d58c    0000005c     rtsv7M4_T_le_v4SPD16_eabi.lib : close.c.obj (.text:close)
                  0000d5e8    00000058                                   : hostread.c.obj (.text:HOSTread)
                  0000d640    00000058                                   : hostwrite.c.obj (.text:HOSTwrite)
                  0000d698    00000056                                   : _printfi.c.obj (.text:_pconv_f)
                  0000d6ee    00000054                                   : _ltoa.c.obj (.text:__TI_ltoa)
                  0000d742    00000052                                   : _printfi.c.obj (.text:_ecpy)
                  0000d794    00000050     usblib.lib : usbdcdesc.obj (.text:USBDCDConfigDescGet)
                  0000d7e4    00000050                : usbdenum.obj (.text:USBDeviceResumeTickHandler)
                  0000d834    0000004c                : usbdconfig.obj (.text:GetEPDescriptorType)
                  0000d880    0000004c                : usbdenum.obj (.text:USBDStringIndexFromRequest)
                  0000d8cc    0000004c     rtsv7M4_T_le_v4SPD16_eabi.lib : fflush.c.obj (.text:__TI_doflush)
                  0000d918    0000004c                                   : atoi.c.obj (.text:atoi)
                  0000d964    0000004c     task_manager_page.obj (.text)
                  0000d9b0    0000004a     usblib.lib : usbdcdesc.obj (.text:ConfigAlternateInterfaceGet)
                  0000d9fa    00000002     --HOLE-- [fill = 0]
                  0000d9fc    00000048                : usbdenum.obj (.text:USBDeviceEnumResetHandler)
                  0000da44    00000048     rtsv7M4_T_le_v4SPD16_eabi.lib : exit.c.obj (.text:exit)
                  0000da8c    00000048                                   : fd_toi_t2.asm.obj (.text)
                  0000dad4    00000044                                   : hostclose.c.obj (.text:HOSTclose)
                  0000db18    00000044                                   : hostunlink.c.obj (.text:HOSTunlink)
                  0000db5c    00000044     usblib.lib : usbdenum.obj (.text:USBDGetInterface)
                  0000dba0    00000044     rtsv7M4_T_le_v4SPD16_eabi.lib : autoinit.c.obj (.text:__TI_auto_init_nobinit_nopinit:__TI_auto_init_nobinit_nopinit)
                  0000dbe4    00000044                                   : getdevice.c.obj (.text:getdevice)
                  0000dc28    00000040                                   : u_divt2.asm.obj (.text)
                  0000dc68    00000040                                   : sprintf.c.obj (.text:sprintf)
                  0000dca8    0000003e                                   : _printfi.c.obj (.text:_fcpy)
                  0000dce6    0000003e     cpu.obj (.text)
                  0000dd24    00000038     usblib.lib : usbtick.obj (.text:InternalUSBStartOfFrameTick)
                  0000dd5c    00000038                : usbdcdesc.obj (.text:USBDCDConfigGetInterfaceEndpoint)
                  0000dd94    00000038     rtsv7M4_T_le_v4SPD16_eabi.lib : trgmsg.c.obj (.text:__TI_writemsg)
                  0000ddcc    00000036                                   : strncpy.c.obj (.text:strncpy)
                  0000de02    00000034     usblib.lib : usbdcdesc.obj (.text:NextConfigDescGet)
                  0000de36    00000002     --HOLE-- [fill = 0]
                  0000de38    00000034     rtsv7M4_T_le_v4SPD16_eabi.lib : fopen.c.obj (.text:__TI_cleanup)
                  0000de6c    00000034                                   : trgmsg.c.obj (.text:__TI_readmsg)
                  0000dea0    00000034                                   : boot_cortex_m.c.obj (.text:_c_int00_noargs:_c_int00_noargs)
                  0000ded4    00000030     usblib.lib : usbdenum.obj (.text:USBDGetConfiguration)
                  0000df04    00000030     rtsv7M4_T_le_v4SPD16_eabi.lib : getdevice.c.obj (.text:finddevice)
                  0000df34    0000002e                                   : i_tofd_t2.asm.obj (.text)
                  0000df62    0000002c     usblib.lib : usbdcdesc.obj (.text:USBDCDConfigDescGetNum)
                  0000df8e    0000002c                : usbdesc.obj (.text:USBDescGet)
                  0000dfba    00000002     --HOLE-- [fill = 0]
                  0000dfbc    0000002c     rtsv7M4_T_le_v4SPD16_eabi.lib : unlink.c.obj (.text:unlink)
                  0000dfe8    0000002a     usblib.lib : usbdesc.obj (.text:USBDescGetNum)
                  0000e012    0000002a     hooks.obj (.text)
                  0000e03c    00000028     usblib.lib : usbdenum.obj (.text:USBDSetAddress)
                  0000e064    00000028     rtsv7M4_T_le_v4SPD16_eabi.lib : memory.c.obj (.text:free_list_insert)
                  0000e08c    00000028                                   : lseek.c.obj (.text:lseek)
                  0000e0b4    00000028                                   : write.c.obj (.text:write)
                  0000e0dc    00000020     usblib.lib : usbdconfig.obj (.text:GetEndpointFIFOSize)
                  0000e0fc    00000020     rtsv7M4_T_le_v4SPD16_eabi.lib : memchr.c.obj (.text:memchr)
                  0000e11c    0000001c     usblib.lib : usbdcdesc.obj (.text:USBDCDConfigGetInterface)
                  0000e138    0000001c                : usbdenum.obj (.text:USBDCDStallEP0)
                  0000e154    0000001c     rtsv7M4_T_le_v4SPD16_eabi.lib : assert.c.obj (.text:_abort_msg)
                  0000e170    0000001c                                   : memory.c.obj (.text:free_list_remove)
                  0000e18c    0000001c                                   : memccpy.c.obj (.text:memccpy)
                  0000e1a8    0000001a     usblib.lib : usbdcdesc.obj (.text:USBDCDConfigDescGetSize)
                  0000e1c2    0000001a     rtsv7M4_T_le_v4SPD16_eabi.lib : s_copysign.c.obj (.text:copysign)
                  0000e1dc    00000018     usblib.lib : usbdhandler.obj (.text:USB0DeviceIntHandler)
                  0000e1f4    00000018                : usbdenum.obj (.text:USBDSetDescriptor)
                  0000e20c    00000018                : usbdenum.obj (.text:USBDSyncFrame)
                  0000e224    00000018     rtsv7M4_T_le_v4SPD16_eabi.lib : sprintf.c.obj (.text:_outs)
                  0000e23c    00000018                                   : strcmp.c.obj (.text:strcmp)
                  0000e254    00000016                                   : strchr.c.obj (.text:strchr)
                  0000e26a    00000014                                   : strcpy.c.obj (.text:strcpy)
                  0000e27e    00000014                                   : strlen.c.obj (.text:strlen)
                  0000e292    00000012                                   : wcslen.c.obj (.text:wcslen)
                  0000e2a4    0000000e                                   : copy_decompress_none.c.obj (.text:decompress:none:__TI_decompress_none)
                  0000e2b2    0000000c                                   : copy_zero_init.c.obj (.text:decompress:ZI:__TI_zero_init)
                  0000e2be    0000000c     tm4c123gh6pm_startup_ccs.obj (.text)
                  0000e2ca    0000000a     rtsv7M4_T_le_v4SPD16_eabi.lib : sprintf.c.obj (.text:_outc)
                  0000e2d4    00000008                                   : errno.c.obj (.text:__aeabi_errno_addr)
                  0000e2dc    00000008                                   : memory.c.obj (.text:malloc)
                  0000e2e4    00000006     sysctl.obj (.text:SysCtlDelay)
                  0000e2ea    00000004     rtsv7M4_T_le_v4SPD16_eabi.lib : pre_init.c.obj (.text:_system_pre_init)
                  0000e2ee    00000004                                   : exit.c.obj (.text:abort:abort)

.const     0    0000e2f4    000007dc     
                  0000e2f4    00000120     sysctl.obj (.const:g_pppui32XTALtoVCO)
                  0000e414    00000101     rtsv7M4_T_le_v4SPD16_eabi.lib : ctype.c.obj (.const:.string:_ctypes_)
                  0000e515    00000003     --HOLE-- [fill = 0]
                  0000e518    000000c0     gpio.obj (.const:g_ppui32GPIOIntMapBlizzard)
                  0000e5d8    000000c0     gpio.obj (.const:g_ppui32GPIOIntMapSnowflake)
                  0000e698    0000009c     interrupt.obj (.const:g_pui32Regs)
                  0000e734    00000090     gpio.obj (.const:g_pui32GPIOBaseAddrs)
                  0000e7c4    0000006c     sysctl.obj (.const:g_pui32Xtals)
                  0000e830    00000060     ADC_task.obj (.const:.string)
                  0000e890    00000050     i2c.obj (.const:g_ppui32I2CIntMapSnowflake)
                  0000e8e0    00000040     uart.obj (.const:g_ppui32UARTIntMap)
                  0000e920    00000040     uart.obj (.const:g_ppui32UARTIntMapSnowflake)
                  0000e960    00000034     usblib.lib : usbdenum.obj (.const:g_psUSBDStdRequests)
                  0000e994    00000030     i2c.obj (.const:g_ppui32I2CIntMap)
                  0000e9c4    00000030     sysctl.obj (.const:g_sXTALtoMEMTIM)
                  0000e9f4    00000022     GPOs.obj (.const:.string)
                  0000ea16    00000002     --HOLE-- [fill = 0]
                  0000ea18    00000020     interrupt.obj (.const:g_pui32Priority)
                  0000ea38    00000014     interrupt.obj (.const:g_pui32Dii16Regs)
                  0000ea4c    00000014     interrupt.obj (.const:g_pui32EnRegs)
                  0000ea60    00000014     interrupt.obj (.const:g_pui32PendRegs)
                  0000ea74    00000014     interrupt.obj (.const:g_pui32UnpendRegs)
                  0000ea88    00000012     uartstdio.obj (.const:.string)
                  0000ea9a    00000002     --HOLE-- [fill = 0]
                  0000ea9c    0000000c     uartstdio.obj (.const:g_ui32UARTBase)
                  0000eaa8    0000000c     uartstdio.obj (.const:g_ui32UARTPeriph)
                  0000eab4    00000008     sysctl.obj (.const:g_pui32VCOFrequencies)
                  0000eabc    00000008     GPOs.obj (.const:gpo_info)
                  0000eac4    00000008     port.obj (.const)
                  0000eacc    00000004     uartstdio.obj (.const)

.cinit     0    0000ead0    000001a0     
                  0000ead0    00000169     (.cinit..data.load) [load image, compression = lzss]
                  0000ec39    00000003     --HOLE-- [fill = 0]
                  0000ec3c    0000000c     (__TI_handler_table)
                  0000ec48    00000008     (.cinit..bss.load) [load image, compression = zero_init]
                  0000ec50    00000008     (.cinit..vtable.load) [load image, compression = zero_init]
                  0000ec58    00000018     (__TI_cinit_table)

.init_array 
*          0    00000000    00000000     UNINITIALIZED

.vtable    0    20000000    0000026c     UNINITIALIZED
                  20000000    0000026c     interrupt.obj (.vtable)

.bss       0    2000026c    00006ad8     UNINITIALIZED
                  2000026c    00006400     (.common:ucHeap)
                  2000666c    00000190     task_manager_page.obj (.bss:write_buffer)
                  200067fc    00000120     rtsv7M4_T_le_v4SPD16_eabi.lib : trgmsg.c.obj (.bss:_CIOBUF_)
                  2000691c    000000f0     logger.obj (.bss:errors)
                  20006a0c    000000a0     (.common:__TI_tmpnams)
                  20006aac    00000064     tasks.obj (.bss:pxReadyTasksLists)
                  20006b10    00000050     (.common:g_psDCDInst)
                  20006b60    00000040     usblib.lib : usbdenum.obj (.bss:g_pui8DataBufferIn)
                  20006ba0    00000040     (.common:xQueueRegistry)
                  20006be0    00000020     ADC_task.obj (.bss:adc00_step_values)
                  20006c00    00000020     ADC_task.obj (.bss:adc01_step_values)
                  20006c20    00000018     (.common:g_pfnTickHandlers)
                  20006c38    00000018     (.common:g_pvTickInstance)
                  20006c50    00000014     timers.obj (.bss:xActiveTimerList1)
                  20006c64    00000014     timers.obj (.bss:xActiveTimerList2)
                  20006c78    00000014     tasks.obj (.bss:xDelayedTaskList1)
                  20006c8c    00000014     tasks.obj (.bss:xDelayedTaskList2)
                  20006ca0    00000014     tasks.obj (.bss:xPendingReadyList)
                  20006cb4    00000014     tasks.obj (.bss:xSuspendedTaskList)
                  20006cc8    00000014     tasks.obj (.bss:xTasksWaitingTermination)
                  20006cdc    00000008     console_uart.obj (.bss)
                  20006ce4    00000008     tasks.obj (.bss)
                  20006cec    00000008     timers.obj (.bss)
                  20006cf4    00000008     heap_2.obj (.bss:xEnd)
                  20006cfc    00000008     heap_2.obj (.bss:xStart)
                  20006d04    00000008     (.common:adc_info)
                  20006d0c    00000008     (.common:gpis_info)
                  20006d14    00000008     (.common:parmbuf)
                  20006d1c    00000004     I2C_task.obj (.bss)
                  20006d20    00000004     adc.obj (.bss:g_pui8OversampleFactor)
                  20006d24    00000004     (.common:addr_ack_err)
                  20006d28    00000004     (.common:arb_lost_err)
                  20006d2c    00000004     (.common:blue_debug)
                  20006d30    00000004     (.common:clk_tout_err)
                  20006d34    00000004     (.common:data_ack_err)
                  20006d38    00000004     (.common:g_ppsDevInfo)
                  20006d3c    00000004     (.common:green_debug)
                  20006d40    00000004     (.common:red_debug)

.data      0    20006d44    000004dc     UNINITIALIZED
                  20006d44    000000f0     rtsv7M4_T_le_v4SPD16_eabi.lib : defs.c.obj (.data:_ftable)
                  20006e34    0000008c     console_task.obj (.data:console_pages)
                  20006ec0    00000078     rtsv7M4_T_le_v4SPD16_eabi.lib : host_device.c.obj (.data:_device)
                  20006f38    00000050                                   : host_device.c.obj (.data:_stream)
                  20006f88    00000034     tasks.obj (.data)
                  20006fbc    00000030     ADC_task.obj (.data:adc_pins)
                  20006fec    0000001c     ADC_task.obj (.data:pad0)
                  20007008    0000001c     ADC_task.obj (.data:pad10)
                  20007024    0000001c     ADC_task.obj (.data:pad11)
                  20007040    0000001c     ADC_task.obj (.data:pad1)
                  2000705c    0000001c     ADC_task.obj (.data:pad2)
                  20007078    0000001c     ADC_task.obj (.data:pad3)
                  20007094    0000001c     ADC_task.obj (.data:pad4)
                  200070b0    0000001c     ADC_task.obj (.data:pad5)
                  200070cc    0000001c     ADC_task.obj (.data:pad6)
                  200070e8    0000001c     ADC_task.obj (.data:pad7)
                  20007104    0000001c     ADC_task.obj (.data:pad8)
                  20007120    0000001c     ADC_task.obj (.data:pad9)
                  2000713c    00000014     GPOs.obj (.data:blue_led)
                  20007150    00000014     GPOs.obj (.data:green_led)
                  20007164    00000014     GPOs.obj (.data:red_led)
                  20007178    00000010     console_task.obj (.data)
                  20007188    00000010     rtsv7M4_T_le_v4SPD16_eabi.lib : defs.c.obj (.data)
                  20007198    0000000c                                   : exit.c.obj (.data:$O1$$)
                  200071a4    0000000c     GPOs.obj (.data:gpos)
                  200071b0    0000000c     port.obj (.data)
                  200071bc    0000000c     timers.obj (.data)
                  200071c8    0000000c     usblib.lib : usbtick.obj (.data)
                  200071d4    00000008     rtsv7M4_T_le_v4SPD16_eabi.lib : _lock.c.obj (.data:$O1$$)
                  200071dc    00000008                                   : memory.c.obj (.data:$O1$$)
                  200071e4    00000008     ADC_task.obj (.data:adc_pin_struct)
                  200071ec    00000008     GPIs.obj (.data:gpi_info)
                  200071f4    00000008     heap_2.obj (.data)
                  200071fc    00000008     usblib.lib : usbdenum.obj (.data)
                  20007204    00000005     I2C_task.obj (.data)
                  20007209    00000003     --HOLE--
                  2000720c    00000005     uartstdio.obj (.data)
                  20007211    00000003     --HOLE--
                  20007214    00000004     ADC_task.obj (.data)
                  20007218    00000004     logger.obj (.data)
                  2000721c    00000004     rtsv7M4_T_le_v4SPD16_eabi.lib : errno.c.obj (.data)

.stack     0    20007220    00000200     UNINITIALIZED
                  20007220    00000004     rtsv7M4_T_le_v4SPD16_eabi.lib : boot_cortex_m.c.obj (.stack)
                  20007224    000001fc     --HOLE--

.sysmem    0    20007420    00000010     UNINITIALIZED
                  20007420    00000010     rtsv7M4_T_le_v4SPD16_eabi.lib : memory.c.obj (.sysmem)

__llvm_prf_cnts 
*          0    20000000    00000000     UNINITIALIZED

MODULE SUMMARY

       Module                         code    ro data   rw data
       ------                         ----    -------   -------
    .\
       ADC_task.obj                   656     96        26060  
       I2C_task.obj                   1340    0         25     
       console_task.obj               1020    0         156    
       logger.obj                     560     0         256    
       tm4c123gh6pm_startup_ccs.obj   12      620       0      
       task_manager_page.obj          76      0         400    
       heap_2.obj                     448     0         24     
       GPOs.obj                       324     42        72     
       GPIs.obj                       396     0         8      
       control_page.obj               376     0         16     
       main.obj                       340     0         0      
       homepage.obj                   304     0         0      
       console_uart.obj               228     0         8      
       text_controls.obj              210     0         0      
       hooks.obj                      42      0         0      
    +--+------------------------------+-------+---------+---------+
       Total:                         6332    758       27025  
                                                               
    .\FreeRTOS\
       tasks.obj                      7768    0         260    
       queue.obj                      4416    0         64     
       timers.obj                     2096    0         60     
       event_groups.obj               1372    0         0      
       list.obj                       298     0         0      
    +--+------------------------------+-------+---------+---------+
       Total:                         15950   0         384    
                                                               
    .\FreeRTOS\portable\CCS\ARM_CM4F\
       port.obj                       652     8         12     
       portasm.obj                    218     0         0      
    +--+------------------------------+-------+---------+---------+
       Total:                         870     8         12     
                                                               
    .\driverlib\
       usb.obj                        5562    0         0      
       sysctl.obj                     3834    452       0      
       gpio.obj                       2952    528       0      
       adc.obj                        1986    0         4      
       interrupt.obj                  960     268       620    
       i2c.obj                        1692    128       0      
       uart.obj                       1560    128       0      
       fpu.obj                        192     0         0      
       cpu.obj                        62      0         0      
    +--+------------------------------+-------+---------+---------+
       Total:                         18800   1504      624    
                                                               
    .\utils\
       uartstdio.obj                  1192    46        5      
    +--+------------------------------+-------+---------+---------+
       Total:                         1192    46        5      
                                                               
    C:/ti/TivaWare_C_Series-2.2.0.295/usblib/ccs/Debug/usblib.lib
       usbdenum.obj                   2436    52        156    
       usbdconfig.obj                 576     0         0      
       usbdcdesc.obj                  360     0         0      
       usbtick.obj                    56      0         60     
       usbdesc.obj                    86      0         0      
       usbdhandler.obj                24      0         0      
    +--+------------------------------+-------+---------+---------+
       Total:                         3538    52        216    
                                                               
    C:\ti\ccs1020\ccs\tools\compiler\ti-cgt-arm_20.2.2.LTS\lib\rtsv7M4_T_le_v4SPD16_eabi.lib
       _printfi.c.obj                 4851    0         0      
       memory.c.obj                   672     0         8      
       fd_add_t2.asm.obj              438     0         0      
       defs.c.obj                     0       0         416    
       trgmsg.c.obj                   108     0         288    
       fd_div_t2.asm.obj              310     0         0      
       fputs.c.obj                    276     0         0      
       s_scalbn.c.obj                 272     0         0      
       fd_cmp_t2.asm.obj              268     0         0      
       ctype.c.obj                    0       257       0      
       fd_mul_t2.asm.obj              252     0         0      
       setvbuf.c.obj                  220     0         0      
       fflush.c.obj                   200     0         0      
       host_device.c.obj              0       0         200    
       memcpy_t2.asm.obj              156     0         0      
       ull_div_t2.asm.obj             150     0         0      
       memset_t2.asm.obj              122     0         0      
       fclose.c.obj                   116     0         0      
       getdevice.c.obj                116     0         0      
       hostrename.c.obj               108     0         0      
       copy_decompress_lzss.c.obj     104     0         0      
       hostlseek.c.obj                104     0         0      
       hostopen.c.obj                 96      0         8      
       fseek.c.obj                    100     0         0      
       s_frexp.c.obj                  100     0         0      
       _io_perm.c.obj                 98      0         0      
       sprintf.c.obj                  98      0         0      
       close.c.obj                    92      0         0      
       exit.c.obj                     76      0         12     
       hostread.c.obj                 88      0         0      
       hostwrite.c.obj                88      0         0      
       _ltoa.c.obj                    84      0         0      
       atoi.c.obj                     76      0         0      
       fd_toi_t2.asm.obj              72      0         0      
       autoinit.c.obj                 68      0         0      
       hostclose.c.obj                68      0         0      
       hostunlink.c.obj               68      0         0      
       u_divt2.asm.obj                64      0         0      
       strncpy.c.obj                  54      0         0      
       boot_cortex_m.c.obj            52      0         0      
       fopen.c.obj                    52      0         0      
       i_tofd_t2.asm.obj              46      0         0      
       unlink.c.obj                   44      0         0      
       lseek.c.obj                    40      0         0      
       write.c.obj                    40      0         0      
       memchr.c.obj                   32      0         0      
       assert.c.obj                   28      0         0      
       memccpy.c.obj                  28      0         0      
       s_copysign.c.obj               26      0         0      
       strcmp.c.obj                   24      0         0      
       strchr.c.obj                   22      0         0      
       strcpy.c.obj                   20      0         0      
       strlen.c.obj                   20      0         0      
       wcslen.c.obj                   18      0         0      
       copy_decompress_none.c.obj     14      0         0      
       copy_zero_init.c.obj           12      0         0      
       errno.c.obj                    8       0         4      
       _lock.c.obj                    2       0         8      
       pre_init.c.obj                 4       0         0      
       div0.asm.obj                   2       0         0      
    +--+------------------------------+-------+---------+---------+
       Total:                         10767   257       944    
                                                               
       Heap:                          0       0         16     
       Stack:                         0       0         512    
       Linker Generated:              0       413       0      
    +--+------------------------------+-------+---------+---------+
       Grand Total:                   57449   3038      29738  


LINKER GENERATED COPY TABLES

__TI_cinit_table @ 0000ec58 records: 3, size/record: 8, table size: 24
	.data: load addr=0000ead0, load size=00000169 bytes, run addr=20006d44, run size=000004dc bytes, compression=lzss
	.bss: load addr=0000ec48, load size=00000008 bytes, run addr=2000026c, run size=00006ad8 bytes, compression=zero_init
	.vtable: load addr=0000ec50, load size=00000008 bytes, run addr=20000000, run size=0000026c bytes, compression=zero_init


LINKER GENERATED HANDLER TABLE

__TI_handler_table @ 0000ec3c records: 3, size/record: 4, table size: 12
	index: 0, handler: __TI_zero_init
	index: 1, handler: __TI_decompress_lzss
	index: 2, handler: __TI_decompress_none


GLOBAL SYMBOLS: SORTED ALPHABETICALLY BY Name 

address   name                               
-------   ----                               
00007bf9  ADCBusy                            
00007c41  ADCClockConfigGet                  
00007c17  ADCClockConfigSet                  
00007a13  ADCComparatorConfigure             
00007ae3  ADCComparatorIntClear              
00007a99  ADCComparatorIntDisable            
00007ab7  ADCComparatorIntEnable             
00007ad5  ADCComparatorIntStatus             
00007a2f  ADCComparatorRegionSet             
00007a53  ADCComparatorReset                 
000079e1  ADCHardwareOversampleConfigure     
000075f7  ADCIntClear                        
00007b5b  ADCIntClearEx                      
0000755d  ADCIntDisable                      
00007af5  ADCIntDisableEx                    
00007579  ADCIntEnable                       
00007b0d  ADCIntEnableEx                     
00007517  ADCIntRegister                     
0000759f  ADCIntStatus                       
00007b29  ADCIntStatusEx                     
0000753f  ADCIntUnregister                   
00007bb3  ADCPhaseDelayGet                   
00007ba1  ADCPhaseDelaySet                   
00007857  ADCProcessorTrigger                
00007b8f  ADCReferenceGet                    
00007b73  ADCReferenceSet                    
00007641  ADCSequenceConfigure               
00007bdd  ADCSequenceDMADisable              
00007bc1  ADCSequenceDMAEnable               
00007815  ADCSequenceDataGet                 
00007627  ADCSequenceDisable                 
0000760d  ADCSequenceEnable                  
000077b9  ADCSequenceOverflow                
000077d1  ADCSequenceOverflowClear           
000076c5  ADCSequenceStepConfigure           
000077e7  ADCSequenceUnderflow               
000077ff  ADCSequenceUnderflowClear          
0000787b  ADCSoftwareOversampleConfigure     
00007973  ADCSoftwareOversampleDataGet       
000078b3  ADCSoftwareOversampleStepConfigure 
0000e2ef  C$$EXIT                            
0000ddc3  C$$IO$$                            
0000dd1b  CPUbasepriGet                      
0000dd0d  CPUbasepriSet                      
0000dce7  CPUcpsid                           
0000dcfd  CPUcpsie                           
0000dcf3  CPUprimask                         
0000dd09  CPUwfi                             
0000c8ef  FPUDisable                         
0000c8dd  FPUEnable                          
0000c95b  FPUFlushToZeroModeSet              
0000c927  FPUHalfPrecisionModeSet            
0000c90f  FPULazyStackingEnable              
0000c941  FPUNaNModeSet                      
0000c975  FPURoundingModeSet                 
0000c91b  FPUStackingDisable                 
0000c8fd  FPUStackingEnable                  
00006217  GPIOADCTriggerDisable              
000061f9  GPIOADCTriggerEnable               
000061db  GPIODMATriggerDisable              
000061bd  GPIODMATriggerEnable               
0000576f  GPIODirModeGet                     
00005713  GPIODirModeSet                     
00005cd7  GPIOIntClear                       
00005c9b  GPIOIntDisable                     
00005c81  GPIOIntEnable                      
00005ceb  GPIOIntRegister                    
00005cb5  GPIOIntStatus                      
0000585f  GPIOIntTypeGet                     
000057bb  GPIOIntTypeSet                     
00005d09  GPIOIntUnregister                  
00005b2f  GPIOPadConfigGet                   
000058f5  GPIOPadConfigSet                   
0000615f  GPIOPinConfigure                   
00005d23  GPIOPinRead                        
00005d5b  GPIOPinTypeADC                     
00005d7f  GPIOPinTypeCAN                     
0000612b  GPIOPinTypeCIR                     
00005da3  GPIOPinTypeComparator              
00005dc7  GPIOPinTypeEPI                     
00005deb  GPIOPinTypeEthernetLED             
00005e0f  GPIOPinTypeEthernetMII             
00005e33  GPIOPinTypeGPIOInput               
00005e57  GPIOPinTypeGPIOOutput              
00005e7b  GPIOPinTypeGPIOOutputOD            
00005e9f  GPIOPinTypeI2C                     
00005ec3  GPIOPinTypeI2CSCL                  
000060e3  GPIOPinTypeKBColumn                
000060bf  GPIOPinTypeKBRow                   
00005ee7  GPIOPinTypeLCD                     
00006107  GPIOPinTypeLEDSeq                  
00005f0b  GPIOPinTypeLPC                     
00005f2f  GPIOPinTypePECIRx                  
00005f53  GPIOPinTypePECITx                  
00005f77  GPIOPinTypePWM                     
00005f9b  GPIOPinTypeQEI                     
00005fbf  GPIOPinTypeSSI                     
00005fe3  GPIOPinTypeTimer                   
00006007  GPIOPinTypeUART                    
0000602b  GPIOPinTypeUSBAnalog               
0000604f  GPIOPinTypeUSBDigital              
00006073  GPIOPinTypeWakeHigh                
00006099  GPIOPinTypeWakeLow                 
0000614f  GPIOPinWakeStatus                  
00005d3b  GPIOPinWrite                       
0000dad5  HOSTclose                          
0000d2d1  HOSTlseek                          
0000d4cd  HOSTopen                           
0000d5e9  HOSTread                           
0000d265  HOSTrename                         
0000db19  HOSTunlink                         
0000d641  HOSTwrite                          
00008277  I2CFIFODataGet                     
00008291  I2CFIFODataGetNonBlocking          
0000822d  I2CFIFODataPut                     
0000824f  I2CFIFODataPutNonBlocking          
0000821d  I2CFIFOStatus                      
00007e11  I2CIntRegister                     
00007e2f  I2CIntUnregister                   
000082cd  I2CMasterBurstCountGet             
000082b7  I2CMasterBurstLengthSet            
00008075  I2CMasterBusBusy                   
0000805d  I2CMasterBusy                      
0000808d  I2CMasterControl                   
000080e1  I2CMasterDataGet                   
000080cb  I2CMasterDataPut                   
00007ddd  I2CMasterDisable                   
00007da9  I2CMasterEnable                    
0000809f  I2CMasterErr                       
000082db  I2CMasterGlitchFilterConfigSet     
00007cdf  I2CMasterInitExpClk                
00007fd7  I2CMasterIntClear                  
00007ff5  I2CMasterIntClearEx                
00007ea3  I2CMasterIntDisable                
00007eb3  I2CMasterIntDisableEx              
00007e49  I2CMasterIntEnable                 
00007e59  I2CMasterIntEnableEx               
00007efd  I2CMasterIntStatus                 
00007f41  I2CMasterIntStatusEx               
0000804f  I2CMasterLineStateGet              
0000802d  I2CMasterSlaveAddrSet              
000080ef  I2CMasterTimeoutSet                
000081dd  I2CRxFIFOConfigSet                 
00008205  I2CRxFIFOFlush                     
00008101  I2CSlaveACKOverride                
00008133  I2CSlaveACKValueSet                
00007d6b  I2CSlaveAddressSet                 
0000818d  I2CSlaveDataGet                    
00008175  I2CSlaveDataPut                    
00007df3  I2CSlaveDisable                    
00007dbf  I2CSlaveEnable                     
0000830b  I2CSlaveFIFODisable                
000082f3  I2CSlaveFIFOEnable                 
00007d51  I2CSlaveInit                       
00008007  I2CSlaveIntClear                   
00008019  I2CSlaveIntClearEx                 
00007ecb  I2CSlaveIntDisable                 
00007ee3  I2CSlaveIntDisableEx               
00007e71  I2CSlaveIntEnable                  
00007e89  I2CSlaveIntEnableEx                
00007f6d  I2CSlaveIntStatus                  
00007fb5  I2CSlaveIntStatusEx                
00008165  I2CSlaveStatus                     
0000819d  I2CTxFIFOConfigSet                 
000081c5  I2CTxFIFOFlush                     
00009e31  IntDisable                         
00009dbf  IntEnable                          
00009ea3  IntIsEnabled                       
00009c83  IntMasterDisable                   
00009c73  IntMasterEnable                    
00009f99  IntPendClear                       
00009f29  IntPendSet                         
00009d9b  IntPriorityGet                     
00009d13  IntPriorityGroupingGet             
00009cf9  IntPriorityGroupingSet             
00009ff3  IntPriorityMaskGet                 
00009fe7  IntPriorityMaskSet                 
00009d4b  IntPrioritySet                     
00009c93  IntRegister                        
00009ffb  IntTrigger                         
00009ce5  IntUnregister                      
0000dd25  InternalUSBStartOfFrameTick        
0000e2bf  ResetISR                           
00005653  SysCtlAltClkConfig                 
00004e29  SysCtlClockFreqSet                 
0000530d  SysCtlClockGet                     
00005637  SysCtlClockOutConfig               
00005141  SysCtlClockSet                     
00004d29  SysCtlDeepSleep                    
000054d9  SysCtlDeepSleepClockConfigSet      
000054bb  SysCtlDeepSleepClockSet            
00004d09  SysCtlDeepSleepPowerSet            
0000e2e5  SysCtlDelay                        
000048b7  SysCtlFlashSectorSizeGet           
0000488b  SysCtlFlashSizeGet                 
000055af  SysCtlGPIOAHBDisable               
00005593  SysCtlGPIOAHBEnable                
00004c9d  SysCtlIntClear                     
00004c85  SysCtlIntDisable                   
00004c71  SysCtlIntEnable                    
00004c49  SysCtlIntRegister                  
00004cad  SysCtlIntStatus                    
00004c61  SysCtlIntUnregister                
00004cef  SysCtlLDODeepSleepGet              
00004cdf  SysCtlLDODeepSleepSet              
00004cd9  SysCtlLDOSleepGet                  
00004cc9  SysCtlLDOSleepSet                  
00004d5f  SysCtlMOSCConfigSet                
00005623  SysCtlNMIClear                     
0000561d  SysCtlNMIStatus                    
00004d75  SysCtlPIOSCCalibrate               
0000557d  SysCtlPWMClockGet                  
00005563  SysCtlPWMClockSet                  
00004bf5  SysCtlPeripheralClockGating        
00004bad  SysCtlPeripheralDeepSleepDisable   
00004b5d  SysCtlPeripheralDeepSleepEnable    
00004a99  SysCtlPeripheralDisable            
00004a5d  SysCtlPeripheralEnable             
00004999  SysCtlPeripheralPowerOff           
0000495d  SysCtlPeripheralPowerOn            
000048dd  SysCtlPeripheralPresent            
0000491d  SysCtlPeripheralReady              
000049d5  SysCtlPeripheralReset              
00004b21  SysCtlPeripheralSleepDisable       
00004add  SysCtlPeripheralSleepEnable        
00004d19  SysCtlReset                        
00004dd5  SysCtlResetBehaviorGet             
00004dc5  SysCtlResetBehaviorSet             
00004d4b  SysCtlResetCauseClear              
00004d45  SysCtlResetCauseGet                
00004881  SysCtlSRAMSizeGet                  
00004d21  SysCtlSleep                        
00004cf5  SysCtlSleepPowerSet                
000055dd  SysCtlUSBPLLDisable                
000055cb  SysCtlUSBPLLEnable                 
00005609  SysCtlVoltageEventClear            
000055ed  SysCtlVoltageEventConfig           
000055fd  SysCtlVoltageEventStatus           
000088ed  UART9BitAddrSend                   
000088c7  UART9BitAddrSet                    
000088b1  UART9BitDisable                    
0000889b  UART9BitEnable                     
0000873f  UARTBreakCtl                       
00008769  UARTBusy                           
000086e7  UARTCharGet                        
000086cb  UARTCharGetNonBlocking             
00008721  UARTCharPut                        
000086fd  UARTCharPutNonBlocking             
0000868f  UARTCharsAvail                     
0000888b  UARTClockSourceGet                 
00008877  UARTClockSourceSet                 
0000845f  UARTConfigGetExpClk                
000083e9  UARTConfigSetExpClk                
0000883d  UARTDMADisable                     
00008825  UARTDMAEnable                      
000084cf  UARTDisable                        
00008553  UARTDisableSIR                     
000084ab  UARTEnable                         
00008525  UARTEnableSIR                      
0000850f  UARTFIFODisable                    
000084f9  UARTFIFOEnable                     
000083c1  UARTFIFOLevelGet                   
000083a9  UARTFIFOLevelSet                   
0000864f  UARTFlowControlGet                 
00008633  UARTFlowControlSet                 
00008813  UARTIntClear                       
000087dd  UARTIntDisable                     
000087c5  UARTIntEnable                      
00008787  UARTIntRegister                    
000087f5  UARTIntStatus                      
000087a5  UARTIntUnregister                  
000085e9  UARTModemControlClear              
0000860d  UARTModemControlGet                
000085b1  UARTModemControlSet                
0000861f  UARTModemStatusGet                 
00008397  UARTParityModeGet                  
0000837b  UARTParityModeSet                  
00008867  UARTRxErrorClear                   
00008855  UARTRxErrorGet                     
0000859b  UARTSmartCardDisable               
00008569  UARTSmartCardEnable                
000086ad  UARTSpaceAvail                     
000093cd  UARTStdioConfig                    
0000867d  UARTTxIntModeGet                   
00008661  UARTTxIntModeSet                   
0000951d  UARTgetc                           
00009463  UARTgets                           
0000983f  UARTprintf                         
00009545  UARTvprintf                        
00009413  UARTwrite                          
0000e1dd  USB0DeviceIntHandler               
000032bb  USBClockDisable                    
0000329f  USBClockEnable                     
0000328b  USBControllerVersion               
0000d795  USBDCDConfigDescGet                
0000df63  USBDCDConfigDescGetNum             
0000e1a9  USBDCDConfigDescGetSize            
0000e11d  USBDCDConfigGetInterface           
0000dd5d  USBDCDConfigGetInterfaceEndpoint   
0000e139  USBDCDStallEP0                     
000033f3  USBDMAChannelAddressGet            
000033d7  USBDMAChannelAddressSet            
0000335d  USBDMAChannelConfigSet             
00003427  USBDMAChannelCountGet              
0000340b  USBDMAChannelCountSet              
0000333d  USBDMAChannelDisable               
0000331d  USBDMAChannelEnable                
000032ed  USBDMAChannelIntDisable            
000032cd  USBDMAChannelIntEnable             
0000330d  USBDMAChannelIntStatus             
0000338d  USBDMAChannelStatus                
000033ad  USBDMAChannelStatusClear           
0000343f  USBDMANumChannels                  
0000df8f  USBDescGet                         
0000dfe9  USBDescGetNum                      
000026f9  USBDevAddrGet                      
000026e5  USBDevAddrSet                      
000026b9  USBDevConnect                      
000026cf  USBDevDisconnect                   
00002a2f  USBDevEndpointConfigGet            
0000293d  USBDevEndpointConfigSet            
00002db9  USBDevEndpointDataAck              
000025e3  USBDevEndpointStall                
00002645  USBDevEndpointStallClear           
0000245f  USBDevEndpointStatusClear          
000035ab  USBDevLPMConfig                    
000035d9  USBDevLPMDisable                   
000035c1  USBDevLPMEnable                    
00003593  USBDevLPMRemoteWake                
000031f3  USBDevMode                         
00002225  USBDevSpeedGet                     
0000b62d  USBDeviceConfig                    
0000ccad  USBDeviceConfigAlternate           
0000c731  USBDeviceEnumHandler               
0000d9fd  USBDeviceEnumResetHandler          
0000b4dd  USBDeviceIntHandlerInternal        
0000d7e5  USBDeviceResumeTickHandler         
000031a5  USBEndpointDMAChannel              
00002beb  USBEndpointDMAConfigSet            
00002cbd  USBEndpointDMADisable              
00002c83  USBEndpointDMAEnable               
00002cf7  USBEndpointDataAvail               
00002d2f  USBEndpointDataGet                 
00002e29  USBEndpointDataPut                 
00002e8d  USBEndpointDataSend                
0000257d  USBEndpointDataToggleClear         
00003257  USBEndpointPacketCountSet          
000023eb  USBEndpointStatus                  
0000317b  USBFIFOAddrGet                     
00002b85  USBFIFOConfigGet                   
00002b1f  USBFIFOConfigSet                   
00002ee5  USBFIFOFlush                       
0000313f  USBFrameNumberGet                  
00002193  USBHighSpeed                       
00002ff5  USBHostAddrGet                     
00002fbd  USBHostAddrSet                     
0000270d  USBHostEndpointConfig              
00002df7  USBHostEndpointDataAck             
000024e1  USBHostEndpointDataToggle          
000025b7  USBHostEndpointPing                
000028a7  USBHostEndpointSpeed               
00002417  USBHostEndpointStatusClear         
00003087  USBHostHubAddrGet                  
00003023  USBHostHubAddrSet                  
00003557  USBHostLPMConfig                   
0000357b  USBHostLPMResume                   
0000350f  USBHostLPMSend                     
000031e1  USBHostMode                        
000030b5  USBHostPwrConfig                   
00003127  USBHostPwrDisable                  
0000310f  USBHostPwrEnable                   
000030f7  USBHostPwrFaultDisable             
000030df  USBHostPwrFaultEnable              
00002f55  USBHostRequestIN                   
00002f7d  USBHostRequestINClear              
00002fab  USBHostRequestStatus               
00002165  USBHostReset                       
000021c1  USBHostResume                      
000021ef  USBHostSpeedGet                    
0000214f  USBHostSuspend                     
0000223d  USBIntDisableControl               
00002301  USBIntDisableEndpoint              
0000227b  USBIntEnableControl                
0000232f  USBIntEnableEndpoint               
000023b3  USBIntRegister                     
000022b5  USBIntStatusControl                
0000235d  USBIntStatusEndpoint               
000023d1  USBIntUnregister                   
00003605  USBLPMEndpointGet                  
00003665  USBLPMIntDisable                   
0000364b  USBLPMIntEnable                    
0000363b  USBLPMIntStatus                    
000035f1  USBLPMLinkStateGet                 
00003621  USBLPMRemoteWakeEnabled            
00003217  USBModeConfig                      
00003191  USBModeGet                         
00003277  USBNumEndpointsGet                 
00003205  USBOTGMode                         
0000314d  USBOTGSessionRequest               
0000322b  USBPHYPowerOff                     
00003241  USBPHYPowerOn                      
00003451  USBULPIConfig                      
0000347f  USBULPIDisable                     
00003467  USBULPIEnable                      
00003497  USBULPIRegRead                     
000034cf  USBULPIRegWrite                    
200067fc  __CIOBUF_                          
20007420  __STACK_END                        
00000200  __STACK_SIZE                       
20007420  __STACK_TOP                        
00000010  __SYSMEM_SIZE                      
0000ec58  __TI_CINIT_Base                    
0000ec70  __TI_CINIT_Limit                   
0000ec3c  __TI_Handler_Table_Base            
0000ec48  __TI_Handler_Table_Limit           
0000dba1  __TI_auto_init_nobinit_nopinit     
0000de39  __TI_cleanup                       
20007198  __TI_cleanup_ptr                   
0000d031  __TI_closefile                     
0000d339  __TI_decompress_lzss               
0000e2a5  __TI_decompress_none               
0000d8cd  __TI_doflush                       
2000719c  __TI_dtors_ptr                     
200071a0  __TI_enable_exit_profile_output    
20007188  __TI_ft_end                        
0000d6ef  __TI_ltoa                          
ffffffff  __TI_pprof_out_hndl                
0000623d  __TI_printfi                       
ffffffff  __TI_prof_data_size                
ffffffff  __TI_prof_data_start               
0000de6d  __TI_readmsg                       
00000000  __TI_static_base__                 
20006a0c  __TI_tmpnams                       
0000dd95  __TI_writemsg                      
0000d469  __TI_wrt_ok                        
0000e2b3  __TI_zero_init                     
0000cd39  __aeabi_cdcmpeq                    
0000cd39  __aeabi_cdcmple                    
0000cdbf  __aeabi_cdrcmple                   
0000da8d  __aeabi_d2iz                       
0000ad87  __aeabi_dadd                       
0000b9f5  __aeabi_ddiv                       
0000c1d1  __aeabi_dmul                       
0000ad7d  __aeabi_dsub                       
0000e2d5  __aeabi_errno_addr                 
0000df35  __aeabi_i2d                        
00006c8b  __aeabi_idiv0                      
00006c8b  __aeabi_ldiv0                      
0000cf3d  __aeabi_memclr                     
0000cf3d  __aeabi_memclr4                    
0000cf3d  __aeabi_memclr8                    
0000ca4f  __aeabi_memcpy                     
0000ca4f  __aeabi_memcpy4                    
0000ca4f  __aeabi_memcpy8                    
0000cf3f  __aeabi_memset                     
0000cf3f  __aeabi_memset4                    
0000cf3f  __aeabi_memset8                    
20007194  __aeabi_stderr                     
2000718c  __aeabi_stdin                      
20007190  __aeabi_stdout                     
0000dc29  __aeabi_uidiv                      
0000dc29  __aeabi_uidivmod                   
0000cb85  __aeabi_uldivmod                   
ffffffff  __binit__                          
ffffffff  __c_args__                         
UNDEFED   __mpu_init                         
20007220  __stack                            
20000000  __start___llvm_prf_cnts            
20000000  __stop___llvm_prf_cnts             
0000e155  _abort_msg                         
0000dea1  _c_int00_noargs                    
0000e414  _ctypes_                           
20006ec0  _device                            
20006d44  _ftable                            
200071d4  _lock                              
0000367f  _nop                               
20006f38  _stream                            
20007420  _sys_memory                        
UNDEFED   _system_post_cinit                 
0000e2eb  _system_pre_init                   
200071d8  _unlock                            
0000e2ef  abort                              
20007214  adc_event                          
20006d04  adc_info                           
200071e4  adc_pin_struct                     
0000a221  adc_task                           
00008f1b  add_i2c_msg                        
00009885  add_page                           
20006d24  addr_ack_err                       
0000c0d1  aligned_alloc                      
20006d28  arb_lost_err                       
0000d919  atoi                               
0000c833  bgd_color                          
ffffffff  binit                              
20006d2c  blue_debug                         
0000c825  bold_text_color                    
0000c885  clear_below_line                   
0000c87b  clear_in_line                      
0000c871  clear_line                         
0000c867  clear_terminal                     
20006d30  clk_tout_err                       
0000d58d  close                              
00009b09  console_task                       
0000b177  control_drawdata                   
0000b1f7  control_drawinput                  
0000b0c1  control_drawpage                   
0000e1c3  copysign                           
0000e1c3  copysignl                          
0000a7bd  create_error                       
0000c841  cursor_pos                         
20006d34  data_ack_err                       
000006a5  eTaskGetState                      
2000721c  errno                              
0000da45  exit                               
0000cec1  fflush                             
0000df05  finddevice                         
0000bead  fputs                              
0000c495  free                               
0000d3a1  frexp                              
0000d3a1  frexpl                             
0000d405  fseek                              
200071c8  g_bUSBTimerInitialized             
20000000  g_pfnRAMVectors                    
20006c20  g_pfnTickHandlers                  
00000000  g_pfnVectors                       
20006d38  g_ppsDevInfo                       
20006b10  g_psDCDInst                        
20006c38  g_pvTickInstance                   
200071cc  g_ui32CurrentUSBTick               
200071d0  g_ui32USBSOFCount                  
0000a195  get_adc_config                     
0000a1ff  get_adc_struct                     
0000a1d9  get_adc_val                        
0000c3b1  get_char                           
0000b019  get_gpi_config                     
0000b07b  get_gpi_struct                     
0000b867  get_gpo                            
0000b7f7  get_gpo_config                     
0000dbe5  getdevice                          
200071ec  gpi_info                           
20006d0c  gpis_info                          
0000eabc  gpo_info                           
20006d3c  green_debug                        
0000bb7f  homepage_drawdata                  
0000bb81  homepage_drawinput                 
0000bb2d  homepage_drawpage                  
20007204  i2c_msg_queue                      
00008fa5  i2c_task                           
0000a031  init_adc                           
00009875  init_console                       
0000c3fd  init_console_uart                  
0000af35  init_gpis                          
0000b775  init_gpos                          
00008e91  init_i2c                           
0000a82f  init_logger                        
0000bfc1  ldexp                              
0000bfc1  ldexpl                             
0000a895  logger_drawdata                    
0000a945  logger_drawinput                   
0000a85b  logger_drawpage                    
0000e08d  lseek                              
0000b239  main                               
0000e2dd  malloc                             
0000c0d1  memalign                           
0000e18d  memccpy                            
0000e0fd  memchr                             
0000ca4f  memcpy                             
0000cf45  memset                             
20006d14  parmbuf                            
000046d9  pcQueueGetName                     
00000d55  pcTaskGetName                      
00006ea9  pcTimerGetName                     
0000abbd  pvPortMalloc                       
00001b01  pvTaskIncrementMutexHeldCount      
000073a1  pvTimerGetTimerID                  
20006f88  pxCurrentTCB                       
0000a2c1  pxPortInitialiseStack              
0000b05d  read_gpi                           
20006d40  red_debug                          
0000dfbd  remove                             
0000c85d  restore_cursor_pos                 
0000c853  save_cursor_pos                    
0000bfc1  scalbn                             
0000bfc1  scalbnl                            
0000a81d  set_error                          
0000b83b  set_gpo                            
0000c809  set_text_mode                      
0000c579  setvbuf                            
0000dc69  sprintf                            
0000e255  strchr                             
0000e23d  strcmp                             
0000e26b  strcpy                             
0000e27f  strlen                             
0000ddcd  strncpy                            
0000d99d  taskmanager_drawdata               
0000d99f  taskmanager_drawinput              
0000d965  taskmanager_drawpage               
0000c817  text_color                         
2000026c  ucHeap                             
00004409  ucQueueGetQueueType                
0000eac4  ulMaxSyscallInterruptPriority      
0000c665  ulPortGetIPSR                      
00001b19  ulTaskNotifyTake                   
0000dfbd  unlink                             
00008e57  uxEventGroupGetNumber              
0000bd3f  uxListRemove                       
000043e9  uxQueueGetQueueNumber              
00004333  uxQueueMessagesWaiting             
00004395  uxQueueMessagesWaitingFromISR      
00004361  uxQueueSpacesAvailable             
00000d4f  uxTaskGetNumberOfTasks             
00000d9d  uxTaskGetSystemState               
00001387  uxTaskGetTaskNumber                
0000075b  uxTaskPriorityGet                  
0000078d  uxTaskPriorityGetFromISR           
00001adf  uxTaskResetEventItemValue          
0000747f  uxTimerGetTimerNumber              
0000e023  vApplicationIdleHook               
0000e013  vApplicationMallocFailedHook       
0000e025  vApplicationStackOverflowHook      
00008df1  vEventGroupClearBitsCallback       
00008d8b  vEventGroupDelete                  
00008de1  vEventGroupSetBitsCallback         
00008e77  vEventGroupSetNumber               
0000bc5d  vListInitialise                    
0000bc8d  vListInitialiseItem                
0000bcd9  vListInsert                        
0000bc9d  vListInsertEnd                     
0000c721  vPortEnableVFP                     
0000a3e1  vPortEndScheduler                  
0000a405  vPortEnterCritical                 
0000a447  vPortExitCritical                  
0000acbd  vPortFree                          
0000ad21  vPortInitialiseBlocks              
0000c6dd  vPortSVCHandler                    
0000a499  vPortSetupTimerInterrupt           
0000c6fd  vPortStartFirstTask                
0000a4b5  vPortValidateInterruptPriority     
00004697  vQueueAddToRegistry                
000043bf  vQueueDelete                       
000043f7  vQueueSetQueueNumber               
00004719  vQueueUnregisterQueue              
0000475d  vQueueWaitForMessageRestricted     
0000063d  vTaskDelay                         
00000559  vTaskDelayUntil                    
0000048f  vTaskDelete                        
00000bf5  vTaskEndScheduler                  
0000148d  vTaskGetInfo                       
000012bf  vTaskInternalSetTimeOutState       
000019cd  vTaskList                          
0000137f  vTaskMissedYield                   
00001ee5  vTaskNotifyGiveFromISR             
0000106f  vTaskPlaceOnEventList              
00001111  vTaskPlaceOnEventListRestricted    
000010b1  vTaskPlaceOnUnorderedEventList     
00001879  vTaskPriorityDisinheritAfterTimeout
000007d1  vTaskPrioritySet                   
000011f5  vTaskRemoveFromUnorderedEventList  
00000a49  vTaskResume                        
000013a7  vTaskSetTaskNumber                 
0000128d  vTaskSetTimeOutState               
00000b81  vTaskStartScheduler                
00000905  vTaskSuspend                       
00000c15  vTaskSuspendAll                    
00000fa9  vTaskSwitchContext                 
00006e35  vTimerSetReloadMode                
000073cf  vTimerSetTimerID                   
0000748d  vTimerSetTimerNumber               
0000e293  wcslen                             
0000e0b5  write                              
00008be7  xEventGroupClearBits               
00008c45  xEventGroupClearBitsFromISR        
00008935  xEventGroupCreate                  
00008c5d  xEventGroupGetBitsFromISR          
00008c91  xEventGroupSetBits                 
00008e37  xEventGroupSetBitsFromISR          
00008955  xEventGroupSync                    
00008a87  xEventGroupWaitBits                
0000ad1b  xPortGetFreeHeapSize               
0000c67d  xPortPendSVHandler                 
0000a34d  xPortStartScheduler                
0000a473  xPortSysTickHandler                
000038e1  xQueueCreateCountingSemaphore      
0000380d  xQueueCreateMutex                  
00003735  xQueueGenericCreate                
00003681  xQueueGenericReset                 
0000393d  xQueueGenericSend                  
00003af1  xQueueGenericSendFromISR           
00003bf9  xQueueGiveFromISR                  
00003839  xQueueGiveMutexRecursive           
00004603  xQueueIsQueueEmptyFromISR          
0000465d  xQueueIsQueueFullFromISR           
00004031  xQueuePeek                         
00004287  xQueuePeekFromISR                  
00003ce9  xQueueReceive                      
000041af  xQueueReceiveFromISR               
20006ba0  xQueueRegistry                     
00003e61  xQueueSemaphoreTake                
00003889  xQueueTakeMutexRecursive           
000012d9  xTaskCheckForTimeOut               
0000026d  xTaskCreate                        
00001c45  xTaskGenericNotify                 
00001d85  xTaskGenericNotifyFromISR          
00001661  xTaskGetCurrentTaskHandle          
00001675  xTaskGetSchedulerState             
00000d2b  xTaskGetTickCount                  
00000d3b  xTaskGetTickCountFromISR           
00000e8d  xTaskIncrementTick                 
00001fcd  xTaskNotifyStateClear              
00001b8f  xTaskNotifyWait                    
0000179b  xTaskPriorityDisinherit            
000016c1  xTaskPriorityInherit               
00001155  xTaskRemoveFromEventList           
00000c29  xTaskResumeAll                     
00000add  xTaskResumeFromISR                 
00006ccb  xTimerCreate                       
00006c8d  xTimerCreateTimerTask              
00006d6d  xTimerGenericCommand               
00006e7f  xTimerGetExpiryTime                
00006e0f  xTimerGetPeriod                    
00006ded  xTimerGetTimerDaemonTaskHandle     
00007365  xTimerIsTimerActive                
00007433  xTimerPendFunctionCall             
000073fd  xTimerPendFunctionCallFromISR      


GLOBAL SYMBOLS: SORTED BY Symbol Address 

address   name                               
-------   ----                               
00000000  __TI_static_base__                 
00000000  g_pfnVectors                       
00000010  __SYSMEM_SIZE                      
00000200  __STACK_SIZE                       
0000026d  xTaskCreate                        
0000048f  vTaskDelete                        
00000559  vTaskDelayUntil                    
0000063d  vTaskDelay                         
000006a5  eTaskGetState                      
0000075b  uxTaskPriorityGet                  
0000078d  uxTaskPriorityGetFromISR           
000007d1  vTaskPrioritySet                   
00000905  vTaskSuspend                       
00000a49  vTaskResume                        
00000add  xTaskResumeFromISR                 
00000b81  vTaskStartScheduler                
00000bf5  vTaskEndScheduler                  
00000c15  vTaskSuspendAll                    
00000c29  xTaskResumeAll                     
00000d2b  xTaskGetTickCount                  
00000d3b  xTaskGetTickCountFromISR           
00000d4f  uxTaskGetNumberOfTasks             
00000d55  pcTaskGetName                      
00000d9d  uxTaskGetSystemState               
00000e8d  xTaskIncrementTick                 
00000fa9  vTaskSwitchContext                 
0000106f  vTaskPlaceOnEventList              
000010b1  vTaskPlaceOnUnorderedEventList     
00001111  vTaskPlaceOnEventListRestricted    
00001155  xTaskRemoveFromEventList           
000011f5  vTaskRemoveFromUnorderedEventList  
0000128d  vTaskSetTimeOutState               
000012bf  vTaskInternalSetTimeOutState       
000012d9  xTaskCheckForTimeOut               
0000137f  vTaskMissedYield                   
00001387  uxTaskGetTaskNumber                
000013a7  vTaskSetTaskNumber                 
0000148d  vTaskGetInfo                       
00001661  xTaskGetCurrentTaskHandle          
00001675  xTaskGetSchedulerState             
000016c1  xTaskPriorityInherit               
0000179b  xTaskPriorityDisinherit            
00001879  vTaskPriorityDisinheritAfterTimeout
000019cd  vTaskList                          
00001adf  uxTaskResetEventItemValue          
00001b01  pvTaskIncrementMutexHeldCount      
00001b19  ulTaskNotifyTake                   
00001b8f  xTaskNotifyWait                    
00001c45  xTaskGenericNotify                 
00001d85  xTaskGenericNotifyFromISR          
00001ee5  vTaskNotifyGiveFromISR             
00001fcd  xTaskNotifyStateClear              
0000214f  USBHostSuspend                     
00002165  USBHostReset                       
00002193  USBHighSpeed                       
000021c1  USBHostResume                      
000021ef  USBHostSpeedGet                    
00002225  USBDevSpeedGet                     
0000223d  USBIntDisableControl               
0000227b  USBIntEnableControl                
000022b5  USBIntStatusControl                
00002301  USBIntDisableEndpoint              
0000232f  USBIntEnableEndpoint               
0000235d  USBIntStatusEndpoint               
000023b3  USBIntRegister                     
000023d1  USBIntUnregister                   
000023eb  USBEndpointStatus                  
00002417  USBHostEndpointStatusClear         
0000245f  USBDevEndpointStatusClear          
000024e1  USBHostEndpointDataToggle          
0000257d  USBEndpointDataToggleClear         
000025b7  USBHostEndpointPing                
000025e3  USBDevEndpointStall                
00002645  USBDevEndpointStallClear           
000026b9  USBDevConnect                      
000026cf  USBDevDisconnect                   
000026e5  USBDevAddrSet                      
000026f9  USBDevAddrGet                      
0000270d  USBHostEndpointConfig              
000028a7  USBHostEndpointSpeed               
0000293d  USBDevEndpointConfigSet            
00002a2f  USBDevEndpointConfigGet            
00002b1f  USBFIFOConfigSet                   
00002b85  USBFIFOConfigGet                   
00002beb  USBEndpointDMAConfigSet            
00002c83  USBEndpointDMAEnable               
00002cbd  USBEndpointDMADisable              
00002cf7  USBEndpointDataAvail               
00002d2f  USBEndpointDataGet                 
00002db9  USBDevEndpointDataAck              
00002df7  USBHostEndpointDataAck             
00002e29  USBEndpointDataPut                 
00002e8d  USBEndpointDataSend                
00002ee5  USBFIFOFlush                       
00002f55  USBHostRequestIN                   
00002f7d  USBHostRequestINClear              
00002fab  USBHostRequestStatus               
00002fbd  USBHostAddrSet                     
00002ff5  USBHostAddrGet                     
00003023  USBHostHubAddrSet                  
00003087  USBHostHubAddrGet                  
000030b5  USBHostPwrConfig                   
000030df  USBHostPwrFaultEnable              
000030f7  USBHostPwrFaultDisable             
0000310f  USBHostPwrEnable                   
00003127  USBHostPwrDisable                  
0000313f  USBFrameNumberGet                  
0000314d  USBOTGSessionRequest               
0000317b  USBFIFOAddrGet                     
00003191  USBModeGet                         
000031a5  USBEndpointDMAChannel              
000031e1  USBHostMode                        
000031f3  USBDevMode                         
00003205  USBOTGMode                         
00003217  USBModeConfig                      
0000322b  USBPHYPowerOff                     
00003241  USBPHYPowerOn                      
00003257  USBEndpointPacketCountSet          
00003277  USBNumEndpointsGet                 
0000328b  USBControllerVersion               
0000329f  USBClockEnable                     
000032bb  USBClockDisable                    
000032cd  USBDMAChannelIntEnable             
000032ed  USBDMAChannelIntDisable            
0000330d  USBDMAChannelIntStatus             
0000331d  USBDMAChannelEnable                
0000333d  USBDMAChannelDisable               
0000335d  USBDMAChannelConfigSet             
0000338d  USBDMAChannelStatus                
000033ad  USBDMAChannelStatusClear           
000033d7  USBDMAChannelAddressSet            
000033f3  USBDMAChannelAddressGet            
0000340b  USBDMAChannelCountSet              
00003427  USBDMAChannelCountGet              
0000343f  USBDMANumChannels                  
00003451  USBULPIConfig                      
00003467  USBULPIEnable                      
0000347f  USBULPIDisable                     
00003497  USBULPIRegRead                     
000034cf  USBULPIRegWrite                    
0000350f  USBHostLPMSend                     
00003557  USBHostLPMConfig                   
0000357b  USBHostLPMResume                   
00003593  USBDevLPMRemoteWake                
000035ab  USBDevLPMConfig                    
000035c1  USBDevLPMEnable                    
000035d9  USBDevLPMDisable                   
000035f1  USBLPMLinkStateGet                 
00003605  USBLPMEndpointGet                  
00003621  USBLPMRemoteWakeEnabled            
0000363b  USBLPMIntStatus                    
0000364b  USBLPMIntEnable                    
00003665  USBLPMIntDisable                   
0000367f  _nop                               
00003681  xQueueGenericReset                 
00003735  xQueueGenericCreate                
0000380d  xQueueCreateMutex                  
00003839  xQueueGiveMutexRecursive           
00003889  xQueueTakeMutexRecursive           
000038e1  xQueueCreateCountingSemaphore      
0000393d  xQueueGenericSend                  
00003af1  xQueueGenericSendFromISR           
00003bf9  xQueueGiveFromISR                  
00003ce9  xQueueReceive                      
00003e61  xQueueSemaphoreTake                
00004031  xQueuePeek                         
000041af  xQueueReceiveFromISR               
00004287  xQueuePeekFromISR                  
00004333  uxQueueMessagesWaiting             
00004361  uxQueueSpacesAvailable             
00004395  uxQueueMessagesWaitingFromISR      
000043bf  vQueueDelete                       
000043e9  uxQueueGetQueueNumber              
000043f7  vQueueSetQueueNumber               
00004409  ucQueueGetQueueType                
00004603  xQueueIsQueueEmptyFromISR          
0000465d  xQueueIsQueueFullFromISR           
00004697  vQueueAddToRegistry                
000046d9  pcQueueGetName                     
00004719  vQueueUnregisterQueue              
0000475d  vQueueWaitForMessageRestricted     
00004881  SysCtlSRAMSizeGet                  
0000488b  SysCtlFlashSizeGet                 
000048b7  SysCtlFlashSectorSizeGet           
000048dd  SysCtlPeripheralPresent            
0000491d  SysCtlPeripheralReady              
0000495d  SysCtlPeripheralPowerOn            
00004999  SysCtlPeripheralPowerOff           
000049d5  SysCtlPeripheralReset              
00004a5d  SysCtlPeripheralEnable             
00004a99  SysCtlPeripheralDisable            
00004add  SysCtlPeripheralSleepEnable        
00004b21  SysCtlPeripheralSleepDisable       
00004b5d  SysCtlPeripheralDeepSleepEnable    
00004bad  SysCtlPeripheralDeepSleepDisable   
00004bf5  SysCtlPeripheralClockGating        
00004c49  SysCtlIntRegister                  
00004c61  SysCtlIntUnregister                
00004c71  SysCtlIntEnable                    
00004c85  SysCtlIntDisable                   
00004c9d  SysCtlIntClear                     
00004cad  SysCtlIntStatus                    
00004cc9  SysCtlLDOSleepSet                  
00004cd9  SysCtlLDOSleepGet                  
00004cdf  SysCtlLDODeepSleepSet              
00004cef  SysCtlLDODeepSleepGet              
00004cf5  SysCtlSleepPowerSet                
00004d09  SysCtlDeepSleepPowerSet            
00004d19  SysCtlReset                        
00004d21  SysCtlSleep                        
00004d29  SysCtlDeepSleep                    
00004d45  SysCtlResetCauseGet                
00004d4b  SysCtlResetCauseClear              
00004d5f  SysCtlMOSCConfigSet                
00004d75  SysCtlPIOSCCalibrate               
00004dc5  SysCtlResetBehaviorSet             
00004dd5  SysCtlResetBehaviorGet             
00004e29  SysCtlClockFreqSet                 
00005141  SysCtlClockSet                     
0000530d  SysCtlClockGet                     
000054bb  SysCtlDeepSleepClockSet            
000054d9  SysCtlDeepSleepClockConfigSet      
00005563  SysCtlPWMClockSet                  
0000557d  SysCtlPWMClockGet                  
00005593  SysCtlGPIOAHBEnable                
000055af  SysCtlGPIOAHBDisable               
000055cb  SysCtlUSBPLLEnable                 
000055dd  SysCtlUSBPLLDisable                
000055ed  SysCtlVoltageEventConfig           
000055fd  SysCtlVoltageEventStatus           
00005609  SysCtlVoltageEventClear            
0000561d  SysCtlNMIStatus                    
00005623  SysCtlNMIClear                     
00005637  SysCtlClockOutConfig               
00005653  SysCtlAltClkConfig                 
00005713  GPIODirModeSet                     
0000576f  GPIODirModeGet                     
000057bb  GPIOIntTypeSet                     
0000585f  GPIOIntTypeGet                     
000058f5  GPIOPadConfigSet                   
00005b2f  GPIOPadConfigGet                   
00005c81  GPIOIntEnable                      
00005c9b  GPIOIntDisable                     
[...]
00006e0f  xTimerGetPeriod                    
00006e35  vTimerSetReloadMode                
00006e7f  xTimerGetExpiryTime                
00006ea9  pcTimerGetName                     
00007365  xTimerIsTimerActive                
000073a1  pvTimerGetTimerID                  
000073cf  vTimerSetTimerID                   
000073fd  xTimerPendFunctionCallFromISR      
00007433  xTimerPendFunctionCall             
0000747f  uxTimerGetTimerNumber              
0000748d  vTimerSetTimerNumber               
00007517  ADCIntRegister                     
0000753f  ADCIntUnregister                   
0000755d  ADCIntDisable                      
00007579  ADCIntEnable                       
0000759f  ADCIntStatus                       
000075f7  ADCIntClear                        
0000760d  ADCSequenceEnable                  
00007627  ADCSequenceDisable                 
00007641  ADCSequenceConfigure               
000076c5  ADCSequenceStepConfigure           
000077b9  ADCSequenceOverflow                
000077d1  ADCSequenceOverflowClear           
000077e7  ADCSequenceUnderflow               
000077ff  ADCSequenceUnderflowClear          
00007815  ADCSequenceDataGet                 
00007857  ADCProcessorTrigger                
0000787b  ADCSoftwareOversampleConfigure     
000078b3  ADCSoftwareOversampleStepConfigure 
00007973  ADCSoftwareOversampleDataGet       
000079e1  ADCHardwareOversampleConfigure     
00007a13  ADCComparatorConfigure             
00007a2f  ADCComparatorRegionSet             
00007a53  ADCComparatorReset                 
00007a99  ADCComparatorIntDisable            
00007ab7  ADCComparatorIntEnable             
00007ad5  ADCComparatorIntStatus             
00007ae3  ADCComparatorIntClear              
00007af5  ADCIntDisableEx                    
00007b0d  ADCIntEnableEx                     
00007b29  ADCIntStatusEx                     
00007b5b  ADCIntClearEx                      
00007b73  ADCReferenceSet                    
00007b8f  ADCReferenceGet                    
00007ba1  ADCPhaseDelaySet                   
00007bb3  ADCPhaseDelayGet                   
00007bc1  ADCSequenceDMAEnable               
00007bdd  ADCSequenceDMADisable              
00007bf9  ADCBusy                            
00007c17  ADCClockConfigSet                  
00007c41  ADCClockConfigGet                  
00007cdf  I2CMasterInitExpClk                
00007d51  I2CSlaveInit                       
00007d6b  I2CSlaveAddressSet                 
00007da9  I2CMasterEnable                    
00007dbf  I2CSlaveEnable                     
00007ddd  I2CMasterDisable                   
00007df3  I2CSlaveDisable                    
00007e11  I2CIntRegister                     
00007e2f  I2CIntUnregister                   
00007e49  I2CMasterIntEnable                 
00007e59  I2CMasterIntEnableEx               
00007e71  I2CSlaveIntEnable                  
00007e89  I2CSlaveIntEnableEx                
00007ea3  I2CMasterIntDisable                
00007eb3  I2CMasterIntDisableEx              
00007ecb  I2CSlaveIntDisable                 
00007ee3  I2CSlaveIntDisableEx               
00007efd  I2CMasterIntStatus                 
00007f41  I2CMasterIntStatusEx               
00007f6d  I2CSlaveIntStatus                  
00007fb5  I2CSlaveIntStatusEx                
00007fd7  I2CMasterIntClear                  
00007ff5  I2CMasterIntClearEx                
00008007  I2CSlaveIntClear                   
00008019  I2CSlaveIntClearEx                 
0000802d  I2CMasterSlaveAddrSet              
0000804f  I2CMasterLineStateGet              
0000805d  I2CMasterBusy                      
00008075  I2CMasterBusBusy                   
0000808d  I2CMasterControl                   
0000809f  I2CMasterErr                       
000080cb  I2CMasterDataPut                   
000080e1  I2CMasterDataGet                   
000080ef  I2CMasterTimeoutSet                
00008101  I2CSlaveACKOverride                
00008133  I2CSlaveACKValueSet                
00008165  I2CSlaveStatus                     
00008175  I2CSlaveDataPut                    
0000818d  I2CSlaveDataGet                    
0000819d  I2CTxFIFOConfigSet                 
000081c5  I2CTxFIFOFlush                     
000081dd  I2CRxFIFOConfigSet                 
00008205  I2CRxFIFOFlush                     
0000821d  I2CFIFOStatus                      
0000822d  I2CFIFODataPut                     
0000824f  I2CFIFODataPutNonBlocking          
00008277  I2CFIFODataGet                     
00008291  I2CFIFODataGetNonBlocking          
000082b7  I2CMasterBurstLengthSet            
000082cd  I2CMasterBurstCountGet             
000082db  I2CMasterGlitchFilterConfigSet     
000082f3  I2CSlaveFIFOEnable                 
0000830b  I2CSlaveFIFODisable                
0000837b  UARTParityModeSet                  
00008397  UARTParityModeGet                  
000083a9  UARTFIFOLevelSet                   
000083c1  UARTFIFOLevelGet                   
000083e9  UARTConfigSetExpClk                
0000845f  UARTConfigGetExpClk                
000084ab  UARTEnable                         
000084cf  UARTDisable                        
000084f9  UARTFIFOEnable                     
0000850f  UARTFIFODisable                    
00008525  UARTEnableSIR                      
00008553  UARTDisableSIR                     
00008569  UARTSmartCardEnable                
0000859b  UARTSmartCardDisable               
000085b1  UARTModemControlSet                
000085e9  UARTModemControlClear              
0000860d  UARTModemControlGet                
0000861f  UARTModemStatusGet                 
00008633  UARTFlowControlSet                 
0000864f  UARTFlowControlGet                 
00008661  UARTTxIntModeSet                   
0000867d  UARTTxIntModeGet                   
0000868f  UARTCharsAvail                     
000086ad  UARTSpaceAvail                     
000086cb  UARTCharGetNonBlocking             
000086e7  UARTCharGet                        
000086fd  UARTCharPutNonBlocking             
00008721  UARTCharPut                        
0000873f  UARTBreakCtl                       
00008769  UARTBusy                           
00008787  UARTIntRegister                    
000087a5  UARTIntUnregister                  
000087c5  UARTIntEnable                      
000087dd  UARTIntDisable                     
000087f5  UARTIntStatus                      
00008813  UARTIntClear                       
00008825  UARTDMAEnable                      
0000883d  UARTDMADisable                     
00008855  UARTRxErrorGet                     
00008867  UARTRxErrorClear                   
00008877  UARTClockSourceSet                 
0000888b  UARTClockSourceGet                 
0000889b  UART9BitEnable                     
000088b1  UART9BitDisable                    
000088c7  UART9BitAddrSet                    
000088ed  UART9BitAddrSend                   
00008935  xEventGroupCreate                  
00008955  xEventGroupSync                    
00008a87  xEventGroupWaitBits                
00008be7  xEventGroupClearBits               
00008c45  xEventGroupClearBitsFromISR        
00008c5d  xEventGroupGetBitsFromISR          
00008c91  xEventGroupSetBits                 
00008d8b  vEventGroupDelete                  
00008de1  vEventGroupSetBitsCallback         
00008df1  vEventGroupClearBitsCallback       
00008e37  xEventGroupSetBitsFromISR          
00008e57  uxEventGroupGetNumber              
00008e77  vEventGroupSetNumber               
00008e91  init_i2c                           
00008f1b  add_i2c_msg                        
00008fa5  i2c_task                           
000093cd  UARTStdioConfig                    
00009413  UARTwrite                          
00009463  UARTgets                           
0000951d  UARTgetc                           
00009545  UARTvprintf                        
0000983f  UARTprintf                         
00009875  init_console                       
00009885  add_page                           
00009b09  console_task                       
00009c73  IntMasterEnable                    
00009c83  IntMasterDisable                   
00009c93  IntRegister                        
00009ce5  IntUnregister                      
00009cf9  IntPriorityGroupingSet             
00009d13  IntPriorityGroupingGet             
00009d4b  IntPrioritySet                     
00009d9b  IntPriorityGet                     
00009dbf  IntEnable                          
00009e31  IntDisable                         
00009ea3  IntIsEnabled                       
00009f29  IntPendSet                         
00009f99  IntPendClear                       
00009fe7  IntPriorityMaskSet                 
00009ff3  IntPriorityMaskGet                 
00009ffb  IntTrigger                         
0000a031  init_adc                           
0000a195  get_adc_config                     
0000a1d9  get_adc_val                        
0000a1ff  get_adc_struct                     
0000a221  adc_task                           
0000a2c1  pxPortInitialiseStack              
0000a34d  xPortStartScheduler                
0000a3e1  vPortEndScheduler                  
0000a405  vPortEnterCritical                 
0000a447  vPortExitCritical                  
0000a473  xPortSysTickHandler                
0000a499  vPortSetupTimerInterrupt           
0000a4b5  vPortValidateInterruptPriority     
0000a7bd  create_error                       
0000a81d  set_error                          
0000a82f  init_logger                        
0000a85b  logger_drawpage                    
0000a895  logger_drawdata                    
0000a945  logger_drawinput                   
0000abbd  pvPortMalloc                       
0000acbd  vPortFree                          
0000ad1b  xPortGetFreeHeapSize               
0000ad21  vPortInitialiseBlocks              
0000ad7d  __aeabi_dsub                       
0000ad87  __aeabi_dadd                       
0000af35  init_gpis                          
0000b019  get_gpi_config                     
0000b05d  read_gpi                           
0000b07b  get_gpi_struct                     
0000b0c1  control_drawpage                   
0000b177  control_drawdata                   
0000b1f7  control_drawinput                  
0000b239  main                               
0000b4dd  USBDeviceIntHandlerInternal        
0000b62d  USBDeviceConfig                    
0000b775  init_gpos                          
0000b7f7  get_gpo_config                     
0000b83b  set_gpo                            
0000b867  get_gpo                            
0000b9f5  __aeabi_ddiv                       
0000bb2d  homepage_drawpage                  
0000bb7f  homepage_drawdata                  
0000bb81  homepage_drawinput                 
0000bc5d  vListInitialise                    
0000bc8d  vListInitialiseItem                
0000bc9d  vListInsertEnd                     
0000bcd9  vListInsert                        
0000bd3f  uxListRemove                       
0000bead  fputs                              
0000bfc1  ldexp                              
0000bfc1  ldexpl                             
0000bfc1  scalbn                             
0000bfc1  scalbnl                            
0000c0d1  aligned_alloc                      
0000c0d1  memalign                           
0000c1d1  __aeabi_dmul                       
0000c3b1  get_char                           
0000c3fd  init_console_uart                  
0000c495  free                               
0000c579  setvbuf                            
0000c665  ulPortGetIPSR                      
0000c67d  xPortPendSVHandler                 
0000c6dd  vPortSVCHandler                    
0000c6fd  vPortStartFirstTask                
0000c721  vPortEnableVFP                     
0000c731  USBDeviceEnumHandler               
0000c809  set_text_mode                      
0000c817  text_color                         
0000c825  bold_text_color                    
0000c833  bgd_color                          
0000c841  cursor_pos                         
0000c853  save_cursor_pos                    
0000c85d  restore_cursor_pos                 
0000c867  clear_terminal                     
0000c871  clear_line                         
0000c87b  clear_in_line                      
0000c885  clear_below_line                   
0000c8dd  FPUEnable                          
0000c8ef  FPUDisable                         
0000c8fd  FPUStackingEnable                  
0000c90f  FPULazyStackingEnable              
0000c91b  FPUStackingDisable                 
0000c927  FPUHalfPrecisionModeSet            
0000c941  FPUNaNModeSet                      
0000c95b  FPUFlushToZeroModeSet              
0000c975  FPURoundingModeSet                 
0000ca4f  __aeabi_memcpy                     
0000ca4f  __aeabi_memcpy4                    
0000ca4f  __aeabi_memcpy8                    
0000ca4f  memcpy                             
0000cb85  __aeabi_uldivmod                   
0000ccad  USBDeviceConfigAlternate           
0000cd39  __aeabi_cdcmpeq                    
0000cd39  __aeabi_cdcmple                    
0000cdbf  __aeabi_cdrcmple                   
0000cec1  fflush                             
0000cf3d  __aeabi_memclr                     
0000cf3d  __aeabi_memclr4                    
0000cf3d  __aeabi_memclr8                    
0000cf3f  __aeabi_memset                     
0000cf3f  __aeabi_memset4                    
0000cf3f  __aeabi_memset8                    
0000cf45  memset                             
0000d031  __TI_closefile                     
0000d265  HOSTrename                         
0000d2d1  HOSTlseek                          
0000d339  __TI_decompress_lzss               
0000d3a1  frexp                              
0000d3a1  frexpl                             
0000d405  fseek                              
0000d469  __TI_wrt_ok                        
0000d4cd  HOSTopen                           
0000d58d  close                              
0000d5e9  HOSTread                           
0000d641  HOSTwrite                          
0000d6ef  __TI_ltoa                          
0000d795  USBDCDConfigDescGet                
0000d7e5  USBDeviceResumeTickHandler         
0000d8cd  __TI_doflush                       
0000d919  atoi                               
0000d965  taskmanager_drawpage               
0000d99d  taskmanager_drawdata               
0000d99f  taskmanager_drawinput              
0000d9fd  USBDeviceEnumResetHandler          
0000da45  exit                               
0000da8d  __aeabi_d2iz                       
0000dad5  HOSTclose                          
0000db19  HOSTunlink                         
0000dba1  __TI_auto_init_nobinit_nopinit     
0000dbe5  getdevice                          
0000dc29  __aeabi_uidiv                      
0000dc29  __aeabi_uidivmod                   
0000dc69  sprintf                            
0000dce7  CPUcpsid                           
0000dcf3  CPUprimask                         
0000dcfd  CPUcpsie                           
0000dd09  CPUwfi                             
0000dd0d  CPUbasepriSet                      
0000dd1b  CPUbasepriGet                      
0000dd25  InternalUSBStartOfFrameTick        
0000dd5d  USBDCDConfigGetInterfaceEndpoint   
0000dd95  __TI_writemsg                      
0000ddc3  C$$IO$$                            
0000ddcd  strncpy                            
0000de39  __TI_cleanup                       
0000de6d  __TI_readmsg                       
0000dea1  _c_int00_noargs                    
0000df05  finddevice                         
0000df35  __aeabi_i2d                        
0000df63  USBDCDConfigDescGetNum             
0000df8f  USBDescGet                         
0000dfbd  remove                             
0000dfbd  unlink                             
0000dfe9  USBDescGetNum                      
0000e013  vApplicationMallocFailedHook       
0000e023  vApplicationIdleHook               
0000e025  vApplicationStackOverflowHook      
0000e08d  lseek                              
0000e0b5  write                              
0000e0fd  memchr                             
0000e11d  USBDCDConfigGetInterface           
0000e139  USBDCDStallEP0                     
0000e155  _abort_msg                         
0000e18d  memccpy                            
0000e1a9  USBDCDConfigDescGetSize            
0000e1c3  copysign                           
0000e1c3  copysignl                          
0000e1dd  USB0DeviceIntHandler               
0000e23d  strcmp                             
0000e255  strchr                             
0000e26b  strcpy                             
0000e27f  strlen                             
0000e293  wcslen                             
0000e2a5  __TI_decompress_none               
0000e2b3  __TI_zero_init                     
0000e2bf  ResetISR                           
0000e2d5  __aeabi_errno_addr                 
0000e2dd  malloc                             
0000e2e5  SysCtlDelay                        
0000e2eb  _system_pre_init                   
0000e2ef  C$$EXIT                            
0000e2ef  abort                              
0000e414  _ctypes_                           
0000eabc  gpo_info                           
0000eac4  ulMaxSyscallInterruptPriority      
0000ec3c  __TI_Handler_Table_Base            
0000ec48  __TI_Handler_Table_Limit           
0000ec58  __TI_CINIT_Base                    
0000ec70  __TI_CINIT_Limit                   
20000000  __start___llvm_prf_cnts            
20000000  __stop___llvm_prf_cnts             
20000000  g_pfnRAMVectors                    
2000026c  ucHeap                             
200067fc  __CIOBUF_                          
20006a0c  __TI_tmpnams                       
20006b10  g_psDCDInst                        
20006ba0  xQueueRegistry                     
20006c20  g_pfnTickHandlers                  
20006c38  g_pvTickInstance                   
20006d04  adc_info                           
20006d0c  gpis_info                          
20006d14  parmbuf                            
20006d24  addr_ack_err                       
20006d28  arb_lost_err                       
20006d2c  blue_debug                         
20006d30  clk_tout_err                       
20006d34  data_ack_err                       
20006d38  g_ppsDevInfo                       
20006d3c  green_debug                        
20006d40  red_debug                          
20006d44  _ftable                            
20006ec0  _device                            
20006f38  _stream                            
20006f88  pxCurrentTCB                       
20007188  __TI_ft_end                        
2000718c  __aeabi_stdin                      
20007190  __aeabi_stdout                     
20007194  __aeabi_stderr                     
20007198  __TI_cleanup_ptr                   
2000719c  __TI_dtors_ptr                     
200071a0  __TI_enable_exit_profile_output    
200071c8  g_bUSBTimerInitialized             
200071cc  g_ui32CurrentUSBTick               
200071d0  g_ui32USBSOFCount                  
200071d4  _lock                              
200071d8  _unlock                            
200071e4  adc_pin_struct                     
200071ec  gpi_info                           
20007204  i2c_msg_queue                      
20007214  adc_event                          
2000721c  errno                              
20007220  __stack                            
20007420  __STACK_END                        
20007420  __STACK_TOP                        
20007420  _sys_memory                        
ffffffff  __TI_pprof_out_hndl                
ffffffff  __TI_prof_data_size                
ffffffff  __TI_prof_data_start               
ffffffff  __binit__                          
ffffffff  __c_args__                         
ffffffff  binit                              
UNDEFED   __mpu_init                         
UNDEFED   _system_post_cinit                 

[724 symbols]
