******************************************************************************
                  TI ARM Linker PC v20.2.2                     
******************************************************************************
>> Linked Sun Apr 18 15:18:07 2021

OUTPUT FILE NAME:   <drum_pad.out>
ENTRY POINT SYMBOL: "_c_int00_noargs"  address: 00014349


MEMORY CONFIGURATION

         name            origin    length      used     unused   attr    fill
----------------------  --------  ---------  --------  --------  ----  --------
  FLASH                 00000000   00040000  000155cb  0002aa35  R  X
  SRAM                  20000000   00008000  00005f2c  000020d4  RW X


SEGMENT ALLOCATION MAP

run origin  load origin   length   init length attrs members
----------  ----------- ---------- ----------- ----- -------
00000000    00000000    000155d0   000155d0    r-x
  00000000    00000000    0000026c   0000026c    r-- .intvecs
  0000026c    0000026c    000144f6   000144f6    r-x .text
  00014764    00014764    00000ad9   00000ad9    r-- .const
  00015240    00015240    00000390   00000390    r-- .cinit
20000000    20000000    00005f30   00000000    rw-
  20000000    20000000    0000026c   00000000    rw- .vtable
  2000026c    2000026c    00004d48   00000000    rw- .bss
  20004fb4    20004fb4    00000b68   00000000    rw- .data
  20005b20    20005b20    00000400   00000000    rw- .stack
  20005f20    20005f20    00000010   00000000    rw- .sysmem


SECTION ALLOCATION MAP

 output                                  attributes/
section   page    origin      length       input sections
--------  ----  ----------  ----------   ----------------
.intvecs   0    00000000    0000026c     
                  00000000    0000026c     tm4c123gh6pm_startup_ccs.obj (.intvecs)

.text      0    0000026c    000144f6     
                  0000026c    00001ddc     tasks.obj (.text)
                  00002048    000015ba     usb.obj (.text)
                  00003602    00000002     rtsv7M4_T_le_v4SPD16_eabi.lib : _lock.c.obj (.text:_nop)
                  00003604    000011f4     usbdenum.obj (.text)
                  000047f8    00000fa8     queue.obj (.text)
                  000057a0    00000ef4     sysctl.obj (.text)
                  00006694    00000e64     usbdma.obj (.text)
                  000074f8    00000d10     usbdhid.obj (.text)
                  00008208    00000b88     gpio.obj (.text)
                  00008d90    00000a4e     rtsv7M4_T_le_v4SPD16_eabi.lib : _printfi.c.obj (.text:__TI_printfi)
                  000097de    00000002                                   : div0.asm.obj (.text)
                  000097e0    000007c2     adc.obj (.text)
                  00009fa2    00000002     --HOLE-- [fill = 0]
                  00009fa4    0000069c     i2c.obj (.text)
                  0000a640    00000650     drum_pad_functions.obj (.text)
                  0000ac90    00000642     timer.obj (.text)
                  0000b2d2    00000002     --HOLE-- [fill = 0]
                  0000b2d4    00000618     uart.obj (.text)
                  0000b8ec    00000564     I2C_task.obj (.text)
                  0000be50    000004e0     udma.obj (.text)
                  0000c330    000004a8     uartstdio.obj (.text)
                  0000c7d8    0000049c     usbmode.obj (.text)
                  0000cc74    00000494     console_task.obj (.text)
                  0000d108    000003f4     usblib.lib : usbhostenum.obj (.text:USBHostIntHandlerInternal)
                  0000d4fc    000003d4     ADC_task.obj (.text)
                  0000d8d0    000003c0     interrupt.obj (.text)
                  0000dc90    000003b8     ads1x15_task.obj (.text)
                  0000e048    00000388     usbdconfig.obj (.text)
                  0000e3d0    00000346     ssi.obj (.text)
                  0000e716    00000002     --HOLE-- [fill = 0]
                  0000e718    00000308     joystick_functions.obj (.text)
                  0000ea20    000002de     usbdcdesc.obj (.text)
                  0000ecfe    00000002     --HOLE-- [fill = 0]
                  0000ed00    000002dc     usbdhidgamepad.obj (.text)
                  0000efdc    000002c4     looper_buttons_task.obj (.text)
                  0000f2a0    000002b4     rotary_enc_task.obj (.text)
                  0000f554    0000028c     port.obj (.text)
                  0000f7e0    00000270     rtsv7M4_T_le_v4SPD16_eabi.lib : _printfi.c.obj (.text:_pconv_a)
                  0000fa50    0000026c     midi_ctrl_board.obj (.text)
                  0000fcbc    00000228     logger.obj (.text)
                  0000fee4    000001e4     usb_hid_task.obj (.text)
                  000100c8    000001d2     usbdesc.obj (.text)
                  0001029a    00000002     --HOLE-- [fill = 0]
                  0001029c    000001d0     rtsv7M4_T_le_v4SPD16_eabi.lib : _printfi.c.obj (.text:_pconv_g)
                  0001046c    000001d0     midi_knobs_functions.obj (.text)
                  0001063c    000001c4     looper_board.obj (.text)
                  00010800    000001c0     heap_2.obj (.text)
                  000109c0    000001b6     rtsv7M4_T_le_v4SPD16_eabi.lib : fd_add_t2.asm.obj (.text)
                  00010b76    00000002     --HOLE-- [fill = 0]
                  00010b78    000001ac     GPIs.obj (.text)
                  00010d24    00000190     usblib.lib : usbhostenum.obj (.text:ProcessUSBDeviceStateMachine)
                  00010eb4    00000178     control_page.obj (.text)
                  0001102c    00000174     usblib.lib : usbhostenum.obj (.text:USBHCDInitInternal)
                  000111a0    00000174                : usbhhub.obj (.text:USBHHubMain)
                  00011314    00000168     GPOs.obj (.text)
                  0001147c    00000158     host_uart_task.obj (.text)
                  000115d4    00000144     midi_uart_functions.obj (.text)
                  00011718    0000013c     rtsv7M4_T_le_v4SPD16_eabi.lib : _printfi.c.obj (.text:_pconv_e)
                  00011854    00000136                                   : fd_div_t2.asm.obj (.text)
                  0001198a    00000002     --HOLE-- [fill = 0]
                  0001198c    00000130     homepage.obj (.text)
                  00011abc    0000012a     list.obj (.text)
                  00011be6    00000002     --HOLE-- [fill = 0]
                  00011be8    00000124     rtsv7M4_T_le_v4SPD16_eabi.lib : _printfi.c.obj (.text:fcvt)
                  00011d0c    00000114                                   : fputs.c.obj (.text:fputs)
                  00011e20    00000114     midi_buttons_task.obj (.text)
                  00011f34    00000110     rtsv7M4_T_le_v4SPD16_eabi.lib : s_scalbn.c.obj (.text:scalbn)
                  00012044    00000100     usblib.lib : usbhostenum.obj (.text:USBHCDEnumHandler)
                  00012144    00000100     rtsv7M4_T_le_v4SPD16_eabi.lib : memory.c.obj (.text:aligned_alloc)
                  00012244    000000fc     console_uart.obj (.text)
                  00012340    000000fc     rtsv7M4_T_le_v4SPD16_eabi.lib : fd_mul_t2.asm.obj (.text)
                  0001243c    000000f0     usblib.lib : usbhostenum.obj (.text:USBHCDControlTransfer)
                  0001252c    000000f0                : usbhostenum.obj (.text:USBHCDInit)
                  0001261c    000000ec     usbtick.obj (.text)
                  00012708    000000e4     rtsv7M4_T_le_v4SPD16_eabi.lib : memory.c.obj (.text:free)
                  000127ec    000000e0     usblib.lib : usbhostenum.obj (.text:USBHCDMain)
                  000128cc    000000dc     rtsv7M4_T_le_v4SPD16_eabi.lib : setvbuf.c.obj (.text:setvbuf)
                  000129a8    000000da     portasm.obj (.text)
                  00012a82    00000002     --HOLE-- [fill = 0]
                  00012a84    000000d2     text_controls.obj (.text)
                  00012b56    000000c8     usbulpi.obj (.text)
                  00012c1e    00000002     --HOLE-- [fill = 0]
                  00012c20    000000c0     fpu.obj (.text)
                  00012ce0    000000b1     rtsv7M4_T_le_v4SPD16_eabi.lib : _printfi.c.obj (.text:_ltostr)
                  00012d91    00000003     --HOLE-- [fill = 0]
                  00012d94    0000009c     usblib.lib : usbhostenum.obj (.text:USBHCDDeviceDisconnected)
                  00012e30    0000009c                : usbhostenum.obj (.text:USBHCDFeatureSet)
                  00012ecc    0000009c     rtsv7M4_T_le_v4SPD16_eabi.lib : memcpy_t2.asm.obj (.text)
                  00012f68    00000096                                   : ull_div_t2.asm.obj (.text)
                  00012ffe    00000002     --HOLE-- [fill = 0]
                  00013000    00000090     usblib.lib : usbhostenum.obj (.text:USBHCDOpenDriver)
                  00013090    00000086     rtsv7M4_T_le_v4SPD16_eabi.lib : fd_cmp_t2.asm.obj (.text:__aeabi_cdcmple)
                  00013116    00000086                                   : fd_cmp_t2.asm.obj (.text:__aeabi_cdrcmple)
                  0001319c    0000007c     board_select.obj (.text)
                  00013218    0000007c     rtsv7M4_T_le_v4SPD16_eabi.lib : fflush.c.obj (.text:fflush)
                  00013294    0000007a                                   : memset_t2.asm.obj (.text)
                  0001330e    00000074     usblib.lib : usbhostenum.obj (.text:USBHCDGetConfigDescriptor)
                  00013382    00000002     --HOLE-- [fill = 0]
                  00013384    00000074     rtsv7M4_T_le_v4SPD16_eabi.lib : fclose.c.obj (.text:__TI_closefile)
                  000133f8    00000074     main.obj (.text)
                  0001346c    00000070     rtsv7M4_T_le_v4SPD16_eabi.lib : memory.c.obj (.text:split)
                  000134dc    0000006e                                   : _printfi.c.obj (.text:_mcpy)
                  0001354a    00000002     --HOLE-- [fill = 0]
                  0001354c    0000006c                                   : hostrename.c.obj (.text:HOSTrename)
                  000135b8    00000068                                   : hostlseek.c.obj (.text:HOSTlseek)
                  00013620    00000068                                   : copy_decompress_lzss.c.obj (.text:decompress:lzss:__TI_decompress_lzss)
                  00013688    00000064     usblib.lib : usbhostenum.obj (.text:USBHostCheckPipes)
                  000136ec    00000064     rtsv7M4_T_le_v4SPD16_eabi.lib : s_frexp.c.obj (.text:frexp)
                  00013750    00000064                                   : fseek.c.obj (.text:fseek)
                  000137b4    00000062                                   : _io_perm.c.obj (.text:__TI_wrt_ok)
                  00013816    00000002     --HOLE-- [fill = 0]
                  00013818    00000060                                   : hostopen.c.obj (.text:HOSTopen)
                  00013878    0000005c     usblib.lib : usbhostenum.obj (.text:ConfigDescAlloc)
                  000138d4    0000005c                : usbhostenum.obj (.text:USBHCDGetDeviceDescriptor)
                  00013930    0000005c     rtsv7M4_T_le_v4SPD16_eabi.lib : close.c.obj (.text:close)
                  0001398c    00000058                                   : hostread.c.obj (.text:HOSTread)
                  000139e4    00000058                                   : hostwrite.c.obj (.text:HOSTwrite)
                  00013a3c    00000058     usblib.lib : usbhostenum.obj (.text:USBHCDEP0StateTx)
                  00013a94    00000058                : usbhostenum.obj (.text:USBHCDHubDeviceConnected)
                  00013aec    00000056     rtsv7M4_T_le_v4SPD16_eabi.lib : _printfi.c.obj (.text:_pconv_f)
                  00013b42    00000054                                   : _ltoa.c.obj (.text:__TI_ltoa)
                  00013b96    00000052                                   : _printfi.c.obj (.text:_ecpy)
                  00013be8    00000050     usblib.lib : usbhhub.obj (.text:HubGetPortStatus)
                  00013c38    0000004c                : usbhhub.obj (.text:HubDriverDeviceDisconnect)
                  00013c84    0000004c                : usbhostenum.obj (.text:USBHCDPowerConfigSet)
                  00013cd0    0000004c     rtsv7M4_T_le_v4SPD16_eabi.lib : fflush.c.obj (.text:__TI_doflush)
                  00013d1c    0000004c                                   : atoi.c.obj (.text:atoi)
                  00013d68    0000004c     task_manager_page.obj (.text)
                  00013db4    00000048     usblib.lib : usbhostenum.obj (.text:USBHCDSetAddress)
                  00013dfc    00000048                : usbhhub.obj (.text:USBHHubInit)
                  00013e44    00000048     rtsv7M4_T_le_v4SPD16_eabi.lib : exit.c.obj (.text:exit)
                  00013e8c    00000048                                   : fd_toi_t2.asm.obj (.text)
                  00013ed4    00000044                                   : hostclose.c.obj (.text:HOSTclose)
                  00013f18    00000044                                   : hostunlink.c.obj (.text:HOSTunlink)
                  00013f5c    00000044                                   : autoinit.c.obj (.text:__TI_auto_init_nobinit_nopinit:__TI_auto_init_nobinit_nopinit)
                  00013fa0    00000044                                   : getdevice.c.obj (.text:getdevice)
                  00013fe4    00000044                                   : fd_tou_t2.asm.obj (.text)
                  00014028    00000040                                   : u_divt2.asm.obj (.text)
                  00014068    00000040                                   : sprintf.c.obj (.text:sprintf)
                  000140a8    0000003e                                   : _printfi.c.obj (.text:_fcpy)
                  000140e6    0000003e     cpu.obj (.text)
                  00014124    0000003c     usblib.lib : usbhhub.obj (.text:HubDriverReset)
                  00014160    00000038                : usbhostenum.obj (.text:USBHCDReset)
                  00014198    00000038     rtsv7M4_T_le_v4SPD16_eabi.lib : trgmsg.c.obj (.text:__TI_writemsg)
                  000141d0    00000038                                   : fs_tod_t2.asm.obj (.text)
                  00014208    00000036     usblib.lib : usbhhub.obj (.text:HubClearPortFeature)
                  0001423e    00000036                : usbhhub.obj (.text:HubSetPortFeature)
                  00014274    00000036     rtsv7M4_T_le_v4SPD16_eabi.lib : strncpy.c.obj (.text:strncpy)
                  000142aa    00000034     usblib.lib : usbhostenum.obj (.text:USBHCDSetConfig)
                  000142de    00000002     --HOLE-- [fill = 0]
                  000142e0    00000034     rtsv7M4_T_le_v4SPD16_eabi.lib : fopen.c.obj (.text:__TI_cleanup)
                  00014314    00000034                                   : trgmsg.c.obj (.text:__TI_readmsg)
                  00014348    00000034                                   : boot_cortex_m.c.obj (.text:_c_int00_noargs:_c_int00_noargs)
                  0001437c    00000030                                   : getdevice.c.obj (.text:finddevice)
                  000143ac    0000002e                                   : i_tofd_t2.asm.obj (.text)
                  000143da    00000002     --HOLE-- [fill = 0]
                  000143dc    0000002c     usblib.lib : usbhostenum.obj (.text:ConfigDescFree)
                  00014408    0000002c                : usbhostenum.obj (.text:InternalUSBHCDSendEvent)
                  00014434    0000002c     rtsv7M4_T_le_v4SPD16_eabi.lib : unlink.c.obj (.text:unlink)
                  00014460    0000002a     hooks.obj (.text)
                  0001448a    00000002     --HOLE-- [fill = 0]
                  0001448c    00000028     rtsv7M4_T_le_v4SPD16_eabi.lib : memory.c.obj (.text:free_list_insert)
                  000144b4    00000028                                   : lseek.c.obj (.text:lseek)
                  000144dc    00000028                                   : write.c.obj (.text:write)
                  00014504    00000020     usblib.lib : usbhhub.obj (.text:HubDriverDeviceConnect)
                  00014524    00000020                : usbhhub.obj (.text:HubDriverDeviceReset)
                  00014544    00000020     rtsv7M4_T_le_v4SPD16_eabi.lib : memchr.c.obj (.text:memchr)
                  00014564    00000020                                   : u_tofd_t2.asm.obj (.text)
                  00014584    0000001c                                   : assert.c.obj (.text:_abort_msg)
                  000145a0    0000001c                                   : memory.c.obj (.text:free_list_remove)
                  000145bc    0000001c                                   : memccpy.c.obj (.text:memccpy)
                  000145d8    0000001a                                   : s_copysign.c.obj (.text:copysign)
                  000145f2    00000002     --HOLE-- [fill = 0]
                  000145f4    00000018     usblib.lib : usbhhub.obj (.text:USBHHubEnumerationComplete)
                  0001460c    00000018                : usbhhub.obj (.text:USBHHubEnumerationError)
                  00014624    00000018     rtsv7M4_T_le_v4SPD16_eabi.lib : sprintf.c.obj (.text:_outs)
                  0001463c    00000018                                   : strcmp.c.obj (.text:strcmp)
                  00014654    00000018     usbdhandler.obj (.text)
                  0001466c    00000016     rtsv7M4_T_le_v4SPD16_eabi.lib : strchr.c.obj (.text:strchr)
                  00014682    00000002     --HOLE-- [fill = 0]
                  00014684    00000014     usblib.lib : usbhostenum.obj (.text:USBHCDPowerAutomatic)
                  00014698    00000014                : usbhhub.obj (.text:USBHubPortSpeedSet)
                  000146ac    00000014     rtsv7M4_T_le_v4SPD16_eabi.lib : strcpy.c.obj (.text:strcpy)
                  000146c0    00000014                                   : strlen.c.obj (.text:strlen)
                  000146d4    00000012     usblib.lib : usbhostenum.obj (.text:SendUnknownConnect)
                  000146e6    00000012     rtsv7M4_T_le_v4SPD16_eabi.lib : wcslen.c.obj (.text:wcslen)
                  000146f8    0000000e                                   : copy_decompress_none.c.obj (.text:decompress:none:__TI_decompress_none)
                  00014706    00000002     --HOLE-- [fill = 0]
                  00014708    0000000c     usblib.lib : usbhostenum.obj (.text:USBHCDHubDeviceDisconnected)
                  00014714    0000000c                : usbhostenum.obj (.text:USBHCDPowerConfigGet)
                  00014720    0000000c     rtsv7M4_T_le_v4SPD16_eabi.lib : copy_zero_init.c.obj (.text:decompress:ZI:__TI_zero_init)
                  0001472c    0000000c     tm4c123gh6pm_startup_ccs.obj (.text)
                  00014738    0000000a     rtsv7M4_T_le_v4SPD16_eabi.lib : sprintf.c.obj (.text:_outc)
                  00014742    00000002     --HOLE-- [fill = 0]
                  00014744    00000008                                   : errno.c.obj (.text:__aeabi_errno_addr)
                  0001474c    00000008                                   : memory.c.obj (.text:malloc)
                  00014754    00000006     sysctl.obj (.text:SysCtlDelay)
                  0001475a    00000004     rtsv7M4_T_le_v4SPD16_eabi.lib : pre_init.c.obj (.text:_system_pre_init)
                  0001475e    00000004                                   : exit.c.obj (.text:abort:abort)

.const     0    00014764    00000ad9     
                  00014764    00000120     sysctl.obj (.const:g_pppui32XTALtoVCO)
                  00014884    00000101     rtsv7M4_T_le_v4SPD16_eabi.lib : ctype.c.obj (.const:.string:_ctypes_)
                  00014985    00000003     ads1x15_task.obj (.const:.string:ADC0_SEL)
                  00014988    000000c0     gpio.obj (.const:g_ppui32GPIOIntMapBlizzard)
                  00014a48    000000c0     gpio.obj (.const:g_ppui32GPIOIntMapSnowflake)
                  00014b08    0000009c     interrupt.obj (.const:g_pui32Regs)
                  00014ba4    00000090     gpio.obj (.const:g_pui32GPIOBaseAddrs)
                  00014c34    00000080     GPIs.obj (.const:.string)
                  00014cb4    0000006c     sysctl.obj (.const:g_pui32Xtals)
                  00014d20    00000062     GPOs.obj (.const:.string)
                  00014d82    00000001     ads1x15_task.obj (.const)
                  00014d83    00000001     --HOLE-- [fill = 0]
                  00014d84    00000060     ADC_task.obj (.const:.string)
                  00014de4    00000060     timer.obj (.const:g_ppui32TimerIntMap)
                  00014e44    00000050     i2c.obj (.const:g_ppui32I2CIntMapSnowflake)
                  00014e94    00000040     timer.obj (.const:g_ppui32TimerIntMapSnowflake)
                  00014ed4    00000040     uart.obj (.const:g_ppui32UARTIntMap)
                  00014f14    00000040     uart.obj (.const:g_ppui32UARTIntMapSnowflake)
                  00014f54    00000034     usb_structs.obj (.const:.string:g_pui8ConfigString)
                  00014f88    00000034     usbdenum.obj (.const:g_psUSBDStdRequests)
                  00014fbc    00000030     i2c.obj (.const:g_ppui32I2CIntMap)
                  00014fec    00000030     usbdhid.obj (.const:g_sHIDHandlers)
                  0001501c    00000030     sysctl.obj (.const:g_sXTALtoMEMTIM)
                  0001504c    0000002c     usb_structs.obj (.const:.string:g_pui8HIDInterfaceString)
                  00015078    00000022     usb_structs.obj (.const:.string:g_pui8ProductString)
                  0001509a    00000020     usbdhidgamepad.obj (.const:.string:g_pui8GameReportDescriptor)
                  000150ba    00000002     --HOLE-- [fill = 0]
                  000150bc    00000020     ssi.obj (.const:g_ppui32SSIIntMap)
                  000150dc    00000020     ssi.obj (.const:g_ppui32SSIIntMapSnowflake)
                  000150fc    00000020     interrupt.obj (.const:g_pui32Priority)
                  0001511c    00000018     usb_structs.obj (.const:g_ppui8StringDescriptors)
                  00015134    00000014     usb_structs.obj (.const:.string:g_pui8ManufacturerString)
                  00015148    00000014     interrupt.obj (.const:g_pui32Dii16Regs)
                  0001515c    00000014     interrupt.obj (.const:g_pui32EnRegs)
                  00015170    00000014     interrupt.obj (.const:g_pui32PendRegs)
                  00015184    00000014     interrupt.obj (.const:g_pui32UnpendRegs)
                  00015198    00000012     usb_structs.obj (.const:.string:g_pui8SerialNumberString)
                  000151aa    00000002     --HOLE-- [fill = 0]
                  000151ac    00000012     uartstdio.obj (.const:.string)
                  000151be    00000002     --HOLE-- [fill = 0]
                  000151c0    00000010     drum_pad_functions.obj (.const)
                  000151d0    0000000c     uartstdio.obj (.const:g_ui32UARTBase)
                  000151dc    0000000c     uartstdio.obj (.const:g_ui32UARTPeriph)
                  000151e8    00000008     sysctl.obj (.const:g_pui32VCOFrequencies)
                  000151f0    00000008     usbdhidgamepad.obj (.const:g_sHIDConfigSection)
                  000151f8    00000008     usbdhidgamepad.obj (.const:g_sHIDInEndpointSection)
                  00015200    00000008     usbdhidgamepad.obj (.const:g_sHIDInterfaceSection)
                  00015208    00000008     GPOs.obj (.const:looper_gpo_info)
                  00015210    00000008     GPOs.obj (.const:midi_gpo_info)
                  00015218    00000008     port.obj (.const)
                  00015220    00000007     usbdhidgamepad.obj (.const:.string:g_pui8HIDInEndpoint)
                  00015227    00000004     usb_structs.obj (.const:.string:g_pui8LangDescriptor)
                  0001522b    00000001     --HOLE-- [fill = 0]
                  0001522c    00000004     usbdhidgamepad.obj (.const:g_ppsHIDConfigDescriptors)
                  00015230    00000004     uartstdio.obj (.const)
                  00015234    00000003     ads1x15_task.obj (.const:.string:ADC1_SEL)
                  00015237    00000003     ads1x15_task.obj (.const:.string:ADC2_SEL)
                  0001523a    00000003     ads1x15_task.obj (.const:.string:ADC3_SEL)

.cinit     0    00015240    00000390     
                  00015240    00000359     (.cinit..data.load) [load image, compression = lzss]
                  00015599    00000003     --HOLE-- [fill = 0]
                  0001559c    0000000c     (__TI_handler_table)
                  000155a8    00000008     (.cinit..bss.load) [load image, compression = zero_init]
                  000155b0    00000008     (.cinit..vtable.load) [load image, compression = zero_init]
                  000155b8    00000018     (__TI_cinit_table)

.init_array 
*          0    00000000    00000000     UNINITIALIZED

.vtable    0    20000000    0000026c     UNINITIALIZED
                  20000000    0000026c     interrupt.obj (.vtable)

.bss       0    2000026c    00004d48     UNINITIALIZED
                  2000026c    00003c00     (.common:ucHeap)
                  20003e6c    000006cc     usblib.lib : usbhostenum.obj (.bss:g_sUSBHCD)
                  20004538    00000190     task_manager_page.obj (.bss:write_buffer)
                  200046c8    00000120     rtsv7M4_T_le_v4SPD16_eabi.lib : trgmsg.c.obj (.bss:_CIOBUF_)
                  200047e8    00000110     usbdma.obj (.bss:g_psUSBDMAInst)
                  200048f8    000000f0     logger.obj (.bss:errors)
                  200049e8    000000f0     (.common:pad_states)
                  20004ad8    000000a0     (.common:__TI_tmpnams)
                  20004b78    0000009c     usblib.lib : usbhhub.obj (.bss:g_sRootHub)
                  20004c14    00000064     tasks.obj (.bss:pxReadyTasksLists)
                  20004c78    00000060     looper_buttons_task.obj (.bss:looper_pins)
                  20004cd8    00000050     (.common:g_psDCDInst)
                  20004d28    00000040     usbdenum.obj (.bss:g_pui8DataBufferIn)
                  20004d68    00000040     (.common:xQueueRegistry)
                  20004da8    00000020     ADC_task.obj (.bss:adc00_step_values)
                  20004dc8    00000018     usblib.lib : usbhostenum.obj (.bss:g_pi32USBHActiveDriver)
                  20004de0    00000018                : usbhostenum.obj (.bss:g_ppvDriverInstance)
                  20004df8    00000018     (.common:g_pfnTickHandlers)
                  20004e10    00000018     (.common:g_pvTickInstance)
                  20004e28    00000014     drum_pad_functions.obj (.bss:float_string)
                  20004e3c    00000014     tasks.obj (.bss:xDelayedTaskList1)
                  20004e50    00000014     tasks.obj (.bss:xDelayedTaskList2)
                  20004e64    00000014     tasks.obj (.bss:xPendingReadyList)
                  20004e78    00000014     tasks.obj (.bss:xSuspendedTaskList)
                  20004e8c    00000014     tasks.obj (.bss:xTasksWaitingTermination)
                  20004ea0    00000010     ADC_task.obj (.bss:adc11_step_values)
                  20004eb0    00000010     rotary_enc_task.obj (.bss)
                  20004ec0    00000010     (.common:button_states)
                  20004ed0    00000010     (.common:midi_knobs)
                  20004ee0    0000000d     usb_hid_task.obj (.bss)
                  20004eed    00000003     usb_hid_task.obj (.bss:sReport)
                  20004ef0    00000008     ADC_task.obj (.bss)
                  20004ef8    00000008     ads1x15_task.obj (.bss:adc0_data)
                  20004f00    00000008     ads1x15_task.obj (.bss:adc1_data)
                  20004f08    00000008     usblib.lib : usbhostenum.obj (.bss:g_pui32Alloc)
                  20004f10    00000008     GPIs.obj (.bss:gpi_info)
                  20004f18    00000008     host_uart_task.obj (.bss)
                  20004f20    00000008     tasks.obj (.bss)
                  20004f28    00000008     usblib.lib : usbhhub.obj (.bss)
                  20004f30    00000008     heap_2.obj (.bss:xEnd)
                  20004f38    00000008     heap_2.obj (.bss:xStart)
                  20004f40    00000008     (.common:adc_info)
                  20004f48    00000008     (.common:gpis_info)
                  20004f50    00000008     (.common:gpo_info)
                  20004f58    00000008     (.common:parmbuf)
                  20004f60    00000006     joystick_functions.obj (.bss:js_uart_msg)
                  20004f66    00000002     ads1x15_task.obj (.bss:joy_x_data)
                  20004f68    00000004     I2C_task.obj (.bss)
                  20004f6c    00000004     console_uart.obj (.bss)
                  20004f70    00000004     drum_pad_functions.obj (.bss)
                  20004f74    00000004     adc.obj (.bss:g_pui8OversampleFactor)
                  20004f78    00000004     midi_buttons_task.obj (.bss)
                  20004f7c    00000004     usbdenum.obj (.bss)
                  20004f80    00000004     usblib.lib : usbhostenum.obj (.bss)
                  20004f84    00000004     usbmode.obj (.bss)
                  20004f88    00000004     (.common:addr_ack_err)
                  20004f8c    00000004     (.common:arb_lost_err)
                  20004f90    00000004     (.common:blue_debug)
                  20004f94    00000004     (.common:clk_tout_err)
                  20004f98    00000004     (.common:data_ack_err)
                  20004f9c    00000004     (.common:g_ppsDevInfo)
                  20004fa0    00000004     (.common:g_ui32PollRate)
                  20004fa4    00000004     (.common:green_debug)
                  20004fa8    00000004     (.common:red_debug)
                  20004fac    00000002     ads1x15_task.obj (.bss:joy_y_data)
                  20004fae    00000002     ads1x15_task.obj (.bss:sense_data)
                  20004fb0    00000002     ads1x15_task.obj (.bss:volume_data)
                  20004fb2    00000001     board_select.obj (.bss)
                  20004fb3    00000001     (.common:g_eOTGModeState)

.data      0    20004fb4    00000b68     UNINITIALIZED
                  20004fb4    00000108     console_task.obj (.data:console_pages)
                  200050bc    000000f0     rtsv7M4_T_le_v4SPD16_eabi.lib : defs.c.obj (.data:_ftable)
                  200051ac    00000098     usb_structs.obj (.data:g_sGamepadDevice)
                  20005244    00000078     rtsv7M4_T_le_v4SPD16_eabi.lib : host_device.c.obj (.data:_device)
                  200052bc    00000050                                   : host_device.c.obj (.data:_stream)
                  2000530c    00000034     tasks.obj (.data)
                  20005340    00000030     ADC_task.obj (.data:adc_pins)
                  20005370    0000002c     GPOs.obj (.data:looper_gpos)
                  2000539c    00000024     ADC_task.obj (.data:pad0)
                  200053c0    00000024     ADC_task.obj (.data:pad10)
                  200053e4    00000024     ADC_task.obj (.data:pad11)
                  20005408    00000024     ADC_task.obj (.data:pad1)
                  2000542c    00000024     ADC_task.obj (.data:pad2)
                  20005450    00000024     ADC_task.obj (.data:pad3)
                  20005474    00000024     ADC_task.obj (.data:pad4)
                  20005498    00000024     ADC_task.obj (.data:pad5)
                  200054bc    00000024     ADC_task.obj (.data:pad6)
                  200054e0    00000024     ADC_task.obj (.data:pad7)
                  20005504    00000024     ADC_task.obj (.data:pad8)
                  20005528    00000024     ADC_task.obj (.data:pad9)
                  2000554c    00000020     ads1x15_task.obj (.data:adc10_read)
                  2000556c    00000020     ads1x15_task.obj (.data:adc11_read)
                  2000558c    00000020     ads1x15_task.obj (.data:adc12_read)
                  200055ac    00000020     ads1x15_task.obj (.data:adc13_read)
                  200055cc    00000020     ads1x15_task.obj (.data:ads1015_adc10_sel)
                  200055ec    00000020     ads1x15_task.obj (.data:ads1015_adc11_sel)
                  2000560c    00000020     ads1x15_task.obj (.data:ads1015_adc12_sel)
                  2000562c    00000020     ads1x15_task.obj (.data:ads1015_adc13_sel)
                  2000564c    00000020     ads1x15_task.obj (.data:joy_x_read)
                  2000566c    00000020     ads1x15_task.obj (.data:joy_x_sel)
                  2000568c    00000020     ads1x15_task.obj (.data:joy_y_read)
                  200056ac    00000020     ads1x15_task.obj (.data:joy_y_sel)
                  200056cc    00000020     GPIs.obj (.data:looper_gpi_pins)
                  200056ec    00000020     ads1x15_task.obj (.data:sense_read)
                  2000570c    00000020     ads1x15_task.obj (.data:sense_sel)
                  2000572c    00000020     ads1x15_task.obj (.data:volume_read)
                  2000574c    00000020     ads1x15_task.obj (.data:volume_sel)
                  2000576c    0000001c     GPIs.obj (.data:midi_gpi_pins)
                  20005788    00000018     usblib.lib : usbhostenum.obj (.data:g_sUSBHEP0State)
                  200057a0    00000014     GPOs.obj (.data:blue_led)
                  200057b4    00000014     GPOs.obj (.data:blueled)
                  200057c8    00000014     GPIs.obj (.data:enc_bit_0)
                  200057dc    00000014     GPIs.obj (.data:enc_bit_1)
                  200057f0    00000014     GPIs.obj (.data:enc_bit_2)
                  20005804    00000014     GPIs.obj (.data:enc_bit_3)
                  20005818    00000014     GPOs.obj (.data:green_led)
                  2000582c    00000014     GPOs.obj (.data:greenled)
                  20005840    00000014     GPOs.obj (.data:led_0)
                  20005854    00000014     GPOs.obj (.data:led_1)
                  20005868    00000014     GPOs.obj (.data:led_2)
                  2000587c    00000014     GPOs.obj (.data:led_3)
                  20005890    00000014     GPOs.obj (.data:led_4)
                  200058a4    00000014     GPOs.obj (.data:led_5)
                  200058b8    00000014     GPOs.obj (.data:led_6)
                  200058cc    00000014     GPOs.obj (.data:led_7)
                  200058e0    00000014     GPIs.obj (.data:loop_0)
                  200058f4    00000014     GPIs.obj (.data:loop_1)
                  20005908    00000014     GPIs.obj (.data:loop_2)
                  2000591c    00000014     GPIs.obj (.data:loop_3)
                  20005930    00000014     GPIs.obj (.data:loop_4)
                  20005944    00000014     GPIs.obj (.data:loop_5)
                  20005958    00000014     GPIs.obj (.data:loop_6)
                  2000596c    00000014     GPIs.obj (.data:loop_7)
                  20005980    00000014     GPIs.obj (.data:octave_down)
                  20005994    00000014     GPIs.obj (.data:octave_up)
                  200059a8    00000014     GPIs.obj (.data:pressure_sense)
                  200059bc    00000014     GPOs.obj (.data:red_led)
                  200059d0    00000014     GPOs.obj (.data:redled)
                  200059e4    00000014     usblib.lib : usbhostenum.obj (.data)
                  200059f8    00000012     usbdhid.obj (.data:g_pui8HIDDeviceDescriptor)
                  20005a0a    00000002     joystick_functions.obj (.data)
                  20005a0c    00000011     console_task.obj (.data)
                  20005a1d    00000001     looper_buttons_task.obj (.data)
                  20005a1e    00000002     --HOLE--
                  20005a20    00000010     usbdhidgamepad.obj (.data:g_psHIDSections)
                  20005a30    00000010     rtsv7M4_T_le_v4SPD16_eabi.lib : defs.c.obj (.data)
                  20005a40    0000000c                                   : exit.c.obj (.data:$O1$$)
                  20005a4c    0000000c     GPOs.obj (.data:midi_gpos)
                  20005a58    0000000c     port.obj (.data)
                  20005a64    0000000c     usbtick.obj (.data)
                  20005a70    00000009     usbdhidgamepad.obj (.data:g_pui8GameDescriptor)
                  20005a79    00000009     usbdhidgamepad.obj (.data:g_pui8HIDInterface)
                  20005a82    00000009     usbdhidgamepad.obj (.data:g_sGameHIDDescriptor)
                  20005a8b    00000001     --HOLE--
                  20005a8c    00000009     usbmode.obj (.data)
                  20005a95    00000003     --HOLE--
                  20005a98    00000008     rtsv7M4_T_le_v4SPD16_eabi.lib : _lock.c.obj (.data:$O1$$)
                  20005aa0    00000008                                   : memory.c.obj (.data:$O1$$)
                  20005aa8    00000008     ADC_task.obj (.data)
                  20005ab0    00000008     ADC_task.obj (.data:adc_pin_struct)
                  20005ab8    00000008     usbdhidgamepad.obj (.data:g_sHIDConfigHeader)
                  20005ac0    00000008     usbdhidgamepad.obj (.data:g_sHIDDescriptorSection)
                  20005ac8    00000008     heap_2.obj (.data)
                  20005ad0    00000008     GPIs.obj (.data:looper_gpi_info)
                  20005ad8    00000008     GPIs.obj (.data:midi_gpi_info)
                  20005ae0    00000008     usbdenum.obj (.data)
                  20005ae8    00000005     I2C_task.obj (.data)
                  20005aed    00000003     --HOLE--
                  20005af0    00000005     uartstdio.obj (.data)
                  20005af5    00000003     --HOLE--
                  20005af8    00000004     usbdhidgamepad.obj (.data:g_ppui8GameClassDescriptors)
                  20005afc    00000004     host_uart_task.obj (.data)
                  20005b00    00000004     logger.obj (.data)
                  20005b04    00000004     looper_board.obj (.data)
                  20005b08    00000004     midi_buttons_task.obj (.data)
                  20005b0c    00000004     midi_ctrl_board.obj (.data)
                  20005b10    00000004     rotary_enc_task.obj (.data)
                  20005b14    00000004     rtsv7M4_T_le_v4SPD16_eabi.lib : errno.c.obj (.data)
                  20005b18    00000004     usb_hid_task.obj (.data)

.stack     0    20005b20    00000400     UNINITIALIZED
                  20005b20    00000004     rtsv7M4_T_le_v4SPD16_eabi.lib : boot_cortex_m.c.obj (.stack)
                  20005b24    000003fc     --HOLE--

.sysmem    0    20005f20    00000010     UNINITIALIZED
                  20005f20    00000010     rtsv7M4_T_le_v4SPD16_eabi.lib : memory.c.obj (.sysmem)

__llvm_prf_cnts 
*          0    20000000    00000000     UNINITIALIZED

MODULE SUMMARY

       Module                         code    ro data   rw data
       ------                         ----    -------   -------
    .\
       ADC_task.obj                   980     96        15912  
       drum_pad_functions.obj         1616    16        264    
       ads1x15_task.obj               952     13        536    
       console_task.obj               1172    0         281    
       I2C_task.obj                   1380    0         25     
       GPIs.obj                       428     128       384    
       GPOs.obj                       360     114       344    
       logger.obj                     552     0         256    
       looper_buttons_task.obj        708     0         97     
       joystick_functions.obj         776     0         8      
       rotary_enc_task.obj            692     0         20     
       tm4c123gh6pm_startup_ccs.obj   12      620       0      
       midi_ctrl_board.obj            620     0         4      
       usb_hid_task.obj               484     0         20     
       midi_knobs_functions.obj       464     0         16     
       task_manager_page.obj          76      0         400    
       heap_2.obj                     448     0         24     
       looper_board.obj               452     0         4      
       control_page.obj               376     0         16     
       host_uart_task.obj             344     0         12     
       usb_structs.obj                0       196       152    
       midi_uart_functions.obj        324     0         0      
       homepage.obj                   304     0         0      
       midi_buttons_task.obj          276     0         24     
       console_uart.obj               252     0         4      
       text_controls.obj              210     0         0      
       board_select.obj               124     0         1      
       main.obj                       116     0         0      
       hooks.obj                      42      0         0      
    +--+------------------------------+-------+---------+---------+
       Total:                         14540   1183      18804  
                                                               
    .\FreeRTOS\
       tasks.obj                      7644    0         260    
       queue.obj                      4008    0         64     
       list.obj                       298     0         0      
    +--+------------------------------+-------+---------+---------+
       Total:                         11950   0         324    
                                                               
    .\FreeRTOS\portable\CCS\ARM_CM4F\
       port.obj                       652     8         12     
       portasm.obj                    218     0         0      
    +--+------------------------------+-------+---------+---------+
       Total:                         870     8         12     
                                                               
    .\driverlib\
       usb.obj                        5562    0         0      
       sysctl.obj                     3834    452       0      
       gpio.obj                       2952    528       0      
       adc.obj                        1986    0         4      
       interrupt.obj                  960     268       620    
       i2c.obj                        1692    128       0      
       timer.obj                      1602    160       0      
       uart.obj                       1560    128       0      
       udma.obj                       1248    0         0      
       ssi.obj                        838     64        0      
       fpu.obj                        192     0         0      
       cpu.obj                        62      0         0      
    +--+------------------------------+-------+---------+---------+
       Total:                         22488   1728      624    
                                                               
    .\usb\
       usbdenum.obj                   4596    52        160    
       usbdma.obj                     3684    0         272    
       usbdhid.obj                    3344    48        18     
       usbmode.obj                    1180    0         18     
       usbdconfig.obj                 904     0         0      
       usbdhidgamepad.obj             732     67        63     
       usbdcdesc.obj                  734     0         0      
       usbdesc.obj                    466     0         0      
       usbtick.obj                    236     0         60     
       usbulpi.obj                    200     0         0      
       usbdhandler.obj                24      0         0      
    +--+------------------------------+-------+---------+---------+
       Total:                         16100   167       591    
                                                               
    .\utils\
       uartstdio.obj                  1192    46        5      
    +--+------------------------------+-------+---------+---------+
       Total:                         1192    46        5      
                                                               
    C:/ti/TivaWare_C_Series-2.2.0.295/usblib/ccs/Debug/usblib.lib
       usbhostenum.obj                4182    0         1844   
       usbhhub.obj                    900     0         164    
    +--+------------------------------+-------+---------+---------+
       Total:                         5082    0         2008   
                                                               
    C:\ti\ccs1020\ccs\tools\compiler\ti-cgt-arm_20.2.2.LTS\lib\rtsv7M4_T_le_v4SPD16_eabi.lib
       _printfi.c.obj                 4851    0         0      
       memory.c.obj                   672     0         8      
       fd_add_t2.asm.obj              438     0         0      
       defs.c.obj                     0       0         416    
       trgmsg.c.obj                   108     0         288    
       fd_div_t2.asm.obj              310     0         0      
       fputs.c.obj                    276     0         0      
       s_scalbn.c.obj                 272     0         0      
       fd_cmp_t2.asm.obj              268     0         0      
       ctype.c.obj                    0       257       0      
       fd_mul_t2.asm.obj              252     0         0      
       setvbuf.c.obj                  220     0         0      
       fflush.c.obj                   200     0         0      
       host_device.c.obj              0       0         200    
       memcpy_t2.asm.obj              156     0         0      
       ull_div_t2.asm.obj             150     0         0      
       memset_t2.asm.obj              122     0         0      
       fclose.c.obj                   116     0         0      
       getdevice.c.obj                116     0         0      
       hostrename.c.obj               108     0         0      
       copy_decompress_lzss.c.obj     104     0         0      
       hostlseek.c.obj                104     0         0      
       hostopen.c.obj                 96      0         8      
       fseek.c.obj                    100     0         0      
       s_frexp.c.obj                  100     0         0      
       _io_perm.c.obj                 98      0         0      
       sprintf.c.obj                  98      0         0      
       close.c.obj                    92      0         0      
       exit.c.obj                     76      0         12     
       hostread.c.obj                 88      0         0      
       hostwrite.c.obj                88      0         0      
       _ltoa.c.obj                    84      0         0      
       atoi.c.obj                     76      0         0      
       fd_toi_t2.asm.obj              72      0         0      
       autoinit.c.obj                 68      0         0      
       fd_tou_t2.asm.obj              68      0         0      
       hostclose.c.obj                68      0         0      
       hostunlink.c.obj               68      0         0      
       u_divt2.asm.obj                64      0         0      
       fs_tod_t2.asm.obj              56      0         0      
       strncpy.c.obj                  54      0         0      
       boot_cortex_m.c.obj            52      0         0      
       fopen.c.obj                    52      0         0      
       i_tofd_t2.asm.obj              46      0         0      
       unlink.c.obj                   44      0         0      
       lseek.c.obj                    40      0         0      
       write.c.obj                    40      0         0      
       memchr.c.obj                   32      0         0      
       u_tofd_t2.asm.obj              32      0         0      
       assert.c.obj                   28      0         0      
       memccpy.c.obj                  28      0         0      
       s_copysign.c.obj               26      0         0      
       strcmp.c.obj                   24      0         0      
       strchr.c.obj                   22      0         0      
       strcpy.c.obj                   20      0         0      
       strlen.c.obj                   20      0         0      
       wcslen.c.obj                   18      0         0      
       copy_decompress_none.c.obj     14      0         0      
       copy_zero_init.c.obj           12      0         0      
       errno.c.obj                    8       0         4      
       _lock.c.obj                    2       0         8      
       pre_init.c.obj                 4       0         0      
       div0.asm.obj                   2       0         0      
    +--+------------------------------+-------+---------+---------+
       Total:                         10923   257       944    
                                                               
       Heap:                          0       0         16     
       Stack:                         0       0         1024   
       Linker Generated:              0       909       0      
    +--+------------------------------+-------+---------+---------+
       Grand Total:                   83145   4298      24352  


LINKER GENERATED COPY TABLES

__TI_cinit_table @ 000155b8 records: 3, size/record: 8, table size: 24
	.data: load addr=00015240, load size=00000359 bytes, run addr=20004fb4, run size=00000b68 bytes, compression=lzss
	.bss: load addr=000155a8, load size=00000008 bytes, run addr=2000026c, run size=00004d48 bytes, compression=zero_init
	.vtable: load addr=000155b0, load size=00000008 bytes, run addr=20000000, run size=0000026c bytes, compression=zero_init


LINKER GENERATED HANDLER TABLE

__TI_handler_table @ 0001559c records: 3, size/record: 4, table size: 12
	index: 0, handler: __TI_zero_init
	index: 1, handler: __TI_decompress_lzss
	index: 2, handler: __TI_decompress_none


GLOBAL SYMBOLS: SORTED ALPHABETICALLY BY Name 

address   name                                 
-------   ----                                 
00009f1d  ADCBusy                              
00009f65  ADCClockConfigGet                    
00009f3b  ADCClockConfigSet                    
00009d37  ADCComparatorConfigure               
00009e07  ADCComparatorIntClear                
00009dbd  ADCComparatorIntDisable              
00009ddb  ADCComparatorIntEnable               
00009df9  ADCComparatorIntStatus               
00009d53  ADCComparatorRegionSet               
00009d77  ADCComparatorReset                   
00009d05  ADCHardwareOversampleConfigure       
0000991b  ADCIntClear                          
00009e7f  ADCIntClearEx                        
00009881  ADCIntDisable                        
00009e19  ADCIntDisableEx                      
0000989d  ADCIntEnable                         
00009e31  ADCIntEnableEx                       
0000983b  ADCIntRegister                       
000098c3  ADCIntStatus                         
00009e4d  ADCIntStatusEx                       
00009863  ADCIntUnregister                     
00009ed7  ADCPhaseDelayGet                     
00009ec5  ADCPhaseDelaySet                     
00009b7b  ADCProcessorTrigger                  
00009eb3  ADCReferenceGet                      
00009e97  ADCReferenceSet                      
0000d733  ADCSeq0Handler                       
0000d773  ADCSeq1Handler                       
00009965  ADCSequenceConfigure                 
00009f01  ADCSequenceDMADisable                
00009ee5  ADCSequenceDMAEnable                 
00009b39  ADCSequenceDataGet                   
0000994b  ADCSequenceDisable                   
00009931  ADCSequenceEnable                    
00009add  ADCSequenceOverflow                  
00009af5  ADCSequenceOverflowClear             
000099e9  ADCSequenceStepConfigure             
00009b0b  ADCSequenceUnderflow                 
00009b23  ADCSequenceUnderflowClear            
00009b9f  ADCSoftwareOversampleConfigure       
00009c97  ADCSoftwareOversampleDataGet         
00009bd7  ADCSoftwareOversampleStepConfigure   
0001475f  C$$EXIT                              
000141c7  C$$IO$$                              
0001411b  CPUbasepriGet                        
0001410d  CPUbasepriSet                        
000140e7  CPUcpsid                             
000140fd  CPUcpsie                             
000140f3  CPUprimask                           
00014109  CPUwfi                               
00013879  ConfigDescAlloc                      
000143dd  ConfigDescFree                       
00012c33  FPUDisable                           
00012c21  FPUEnable                            
00012c9f  FPUFlushToZeroModeSet                
00012c6b  FPUHalfPrecisionModeSet              
00012c53  FPULazyStackingEnable                
00012c85  FPUNaNModeSet                        
00012cb9  FPURoundingModeSet                   
00012c5f  FPUStackingDisable                   
00012c41  FPUStackingEnable                    
00008d6b  GPIOADCTriggerDisable                
00008d4d  GPIOADCTriggerEnable                 
00008d2f  GPIODMATriggerDisable                
00008d11  GPIODMATriggerEnable                 
000082c3  GPIODirModeGet                       
00008267  GPIODirModeSet                       
0000882b  GPIOIntClear                         
000087ef  GPIOIntDisable                       
000087d5  GPIOIntEnable                        
0000883f  GPIOIntRegister                      
00008809  GPIOIntStatus                        
000083b3  GPIOIntTypeGet                       
0000830f  GPIOIntTypeSet                       
0000885d  GPIOIntUnregister                    
00008683  GPIOPadConfigGet                     
00008449  GPIOPadConfigSet                     
00008cb3  GPIOPinConfigure                     
00008877  GPIOPinRead                          
000088af  GPIOPinTypeADC                       
000088d3  GPIOPinTypeCAN                       
00008c7f  GPIOPinTypeCIR                       
000088f7  GPIOPinTypeComparator                
0000891b  GPIOPinTypeEPI                       
0000893f  GPIOPinTypeEthernetLED               
00008963  GPIOPinTypeEthernetMII               
00008987  GPIOPinTypeGPIOInput                 
000089ab  GPIOPinTypeGPIOOutput                
000089cf  GPIOPinTypeGPIOOutputOD              
000089f3  GPIOPinTypeI2C                       
00008a17  GPIOPinTypeI2CSCL                    
00008c37  GPIOPinTypeKBColumn                  
00008c13  GPIOPinTypeKBRow                     
00008a3b  GPIOPinTypeLCD                       
00008c5b  GPIOPinTypeLEDSeq                    
00008a5f  GPIOPinTypeLPC                       
00008a83  GPIOPinTypePECIRx                    
00008aa7  GPIOPinTypePECITx                    
00008acb  GPIOPinTypePWM                       
00008aef  GPIOPinTypeQEI                       
00008b13  GPIOPinTypeSSI                       
00008b37  GPIOPinTypeTimer                     
00008b5b  GPIOPinTypeUART                      
00008b7f  GPIOPinTypeUSBAnalog                 
00008ba3  GPIOPinTypeUSBDigital                
00008bc7  GPIOPinTypeWakeHigh                  
00008bed  GPIOPinTypeWakeLow                   
00008ca3  GPIOPinWakeStatus                    
0000888f  GPIOPinWrite                         
0000fee5  GamepadHandler                       
00013ed5  HOSTclose                            
000135b9  HOSTlseek                            
00013819  HOSTopen                             
0001398d  HOSTread                             
0001354d  HOSTrename                           
00013f19  HOSTunlink                           
000139e5  HOSTwrite                            
0000a59b  I2CFIFODataGet                       
0000a5b5  I2CFIFODataGetNonBlocking            
0000a551  I2CFIFODataPut                       
0000a573  I2CFIFODataPutNonBlocking            
0000a541  I2CFIFOStatus                        
0000a135  I2CIntRegister                       
0000a153  I2CIntUnregister                     
0000a5f1  I2CMasterBurstCountGet               
0000a5db  I2CMasterBurstLengthSet              
0000a399  I2CMasterBusBusy                     
0000a381  I2CMasterBusy                        
0000a3b1  I2CMasterControl                     
0000a405  I2CMasterDataGet                     
0000a3ef  I2CMasterDataPut                     
0000a101  I2CMasterDisable                     
0000a0cd  I2CMasterEnable                      
0000a3c3  I2CMasterErr                         
0000a5ff  I2CMasterGlitchFilterConfigSet       
0000a003  I2CMasterInitExpClk                  
0000a2fb  I2CMasterIntClear                    
0000a319  I2CMasterIntClearEx                  
0000a1c7  I2CMasterIntDisable                  
0000a1d7  I2CMasterIntDisableEx                
0000a16d  I2CMasterIntEnable                   
0000a17d  I2CMasterIntEnableEx                 
0000a221  I2CMasterIntStatus                   
0000a265  I2CMasterIntStatusEx                 
0000a373  I2CMasterLineStateGet                
0000a351  I2CMasterSlaveAddrSet                
0000a413  I2CMasterTimeoutSet                  
0000a501  I2CRxFIFOConfigSet                   
0000a529  I2CRxFIFOFlush                       
0000a425  I2CSlaveACKOverride                  
0000a457  I2CSlaveACKValueSet                  
0000a08f  I2CSlaveAddressSet                   
0000a4b1  I2CSlaveDataGet                      
0000a499  I2CSlaveDataPut                      
0000a117  I2CSlaveDisable                      
0000a0e3  I2CSlaveEnable                       
0000a62f  I2CSlaveFIFODisable                  
0000a617  I2CSlaveFIFOEnable                   
0000a075  I2CSlaveInit                         
0000a32b  I2CSlaveIntClear                     
0000a33d  I2CSlaveIntClearEx                   
0000a1ef  I2CSlaveIntDisable                   
0000a207  I2CSlaveIntDisableEx                 
0000a195  I2CSlaveIntEnable                    
0000a1ad  I2CSlaveIntEnableEx                  
0000a291  I2CSlaveIntStatus                    
0000a2d9  I2CSlaveIntStatusEx                  
0000a489  I2CSlaveStatus                       
0000a4c1  I2CTxFIFOConfigSet                   
0000a4e9  I2CTxFIFOFlush                       
0000da91  IntDisable                           
0000da1f  IntEnable                            
0000db03  IntIsEnabled                         
0000d8e3  IntMasterDisable                     
0000d8d3  IntMasterEnable                      
0000dbf9  IntPendClear                         
0000db89  IntPendSet                           
0000d9fb  IntPriorityGet                       
0000d973  IntPriorityGroupingGet               
0000d959  IntPriorityGroupingSet               
0000dc53  IntPriorityMaskGet                   
0000dc47  IntPriorityMaskSet                   
0000d9ab  IntPrioritySet                       
0000d8f3  IntRegister                          
0000dc5b  IntTrigger                           
0000d945  IntUnregister                        
00014409  InternalUSBHCDSendEvent              
00012663  InternalUSBRegisterTickHandler       
000126b3  InternalUSBStartOfFrameTick          
0001261d  InternalUSBTickInit                  
0001265b  InternalUSBTickReset                 
0000cb61  OTGDeviceDisconnect                  
0001472d  ResetISR                             
0000e699  SSIAdvDataPutFrameEnd                
0000e6bf  SSIAdvDataPutFrameEndNonBlocking     
0000e701  SSIAdvFrameHoldDisable               
0000e6eb  SSIAdvFrameHoldEnable                
0000e67d  SSIAdvModeSet                        
0000e627  SSIBusy                              
0000e659  SSIClockSourceGet                    
0000e645  SSIClockSourceSet                    
0000e42f  SSIConfigSetExpClk                   
0000e60f  SSIDMADisable                        
0000e5f7  SSIDMAEnable                         
0000e5b9  SSIDataGet                           
0000e5d5  SSIDataGetNonBlocking                
0000e57f  SSIDataPut                           
0000e599  SSIDataPutNonBlocking                
0000e4d1  SSIDisable                           
0000e4bb  SSIEnable                            
0000e56d  SSIIntClear                          
0000e537  SSIIntDisable                        
0000e51f  SSIIntEnable                         
0000e4e7  SSIIntRegister                       
0000e54f  SSIIntStatus                         
0000e505  SSIIntUnregister                     
00006633  SysCtlAltClkConfig                   
00005e09  SysCtlClockFreqSet                   
000062ed  SysCtlClockGet                       
00006617  SysCtlClockOutConfig                 
00006121  SysCtlClockSet                       
00005d09  SysCtlDeepSleep                      
000064b9  SysCtlDeepSleepClockConfigSet        
0000649b  SysCtlDeepSleepClockSet              
00005ce9  SysCtlDeepSleepPowerSet              
00014755  SysCtlDelay                          
00005897  SysCtlFlashSectorSizeGet             
0000586b  SysCtlFlashSizeGet                   
0000658f  SysCtlGPIOAHBDisable                 
00006573  SysCtlGPIOAHBEnable                  
00005c7d  SysCtlIntClear                       
00005c65  SysCtlIntDisable                     
00005c51  SysCtlIntEnable                      
00005c29  SysCtlIntRegister                    
00005c8d  SysCtlIntStatus                      
00005c41  SysCtlIntUnregister                  
00005ccf  SysCtlLDODeepSleepGet                
00005cbf  SysCtlLDODeepSleepSet                
00005cb9  SysCtlLDOSleepGet                    
00005ca9  SysCtlLDOSleepSet                    
00005d3f  SysCtlMOSCConfigSet                  
00006603  SysCtlNMIClear                       
000065fd  SysCtlNMIStatus                      
00005d55  SysCtlPIOSCCalibrate                 
0000655d  SysCtlPWMClockGet                    
00006543  SysCtlPWMClockSet                    
00005bd5  SysCtlPeripheralClockGating          
00005b8d  SysCtlPeripheralDeepSleepDisable     
00005b3d  SysCtlPeripheralDeepSleepEnable      
00005a79  SysCtlPeripheralDisable              
00005a3d  SysCtlPeripheralEnable               
00005979  SysCtlPeripheralPowerOff             
0000593d  SysCtlPeripheralPowerOn              
000058bd  SysCtlPeripheralPresent              
000058fd  SysCtlPeripheralReady                
000059b5  SysCtlPeripheralReset                
00005b01  SysCtlPeripheralSleepDisable         
00005abd  SysCtlPeripheralSleepEnable          
00005cf9  SysCtlReset                          
00005db5  SysCtlResetBehaviorGet               
00005da5  SysCtlResetBehaviorSet               
00005d2b  SysCtlResetCauseClear                
00005d25  SysCtlResetCauseGet                  
00005861  SysCtlSRAMSizeGet                    
00005d01  SysCtlSleep                          
00005cd5  SysCtlSleepPowerSet                  
000065bd  SysCtlUSBPLLDisable                  
000065ab  SysCtlUSBPLLEnable                   
000065e9  SysCtlVoltageEventClear              
000065cd  SysCtlVoltageEventConfig             
000065dd  SysCtlVoltageEventStatus             
0000b251  TimerADCEventGet                     
0000b23f  TimerADCEventSet                     
0000af75  TimerClockSourceGet                  
0000af4b  TimerClockSourceSet                  
0000ad3f  TimerConfigure                       
0000ae5f  TimerControlEvent                    
0000adbb  TimerControlLevel                    
0000ae89  TimerControlStall                    
0000adf1  TimerControlTrigger                  
0000aebf  TimerControlWaitOnTrigger            
0000b271  TimerDMAEventGet                     
0000b25f  TimerDMAEventSet                     
0000ad21  TimerDisable                         
0000ad03  TimerEnable                          
0000b21b  TimerIntClear                        
0000b1e5  TimerIntDisable                      
0000b1cd  TimerIntEnable                       
0000b187  TimerIntRegister                     
0000b1fd  TimerIntStatus                       
0000b1af  TimerIntUnregister                   
0000b03f  TimerLoadGet                         
0000b075  TimerLoadGet64                       
0000b015  TimerLoadSet                         
0000b05b  TimerLoadSet64                       
0000b11f  TimerMatchGet                        
0000b155  TimerMatchGet64                      
0000b0f5  TimerMatchSet                        
0000b13b  TimerMatchSet64                      
0000afaf  TimerPrescaleGet                     
0000aff9  TimerPrescaleMatchGet                
0000afcb  TimerPrescaleMatchSet                
0000af85  TimerPrescaleSet                     
0000af35  TimerRTCDisable                      
0000af1f  TimerRTCEnable                       
0000b22d  TimerSynchronize                     
0000b27f  TimerUpdateMode                      
0000b0a7  TimerValueGet                        
0000b0c3  TimerValueGet64                      
0000b8a5  UART9BitAddrSend                     
0000b87f  UART9BitAddrSet                      
0000b869  UART9BitDisable                      
0000b853  UART9BitEnable                       
0000b6f7  UARTBreakCtl                         
0000b721  UARTBusy                             
0000b69f  UARTCharGet                          
0000b683  UARTCharGetNonBlocking               
0000b6d9  UARTCharPut                          
0000b6b5  UARTCharPutNonBlocking               
0000b647  UARTCharsAvail                       
0000b843  UARTClockSourceGet                   
0000b82f  UARTClockSourceSet                   
0000b417  UARTConfigGetExpClk                  
0000b3a1  UARTConfigSetExpClk                  
0000b7f5  UARTDMADisable                       
0000b7dd  UARTDMAEnable                        
0000b487  UARTDisable                          
0000b50b  UARTDisableSIR                       
0000b463  UARTEnable                           
0000b4dd  UARTEnableSIR                        
0000b4c7  UARTFIFODisable                      
0000b4b1  UARTFIFOEnable                       
0000b379  UARTFIFOLevelGet                     
0000b361  UARTFIFOLevelSet                     
0000b607  UARTFlowControlGet                   
0000b5eb  UARTFlowControlSet                   
0000b7cb  UARTIntClear                         
0000b795  UARTIntDisable                       
0000b77d  UARTIntEnable                        
0000b73f  UARTIntRegister                      
0000b7ad  UARTIntStatus                        
0000b75d  UARTIntUnregister                    
0000b5a1  UARTModemControlClear                
0000b5c5  UARTModemControlGet                  
0000b569  UARTModemControlSet                  
0000b5d7  UARTModemStatusGet                   
0000b34f  UARTParityModeGet                    
0000b333  UARTParityModeSet                    
0000b81f  UARTRxErrorClear                     
0000b80d  UARTRxErrorGet                       
0000b553  UARTSmartCardDisable                 
0000b521  UARTSmartCardEnable                  
0000b665  UARTSpaceAvail                       
0000c331  UARTStdioConfig                      
0000b635  UARTTxIntModeGet                     
0000b619  UARTTxIntModeSet                     
0000c481  UARTgetc                             
0000c3c7  UARTgets                             
0000c7a3  UARTprintf                           
0000c4a9  UARTvprintf                          
0000c377  UARTwrite                            
00012b57  ULPIConfigSet                        
00012bf9  ULPIPowerTransceiver                 
00014655  USB0DeviceIntHandler                 
0000c895  USB0DualModeIntHandler               
0000ca7d  USB0OTGModeIntHandler                
0000323f  USBClockDisable                      
00003223  USBClockEnable                       
0000320f  USBControllerVersion                 
0000eb79  USBDCDConfigDescGet                  
0000eb2b  USBDCDConfigDescGetNum               
0000eaf3  USBDCDConfigDescGetSize              
0000ec5b  USBDCDConfigGetInterface             
0000ec91  USBDCDConfigGetInterfaceEndpoint     
0000ec07  USBDCDConfigGetNumAlternateInterfaces
00003605  USBDCDDeviceInfoInit                 
000039b9  USBDCDFeatureGet                     
000038f5  USBDCDFeatureSet                     
00003655  USBDCDInit                           
0000388b  USBDCDPowerStatusSet                 
000039ed  USBDCDRemoteWakeLPM                  
00003a0d  USBDCDRemoteWakeupRequest            
0000381b  USBDCDRequestDataEP0                 
00003841  USBDCDSendDataEP0                    
00003863  USBDCDSetDefaultConfiguration        
00003875  USBDCDStallEP0                       
000037d3  USBDCDTerm                           
00007ec5  USBDHIDCompositeInit                 
0000ee6d  USBDHIDGamepadCompositeInit          
0000ee1f  USBDHIDGamepadInit                   
0000ef49  USBDHIDGamepadSendReport             
0000efa5  USBDHIDGamepadTerm                   
00007e8f  USBDHIDInit                          
000080e5  USBDHIDPacketRead                    
000081e5  USBDHIDPowerStatusSet                
000081f9  USBDHIDRemoteWakeupRequest           
00008065  USBDHIDReportWrite                   
000081a7  USBDHIDRxPacketAvailable             
00008031  USBDHIDSetRxCBData                   
0000804b  USBDHIDSetTxCBData                   
00008019  USBDHIDTerm                          
00008189  USBDHIDTxPacketAvailable             
00003377  USBDMAChannelAddressGet              
0000335b  USBDMAChannelAddressSet              
000032e1  USBDMAChannelConfigSet               
000033ab  USBDMAChannelCountGet                
0000338f  USBDMAChannelCountSet                
000032c1  USBDMAChannelDisable                 
000032a1  USBDMAChannelEnable                  
00003271  USBDMAChannelIntDisable              
00003251  USBDMAChannelIntEnable               
00003291  USBDMAChannelIntStatus               
00003311  USBDMAChannelStatus                  
00003331  USBDMAChannelStatusClear             
000033c3  USBDMANumChannels                    
00010125  USBDescGet                           
00010249  USBDescGetInterface                  
00010277  USBDescGetInterfaceEndpoint          
000100c9  USBDescGetNum                        
0001018f  USBDescGetNumAlternateInterfaces     
0000267d  USBDevAddrGet                        
00002669  USBDevAddrSet                        
0000263d  USBDevConnect                        
00002653  USBDevDisconnect                     
000029b3  USBDevEndpointConfigGet              
000028c1  USBDevEndpointConfigSet              
00002d3d  USBDevEndpointDataAck                
00002567  USBDevEndpointStall                  
000025c9  USBDevEndpointStallClear             
000023e3  USBDevEndpointStatusClear            
0000352f  USBDevLPMConfig                      
0000355d  USBDevLPMDisable                     
00003545  USBDevLPMEnable                      
00003517  USBDevLPMRemoteWake                  
00003177  USBDevMode                           
000021a9  USBDevSpeedGet                       
0000e10f  USBDeviceConfig                      
0000e305  USBDeviceConfigAlternate             
00003b25  USBDeviceEnumHandler                 
00003c45  USBDeviceEnumResetHandler            
00004615  USBDeviceIntHandlerInternal          
00003a41  USBDeviceResumeTickHandler           
0000c8e1  USBDualModeInit                      
0000c93f  USBDualModeTerm                      
00003129  USBEndpointDMAChannel                
00002b6f  USBEndpointDMAConfigSet              
00002c41  USBEndpointDMADisable                
00002c07  USBEndpointDMAEnable                 
00002c7b  USBEndpointDataAvail                 
00002cb3  USBEndpointDataGet                   
00002dad  USBEndpointDataPut                   
00002e11  USBEndpointDataSend                  
00002501  USBEndpointDataToggleClear           
000031db  USBEndpointPacketCountSet            
0000236f  USBEndpointStatus                    
000030ff  USBFIFOAddrGet                       
00002b09  USBFIFOConfigGet                     
00002aa3  USBFIFOConfigSet                     
00002e69  USBFIFOFlush                         
000030c3  USBFrameNumberGet                    
0001243d  USBHCDControlTransfer                
00012e31  USBHCDFeatureSet                     
00013a95  USBHCDHubDeviceConnected             
00014709  USBHCDHubDeviceDisconnected          
0001252d  USBHCDInit                           
000127ed  USBHCDMain                           
00014685  USBHCDPowerAutomatic                 
00014715  USBHCDPowerConfigGet                 
00013c85  USBHCDPowerConfigSet                 
00014161  USBHCDReset                          
00013db5  USBHCDSetAddress                     
000142ab  USBHCDSetConfig                      
000145f5  USBHHubEnumerationComplete           
0001460d  USBHHubEnumerationError              
00013dfd  USBHHubInit                          
000111a1  USBHHubMain                          
00002117  USBHighSpeed                         
00002f79  USBHostAddrGet                       
00002f41  USBHostAddrSet                       
00013689  USBHostCheckPipes                    
00002691  USBHostEndpointConfig                
00002d7b  USBHostEndpointDataAck               
00002465  USBHostEndpointDataToggle            
0000253b  USBHostEndpointPing                  
0000282b  USBHostEndpointSpeed                 
0000239b  USBHostEndpointStatusClear           
0000300b  USBHostHubAddrGet                    
00002fa7  USBHostHubAddrSet                    
0000d109  USBHostIntHandlerInternal            
000034db  USBHostLPMConfig                     
000034ff  USBHostLPMResume                     
00003493  USBHostLPMSend                       
00003165  USBHostMode                          
00003039  USBHostPwrConfig                     
000030ab  USBHostPwrDisable                    
00003093  USBHostPwrEnable                     
0000307b  USBHostPwrFaultDisable               
00003063  USBHostPwrFaultEnable                
00002ed9  USBHostRequestIN                     
00002f01  USBHostRequestINClear                
00002f2f  USBHostRequestStatus                 
000020e9  USBHostReset                         
00002145  USBHostResume                        
00002173  USBHostSpeedGet                      
000020d3  USBHostSuspend                       
000021c1  USBIntDisableControl                 
00002285  USBIntDisableEndpoint                
000021ff  USBIntEnableControl                  
000022b3  USBIntEnableEndpoint                 
00002337  USBIntRegister                       
00002239  USBIntStatusControl                  
000022e1  USBIntStatusEndpoint                 
00002355  USBIntUnregister                     
00003589  USBLPMEndpointGet                    
000035e9  USBLPMIntDisable                     
000035cf  USBLPMIntEnable                      
000035bf  USBLPMIntStatus                      
00003575  USBLPMLinkStateGet                   
000035a5  USBLPMRemoteWakeEnabled              
000072f7  USBLibDMAAddrGet                     
00007327  USBLibDMAInit                        
0000730f  USBLibDMASizeGet                     
0000319b  USBModeConfig                        
00003115  USBModeGet                           
000031fb  USBNumEndpointsGet                   
0000cc17  USBOTGFeatureSet                     
0000cb81  USBOTGMain                           
00003189  USBOTGMode                           
0000c989  USBOTGModeInit                       
0000c961  USBOTGModeTerm                       
0000ca57  USBOTGPollRate                       
000030d1  USBOTGSessionRequest                 
000031af  USBPHYPowerOff                       
000031c5  USBPHYPowerOn                        
0000c859  USBStackModeSet                      
000033d5  USBULPIConfig                        
00003403  USBULPIDisable                       
000033eb  USBULPIEnable                        
0000341b  USBULPIRegRead                       
00003453  USBULPIRegWrite                      
200046c8  __CIOBUF_                            
20005f20  __STACK_END                          
00000400  __STACK_SIZE                         
20005d20  __STACK_TOP                          
00000010  __SYSMEM_SIZE                        
000155b8  __TI_CINIT_Base                      
000155d0  __TI_CINIT_Limit                     
0001559c  __TI_Handler_Table_Base              
000155a8  __TI_Handler_Table_Limit             
00013f5d  __TI_auto_init_nobinit_nopinit       
000142e1  __TI_cleanup                         
20005a40  __TI_cleanup_ptr                     
00013385  __TI_closefile                       
00013621  __TI_decompress_lzss                 
000146f9  __TI_decompress_none                 
00013cd1  __TI_doflush                         
20005a44  __TI_dtors_ptr                       
20005a48  __TI_enable_exit_profile_output      
20005a30  __TI_ft_end                          
00013b43  __TI_ltoa                            
ffffffff  __TI_pprof_out_hndl                  
00008d91  __TI_printfi                         
ffffffff  __TI_prof_data_size                  
ffffffff  __TI_prof_data_start                 
00014315  __TI_readmsg                         
00000000  __TI_static_base__                   
20004ad8  __TI_tmpnams                         
00014199  __TI_writemsg                        
000137b5  __TI_wrt_ok                          
00014721  __TI_zero_init                       
00013091  __aeabi_cdcmpeq                      
00013091  __aeabi_cdcmple                      
00013117  __aeabi_cdrcmple                     
00013e8d  __aeabi_d2iz                         
00013fe5  __aeabi_d2uiz                        
000109cb  __aeabi_dadd                         
00011855  __aeabi_ddiv                         
00012341  __aeabi_dmul                         
000109c1  __aeabi_dsub                         
00014745  __aeabi_errno_addr                   
000141d1  __aeabi_f2d                          
000143ad  __aeabi_i2d                          
000097df  __aeabi_idiv0                        
000097df  __aeabi_ldiv0                        
00013295  __aeabi_memclr                       
00013295  __aeabi_memclr4                      
00013295  __aeabi_memclr8                      
00012ecd  __aeabi_memcpy                       
00012ecd  __aeabi_memcpy4                      
00012ecd  __aeabi_memcpy8                      
00013297  __aeabi_memset                       
00013297  __aeabi_memset4                      
00013297  __aeabi_memset8                      
20005a3c  __aeabi_stderr                       
20005a34  __aeabi_stdin                        
20005a38  __aeabi_stdout                       
00014565  __aeabi_ui2d                         
00014029  __aeabi_uidiv                        
00014029  __aeabi_uidivmod                     
00012f69  __aeabi_uldivmod                     
ffffffff  __binit__                            
ffffffff  __c_args__                           
UNDEFED   __mpu_init                           
20005b20  __stack                              
20000000  __start___llvm_prf_cnts              
20000000  __stop___llvm_prf_cnts               
00014585  _abort_msg                           
00014349  _c_int00_noargs                      
00014884  _ctypes_                             
20005244  _device                              
200050bc  _ftable                              
20005a98  _lock                                
00003603  _nop                                 
200052bc  _stream                              
20005f20  _sys_memory                          
UNDEFED   _system_post_cinit                   
0001475b  _system_pre_init                     
20005a9c  _unlock                              
0001475f  abort                                
20004f40  adc_info                             
20005ab0  adc_pin_struct                       
0000d7c5  adc_task                             
0000b989  add_i2c_msg                          
0000cc85  add_page                             
20004f88  addr_ack_err                         
0000de55  ads1x15_drawdata                     
0000df69  ads1x15_drawinput                    
0000de19  ads1x15_drawpage                     
0000dcf1  ads1x15_midi_task                    
00012145  aligned_alloc                        
[...]
0000be61  uDMAErrorStatusGet                   
0000be67  uDMAErrorStatusClear                 
0000be6f  uDMAChannelEnable                    
0000be87  uDMAChannelDisable                   
0000be9f  uDMAChannelIsEnabled                 
0000bec7  uDMAControlBaseSet                   
0000bed7  uDMAControlBaseGet                   
0000bedd  uDMAControlAlternateBaseGet          
0000bee3  uDMAChannelRequest                   
0000befb  uDMAChannelAttributeEnable           
0000bf4f  uDMAChannelAttributeDisable          
0000bfa3  uDMAChannelAttributeGet              
0000c013  uDMAChannelControlSet                
0000c055  uDMAChannelTransferSet               
0000c14d  uDMAChannelScatterGatherSet          
0000c1d9  uDMAChannelSizeGet                   
0000c221  uDMAChannelModeGet                   
0000c267  uDMAIntRegister                      
0000c27d  uDMAIntUnregister                    
0000c28f  uDMAIntStatus                        
0000c295  uDMAIntClear                         
0000c2a9  uDMAChannelAssign                    
0000c2f1  uDMAChannelSelectSecondary           
0000c305  uDMAChannelSelectDefault             
0000c331  UARTStdioConfig                      
0000c377  UARTwrite                            
0000c3c7  UARTgets                             
0000c481  UARTgetc                             
0000c4a9  UARTvprintf                          
0000c7a3  UARTprintf                           
0000c859  USBStackModeSet                      
0000c895  USB0DualModeIntHandler               
0000c8e1  USBDualModeInit                      
0000c93f  USBDualModeTerm                      
0000c961  USBOTGModeTerm                       
0000c989  USBOTGModeInit                       
0000ca57  USBOTGPollRate                       
0000ca7d  USB0OTGModeIntHandler                
0000cb61  OTGDeviceDisconnect                  
0000cb81  USBOTGMain                           
0000cc17  USBOTGFeatureSet                     
0000cc75  init_console                         
0000cc85  add_page                             
0000cd41  is_on_screen                         
0000cf59  console_task                         
0000d109  USBHostIntHandlerInternal            
0000d4fd  init_adc                             
0000d6b1  get_adc_config                       
0000d6f5  get_adc_val                          
0000d729  get_adc_struct                       
0000d733  ADCSeq0Handler                       
0000d773  ADCSeq1Handler                       
0000d7c5  adc_task                             
0000d8d3  IntMasterEnable                      
0000d8e3  IntMasterDisable                     
0000d8f3  IntRegister                          
0000d945  IntUnregister                        
0000d959  IntPriorityGroupingSet               
0000d973  IntPriorityGroupingGet               
0000d9ab  IntPrioritySet                       
0000d9fb  IntPriorityGet                       
0000da1f  IntEnable                            
0000da91  IntDisable                           
0000db03  IntIsEnabled                         
0000db89  IntPendSet                           
0000dbf9  IntPendClear                         
0000dc47  IntPriorityMaskSet                   
0000dc53  IntPriorityMaskGet                   
0000dc5b  IntTrigger                           
0000dc91  init_ads1x15                         
0000dcf1  ads1x15_midi_task                    
0000dde9  get_volume                           
0000de01  get_sensitivity                      
0000de19  ads1x15_drawpage                     
0000de55  ads1x15_drawdata                     
0000df69  ads1x15_drawinput                    
0000e10f  USBDeviceConfig                      
0000e305  USBDeviceConfigAlternate             
0000e42f  SSIConfigSetExpClk                   
0000e4bb  SSIEnable                            
0000e4d1  SSIDisable                           
0000e4e7  SSIIntRegister                       
0000e505  SSIIntUnregister                     
0000e51f  SSIIntEnable                         
0000e537  SSIIntDisable                        
0000e54f  SSIIntStatus                         
0000e56d  SSIIntClear                          
0000e57f  SSIDataPut                           
0000e599  SSIDataPutNonBlocking                
0000e5b9  SSIDataGet                           
0000e5d5  SSIDataGetNonBlocking                
0000e5f7  SSIDMAEnable                         
0000e60f  SSIDMADisable                        
0000e627  SSIBusy                              
0000e645  SSIClockSourceSet                    
0000e659  SSIClockSourceGet                    
0000e67d  SSIAdvModeSet                        
0000e699  SSIAdvDataPutFrameEnd                
0000e6bf  SSIAdvDataPutFrameEndNonBlocking     
0000e6eb  SSIAdvFrameHoldEnable                
0000e701  SSIAdvFrameHoldDisable               
0000e719  process_joystick                     
0000eaf3  USBDCDConfigDescGetSize              
0000eb2b  USBDCDConfigDescGetNum               
0000eb79  USBDCDConfigDescGet                  
0000ec07  USBDCDConfigGetNumAlternateInterfaces
0000ec5b  USBDCDConfigGetInterface             
0000ec91  USBDCDConfigGetInterfaceEndpoint     
0000ee1f  USBDHIDGamepadInit                   
0000ee6d  USBDHIDGamepadCompositeInit          
0000ef49  USBDHIDGamepadSendReport             
0000efa5  USBDHIDGamepadTerm                   
0000efdd  init_looper_buttons                  
0000f03d  looper_buttons_task                  
0000f2a1  init_rotary_enc                      
0000f32d  rotary_enc_task                      
0000f509  get_channel                          
0000f555  pxPortInitialiseStack                
0000f5e1  xPortStartScheduler                  
0000f675  vPortEndScheduler                    
0000f699  vPortEnterCritical                   
0000f6db  vPortExitCritical                    
0000f707  xPortSysTickHandler                  
0000f72d  vPortSetupTimerInterrupt             
0000f749  vPortValidateInterruptPriority       
0000fa51  init_midi_ctrl_board                 
0000fcbd  create_error                         
0000fd1d  set_error                            
0000fd3f  init_logger                          
0000fd6b  logger_drawpage                      
0000fda5  logger_drawdata                      
0000fe3f  logger_drawinput                     
0000fee5  GamepadHandler                       
0000ff59  init_usb_hid                         
0000ffc1  usb_hid_task                         
00010027  usb_hid_send                         
0001003b  usb_hid_send_from_isr                
0001004f  usbhid_drawpage                      
00010051  usbhid_drawdata                      
00010053  usbhid_drawinput                     
000100c9  USBDescGetNum                        
00010125  USBDescGet                           
0001018f  USBDescGetNumAlternateInterfaces     
00010249  USBDescGetInterface                  
00010277  USBDescGetInterfaceEndpoint          
0001046d  init_midi_knobs                      
0001049f  process_midi_knobs                   
0001063d  init_looper_board                    
00010801  pvPortMalloc                         
00010901  vPortFree                            
0001095f  xPortGetFreeHeapSize                 
00010965  vPortInitialiseBlocks                
000109c1  __aeabi_dsub                         
000109cb  __aeabi_dadd                         
00010b79  init_gpis                            
00010c79  get_gpi_config                       
00010cbd  read_gpi                             
00010cd7  get_gpi_struct                       
00010eb5  control_drawpage                     
00010f6b  control_drawdata                     
00010feb  control_drawinput                    
000111a1  USBHHubMain                          
00011315  init_gpos                            
000113b3  get_gpo_config                       
000113f7  set_gpo                              
00011423  get_gpo                              
0001147d  init_host_uart                       
000114f1  host_uart_task                       
00011553  send_to_host                         
0001156f  send_to_host_from_isr                
0001158b  uartmsg_drawpage                     
0001158d  uartmsg_drawdata                     
0001158f  uartmsg_drawinput                    
000115d5  send_midi_message                    
00011855  __aeabi_ddiv                         
0001198d  homepage_drawpage                    
000119df  homepage_drawdata                    
000119e1  homepage_drawinput                   
00011abd  vListInitialise                      
00011aed  vListInitialiseItem                  
00011afd  vListInsertEnd                       
00011b39  vListInsert                          
00011b9f  uxListRemove                         
00011d0d  fputs                                
00011e21  init_midi_buttons                    
00011e4f  midi_buttons_task                    
00011ee3  get_octave                           
00011ee9  pressure_sense_is_on                 
00011f35  ldexp                                
00011f35  ldexpl                               
00011f35  scalbn                               
00011f35  scalbnl                              
00012145  aligned_alloc                        
00012145  memalign                             
00012245  get_char                             
000122ad  init_console_uart                    
00012341  __aeabi_dmul                         
0001243d  USBHCDControlTransfer                
0001252d  USBHCDInit                           
0001261d  InternalUSBTickInit                  
0001265b  InternalUSBTickReset                 
00012663  InternalUSBRegisterTickHandler       
000126b3  InternalUSBStartOfFrameTick          
00012709  free                                 
000127ed  USBHCDMain                           
000128cd  setvbuf                              
000129b9  ulPortGetIPSR                        
000129d1  xPortPendSVHandler                   
00012a31  vPortSVCHandler                      
00012a51  vPortStartFirstTask                  
00012a75  vPortEnableVFP                       
00012a85  set_text_mode                        
00012a93  text_color                           
00012aa1  bold_text_color                      
00012aaf  bgd_color                            
00012abd  cursor_pos                           
00012acf  save_cursor_pos                      
00012ad9  restore_cursor_pos                   
00012ae3  clear_terminal                       
00012aed  clear_line                           
00012af7  clear_in_line                        
00012b01  clear_below_line                     
00012b57  ULPIConfigSet                        
00012bf9  ULPIPowerTransceiver                 
00012c21  FPUEnable                            
00012c33  FPUDisable                           
00012c41  FPUStackingEnable                    
00012c53  FPULazyStackingEnable                
00012c5f  FPUStackingDisable                   
00012c6b  FPUHalfPrecisionModeSet              
00012c85  FPUNaNModeSet                        
00012c9f  FPUFlushToZeroModeSet                
00012cb9  FPURoundingModeSet                   
00012e31  USBHCDFeatureSet                     
00012ecd  __aeabi_memcpy                       
00012ecd  __aeabi_memcpy4                      
00012ecd  __aeabi_memcpy8                      
00012ecd  memcpy                               
00012f69  __aeabi_uldivmod                     
00013091  __aeabi_cdcmpeq                      
00013091  __aeabi_cdcmple                      
00013117  __aeabi_cdrcmple                     
0001319d  init_board_select                    
000131fb  get_board_type                       
00013219  fflush                               
00013295  __aeabi_memclr                       
00013295  __aeabi_memclr4                      
00013295  __aeabi_memclr8                      
00013297  __aeabi_memset                       
00013297  __aeabi_memset4                      
00013297  __aeabi_memset8                      
0001329d  memset                               
00013385  __TI_closefile                       
000133f9  main                                 
0001354d  HOSTrename                           
000135b9  HOSTlseek                            
00013621  __TI_decompress_lzss                 
00013689  USBHostCheckPipes                    
000136ed  frexp                                
000136ed  frexpl                               
00013751  fseek                                
000137b5  __TI_wrt_ok                          
00013819  HOSTopen                             
00013879  ConfigDescAlloc                      
00013931  close                                
0001398d  HOSTread                             
000139e5  HOSTwrite                            
00013a95  USBHCDHubDeviceConnected             
00013b43  __TI_ltoa                            
00013c85  USBHCDPowerConfigSet                 
00013cd1  __TI_doflush                         
00013d1d  atoi                                 
00013d69  taskmanager_drawpage                 
00013da1  taskmanager_drawdata                 
00013da3  taskmanager_drawinput                
00013db5  USBHCDSetAddress                     
00013dfd  USBHHubInit                          
00013e45  exit                                 
00013e8d  __aeabi_d2iz                         
00013ed5  HOSTclose                            
00013f19  HOSTunlink                           
00013f5d  __TI_auto_init_nobinit_nopinit       
00013fa1  getdevice                            
00013fe5  __aeabi_d2uiz                        
00014029  __aeabi_uidiv                        
00014029  __aeabi_uidivmod                     
00014069  sprintf                              
000140e7  CPUcpsid                             
000140f3  CPUprimask                           
000140fd  CPUcpsie                             
00014109  CPUwfi                               
0001410d  CPUbasepriSet                        
0001411b  CPUbasepriGet                        
00014161  USBHCDReset                          
00014199  __TI_writemsg                        
000141c7  C$$IO$$                              
000141d1  __aeabi_f2d                          
00014275  strncpy                              
000142ab  USBHCDSetConfig                      
000142e1  __TI_cleanup                         
00014315  __TI_readmsg                         
00014349  _c_int00_noargs                      
0001437d  finddevice                           
000143ad  __aeabi_i2d                          
000143dd  ConfigDescFree                       
00014409  InternalUSBHCDSendEvent              
00014435  remove                               
00014435  unlink                               
00014461  vApplicationMallocFailedHook         
00014471  vApplicationIdleHook                 
00014473  vApplicationStackOverflowHook        
000144b5  lseek                                
000144dd  write                                
00014545  memchr                               
00014565  __aeabi_ui2d                         
00014585  _abort_msg                           
000145bd  memccpy                              
000145d9  copysign                             
000145d9  copysignl                            
000145f5  USBHHubEnumerationComplete           
0001460d  USBHHubEnumerationError              
0001463d  strcmp                               
00014655  USB0DeviceIntHandler                 
0001466d  strchr                               
00014685  USBHCDPowerAutomatic                 
000146ad  strcpy                               
000146c1  strlen                               
000146e7  wcslen                               
000146f9  __TI_decompress_none                 
00014709  USBHCDHubDeviceDisconnected          
00014715  USBHCDPowerConfigGet                 
00014721  __TI_zero_init                       
0001472d  ResetISR                             
00014745  __aeabi_errno_addr                   
0001474d  malloc                               
00014755  SysCtlDelay                          
0001475b  _system_pre_init                     
0001475f  C$$EXIT                              
0001475f  abort                                
00014884  _ctypes_                             
00014f54  g_pui8ConfigString                   
00014fec  g_sHIDHandlers                       
0001511c  g_ppui8StringDescriptors             
00015208  looper_gpo_info                      
00015210  midi_gpo_info                        
00015218  ulMaxSyscallInterruptPriority        
0001559c  __TI_Handler_Table_Base              
000155a8  __TI_Handler_Table_Limit             
000155b8  __TI_CINIT_Base                      
000155d0  __TI_CINIT_Limit                     
20000000  __start___llvm_prf_cnts              
20000000  __stop___llvm_prf_cnts               
20000000  g_pfnRAMVectors                      
2000026c  ucHeap                               
200046c8  __CIOBUF_                            
200049e8  pad_states                           
20004ad8  __TI_tmpnams                         
20004cd8  g_psDCDInst                          
20004d68  xQueueRegistry                       
20004df8  g_pfnTickHandlers                    
20004e10  g_pvTickInstance                     
20004ec0  button_states                        
20004ed0  midi_knobs                           
20004f40  adc_info                             
20004f48  gpis_info                            
20004f50  gpo_info                             
20004f58  parmbuf                              
20004f88  addr_ack_err                         
20004f8c  arb_lost_err                         
20004f90  blue_debug                           
20004f94  clk_tout_err                         
20004f98  data_ack_err                         
20004f9c  g_ppsDevInfo                         
20004fa0  g_ui32PollRate                       
20004fa4  green_debug                          
20004fa8  red_debug                            
20004fb3  g_eOTGModeState                      
200050bc  _ftable                              
200051ac  g_sGamepadDevice                     
20005244  _device                              
200052bc  _stream                              
2000530c  pxCurrentTCB                         
200059f8  g_pui8HIDDeviceDescriptor            
20005a0a  js_x_state                           
20005a0b  js_y_state                           
20005a30  __TI_ft_end                          
20005a34  __aeabi_stdin                        
20005a38  __aeabi_stdout                       
20005a3c  __aeabi_stderr                       
20005a40  __TI_cleanup_ptr                     
20005a44  __TI_dtors_ptr                       
20005a48  __TI_enable_exit_profile_output      
20005a64  g_bUSBTimerInitialized               
20005a68  g_ui32CurrentUSBTick                 
20005a6c  g_ui32USBSOFCount                    
20005a8c  g_iUSBMode                           
20005a90  g_ui32WaitTicks                      
20005a98  _lock                                
20005a9c  _unlock                              
20005ab0  adc_pin_struct                       
20005ad0  looper_gpi_info                      
20005ad8  midi_gpi_info                        
20005ae8  i2c_msg_queue                        
20005b14  errno                                
20005b20  __stack                              
20005d20  __STACK_TOP                          
20005f20  __STACK_END                          
20005f20  _sys_memory                          
ffffffff  __TI_pprof_out_hndl                  
ffffffff  __TI_prof_data_size                  
ffffffff  __TI_prof_data_start                 
ffffffff  __binit__                            
ffffffff  __c_args__                           
ffffffff  binit                                
UNDEFED   __mpu_init                           
UNDEFED   _system_post_cinit                   

[914 symbols]
