******************************************************************************
                  TI ARM Linker PC v20.2.2                     
******************************************************************************
>> Linked Tue May  4 19:25:05 2021

OUTPUT FILE NAME:   <drum_pad.out>
ENTRY POINT SYMBOL: "_c_int00_noargs"  address: 00012529


MEMORY CONFIGURATION

         name            origin    length      used     unused   attr    fill
----------------------  --------  ---------  --------  --------  ----  --------
  FLASH                 00000000   00040000  000134e3  0002cb1d  R  X
  SRAM                  20000000   00008000  00005637  000029c9  RW X


SEGMENT ALLOCATION MAP

run origin  load origin   length   init length attrs members
----------  ----------- ---------- ----------- ----- -------
00000000    00000000    000134e8   000134e8    r-x
  00000000    00000000    0000026c   0000026c    r-- .intvecs
  0000026c    0000026c    000125b6   000125b6    r-x .text
  00012824    00012824    000009b1   000009b1    r-- .const
  000131d8    000131d8    00000310   00000310    r-- .cinit
20000000    20000000    00005638   00000000    rw-
  20000000    20000000    0000026c   00000000    rw- .vtable
  2000026c    2000026c    000045cf   00000000    rw- .bss
  2000483c    2000483c    000009ec   00000000    rw- .data
  20005228    20005228    00000400   00000000    rw- .stack
  20005628    20005628    00000010   00000000    rw- .sysmem


SECTION ALLOCATION MAP

 output                                  attributes/
section   page    origin      length       input sections
--------  ----  ----------  ----------   ----------------
.intvecs   0    00000000    0000026c     
                  00000000    0000026c     tm4c123gh6pm_startup_ccs.obj (.intvecs)

.text      0    0000026c    000125b6     
                  0000026c    00001ddc     tasks.obj (.text)
                  00002048    000015ba     usb.obj (.text)
                  00003602    00000002     rtsv7M4_T_le_v4SPD16_eabi.lib : _lock.c.obj (.text:_nop)
                  00003604    000011f4     usbdenum.obj (.text)
                  000047f8    00000fa8     queue.obj (.text)
                  000057a0    00000ef4     sysctl.obj (.text)
                  00006694    00000e64     usbdma.obj (.text)
                  000074f8    00000b88     gpio.obj (.text)
                  00008080    00000a4e     rtsv7M4_T_le_v4SPD16_eabi.lib : _printfi.c.obj (.text:__TI_printfi)
                  00008ace    00000002                                   : div0.asm.obj (.text)
                  00008ad0    000009ec     drum_pad_functions.obj (.text)
                  000094bc    000007c2     adc.obj (.text)
                  00009c7e    00000002     --HOLE-- [fill = 0]
                  00009c80    0000069c     i2c.obj (.text)
                  0000a31c    00000642     timer.obj (.text)
                  0000a95e    00000002     --HOLE-- [fill = 0]
                  0000a960    00000618     uart.obj (.text)
                  0000af78    00000564     I2C_task.obj (.text)
                  0000b4dc    000004e0     udma.obj (.text)
                  0000b9bc    000004a8     uartstdio.obj (.text)
                  0000be64    00000494     console_task.obj (.text)
                  0000c2f8    0000045c     ads1x15_task.obj (.text)
                  0000c754    00000444     ADC_task.obj (.text)
                  0000cb98    000003c0     interrupt.obj (.text)
                  0000cf58    00000388     usbdconfig.obj (.text)
                  0000d2e0    00000384     joystick_functions.obj (.text)
                  0000d664    00000350     midi_channel_select.obj (.text)
                  0000d9b4    00000346     ssi.obj (.text)
                  0000dcfa    00000002     --HOLE-- [fill = 0]
                  0000dcfc    000002ec     looper_buttons_task.obj (.text)
                  0000dfe8    000002de     usbdcdesc.obj (.text)
                  0000e2c6    00000002     --HOLE-- [fill = 0]
                  0000e2c8    0000028c     port.obj (.text)
                  0000e554    00000274     midi_ctrl_board.obj (.text)
                  0000e7c8    00000270     rtsv7M4_T_le_v4SPD16_eabi.lib : _printfi.c.obj (.text:_pconv_a)
                  0000ea38    00000254     looper_effects.obj (.text)
                  0000ec8c    00000224     midi_uart_functions.obj (.text)
                  0000eeb0    00000220     looper_volume_functions.obj (.text)
                  0000f0d0    000001f4     looper_board.obj (.text)
                  0000f2c4    000001e4     logger.obj (.text)
                  0000f4a8    000001d2     usbdesc.obj (.text)
                  0000f67a    00000002     --HOLE-- [fill = 0]
                  0000f67c    000001d0     rtsv7M4_T_le_v4SPD16_eabi.lib : _printfi.c.obj (.text:_pconv_g)
                  0000f84c    000001cc     midi_knobs_functions.obj (.text)
                  0000fa18    000001c0     GPIs.obj (.text)
                  0000fbd8    000001c0     heap_2.obj (.text)
                  0000fd98    000001b6     rtsv7M4_T_le_v4SPD16_eabi.lib : fd_add_t2.asm.obj (.text)
                  0000ff4e    00000002     --HOLE-- [fill = 0]
                  0000ff50    00000178     control_page.obj (.text)
                  000100c8    00000170     GPOs.obj (.text)
                  00010238    0000013c     rtsv7M4_T_le_v4SPD16_eabi.lib : _printfi.c.obj (.text:_pconv_e)
                  00010374    00000136                                   : fd_div_t2.asm.obj (.text)
                  000104aa    0000012a     list.obj (.text)
                  000105d4    00000124     rtsv7M4_T_le_v4SPD16_eabi.lib : _printfi.c.obj (.text:fcvt)
                  000106f8    00000124     homepage.obj (.text)
                  0001081c    00000120     host_uart_task.obj (.text)
                  0001093c    0000011c     midi_buttons_task.obj (.text)
                  00010a58    00000114     rtsv7M4_T_le_v4SPD16_eabi.lib : fputs.c.obj (.text:fputs)
                  00010b6c    00000110                                   : s_scalbn.c.obj (.text:scalbn)
                  00010c7c    00000100                                   : memory.c.obj (.text:aligned_alloc)
                  00010d7c    000000fc     console_uart.obj (.text)
                  00010e78    000000fc     rtsv7M4_T_le_v4SPD16_eabi.lib : fd_mul_t2.asm.obj (.text)
                  00010f74    000000ec     usbtick.obj (.text)
                  00011060    000000e4     rtsv7M4_T_le_v4SPD16_eabi.lib : memory.c.obj (.text:free)
                  00011144    000000dc                                   : setvbuf.c.obj (.text:setvbuf)
                  00011220    000000da     portasm.obj (.text)
                  000112fa    00000002     --HOLE-- [fill = 0]
                  000112fc    000000d2     text_controls.obj (.text)
                  000113ce    000000c8     usbulpi.obj (.text)
                  00011496    00000002     --HOLE-- [fill = 0]
                  00011498    000000c0     fpu.obj (.text)
                  00011558    000000b1     rtsv7M4_T_le_v4SPD16_eabi.lib : _printfi.c.obj (.text:_ltostr)
                  00011609    00000001     --HOLE-- [fill = 0]
                  0001160a    0000009c                                   : memcpy_t2.asm.obj (.text)
                  000116a6    00000096                                   : ull_div_t2.asm.obj (.text)
                  0001173c    00000086                                   : fd_cmp_t2.asm.obj (.text:__aeabi_cdcmple)
                  000117c2    00000086                                   : fd_cmp_t2.asm.obj (.text:__aeabi_cdrcmple)
                  00011848    0000007c     board_select.obj (.text)
                  000118c4    0000007c     rtsv7M4_T_le_v4SPD16_eabi.lib : fflush.c.obj (.text:fflush)
                  00011940    0000007a                                   : memset_t2.asm.obj (.text)
                  000119ba    00000002     --HOLE-- [fill = 0]
                  000119bc    00000074                                   : fclose.c.obj (.text:__TI_closefile)
                  00011a30    00000074     main.obj (.text)
                  00011aa4    00000070     rtsv7M4_T_le_v4SPD16_eabi.lib : memory.c.obj (.text:split)
                  00011b14    0000006e                                   : _printfi.c.obj (.text:_mcpy)
                  00011b82    00000002     --HOLE-- [fill = 0]
                  00011b84    0000006c                                   : hostrename.c.obj (.text:HOSTrename)
                  00011bf0    00000068                                   : hostlseek.c.obj (.text:HOSTlseek)
                  00011c58    00000068                                   : copy_decompress_lzss.c.obj (.text:decompress:lzss:__TI_decompress_lzss)
                  00011cc0    00000064                                   : s_frexp.c.obj (.text:frexp)
                  00011d24    00000064                                   : fseek.c.obj (.text:fseek)
                  00011d88    00000062                                   : _io_perm.c.obj (.text:__TI_wrt_ok)
                  00011dea    00000002     --HOLE-- [fill = 0]
                  00011dec    00000060                                   : hostopen.c.obj (.text:HOSTopen)
                  00011e4c    0000005c                                   : close.c.obj (.text:close)
                  00011ea8    00000058                                   : hostread.c.obj (.text:HOSTread)
                  00011f00    00000058                                   : hostwrite.c.obj (.text:HOSTwrite)
                  00011f58    00000056                                   : _printfi.c.obj (.text:_pconv_f)
                  00011fae    00000054                                   : _ltoa.c.obj (.text:__TI_ltoa)
                  00012002    00000052                                   : _printfi.c.obj (.text:_ecpy)
                  00012054    0000004c                                   : fflush.c.obj (.text:__TI_doflush)
                  000120a0    0000004c                                   : atoi.c.obj (.text:atoi)
                  000120ec    0000004c     task_manager_page.obj (.text)
                  00012138    00000048     rtsv7M4_T_le_v4SPD16_eabi.lib : exit.c.obj (.text:exit)
                  00012180    00000048                                   : fd_toi_t2.asm.obj (.text)
                  000121c8    00000044                                   : hostclose.c.obj (.text:HOSTclose)
                  0001220c    00000044                                   : hostunlink.c.obj (.text:HOSTunlink)
                  00012250    00000044                                   : autoinit.c.obj (.text:__TI_auto_init_nobinit_nopinit:__TI_auto_init_nobinit_nopinit)
                  00012294    00000044                                   : getdevice.c.obj (.text:getdevice)
                  000122d8    00000044                                   : fd_tou_t2.asm.obj (.text)
                  0001231c    00000040                                   : u_divt2.asm.obj (.text)
                  0001235c    00000040                                   : sprintf.c.obj (.text:sprintf)
                  0001239c    0000003e                                   : _printfi.c.obj (.text:_fcpy)
                  000123da    0000003e     cpu.obj (.text)
                  00012418    00000038     rtsv7M4_T_le_v4SPD16_eabi.lib : trgmsg.c.obj (.text:__TI_writemsg)
                  00012450    00000038                                   : fs_tod_t2.asm.obj (.text)
                  00012488    00000036                                   : strncpy.c.obj (.text:strncpy)
                  000124be    00000002     --HOLE-- [fill = 0]
                  000124c0    00000034                                   : fopen.c.obj (.text:__TI_cleanup)
                  000124f4    00000034                                   : trgmsg.c.obj (.text:__TI_readmsg)
                  00012528    00000034                                   : boot_cortex_m.c.obj (.text:_c_int00_noargs:_c_int00_noargs)
                  0001255c    00000030                                   : getdevice.c.obj (.text:finddevice)
                  0001258c    0000002e                                   : i_tofd_t2.asm.obj (.text)
                  000125ba    00000002     --HOLE-- [fill = 0]
                  000125bc    0000002c                                   : unlink.c.obj (.text:unlink)
                  000125e8    0000002a     hooks.obj (.text)
                  00012612    00000002     --HOLE-- [fill = 0]
                  00012614    00000028     rtsv7M4_T_le_v4SPD16_eabi.lib : memory.c.obj (.text:free_list_insert)
                  0001263c    00000028                                   : lseek.c.obj (.text:lseek)
                  00012664    00000028                                   : write.c.obj (.text:write)
                  0001268c    00000020                                   : memchr.c.obj (.text:memchr)
                  000126ac    00000020                                   : u_tofd_t2.asm.obj (.text)
                  000126cc    0000001c                                   : assert.c.obj (.text:_abort_msg)
                  000126e8    0000001c                                   : memory.c.obj (.text:free_list_remove)
                  00012704    0000001c                                   : memccpy.c.obj (.text:memccpy)
                  00012720    0000001a                                   : s_copysign.c.obj (.text:copysign)
                  0001273a    00000018                                   : sprintf.c.obj (.text:_outs)
                  00012752    00000018                                   : strcmp.c.obj (.text:strcmp)
                  0001276a    00000002     --HOLE-- [fill = 0]
                  0001276c    00000018     usbdhandler.obj (.text)
                  00012784    00000016     rtsv7M4_T_le_v4SPD16_eabi.lib : strchr.c.obj (.text:strchr)
                  0001279a    00000014                                   : strcpy.c.obj (.text:strcpy)
                  000127ae    00000014                                   : strlen.c.obj (.text:strlen)
                  000127c2    00000012                                   : wcslen.c.obj (.text:wcslen)
                  000127d4    0000000e                                   : copy_decompress_none.c.obj (.text:decompress:none:__TI_decompress_none)
                  000127e2    0000000c                                   : copy_zero_init.c.obj (.text:decompress:ZI:__TI_zero_init)
                  000127ee    0000000c     tm4c123gh6pm_startup_ccs.obj (.text)
                  000127fa    0000000a     rtsv7M4_T_le_v4SPD16_eabi.lib : sprintf.c.obj (.text:_outc)
                  00012804    00000008                                   : errno.c.obj (.text:__aeabi_errno_addr)
                  0001280c    00000008                                   : memory.c.obj (.text:malloc)
                  00012814    00000006     sysctl.obj (.text:SysCtlDelay)
                  0001281a    00000004     rtsv7M4_T_le_v4SPD16_eabi.lib : pre_init.c.obj (.text:_system_pre_init)
                  0001281e    00000004                                   : exit.c.obj (.text:abort:abort)

.const     0    00012824    000009b1     
                  00012824    00000120     sysctl.obj (.const:g_pppui32XTALtoVCO)
                  00012944    00000101     rtsv7M4_T_le_v4SPD16_eabi.lib : ctype.c.obj (.const:.string:_ctypes_)
                  00012a45    00000003     ads1x15_task.obj (.const:.string:ADC0_SEL)
                  00012a48    000000c0     gpio.obj (.const:g_ppui32GPIOIntMapBlizzard)
                  00012b08    000000c0     gpio.obj (.const:g_ppui32GPIOIntMapSnowflake)
                  00012bc8    0000009c     interrupt.obj (.const:g_pui32Regs)
                  00012c64    00000090     gpio.obj (.const:g_pui32GPIOBaseAddrs)
                  00012cf4    0000007c     GPIs.obj (.const:.string)
                  00012d70    0000006c     sysctl.obj (.const:g_pui32Xtals)
                  00012ddc    00000062     GPOs.obj (.const:.string)
                  00012e3e    00000001     ads1x15_task.obj (.const)
                  00012e3f    00000001     --HOLE-- [fill = 0]
                  00012e40    00000060     ADC_task.obj (.const:.string)
                  00012ea0    00000060     timer.obj (.const:g_ppui32TimerIntMap)
                  00012f00    00000050     i2c.obj (.const:g_ppui32I2CIntMapSnowflake)
                  00012f50    00000040     timer.obj (.const:g_ppui32TimerIntMapSnowflake)
                  00012f90    00000040     uart.obj (.const:g_ppui32UARTIntMap)
                  00012fd0    00000040     uart.obj (.const:g_ppui32UARTIntMapSnowflake)
                  00013010    00000034     usbdenum.obj (.const:g_psUSBDStdRequests)
                  00013044    00000030     i2c.obj (.const:g_ppui32I2CIntMap)
                  00013074    00000030     sysctl.obj (.const:g_sXTALtoMEMTIM)
                  000130a4    00000028     drum_pad_functions.obj (.const)
                  000130cc    00000020     ssi.obj (.const:g_ppui32SSIIntMap)
                  000130ec    00000020     ssi.obj (.const:g_ppui32SSIIntMapSnowflake)
                  0001310c    00000020     interrupt.obj (.const:g_pui32Priority)
                  0001312c    00000014     interrupt.obj (.const:g_pui32Dii16Regs)
                  00013140    00000014     interrupt.obj (.const:g_pui32EnRegs)
                  00013154    00000014     interrupt.obj (.const:g_pui32PendRegs)
                  00013168    00000014     interrupt.obj (.const:g_pui32UnpendRegs)
                  0001317c    00000012     uartstdio.obj (.const:.string)
                  0001318e    00000002     --HOLE-- [fill = 0]
                  00013190    0000000c     uartstdio.obj (.const:g_ui32UARTBase)
                  0001319c    0000000c     uartstdio.obj (.const:g_ui32UARTPeriph)
                  000131a8    00000008     sysctl.obj (.const:g_pui32VCOFrequencies)
                  000131b0    00000008     GPOs.obj (.const:looper_gpo_info)
                  000131b8    00000008     GPOs.obj (.const:midi_gpo_info)
                  000131c0    00000008     port.obj (.const)
                  000131c8    00000004     uartstdio.obj (.const)
                  000131cc    00000003     ads1x15_task.obj (.const:.string:ADC1_SEL)
                  000131cf    00000003     ads1x15_task.obj (.const:.string:ADC2_SEL)
                  000131d2    00000003     ads1x15_task.obj (.const:.string:ADC3_SEL)

.cinit     0    000131d8    00000310     
                  000131d8    000002dc     (.cinit..data.load) [load image, compression = lzss]
                  000134b4    0000000c     (__TI_handler_table)
                  000134c0    00000008     (.cinit..bss.load) [load image, compression = zero_init]
                  000134c8    00000008     (.cinit..vtable.load) [load image, compression = zero_init]
                  000134d0    00000018     (__TI_cinit_table)

.init_array 
*          0    00000000    00000000     UNINITIALIZED

.vtable    0    20000000    0000026c     UNINITIALIZED
                  20000000    0000026c     interrupt.obj (.vtable)

.bss       0    2000026c    000045cf     UNINITIALIZED
                  2000026c    00003c00     (.common:ucHeap)
                  20003e6c    00000190     task_manager_page.obj (.bss:write_buffer)
                  20003ffc    00000120     rtsv7M4_T_le_v4SPD16_eabi.lib : trgmsg.c.obj (.bss:_CIOBUF_)
                  2000411c    00000110     usbdma.obj (.bss:g_psUSBDMAInst)
                  2000422c    000000f0     logger.obj (.bss:errors)
                  2000431c    000000f0     drum_pad_functions.obj (.bss:pad_states)
                  2000440c    000000a0     (.common:__TI_tmpnams)
                  200044ac    00000064     tasks.obj (.bss:pxReadyTasksLists)
                  20004510    00000060     looper_buttons_task.obj (.bss:looper_pins)
                  20004570    00000050     (.common:g_psDCDInst)
                  200045c0    00000040     usbdenum.obj (.bss:g_pui8DataBufferIn)
                  20004600    00000040     (.common:xQueueRegistry)
                  20004640    00000030     looper_effects.obj (.bss:effects)
                  20004670    00000020     ADC_task.obj (.bss:adc00_step_values)
                  20004690    00000020     looper_volume_functions.obj (.bss:last_value)
                  200046b0    00000018     (.common:g_pfnTickHandlers)
                  200046c8    00000018     (.common:g_pvTickInstance)
                  200046e0    00000014     I2C_task.obj (.bss)
                  200046f4    00000014     drum_pad_functions.obj (.bss:float_string)
                  20004708    00000014     tasks.obj (.bss:xDelayedTaskList1)
                  2000471c    00000014     tasks.obj (.bss:xDelayedTaskList2)
                  20004730    00000014     tasks.obj (.bss:xPendingReadyList)
                  20004744    00000014     tasks.obj (.bss:xSuspendedTaskList)
                  20004758    00000014     tasks.obj (.bss:xTasksWaitingTermination)
                  2000476c    00000010     ADC_task.obj (.bss:adc11_step_values)
                  2000477c    00000010     midi_buttons_task.obj (.bss:button_states)
                  2000478c    00000010     midi_channel_select.obj (.bss:button_states)
                  2000479c    00000010     (.common:midi_knobs)
                  200047ac    00000008     ADC_task.obj (.bss)
                  200047b4    00000008     ads1x15_task.obj (.bss:adc0_data)
                  200047bc    00000008     ads1x15_task.obj (.bss:adc1_data)
                  200047c4    00000008     GPIs.obj (.bss:gpi_info)
                  200047cc    00000008     midi_buttons_task.obj (.bss)
                  200047d4    00000008     tasks.obj (.bss)
                  200047dc    00000008     heap_2.obj (.bss:xEnd)
                  200047e4    00000008     heap_2.obj (.bss:xStart)
                  200047ec    00000008     (.common:adc_info)
                  200047f4    00000008     (.common:gpis_info)
                  200047fc    00000008     (.common:gpo_info)
                  20004804    00000008     (.common:parmbuf)
                  2000480c    00000006     joystick_functions.obj (.bss:js_uart_msg)
                  20004812    00000002     ads1x15_task.obj (.bss:joy_x_data)
                  20004814    00000004     console_uart.obj (.bss)
                  20004818    00000004     drum_pad_functions.obj (.bss)
                  2000481c    00000004     adc.obj (.bss:g_pui8OversampleFactor)
                  20004820    00000004     host_uart_task.obj (.bss)
                  20004824    00000004     midi_uart_functions.obj (.bss:msg_bytes)
                  20004828    00000004     usbdenum.obj (.bss)
                  2000482c    00000004     (.common:g_ppsDevInfo)
                  20004830    00000004     (.common:green_debug)
                  20004834    00000002     ads1x15_task.obj (.bss:joy_y_data)
                  20004836    00000002     ads1x15_task.obj (.bss:sense_data)
                  20004838    00000002     ads1x15_task.obj (.bss:volume_data)
                  2000483a    00000001     board_select.obj (.bss)

.data      0    2000483c    000009ec     UNINITIALIZED
                  2000483c    00000108     console_task.obj (.data:console_pages)
                  20004944    000000f0     rtsv7M4_T_le_v4SPD16_eabi.lib : defs.c.obj (.data:_ftable)
                  20004a34    00000078                                   : host_device.c.obj (.data:_device)
                  20004aac    00000050                                   : host_device.c.obj (.data:_stream)
                  20004afc    00000034     tasks.obj (.data)
                  20004b30    00000030     ADC_task.obj (.data:adc_pins)
                  20004b60    00000024     GPOs.obj (.data:looper_gpos)
                  20004b84    00000024     ADC_task.obj (.data:pad0)
                  20004ba8    00000024     ADC_task.obj (.data:pad10)
                  20004bcc    00000024     ADC_task.obj (.data:pad11)
                  20004bf0    00000024     ADC_task.obj (.data:pad1)
                  20004c14    00000024     ADC_task.obj (.data:pad2)
                  20004c38    00000024     ADC_task.obj (.data:pad3)
                  20004c5c    00000024     ADC_task.obj (.data:pad4)
                  20004c80    00000024     ADC_task.obj (.data:pad5)
                  20004ca4    00000024     ADC_task.obj (.data:pad6)
                  20004cc8    00000024     ADC_task.obj (.data:pad7)
                  20004cec    00000024     ADC_task.obj (.data:pad8)
                  20004d10    00000024     ADC_task.obj (.data:pad9)
                  20004d34    00000020     ads1x15_task.obj (.data:adc00_read)
                  20004d54    00000020     ads1x15_task.obj (.data:adc01_read)
                  20004d74    00000020     ads1x15_task.obj (.data:adc02_read)
                  20004d94    00000020     ads1x15_task.obj (.data:adc03_read)
                  20004db4    00000020     ads1x15_task.obj (.data:adc10_read)
                  20004dd4    00000020     ads1x15_task.obj (.data:adc11_read)
                  20004df4    00000020     ads1x15_task.obj (.data:adc12_read)
                  20004e14    00000020     ads1x15_task.obj (.data:adc13_read)
                  20004e34    00000020     ads1x15_task.obj (.data:ads1015_adc00_sel)
                  20004e54    00000020     ads1x15_task.obj (.data:ads1015_adc01_sel)
                  20004e74    00000020     ads1x15_task.obj (.data:ads1015_adc02_sel)
                  20004e94    00000020     ads1x15_task.obj (.data:ads1015_adc03_sel)
                  20004eb4    00000020     ads1x15_task.obj (.data:ads1015_adc10_sel)
                  20004ed4    00000020     ads1x15_task.obj (.data:ads1015_adc11_sel)
                  20004ef4    00000020     ads1x15_task.obj (.data:ads1015_adc12_sel)
                  20004f14    00000020     ads1x15_task.obj (.data:ads1015_adc13_sel)
                  20004f34    00000020     GPIs.obj (.data:looper_gpi_pins)
                  20004f54    00000014     GPOs.obj (.data:blue_led)
                  20004f68    00000014     GPIs.obj (.data:chan_down)
                  20004f7c    00000014     GPIs.obj (.data:chan_up)
                  20004f90    00000014     GPOs.obj (.data:green_led)
                  20004fa4    00000014     GPOs.obj (.data:greenled)
                  20004fb8    00000014     GPOs.obj (.data:led_0)
                  20004fcc    00000014     GPOs.obj (.data:led_1)
                  20004fe0    00000014     GPOs.obj (.data:led_2)
                  20004ff4    00000014     GPOs.obj (.data:led_3)
                  20005008    00000014     GPOs.obj (.data:led_4)
                  2000501c    00000014     GPOs.obj (.data:led_5)
                  20005030    00000014     GPOs.obj (.data:led_6)
                  20005044    00000014     GPOs.obj (.data:led_7)
                  20005058    00000014     GPIs.obj (.data:loop_0)
                  2000506c    00000014     GPIs.obj (.data:loop_1)
                  20005080    00000014     GPIs.obj (.data:loop_2)
                  20005094    00000014     GPIs.obj (.data:loop_3)
                  200050a8    00000014     GPIs.obj (.data:loop_4)
                  200050bc    00000014     GPIs.obj (.data:loop_5)
                  200050d0    00000014     GPIs.obj (.data:loop_6)
                  200050e4    00000014     GPIs.obj (.data:loop_7)
                  200050f8    00000014     GPIs.obj (.data:midi_gpi_pins)
                  2000510c    00000014     GPIs.obj (.data:octave_down)
                  20005120    00000014     GPIs.obj (.data:octave_up)
                  20005134    00000014     GPIs.obj (.data:pressure_sense)
                  20005148    00000014     GPOs.obj (.data:red_led)
                  2000515c    00000011     console_task.obj (.data)
                  2000516d    00000002     joystick_functions.obj (.data)
                  2000516f    00000001     looper_buttons_task.obj (.data)
                  20005170    00000010     rtsv7M4_T_le_v4SPD16_eabi.lib : defs.c.obj (.data)
                  20005180    0000000c                                   : exit.c.obj (.data:$O1$$)
                  2000518c    0000000c     GPOs.obj (.data:midi_gpos)
                  20005198    0000000c     port.obj (.data)
                  200051a4    0000000c     usbtick.obj (.data)
                  200051b0    00000009     usbmode.obj (.data)
                  200051b9    00000001     looper_effects.obj (.data)
                  200051ba    00000001     looper_volume_functions.obj (.data)
                  200051bb    00000001     --HOLE--
                  200051bc    00000008     rtsv7M4_T_le_v4SPD16_eabi.lib : _lock.c.obj (.data:$O1$$)
                  200051c4    00000008                                   : memory.c.obj (.data:$O1$$)
                  200051cc    00000008     ADC_task.obj (.data)
                  200051d4    00000008     ADC_task.obj (.data:adc_pin_struct)
                  200051dc    00000008     heap_2.obj (.data)
                  200051e4    00000008     GPIs.obj (.data:looper_gpi_info)
                  200051ec    00000008     GPIs.obj (.data:midi_gpi_info)
                  200051f4    00000008     usbdenum.obj (.data)
                  200051fc    00000005     I2C_task.obj (.data)
                  20005201    00000003     --HOLE--
                  20005204    00000005     uartstdio.obj (.data)
                  20005209    00000003     --HOLE--
                  2000520c    00000004     drum_pad_functions.obj (.data)
                  20005210    00000004     host_uart_task.obj (.data)
                  20005214    00000004     logger.obj (.data)
                  20005218    00000004     looper_board.obj (.data)
                  2000521c    00000004     midi_channel_select.obj (.data)
                  20005220    00000004     midi_ctrl_board.obj (.data)
                  20005224    00000004     rtsv7M4_T_le_v4SPD16_eabi.lib : errno.c.obj (.data)

.stack     0    20005228    00000400     UNINITIALIZED
                  20005228    00000004     rtsv7M4_T_le_v4SPD16_eabi.lib : boot_cortex_m.c.obj (.stack)
                  2000522c    000003fc     --HOLE--

.sysmem    0    20005628    00000010     UNINITIALIZED
                  20005628    00000010     rtsv7M4_T_le_v4SPD16_eabi.lib : memory.c.obj (.sysmem)

__llvm_prf_cnts 
*          0    20000000    00000000     UNINITIALIZED

MODULE SUMMARY

       Module                         code    ro data   rw data
       ------                         ----    -------   -------
    .\
       ADC_task.obj                   1092    96        15912  
       drum_pad_functions.obj         2540    40        268    
       ads1x15_task.obj               1116    13        536    
       console_task.obj               1172    0         281    
       I2C_task.obj                   1380    0         25     
       GPIs.obj                       448     124       336    
       joystick_functions.obj         900     0         8      
       midi_channel_select.obj        848     0         20     
       looper_buttons_task.obj        748     0         97     
       GPOs.obj                       368     114       296    
       logger.obj                     484     0         248    
       looper_effects.obj             596     0         49     
       midi_ctrl_board.obj            628     0         4      
       tm4c123gh6pm_startup_ccs.obj   12      620       0      
       looper_volume_functions.obj    544     0         33     
       midi_uart_functions.obj        548     0         4      
       looper_board.obj               500     0         4      
       midi_knobs_functions.obj       460     0         16     
       task_manager_page.obj          76      0         400    
       heap_2.obj                     448     0         24     
       control_page.obj               376     0         16     
       midi_buttons_task.obj          284     0         24     
       host_uart_task.obj             288     0         8      
       homepage.obj                   292     0         0      
       console_uart.obj               252     0         4      
       text_controls.obj              210     0         0      
       board_select.obj               124     0         1      
       main.obj                       116     0         0      
       hooks.obj                      42      0         0      
    +--+------------------------------+-------+---------+---------+
       Total:                         16892   1007      18614  
                                                               
    .\FreeRTOS\
       tasks.obj                      7644    0         260    
       queue.obj                      4008    0         64     
       list.obj                       298     0         0      
    +--+------------------------------+-------+---------+---------+
       Total:                         11950   0         324    
                                                               
    .\FreeRTOS\portable\CCS\ARM_CM4F\
       port.obj                       652     8         12     
       portasm.obj                    218     0         0      
    +--+------------------------------+-------+---------+---------+
       Total:                         870     8         12     
                                                               
    .\driverlib\
       usb.obj                        5562    0         0      
       sysctl.obj                     3834    452       0      
       gpio.obj                       2952    528       0      
       adc.obj                        1986    0         4      
       interrupt.obj                  960     268       620    
       i2c.obj                        1692    128       0      
       timer.obj                      1602    160       0      
       uart.obj                       1560    128       0      
       udma.obj                       1248    0         0      
       ssi.obj                        838     64        0      
       fpu.obj                        192     0         0      
       cpu.obj                        62      0         0      
    +--+------------------------------+-------+---------+---------+
       Total:                         22488   1728      624    
                                                               
    .\usb\
       usbdenum.obj                   4596    52        160    
       usbdma.obj                     3684    0         272    
       usbdconfig.obj                 904     0         0      
       usbdcdesc.obj                  734     0         0      
       usbdesc.obj                    466     0         0      
       usbtick.obj                    236     0         60     
       usbulpi.obj                    200     0         0      
       usbdhandler.obj                24      0         0      
       usbmode.obj                    0       0         9      
    +--+------------------------------+-------+---------+---------+
       Total:                         10844   52        501    
                                                               
    .\utils\
       uartstdio.obj                  1192    46        5      
    +--+------------------------------+-------+---------+---------+
       Total:                         1192    46        5      
                                                               
    C:\ti\ccs1020\ccs\tools\compiler\ti-cgt-arm_20.2.2.LTS\lib\rtsv7M4_T_le_v4SPD16_eabi.lib
       _printfi.c.obj                 4851    0         0      
       memory.c.obj                   672     0         8      
       fd_add_t2.asm.obj              438     0         0      
       defs.c.obj                     0       0         416    
       trgmsg.c.obj                   108     0         288    
       fd_div_t2.asm.obj              310     0         0      
       fputs.c.obj                    276     0         0      
       s_scalbn.c.obj                 272     0         0      
       fd_cmp_t2.asm.obj              268     0         0      
       ctype.c.obj                    0       257       0      
       fd_mul_t2.asm.obj              252     0         0      
       setvbuf.c.obj                  220     0         0      
       fflush.c.obj                   200     0         0      
       host_device.c.obj              0       0         200    
       memcpy_t2.asm.obj              156     0         0      
       ull_div_t2.asm.obj             150     0         0      
       memset_t2.asm.obj              122     0         0      
       fclose.c.obj                   116     0         0      
       getdevice.c.obj                116     0         0      
       hostrename.c.obj               108     0         0      
       copy_decompress_lzss.c.obj     104     0         0      
       hostlseek.c.obj                104     0         0      
       hostopen.c.obj                 96      0         8      
       fseek.c.obj                    100     0         0      
       s_frexp.c.obj                  100     0         0      
       _io_perm.c.obj                 98      0         0      
       sprintf.c.obj                  98      0         0      
       close.c.obj                    92      0         0      
       exit.c.obj                     76      0         12     
       hostread.c.obj                 88      0         0      
       hostwrite.c.obj                88      0         0      
       _ltoa.c.obj                    84      0         0      
       atoi.c.obj                     76      0         0      
       fd_toi_t2.asm.obj              72      0         0      
       autoinit.c.obj                 68      0         0      
       fd_tou_t2.asm.obj              68      0         0      
       hostclose.c.obj                68      0         0      
       hostunlink.c.obj               68      0         0      
       u_divt2.asm.obj                64      0         0      
       fs_tod_t2.asm.obj              56      0         0      
       strncpy.c.obj                  54      0         0      
       boot_cortex_m.c.obj            52      0         0      
       fopen.c.obj                    52      0         0      
       i_tofd_t2.asm.obj              46      0         0      
       unlink.c.obj                   44      0         0      
       lseek.c.obj                    40      0         0      
       write.c.obj                    40      0         0      
       memchr.c.obj                   32      0         0      
       u_tofd_t2.asm.obj              32      0         0      
       assert.c.obj                   28      0         0      
       memccpy.c.obj                  28      0         0      
       s_copysign.c.obj               26      0         0      
       strcmp.c.obj                   24      0         0      
       strchr.c.obj                   22      0         0      
       strcpy.c.obj                   20      0         0      
       strlen.c.obj                   20      0         0      
       wcslen.c.obj                   18      0         0      
       copy_decompress_none.c.obj     14      0         0      
       copy_zero_init.c.obj           12      0         0      
       errno.c.obj                    8       0         4      
       _lock.c.obj                    2       0         8      
       pre_init.c.obj                 4       0         0      
       div0.asm.obj                   2       0         0      
    +--+------------------------------+-------+---------+---------+
       Total:                         10923   257       944    
                                                               
       Heap:                          0       0         16     
       Stack:                         0       0         1024   
       Linker Generated:              0       784       0      
    +--+------------------------------+-------+---------+---------+
       Grand Total:                   75159   3882      22064  


LINKER GENERATED COPY TABLES

__TI_cinit_table @ 000134d0 records: 3, size/record: 8, table size: 24
	.data: load addr=000131d8, load size=000002dc bytes, run addr=2000483c, run size=000009ec bytes, compression=lzss
	.bss: load addr=000134c0, load size=00000008 bytes, run addr=2000026c, run size=000045cf bytes, compression=zero_init
	.vtable: load addr=000134c8, load size=00000008 bytes, run addr=20000000, run size=0000026c bytes, compression=zero_init


LINKER GENERATED HANDLER TABLE

__TI_handler_table @ 000134b4 records: 3, size/record: 4, table size: 12
	index: 0, handler: __TI_zero_init
	index: 1, handler: __TI_decompress_lzss
	index: 2, handler: __TI_decompress_none


GLOBAL SYMBOLS: SORTED ALPHABETICALLY BY Name 

address   name                                 
-------   ----                                 
00009bf9  ADCBusy                              
00009c41  ADCClockConfigGet                    
00009c17  ADCClockConfigSet                    
00009a13  ADCComparatorConfigure               
00009ae3  ADCComparatorIntClear                
00009a99  ADCComparatorIntDisable              
00009ab7  ADCComparatorIntEnable               
00009ad5  ADCComparatorIntStatus               
00009a2f  ADCComparatorRegionSet               
00009a53  ADCComparatorReset                   
000099e1  ADCHardwareOversampleConfigure       
000095f7  ADCIntClear                          
00009b5b  ADCIntClearEx                        
0000955d  ADCIntDisable                        
00009af5  ADCIntDisableEx                      
00009579  ADCIntEnable                         
00009b0d  ADCIntEnableEx                       
00009517  ADCIntRegister                       
0000959f  ADCIntStatus                         
00009b29  ADCIntStatusEx                       
0000953f  ADCIntUnregister                     
00009bb3  ADCPhaseDelayGet                     
00009ba1  ADCPhaseDelaySet                     
00009857  ADCProcessorTrigger                  
00009b8f  ADCReferenceGet                      
00009b73  ADCReferenceSet                      
0000c98b  ADCSeq0Handler                       
0000c9cb  ADCSeq1Handler                       
00009641  ADCSequenceConfigure                 
00009bdd  ADCSequenceDMADisable                
00009bc1  ADCSequenceDMAEnable                 
00009815  ADCSequenceDataGet                   
00009627  ADCSequenceDisable                   
0000960d  ADCSequenceEnable                    
000097b9  ADCSequenceOverflow                  
000097d1  ADCSequenceOverflowClear             
000096c5  ADCSequenceStepConfigure             
000097e7  ADCSequenceUnderflow                 
000097ff  ADCSequenceUnderflowClear            
0000987b  ADCSoftwareOversampleConfigure       
00009973  ADCSoftwareOversampleDataGet         
000098b3  ADCSoftwareOversampleStepConfigure   
0001281f  C$$EXIT                              
00012447  C$$IO$$                              
0001240f  CPUbasepriGet                        
00012401  CPUbasepriSet                        
000123db  CPUcpsid                             
000123f1  CPUcpsie                             
000123e7  CPUprimask                           
000123fd  CPUwfi                               
000114ab  FPUDisable                           
00011499  FPUEnable                            
00011517  FPUFlushToZeroModeSet                
000114e3  FPUHalfPrecisionModeSet              
000114cb  FPULazyStackingEnable                
000114fd  FPUNaNModeSet                        
00011531  FPURoundingModeSet                   
000114d7  FPUStackingDisable                   
000114b9  FPUStackingEnable                    
0000805b  GPIOADCTriggerDisable                
0000803d  GPIOADCTriggerEnable                 
0000801f  GPIODMATriggerDisable                
00008001  GPIODMATriggerEnable                 
000075b3  GPIODirModeGet                       
00007557  GPIODirModeSet                       
00007b1b  GPIOIntClear                         
00007adf  GPIOIntDisable                       
00007ac5  GPIOIntEnable                        
00007b2f  GPIOIntRegister                      
00007af9  GPIOIntStatus                        
000076a3  GPIOIntTypeGet                       
000075ff  GPIOIntTypeSet                       
00007b4d  GPIOIntUnregister                    
00007973  GPIOPadConfigGet                     
00007739  GPIOPadConfigSet                     
00007fa3  GPIOPinConfigure                     
00007b67  GPIOPinRead                          
00007b9f  GPIOPinTypeADC                       
00007bc3  GPIOPinTypeCAN                       
00007f6f  GPIOPinTypeCIR                       
00007be7  GPIOPinTypeComparator                
00007c0b  GPIOPinTypeEPI                       
00007c2f  GPIOPinTypeEthernetLED               
00007c53  GPIOPinTypeEthernetMII               
00007c77  GPIOPinTypeGPIOInput                 
00007c9b  GPIOPinTypeGPIOOutput                
00007cbf  GPIOPinTypeGPIOOutputOD              
00007ce3  GPIOPinTypeI2C                       
00007d07  GPIOPinTypeI2CSCL                    
00007f27  GPIOPinTypeKBColumn                  
00007f03  GPIOPinTypeKBRow                     
00007d2b  GPIOPinTypeLCD                       
00007f4b  GPIOPinTypeLEDSeq                    
00007d4f  GPIOPinTypeLPC                       
00007d73  GPIOPinTypePECIRx                    
00007d97  GPIOPinTypePECITx                    
00007dbb  GPIOPinTypePWM                       
00007ddf  GPIOPinTypeQEI                       
00007e03  GPIOPinTypeSSI                       
00007e27  GPIOPinTypeTimer                     
00007e4b  GPIOPinTypeUART                      
00007e6f  GPIOPinTypeUSBAnalog                 
00007e93  GPIOPinTypeUSBDigital                
00007eb7  GPIOPinTypeWakeHigh                  
00007edd  GPIOPinTypeWakeLow                   
00007f93  GPIOPinWakeStatus                    
00007b7f  GPIOPinWrite                         
000121c9  HOSTclose                            
00011bf1  HOSTlseek                            
00011ded  HOSTopen                             
00011ea9  HOSTread                             
00011b85  HOSTrename                           
0001220d  HOSTunlink                           
00011f01  HOSTwrite                            
0000a277  I2CFIFODataGet                       
0000a291  I2CFIFODataGetNonBlocking            
0000a22d  I2CFIFODataPut                       
0000a24f  I2CFIFODataPutNonBlocking            
0000a21d  I2CFIFOStatus                        
00009e11  I2CIntRegister                       
00009e2f  I2CIntUnregister                     
0000a2cd  I2CMasterBurstCountGet               
0000a2b7  I2CMasterBurstLengthSet              
0000a075  I2CMasterBusBusy                     
0000a05d  I2CMasterBusy                        
0000a08d  I2CMasterControl                     
0000a0e1  I2CMasterDataGet                     
0000a0cb  I2CMasterDataPut                     
00009ddd  I2CMasterDisable                     
00009da9  I2CMasterEnable                      
0000a09f  I2CMasterErr                         
0000a2db  I2CMasterGlitchFilterConfigSet       
00009cdf  I2CMasterInitExpClk                  
00009fd7  I2CMasterIntClear                    
00009ff5  I2CMasterIntClearEx                  
00009ea3  I2CMasterIntDisable                  
00009eb3  I2CMasterIntDisableEx                
00009e49  I2CMasterIntEnable                   
00009e59  I2CMasterIntEnableEx                 
00009efd  I2CMasterIntStatus                   
00009f41  I2CMasterIntStatusEx                 
0000a04f  I2CMasterLineStateGet                
0000a02d  I2CMasterSlaveAddrSet                
0000a0ef  I2CMasterTimeoutSet                  
0000a1dd  I2CRxFIFOConfigSet                   
0000a205  I2CRxFIFOFlush                       
0000a101  I2CSlaveACKOverride                  
0000a133  I2CSlaveACKValueSet                  
00009d6b  I2CSlaveAddressSet                   
0000a18d  I2CSlaveDataGet                      
0000a175  I2CSlaveDataPut                      
00009df3  I2CSlaveDisable                      
00009dbf  I2CSlaveEnable                       
0000a30b  I2CSlaveFIFODisable                  
0000a2f3  I2CSlaveFIFOEnable                   
00009d51  I2CSlaveInit                         
0000a007  I2CSlaveIntClear                     
0000a019  I2CSlaveIntClearEx                   
00009ecb  I2CSlaveIntDisable                   
00009ee3  I2CSlaveIntDisableEx                 
00009e71  I2CSlaveIntEnable                    
00009e89  I2CSlaveIntEnableEx                  
00009f6d  I2CSlaveIntStatus                    
00009fb5  I2CSlaveIntStatusEx                  
0000a165  I2CSlaveStatus                       
0000a19d  I2CTxFIFOConfigSet                   
0000a1c5  I2CTxFIFOFlush                       
0000cd59  IntDisable                           
0000cce7  IntEnable                            
0000cdcb  IntIsEnabled                         
0000cbab  IntMasterDisable                     
0000cb9b  IntMasterEnable                      
0000cec1  IntPendClear                         
0000ce51  IntPendSet                           
0000ccc3  IntPriorityGet                       
0000cc3b  IntPriorityGroupingGet               
0000cc21  IntPriorityGroupingSet               
0000cf1b  IntPriorityMaskGet                   
0000cf0f  IntPriorityMaskSet                   
0000cc73  IntPrioritySet                       
0000cbbb  IntRegister                          
0000cf23  IntTrigger                           
0000cc0d  IntUnregister                        
00010fbb  InternalUSBRegisterTickHandler       
0001100b  InternalUSBStartOfFrameTick          
00010f75  InternalUSBTickInit                  
00010fb3  InternalUSBTickReset                 
000127ef  ResetISR                             
0000dc7d  SSIAdvDataPutFrameEnd                
0000dca3  SSIAdvDataPutFrameEndNonBlocking     
0000dce5  SSIAdvFrameHoldDisable               
0000dccf  SSIAdvFrameHoldEnable                
0000dc61  SSIAdvModeSet                        
0000dc0b  SSIBusy                              
0000dc3d  SSIClockSourceGet                    
0000dc29  SSIClockSourceSet                    
0000da13  SSIConfigSetExpClk                   
0000dbf3  SSIDMADisable                        
0000dbdb  SSIDMAEnable                         
0000db9d  SSIDataGet                           
0000dbb9  SSIDataGetNonBlocking                
0000db63  SSIDataPut                           
0000db7d  SSIDataPutNonBlocking                
0000dab5  SSIDisable                           
0000da9f  SSIEnable                            
0000db51  SSIIntClear                          
0000db1b  SSIIntDisable                        
0000db03  SSIIntEnable                         
0000dacb  SSIIntRegister                       
0000db33  SSIIntStatus                         
0000dae9  SSIIntUnregister                     
00006633  SysCtlAltClkConfig                   
00005e09  SysCtlClockFreqSet                   
000062ed  SysCtlClockGet                       
00006617  SysCtlClockOutConfig                 
00006121  SysCtlClockSet                       
00005d09  SysCtlDeepSleep                      
000064b9  SysCtlDeepSleepClockConfigSet        
0000649b  SysCtlDeepSleepClockSet              
00005ce9  SysCtlDeepSleepPowerSet              
00012815  SysCtlDelay                          
00005897  SysCtlFlashSectorSizeGet             
0000586b  SysCtlFlashSizeGet                   
0000658f  SysCtlGPIOAHBDisable                 
00006573  SysCtlGPIOAHBEnable                  
00005c7d  SysCtlIntClear                       
00005c65  SysCtlIntDisable                     
00005c51  SysCtlIntEnable                      
00005c29  SysCtlIntRegister                    
00005c8d  SysCtlIntStatus                      
00005c41  SysCtlIntUnregister                  
00005ccf  SysCtlLDODeepSleepGet                
00005cbf  SysCtlLDODeepSleepSet                
00005cb9  SysCtlLDOSleepGet                    
00005ca9  SysCtlLDOSleepSet                    
00005d3f  SysCtlMOSCConfigSet                  
00006603  SysCtlNMIClear                       
000065fd  SysCtlNMIStatus                      
00005d55  SysCtlPIOSCCalibrate                 
0000655d  SysCtlPWMClockGet                    
00006543  SysCtlPWMClockSet                    
00005bd5  SysCtlPeripheralClockGating          
00005b8d  SysCtlPeripheralDeepSleepDisable     
00005b3d  SysCtlPeripheralDeepSleepEnable      
00005a79  SysCtlPeripheralDisable              
00005a3d  SysCtlPeripheralEnable               
00005979  SysCtlPeripheralPowerOff             
0000593d  SysCtlPeripheralPowerOn              
000058bd  SysCtlPeripheralPresent              
000058fd  SysCtlPeripheralReady                
000059b5  SysCtlPeripheralReset                
00005b01  SysCtlPeripheralSleepDisable         
00005abd  SysCtlPeripheralSleepEnable          
00005cf9  SysCtlReset                          
00005db5  SysCtlResetBehaviorGet               
00005da5  SysCtlResetBehaviorSet               
00005d2b  SysCtlResetCauseClear                
00005d25  SysCtlResetCauseGet                  
00005861  SysCtlSRAMSizeGet                    
00005d01  SysCtlSleep                          
00005cd5  SysCtlSleepPowerSet                  
000065bd  SysCtlUSBPLLDisable                  
000065ab  SysCtlUSBPLLEnable                   
000065e9  SysCtlVoltageEventClear              
000065cd  SysCtlVoltageEventConfig             
000065dd  SysCtlVoltageEventStatus             
0000a8dd  TimerADCEventGet                     
0000a8cb  TimerADCEventSet                     
0000a601  TimerClockSourceGet                  
0000a5d7  TimerClockSourceSet                  
0000a3cb  TimerConfigure                       
0000a4eb  TimerControlEvent                    
0000a447  TimerControlLevel                    
0000a515  TimerControlStall                    
0000a47d  TimerControlTrigger                  
0000a54b  TimerControlWaitOnTrigger            
0000a8fd  TimerDMAEventGet                     
0000a8eb  TimerDMAEventSet                     
0000a3ad  TimerDisable                         
0000a38f  TimerEnable                          
0000a8a7  TimerIntClear                        
0000a871  TimerIntDisable                      
0000a859  TimerIntEnable                       
0000a813  TimerIntRegister                     
0000a889  TimerIntStatus                       
0000a83b  TimerIntUnregister                   
0000a6cb  TimerLoadGet                         
0000a701  TimerLoadGet64                       
0000a6a1  TimerLoadSet                         
0000a6e7  TimerLoadSet64                       
0000a7ab  TimerMatchGet                        
0000a7e1  TimerMatchGet64                      
0000a781  TimerMatchSet                        
0000a7c7  TimerMatchSet64                      
0000a63b  TimerPrescaleGet                     
0000a685  TimerPrescaleMatchGet                
0000a657  TimerPrescaleMatchSet                
0000a611  TimerPrescaleSet                     
0000a5c1  TimerRTCDisable                      
0000a5ab  TimerRTCEnable                       
0000a8b9  TimerSynchronize                     
0000a90b  TimerUpdateMode                      
0000a733  TimerValueGet                        
0000a74f  TimerValueGet64                      
0000af31  UART9BitAddrSend                     
0000af0b  UART9BitAddrSet                      
0000aef5  UART9BitDisable                      
0000aedf  UART9BitEnable                       
0000ad83  UARTBreakCtl                         
0000adad  UARTBusy                             
0000ad2b  UARTCharGet                          
0000ad0f  UARTCharGetNonBlocking               
0000ad65  UARTCharPut                          
0000ad41  UARTCharPutNonBlocking               
0000acd3  UARTCharsAvail                       
0000aecf  UARTClockSourceGet                   
0000aebb  UARTClockSourceSet                   
0000aaa3  UARTConfigGetExpClk                  
0000aa2d  UARTConfigSetExpClk                  
0000ae81  UARTDMADisable                       
0000ae69  UARTDMAEnable                        
0000ab13  UARTDisable                          
0000ab97  UARTDisableSIR                       
0000aaef  UARTEnable                           
0000ab69  UARTEnableSIR                        
0000ab53  UARTFIFODisable                      
0000ab3d  UARTFIFOEnable                       
0000aa05  UARTFIFOLevelGet                     
0000a9ed  UARTFIFOLevelSet                     
0000ac93  UARTFlowControlGet                   
0000ac77  UARTFlowControlSet                   
0000ae57  UARTIntClear                         
0000ae21  UARTIntDisable                       
0000ae09  UARTIntEnable                        
0000adcb  UARTIntRegister                      
0000ae39  UARTIntStatus                        
0000ade9  UARTIntUnregister                    
0000ac2d  UARTModemControlClear                
0000ac51  UARTModemControlGet                  
0000abf5  UARTModemControlSet                  
0000ac63  UARTModemStatusGet                   
0000a9db  UARTParityModeGet                    
0000a9bf  UARTParityModeSet                    
0000aeab  UARTRxErrorClear                     
0000ae99  UARTRxErrorGet                       
0000abdf  UARTSmartCardDisable                 
0000abad  UARTSmartCardEnable                  
0000acf1  UARTSpaceAvail                       
0000b9bd  UARTStdioConfig                      
0000acc1  UARTTxIntModeGet                     
0000aca5  UARTTxIntModeSet                     
0000bb0d  UARTgetc                             
0000ba53  UARTgets                             
0000be2f  UARTprintf                           
0000bb35  UARTvprintf                          
0000ba03  UARTwrite                            
000113cf  ULPIConfigSet                        
00011471  ULPIPowerTransceiver                 
0001276d  USB0DeviceIntHandler                 
0000323f  USBClockDisable                      
00003223  USBClockEnable                       
0000320f  USBControllerVersion                 
0000e141  USBDCDConfigDescGet                  
0000e0f3  USBDCDConfigDescGetNum               
0000e0bb  USBDCDConfigDescGetSize              
0000e223  USBDCDConfigGetInterface             
0000e259  USBDCDConfigGetInterfaceEndpoint     
0000e1cf  USBDCDConfigGetNumAlternateInterfaces
00003605  USBDCDDeviceInfoInit                 
000039b9  USBDCDFeatureGet                     
000038f5  USBDCDFeatureSet                     
00003655  USBDCDInit                           
0000388b  USBDCDPowerStatusSet                 
000039ed  USBDCDRemoteWakeLPM                  
00003a0d  USBDCDRemoteWakeupRequest            
0000381b  USBDCDRequestDataEP0                 
00003841  USBDCDSendDataEP0                    
00003863  USBDCDSetDefaultConfiguration        
00003875  USBDCDStallEP0                       
000037d3  USBDCDTerm                           
00003377  USBDMAChannelAddressGet              
0000335b  USBDMAChannelAddressSet              
000032e1  USBDMAChannelConfigSet               
000033ab  USBDMAChannelCountGet                
0000338f  USBDMAChannelCountSet                
000032c1  USBDMAChannelDisable                 
000032a1  USBDMAChannelEnable                  
00003271  USBDMAChannelIntDisable              
00003251  USBDMAChannelIntEnable               
00003291  USBDMAChannelIntStatus               
00003311  USBDMAChannelStatus                  
00003331  USBDMAChannelStatusClear             
000033c3  USBDMANumChannels                    
0000f505  USBDescGet                           
0000f629  USBDescGetInterface                  
0000f657  USBDescGetInterfaceEndpoint          
0000f4a9  USBDescGetNum                        
0000f56f  USBDescGetNumAlternateInterfaces     
0000267d  USBDevAddrGet                        
00002669  USBDevAddrSet                        
0000263d  USBDevConnect                        
00002653  USBDevDisconnect                     
000029b3  USBDevEndpointConfigGet              
000028c1  USBDevEndpointConfigSet              
00002d3d  USBDevEndpointDataAck                
00002567  USBDevEndpointStall                  
000025c9  USBDevEndpointStallClear             
000023e3  USBDevEndpointStatusClear            
0000352f  USBDevLPMConfig                      
0000355d  USBDevLPMDisable                     
00003545  USBDevLPMEnable                      
00003517  USBDevLPMRemoteWake                  
00003177  USBDevMode                           
000021a9  USBDevSpeedGet                       
0000d01f  USBDeviceConfig                      
0000d215  USBDeviceConfigAlternate             
00003b25  USBDeviceEnumHandler                 
00003c45  USBDeviceEnumResetHandler            
00004615  USBDeviceIntHandlerInternal          
00003a41  USBDeviceResumeTickHandler           
00003129  USBEndpointDMAChannel                
00002b6f  USBEndpointDMAConfigSet              
00002c41  USBEndpointDMADisable                
00002c07  USBEndpointDMAEnable                 
00002c7b  USBEndpointDataAvail                 
00002cb3  USBEndpointDataGet                   
00002dad  USBEndpointDataPut                   
00002e11  USBEndpointDataSend                  
00002501  USBEndpointDataToggleClear           
000031db  USBEndpointPacketCountSet            
0000236f  USBEndpointStatus                    
000030ff  USBFIFOAddrGet                       
00002b09  USBFIFOConfigGet                     
00002aa3  USBFIFOConfigSet                     
00002e69  USBFIFOFlush                         
000030c3  USBFrameNumberGet                    
00002117  USBHighSpeed                         
00002f79  USBHostAddrGet                       
00002f41  USBHostAddrSet                       
00002691  USBHostEndpointConfig                
00002d7b  USBHostEndpointDataAck               
00002465  USBHostEndpointDataToggle            
0000253b  USBHostEndpointPing                  
0000282b  USBHostEndpointSpeed                 
0000239b  USBHostEndpointStatusClear           
0000300b  USBHostHubAddrGet                    
00002fa7  USBHostHubAddrSet                    
000034db  USBHostLPMConfig                     
000034ff  USBHostLPMResume                     
00003493  USBHostLPMSend                       
00003165  USBHostMode                          
00003039  USBHostPwrConfig                     
000030ab  USBHostPwrDisable                    
00003093  USBHostPwrEnable                     
0000307b  USBHostPwrFaultDisable               
00003063  USBHostPwrFaultEnable                
00002ed9  USBHostRequestIN                     
00002f01  USBHostRequestINClear                
00002f2f  USBHostRequestStatus                 
000020e9  USBHostReset                         
00002145  USBHostResume                        
00002173  USBHostSpeedGet                      
000020d3  USBHostSuspend                       
000021c1  USBIntDisableControl                 
00002285  USBIntDisableEndpoint                
000021ff  USBIntEnableControl                  
000022b3  USBIntEnableEndpoint                 
00002337  USBIntRegister                       
00002239  USBIntStatusControl                  
000022e1  USBIntStatusEndpoint                 
00002355  USBIntUnregister                     
00003589  USBLPMEndpointGet                    
000035e9  USBLPMIntDisable                     
000035cf  USBLPMIntEnable                      
000035bf  USBLPMIntStatus                      
00003575  USBLPMLinkStateGet                   
000035a5  USBLPMRemoteWakeEnabled              
000072f7  USBLibDMAAddrGet                     
00007327  USBLibDMAInit                        
0000730f  USBLibDMASizeGet                     
0000319b  USBModeConfig                        
00003115  USBModeGet                           
000031fb  USBNumEndpointsGet                   
00003189  USBOTGMode                           
000030d1  USBOTGSessionRequest                 
000031af  USBPHYPowerOff                       
000031c5  USBPHYPowerOn                        
000033d5  USBULPIConfig                        
00003403  USBULPIDisable                       
000033eb  USBULPIEnable                        
0000341b  USBULPIRegRead                       
00003453  USBULPIRegWrite                      
20003ffc  __CIOBUF_                            
20005628  __STACK_END                          
00000400  __STACK_SIZE                         
20005428  __STACK_TOP                          
00000010  __SYSMEM_SIZE                        
000134d0  __TI_CINIT_Base                      
000134e8  __TI_CINIT_Limit                     
000134b4  __TI_Handler_Table_Base              
000134c0  __TI_Handler_Table_Limit             
00012251  __TI_auto_init_nobinit_nopinit       
000124c1  __TI_cleanup                         
20005180  __TI_cleanup_ptr                     
000119bd  __TI_closefile                       
00011c59  __TI_decompress_lzss                 
000127d5  __TI_decompress_none                 
00012055  __TI_doflush                         
20005184  __TI_dtors_ptr                       
20005188  __TI_enable_exit_profile_output      
20005170  __TI_ft_end                          
00011faf  __TI_ltoa                            
ffffffff  __TI_pprof_out_hndl                  
00008081  __TI_printfi                         
ffffffff  __TI_prof_data_size                  
ffffffff  __TI_prof_data_start                 
000124f5  __TI_readmsg                         
00000000  __TI_static_base__                   
2000440c  __TI_tmpnams                         
00012419  __TI_writemsg                        
00011d89  __TI_wrt_ok                          
000127e3  __TI_zero_init                       
0001173d  __aeabi_cdcmpeq                      
0001173d  __aeabi_cdcmple                      
000117c3  __aeabi_cdrcmple                     
00012181  __aeabi_d2iz                         
000122d9  __aeabi_d2uiz                        
0000fda3  __aeabi_dadd                         
00010375  __aeabi_ddiv                         
00010e79  __aeabi_dmul                         
0000fd99  __aeabi_dsub                         
00012805  __aeabi_errno_addr                   
00012451  __aeabi_f2d                          
0001258d  __aeabi_i2d                          
00008acf  __aeabi_idiv0                        
00008acf  __aeabi_ldiv0                        
00011941  __aeabi_memclr                       
00011941  __aeabi_memclr4                      
00011941  __aeabi_memclr8                      
0001160b  __aeabi_memcpy                       
0001160b  __aeabi_memcpy4                      
0001160b  __aeabi_memcpy8                      
00011943  __aeabi_memset                       
00011943  __aeabi_memset4                      
00011943  __aeabi_memset8                      
2000517c  __aeabi_stderr                       
20005174  __aeabi_stdin                        
20005178  __aeabi_stdout                       
000126ad  __aeabi_ui2d                         
0001231d  __aeabi_uidiv                        
0001231d  __aeabi_uidivmod                     
000116a7  __aeabi_uldivmod                     
ffffffff  __binit__                            
ffffffff  __c_args__                           
UNDEFED   __mpu_init                           
20005228  __stack                              
20000000  __start___llvm_prf_cnts              
20000000  __stop___llvm_prf_cnts               
000126cd  _abort_msg                           
00012529  _c_int00_noargs                      
00012944  _ctypes_                             
20004a34  _device                              
20004944  _ftable                              
200051bc  _lock                                
00003603  _nop                                 
20004aac  _stream                              
20005628  _sys_memory                          
UNDEFED   _system_post_cinit                   
0001281b  _system_pre_init                     
200051c0  _unlock                              
0001281f  abort                                
200047ec  adc_info                             
200051d4  adc_pin_struct                       
0000b015  add_i2c_msg                          
0000be75  add_page                             
0000c5b9  ads1x15_drawdata                     
0000c6d1  ads1x15_drawinput                    
0000c54d  ads1x15_drawpage                     
0000c359  ads1x15_looper_task                  
0000c41f  ads1x15_midi_task                    
00010c7d  aligned_alloc                        
000120a1  atoi                                 
00011327  bgd_color                            
ffffffff  binit                                
00011319  bold_text_color                      
00011379  clear_below_line                     
0001136f  clear_in_line                        
00011365  clear_line                           
0001135b  clear_terminal                       
00011e4d  close                                
0000c149  console_task                         
00010007  control_drawdata                     
00010087  control_drawinput                    
0000ff51  control_drawpage                     
00012721  copysign                             
00012721  copysignl                            
0000f2c5  create_error                         
00011335  cursor_pos                           
000006a5  eTaskGetState                        
20005224  errno                                
00012139  exit                                 
000118c5  fflush                               
0001255d  finddevice                           
00010a59  fputs                                
00011061  free                                 
00011cc1  frexp                                
00011cc1  frexpl                               
00011d25  fseek                                
200051a4  g_bUSBTimerInitialized               
200051b0  g_iUSBMode                           
20000000  g_pfnRAMVectors                      
200046b0  g_pfnTickHandlers                    
00000000  g_pfnVectors                         
2000482c  g_ppsDevInfo                         
20004570  g_psDCDInst                          
200046c8  g_pvTickInstance                     
200051a8  g_ui32CurrentUSBTick                 
200051ac  g_ui32USBSOFCount                    
200051b4  g_ui32WaitTicks                      
0000c909  get_adc_config                       
0000c981  get_adc_struct                       
0000c94d  get_adc_val                          
000118a7  get_board_type                       
0000d92b  get_channel                          
00010d7d  get_char                             
0000fb2b  get_gpi_config                       
0000fb89  get_gpi_struct                       
000101df  get_gpo                              
0001016f  get_gpo_config                       
00010a05  get_octave                           
0000c535  get_sensitivity                      
0000c51d  get_volume                           
00012295  getdevice                            
200047f4  gpis_info                            
200047fc  gpo_info                             
20004830  green_debug                          
00010743  homepage_drawdata                    
00010745  homepage_drawinput                   
000106f9  homepage_drawpage                    
00010879  host_uart_task                       
200051fc  i2c_msg_queue                        
0000b09d  i2c_task                             
0000c755  init_adc                             
0000c2f9  init_ads1x15                         
00011849  init_board_select                    
0000be65  init_console                         
00010de5  init_console_uart                    
00008ad1  init_drumpad                         
0000fa19  init_gpis                            
000100c9  init_gpos                            
0001081d  init_host_uart                       
0000af79  init_i2c                             
0000f337  init_logger                          
0000f0d1  init_looper_board                    
0000dcfd  init_looper_buttons                  
0000ea39  init_looper_effects                  
0000eeb1  init_looper_volumes                  
0001093d  init_midi_buttons                    
0000d665  init_midi_channel_select             
0000e555  init_midi_ctrl_board                 
0000f84d  init_midi_knobs                      
0000bf31  is_on_screen                         
00010b6d  ldexp                                
00010b6d  ldexpl                               
0000f389  logger_drawdata                      
0000f423  logger_drawinput                     
0000f34f  logger_drawpage                      
0000ca99  looper_adc_task                      
0000dd5d  looper_buttons_task                  
200051e4  looper_gpi_info                      
000131b0  looper_gpo_info                      
0001263d  lseek                                
00011a31  main                                 
0001280d  malloc                               
00010c7d  memalign                             
00012705  memccpy                              
0001268d  memchr                               
0001160b  memcpy                               
00011949  memset                               
0000ca1d  midi_adc_task                        
00010971  midi_buttons_task                    
0000d883  midi_channel_select_task             
200051ec  midi_gpi_info                        
000131b8  midi_gpo_info                        
2000479c  midi_knobs                           
20004804  parmbuf                              
00005715  pcQueueGetName                       
00000d49  pcTaskGetName                        
00010a0b  pressure_sense_is_on                 
00008de1  process_drumpad                      
0000ea61  process_effects                      
0000d2e1  process_joystick                     
0000eed9  process_looper_volumes               
0000f87f  process_midi_knobs                   
0000fbd9  pvPortMalloc                         
00001a85  pvTaskIncrementMutexHeldCount        
20004afc  pxCurrentTCB                         
0000e2c9  pxPortInitialiseStack                
0000fb6f  read_gpi                             
000125bd  remove                               
00011351  restore_cursor_pos                   
00011347  save_cursor_pos                      
00010b6d  scalbn                               
00010b6d  scalbnl                              
0000ebe5  send_effects                         
0000ec8d  send_midi_message                    
000108c5  send_to_host                         
000108e1  send_to_host_from_isr                
0000f0b1  send_volumes                         
0000f325  set_error                            
000101b3  set_gpo                              
000112fd  set_text_mode                        
00011145  setvbuf                              
00009469  slope_drawdata                       
0000946b  slope_drawinput                      
00009467  slope_drawpage                       
0001235d  sprintf                              
00012785  strchr                               
00012753  strcmp                               
0001279b  strcpy                               
000127af  strlen                               
00012489  strncpy                              
00012125  taskmanager_drawdata                 
00012127  taskmanager_drawinput                
000120ed  taskmanager_drawpage                 
0001130b  text_color                           
0000b935  uDMAChannelAssign                    
0000b5db  uDMAChannelAttributeDisable          
0000b587  uDMAChannelAttributeEnable           
0000b62f  uDMAChannelAttributeGet              
0000b69f  uDMAChannelControlSet                
0000b513  uDMAChannelDisable                   
0000b4fb  uDMAChannelEnable                    
0000b52b  uDMAChannelIsEnabled                 
0000b8ad  uDMAChannelModeGet                   
0000b56f  uDMAChannelRequest                   
0000b7d9  uDMAChannelScatterGatherSet          
0000b991  uDMAChannelSelectDefault             
0000b97d  uDMAChannelSelectSecondary           
0000b865  uDMAChannelSizeGet                   
0000b6e1  uDMAChannelTransferSet               
0000b569  uDMAControlAlternateBaseGet          
0000b563  uDMAControlBaseGet                   
0000b553  uDMAControlBaseSet                   
0000b4e5  uDMADisable                          
0000b4dd  uDMAEnable                           
0000b4f3  uDMAErrorStatusClear                 
0000b4ed  uDMAErrorStatusGet                   
0000b921  uDMAIntClear                         
0000b8f3  uDMAIntRegister                      
0000b91b  uDMAIntStatus                        
0000b909  uDMAIntUnregister                    
000108ff  uartmsg_drawdata                     
00010901  uartmsg_drawinput                    
000108fd  uartmsg_drawpage                     
2000026c  ucHeap                               
00005445  ucQueueGetQueueType                  
000131c0  ulMaxSyscallInterruptPriority        
00011231  ulPortGetIPSR                        
00001a9d  ulTaskNotifyTake                     
000125bd  unlink                               
0001058d  uxListRemove                         
00005425  uxQueueGetQueueNumber                
0000536d  uxQueueMessagesWaiting               
000053d1  uxQueueMessagesWaitingFromISR        
0000539d  uxQueueSpacesAvailable               
00000d43  uxTaskGetNumberOfTasks               
00000d91  uxTaskGetSystemState                 
0000133b  uxTaskGetTaskNumber                  
0000075b  uxTaskPriorityGet                    
0000078d  uxTaskPriorityGetFromISR             
00001a63  uxTaskResetEventItemValue            
000125f9  vApplicationIdleHook                 
000125e9  vApplicationMallocFailedHook         
000125fb  vApplicationStackOverflowHook        
000104ab  vListInitialise                      
000104db  vListInitialiseItem                  
00010527  vListInsert                          
000104eb  vListInsertEnd                       
000112ed  vPortEnableVFP                       
0000e3e9  vPortEndScheduler                    
0000e40d  vPortEnterCritical                   
0000e44f  vPortExitCritical                    
0000fcd9  vPortFree                            
0000fd3d  vPortInitialiseBlocks                
000112a9  vPortSVCHandler                      
0000e4a1  vPortSetupTimerInterrupt             
000112c9  vPortStartFirstTask                  
0000e4bd  vPortValidateInterruptPriority       
000056d3  vQueueAddToRegistry                  
000053fb  vQueueDelete                         
00005433  vQueueSetQueueNumber                 
00005755  vQueueUnregisterQueue                
0000063d  vTaskDelay                           
00000559  vTaskDelayUntil                      
0000048f  vTaskDelete                          
00000be9  vTaskEndScheduler                    
00001441  vTaskGetInfo                         
00001273  vTaskInternalSetTimeOutState         
00001951  vTaskList                            
00001333  vTaskMissedYield                     
00001e69  vTaskNotifyGiveFromISR               
0000105f  vTaskPlaceOnEventList                
000010a1  vTaskPlaceOnUnorderedEventList       
000017fd  vTaskPriorityDisinheritAfterTimeout  
000007d1  vTaskPrioritySet                     
000011a9  vTaskRemoveFromUnorderedEventList    
00000a49  vTaskResume                          
0000135b  vTaskSetTaskNumber                   
00001241  vTaskSetTimeOutState                 
[...]
0000a8fd  TimerDMAEventGet                     
0000a90b  TimerUpdateMode                      
0000a9bf  UARTParityModeSet                    
0000a9db  UARTParityModeGet                    
0000a9ed  UARTFIFOLevelSet                     
0000aa05  UARTFIFOLevelGet                     
0000aa2d  UARTConfigSetExpClk                  
0000aaa3  UARTConfigGetExpClk                  
0000aaef  UARTEnable                           
0000ab13  UARTDisable                          
0000ab3d  UARTFIFOEnable                       
0000ab53  UARTFIFODisable                      
0000ab69  UARTEnableSIR                        
0000ab97  UARTDisableSIR                       
0000abad  UARTSmartCardEnable                  
0000abdf  UARTSmartCardDisable                 
0000abf5  UARTModemControlSet                  
0000ac2d  UARTModemControlClear                
0000ac51  UARTModemControlGet                  
0000ac63  UARTModemStatusGet                   
0000ac77  UARTFlowControlSet                   
0000ac93  UARTFlowControlGet                   
0000aca5  UARTTxIntModeSet                     
0000acc1  UARTTxIntModeGet                     
0000acd3  UARTCharsAvail                       
0000acf1  UARTSpaceAvail                       
0000ad0f  UARTCharGetNonBlocking               
0000ad2b  UARTCharGet                          
0000ad41  UARTCharPutNonBlocking               
0000ad65  UARTCharPut                          
0000ad83  UARTBreakCtl                         
0000adad  UARTBusy                             
0000adcb  UARTIntRegister                      
0000ade9  UARTIntUnregister                    
0000ae09  UARTIntEnable                        
0000ae21  UARTIntDisable                       
0000ae39  UARTIntStatus                        
0000ae57  UARTIntClear                         
0000ae69  UARTDMAEnable                        
0000ae81  UARTDMADisable                       
0000ae99  UARTRxErrorGet                       
0000aeab  UARTRxErrorClear                     
0000aebb  UARTClockSourceSet                   
0000aecf  UARTClockSourceGet                   
0000aedf  UART9BitEnable                       
0000aef5  UART9BitDisable                      
0000af0b  UART9BitAddrSet                      
0000af31  UART9BitAddrSend                     
0000af79  init_i2c                             
0000b015  add_i2c_msg                          
0000b09d  i2c_task                             
0000b4dd  uDMAEnable                           
0000b4e5  uDMADisable                          
0000b4ed  uDMAErrorStatusGet                   
0000b4f3  uDMAErrorStatusClear                 
0000b4fb  uDMAChannelEnable                    
0000b513  uDMAChannelDisable                   
0000b52b  uDMAChannelIsEnabled                 
0000b553  uDMAControlBaseSet                   
0000b563  uDMAControlBaseGet                   
0000b569  uDMAControlAlternateBaseGet          
0000b56f  uDMAChannelRequest                   
0000b587  uDMAChannelAttributeEnable           
0000b5db  uDMAChannelAttributeDisable          
0000b62f  uDMAChannelAttributeGet              
0000b69f  uDMAChannelControlSet                
0000b6e1  uDMAChannelTransferSet               
0000b7d9  uDMAChannelScatterGatherSet          
0000b865  uDMAChannelSizeGet                   
0000b8ad  uDMAChannelModeGet                   
0000b8f3  uDMAIntRegister                      
0000b909  uDMAIntUnregister                    
0000b91b  uDMAIntStatus                        
0000b921  uDMAIntClear                         
0000b935  uDMAChannelAssign                    
0000b97d  uDMAChannelSelectSecondary           
0000b991  uDMAChannelSelectDefault             
0000b9bd  UARTStdioConfig                      
0000ba03  UARTwrite                            
0000ba53  UARTgets                             
0000bb0d  UARTgetc                             
0000bb35  UARTvprintf                          
0000be2f  UARTprintf                           
0000be65  init_console                         
0000be75  add_page                             
0000bf31  is_on_screen                         
0000c149  console_task                         
0000c2f9  init_ads1x15                         
0000c359  ads1x15_looper_task                  
0000c41f  ads1x15_midi_task                    
0000c51d  get_volume                           
0000c535  get_sensitivity                      
0000c54d  ads1x15_drawpage                     
0000c5b9  ads1x15_drawdata                     
0000c6d1  ads1x15_drawinput                    
0000c755  init_adc                             
0000c909  get_adc_config                       
0000c94d  get_adc_val                          
0000c981  get_adc_struct                       
0000c98b  ADCSeq0Handler                       
0000c9cb  ADCSeq1Handler                       
0000ca1d  midi_adc_task                        
0000ca99  looper_adc_task                      
0000cb9b  IntMasterEnable                      
0000cbab  IntMasterDisable                     
0000cbbb  IntRegister                          
0000cc0d  IntUnregister                        
0000cc21  IntPriorityGroupingSet               
0000cc3b  IntPriorityGroupingGet               
0000cc73  IntPrioritySet                       
0000ccc3  IntPriorityGet                       
0000cce7  IntEnable                            
0000cd59  IntDisable                           
0000cdcb  IntIsEnabled                         
0000ce51  IntPendSet                           
0000cec1  IntPendClear                         
0000cf0f  IntPriorityMaskSet                   
0000cf1b  IntPriorityMaskGet                   
0000cf23  IntTrigger                           
0000d01f  USBDeviceConfig                      
0000d215  USBDeviceConfigAlternate             
0000d2e1  process_joystick                     
0000d665  init_midi_channel_select             
0000d883  midi_channel_select_task             
0000d92b  get_channel                          
0000da13  SSIConfigSetExpClk                   
0000da9f  SSIEnable                            
0000dab5  SSIDisable                           
0000dacb  SSIIntRegister                       
0000dae9  SSIIntUnregister                     
0000db03  SSIIntEnable                         
0000db1b  SSIIntDisable                        
0000db33  SSIIntStatus                         
0000db51  SSIIntClear                          
0000db63  SSIDataPut                           
0000db7d  SSIDataPutNonBlocking                
0000db9d  SSIDataGet                           
0000dbb9  SSIDataGetNonBlocking                
0000dbdb  SSIDMAEnable                         
0000dbf3  SSIDMADisable                        
0000dc0b  SSIBusy                              
0000dc29  SSIClockSourceSet                    
0000dc3d  SSIClockSourceGet                    
0000dc61  SSIAdvModeSet                        
0000dc7d  SSIAdvDataPutFrameEnd                
0000dca3  SSIAdvDataPutFrameEndNonBlocking     
0000dccf  SSIAdvFrameHoldEnable                
0000dce5  SSIAdvFrameHoldDisable               
0000dcfd  init_looper_buttons                  
0000dd5d  looper_buttons_task                  
0000e0bb  USBDCDConfigDescGetSize              
0000e0f3  USBDCDConfigDescGetNum               
0000e141  USBDCDConfigDescGet                  
0000e1cf  USBDCDConfigGetNumAlternateInterfaces
0000e223  USBDCDConfigGetInterface             
0000e259  USBDCDConfigGetInterfaceEndpoint     
0000e2c9  pxPortInitialiseStack                
0000e355  xPortStartScheduler                  
0000e3e9  vPortEndScheduler                    
0000e40d  vPortEnterCritical                   
0000e44f  vPortExitCritical                    
0000e47b  xPortSysTickHandler                  
0000e4a1  vPortSetupTimerInterrupt             
0000e4bd  vPortValidateInterruptPriority       
0000e555  init_midi_ctrl_board                 
0000ea39  init_looper_effects                  
0000ea61  process_effects                      
0000ebe5  send_effects                         
0000ec8d  send_midi_message                    
0000eeb1  init_looper_volumes                  
0000eed9  process_looper_volumes               
0000f0b1  send_volumes                         
0000f0d1  init_looper_board                    
0000f2c5  create_error                         
0000f325  set_error                            
0000f337  init_logger                          
0000f34f  logger_drawpage                      
0000f389  logger_drawdata                      
0000f423  logger_drawinput                     
0000f4a9  USBDescGetNum                        
0000f505  USBDescGet                           
0000f56f  USBDescGetNumAlternateInterfaces     
0000f629  USBDescGetInterface                  
0000f657  USBDescGetInterfaceEndpoint          
0000f84d  init_midi_knobs                      
0000f87f  process_midi_knobs                   
0000fa19  init_gpis                            
0000fb2b  get_gpi_config                       
0000fb6f  read_gpi                             
0000fb89  get_gpi_struct                       
0000fbd9  pvPortMalloc                         
0000fcd9  vPortFree                            
0000fd37  xPortGetFreeHeapSize                 
0000fd3d  vPortInitialiseBlocks                
0000fd99  __aeabi_dsub                         
0000fda3  __aeabi_dadd                         
0000ff51  control_drawpage                     
00010007  control_drawdata                     
00010087  control_drawinput                    
000100c9  init_gpos                            
0001016f  get_gpo_config                       
000101b3  set_gpo                              
000101df  get_gpo                              
00010375  __aeabi_ddiv                         
000104ab  vListInitialise                      
000104db  vListInitialiseItem                  
000104eb  vListInsertEnd                       
00010527  vListInsert                          
0001058d  uxListRemove                         
000106f9  homepage_drawpage                    
00010743  homepage_drawdata                    
00010745  homepage_drawinput                   
0001081d  init_host_uart                       
00010879  host_uart_task                       
000108c5  send_to_host                         
000108e1  send_to_host_from_isr                
000108fd  uartmsg_drawpage                     
000108ff  uartmsg_drawdata                     
00010901  uartmsg_drawinput                    
0001093d  init_midi_buttons                    
00010971  midi_buttons_task                    
00010a05  get_octave                           
00010a0b  pressure_sense_is_on                 
00010a59  fputs                                
00010b6d  ldexp                                
00010b6d  ldexpl                               
00010b6d  scalbn                               
00010b6d  scalbnl                              
00010c7d  aligned_alloc                        
00010c7d  memalign                             
00010d7d  get_char                             
00010de5  init_console_uart                    
00010e79  __aeabi_dmul                         
00010f75  InternalUSBTickInit                  
00010fb3  InternalUSBTickReset                 
00010fbb  InternalUSBRegisterTickHandler       
0001100b  InternalUSBStartOfFrameTick          
00011061  free                                 
00011145  setvbuf                              
00011231  ulPortGetIPSR                        
00011249  xPortPendSVHandler                   
000112a9  vPortSVCHandler                      
000112c9  vPortStartFirstTask                  
000112ed  vPortEnableVFP                       
000112fd  set_text_mode                        
0001130b  text_color                           
00011319  bold_text_color                      
00011327  bgd_color                            
00011335  cursor_pos                           
00011347  save_cursor_pos                      
00011351  restore_cursor_pos                   
0001135b  clear_terminal                       
00011365  clear_line                           
0001136f  clear_in_line                        
00011379  clear_below_line                     
000113cf  ULPIConfigSet                        
00011471  ULPIPowerTransceiver                 
00011499  FPUEnable                            
000114ab  FPUDisable                           
000114b9  FPUStackingEnable                    
000114cb  FPULazyStackingEnable                
000114d7  FPUStackingDisable                   
000114e3  FPUHalfPrecisionModeSet              
000114fd  FPUNaNModeSet                        
00011517  FPUFlushToZeroModeSet                
00011531  FPURoundingModeSet                   
0001160b  __aeabi_memcpy                       
0001160b  __aeabi_memcpy4                      
0001160b  __aeabi_memcpy8                      
0001160b  memcpy                               
000116a7  __aeabi_uldivmod                     
0001173d  __aeabi_cdcmpeq                      
0001173d  __aeabi_cdcmple                      
000117c3  __aeabi_cdrcmple                     
00011849  init_board_select                    
000118a7  get_board_type                       
000118c5  fflush                               
00011941  __aeabi_memclr                       
00011941  __aeabi_memclr4                      
00011941  __aeabi_memclr8                      
00011943  __aeabi_memset                       
00011943  __aeabi_memset4                      
00011943  __aeabi_memset8                      
00011949  memset                               
000119bd  __TI_closefile                       
00011a31  main                                 
00011b85  HOSTrename                           
00011bf1  HOSTlseek                            
00011c59  __TI_decompress_lzss                 
00011cc1  frexp                                
00011cc1  frexpl                               
00011d25  fseek                                
00011d89  __TI_wrt_ok                          
00011ded  HOSTopen                             
00011e4d  close                                
00011ea9  HOSTread                             
00011f01  HOSTwrite                            
00011faf  __TI_ltoa                            
00012055  __TI_doflush                         
000120a1  atoi                                 
000120ed  taskmanager_drawpage                 
00012125  taskmanager_drawdata                 
00012127  taskmanager_drawinput                
00012139  exit                                 
00012181  __aeabi_d2iz                         
000121c9  HOSTclose                            
0001220d  HOSTunlink                           
00012251  __TI_auto_init_nobinit_nopinit       
00012295  getdevice                            
000122d9  __aeabi_d2uiz                        
0001231d  __aeabi_uidiv                        
0001231d  __aeabi_uidivmod                     
0001235d  sprintf                              
000123db  CPUcpsid                             
000123e7  CPUprimask                           
000123f1  CPUcpsie                             
000123fd  CPUwfi                               
00012401  CPUbasepriSet                        
0001240f  CPUbasepriGet                        
00012419  __TI_writemsg                        
00012447  C$$IO$$                              
00012451  __aeabi_f2d                          
00012489  strncpy                              
000124c1  __TI_cleanup                         
000124f5  __TI_readmsg                         
00012529  _c_int00_noargs                      
0001255d  finddevice                           
0001258d  __aeabi_i2d                          
000125bd  remove                               
000125bd  unlink                               
000125e9  vApplicationMallocFailedHook         
000125f9  vApplicationIdleHook                 
000125fb  vApplicationStackOverflowHook        
0001263d  lseek                                
00012665  write                                
0001268d  memchr                               
000126ad  __aeabi_ui2d                         
000126cd  _abort_msg                           
00012705  memccpy                              
00012721  copysign                             
00012721  copysignl                            
00012753  strcmp                               
0001276d  USB0DeviceIntHandler                 
00012785  strchr                               
0001279b  strcpy                               
000127af  strlen                               
000127c3  wcslen                               
000127d5  __TI_decompress_none                 
000127e3  __TI_zero_init                       
000127ef  ResetISR                             
00012805  __aeabi_errno_addr                   
0001280d  malloc                               
00012815  SysCtlDelay                          
0001281b  _system_pre_init                     
0001281f  C$$EXIT                              
0001281f  abort                                
00012944  _ctypes_                             
000131b0  looper_gpo_info                      
000131b8  midi_gpo_info                        
000131c0  ulMaxSyscallInterruptPriority        
000134b4  __TI_Handler_Table_Base              
000134c0  __TI_Handler_Table_Limit             
000134d0  __TI_CINIT_Base                      
000134e8  __TI_CINIT_Limit                     
20000000  __start___llvm_prf_cnts              
20000000  __stop___llvm_prf_cnts               
20000000  g_pfnRAMVectors                      
2000026c  ucHeap                               
20003ffc  __CIOBUF_                            
2000440c  __TI_tmpnams                         
20004570  g_psDCDInst                          
20004600  xQueueRegistry                       
200046b0  g_pfnTickHandlers                    
200046c8  g_pvTickInstance                     
2000479c  midi_knobs                           
200047ec  adc_info                             
200047f4  gpis_info                            
200047fc  gpo_info                             
20004804  parmbuf                              
2000482c  g_ppsDevInfo                         
20004830  green_debug                          
20004944  _ftable                              
20004a34  _device                              
20004aac  _stream                              
20004afc  pxCurrentTCB                         
20005170  __TI_ft_end                          
20005174  __aeabi_stdin                        
20005178  __aeabi_stdout                       
2000517c  __aeabi_stderr                       
20005180  __TI_cleanup_ptr                     
20005184  __TI_dtors_ptr                       
20005188  __TI_enable_exit_profile_output      
200051a4  g_bUSBTimerInitialized               
200051a8  g_ui32CurrentUSBTick                 
200051ac  g_ui32USBSOFCount                    
200051b0  g_iUSBMode                           
200051b4  g_ui32WaitTicks                      
200051bc  _lock                                
200051c0  _unlock                              
200051d4  adc_pin_struct                       
200051e4  looper_gpi_info                      
200051ec  midi_gpi_info                        
200051fc  i2c_msg_queue                        
20005224  errno                                
20005228  __stack                              
20005428  __STACK_TOP                          
20005628  __STACK_END                          
20005628  _sys_memory                          
ffffffff  __TI_pprof_out_hndl                  
ffffffff  __TI_prof_data_size                  
ffffffff  __TI_prof_data_start                 
ffffffff  __binit__                            
ffffffff  __c_args__                           
ffffffff  binit                                
UNDEFED   __mpu_init                           
UNDEFED   _system_post_cinit                   

[850 symbols]
