******************************************************************************
                  TI ARM Linker PC v20.2.2                     
******************************************************************************
>> Linked Fri Apr  2 06:39:00 2021

OUTPUT FILE NAME:   <drum_pad.out>
ENTRY POINT SYMBOL: "_c_int00_noargs"  address: 0000cf1d


MEMORY CONFIGURATION

         name            origin    length      used     unused   attr    fill
----------------------  --------  ---------  --------  --------  ----  --------
  FLASH                 00000000   00040000  0000dc56  000323aa  R  X
  SRAM                  20000000   00008000  000072f4  00000d0c  RW X


SEGMENT ALLOCATION MAP

run origin  load origin   length   init length attrs members
----------  ----------- ---------- ----------- ----- -------
00000000    00000000    0000dc58   0000dc58    r-x
  00000000    00000000    0000026c   0000026c    r-- .intvecs
  0000026c    0000026c    0000d102   0000d102    r-x .text
  0000d370    0000d370    000007a8   000007a8    r-- .const
  0000db18    0000db18    00000140   00000140    r-- .cinit
20000000    20000000    000072f8   00000000    rw-
  20000000    20000000    0000026c   00000000    rw- .vtable
  2000026c    2000026c    00006a88   00000000    rw- .bss
  20006cf4    20006cf4    000003f0   00000000    rw- .data
  200070e8    200070e8    00000200   00000000    rw- .stack
  200072e8    200072e8    00000010   00000000    rw- .sysmem


SECTION ALLOCATION MAP

 output                                  attributes/
section   page    origin      length       input sections
--------  ----  ----------  ----------   ----------------
.intvecs   0    00000000    0000026c     
                  00000000    0000026c     tm4c123gh6pm_startup_ccs.obj (.intvecs)

.text      0    0000026c    0000d102     
                  0000026c    00001ddc     tasks.obj (.text)
                  00002048    000015ba     usb.obj (.text)
                  00003602    00000002     rtsv7M4_T_le_v4SPD16_eabi.lib : _lock.c.obj (.text:_nop)
                  00003604    00001050     queue.obj (.text)
                  00004654    00000ef4     sysctl.obj (.text)
                  00005548    00000b88     gpio.obj (.text)
                  000060d0    00000a4e     rtsv7M4_T_le_v4SPD16_eabi.lib : _printfi.c.obj (.text:__TI_printfi)
                  00006b1e    00000002                                   : div0.asm.obj (.text)
                  00006b20    000007c2     adc.obj (.text)
                  000072e2    00000002     --HOLE-- [fill = 0]
                  000072e4    0000069c     i2c.obj (.text)
                  00007980    00000618     uart.obj (.text)
                  00007f98    0000053c     I2C_task.obj (.text)
                  000084d4    000004a8     uartstdio.obj (.text)
                  0000897c    000003fc     console_task.obj (.text)
                  00008d78    000003c0     interrupt.obj (.text)
                  00009138    0000028c     port.obj (.text)
                  000093c4    00000270     rtsv7M4_T_le_v4SPD16_eabi.lib : _printfi.c.obj (.text:_pconv_a)
                  00009634    00000230     logger.obj (.text)
                  00009864    00000214     ADC_task.obj (.text)
                  00009a78    000001d0     rtsv7M4_T_le_v4SPD16_eabi.lib : _printfi.c.obj (.text:_pconv_g)
                  00009c48    000001c0     heap_2.obj (.text)
                  00009e08    000001b6     rtsv7M4_T_le_v4SPD16_eabi.lib : fd_add_t2.asm.obj (.text)
                  00009fbe    00000002     --HOLE-- [fill = 0]
                  00009fc0    00000184     GPIs.obj (.text)
                  0000a144    00000178     control_page.obj (.text)
                  0000a2bc    00000150     usblib.lib : usbdenum.obj (.text:USBDEP0StateTxConfig)
                  0000a40c    00000150                : usbdenum.obj (.text:USBDeviceIntHandlerInternal)
                  0000a55c    0000014c     main.obj (.text)
                  0000a6a8    00000148     usblib.lib : usbdconfig.obj (.text:USBDeviceConfig)
                  0000a7f0    00000144     GPOs.obj (.text)
                  0000a934    0000013c     rtsv7M4_T_le_v4SPD16_eabi.lib : _printfi.c.obj (.text:_pconv_e)
                  0000aa70    00000136                                   : fd_div_t2.asm.obj (.text)
                  0000aba6    00000002     --HOLE-- [fill = 0]
                  0000aba8    00000130     homepage.obj (.text)
                  0000acd8    0000012a     list.obj (.text)
                  0000ae02    00000002     --HOLE-- [fill = 0]
                  0000ae04    00000124     rtsv7M4_T_le_v4SPD16_eabi.lib : _printfi.c.obj (.text:fcvt)
                  0000af28    00000114                                   : fputs.c.obj (.text:fputs)
                  0000b03c    00000110                                   : s_scalbn.c.obj (.text:scalbn)
                  0000b14c    00000100                                   : memory.c.obj (.text:aligned_alloc)
                  0000b24c    000000fc                                   : fd_mul_t2.asm.obj (.text)
                  0000b348    000000e4     usblib.lib : usbdenum.obj (.text:USBDGetDescriptor)
                  0000b42c    000000e4     console_uart.obj (.text)
                  0000b510    000000e4     rtsv7M4_T_le_v4SPD16_eabi.lib : memory.c.obj (.text:free)
                  0000b5f4    000000dc                                   : setvbuf.c.obj (.text:setvbuf)
                  0000b6d0    000000da     portasm.obj (.text)
                  0000b7aa    00000002     --HOLE-- [fill = 0]
                  0000b7ac    000000d8     usblib.lib : usbdenum.obj (.text:USBDeviceEnumHandler)
                  0000b884    000000d2     text_controls.obj (.text)
                  0000b956    00000002     --HOLE-- [fill = 0]
                  0000b958    000000c0     fpu.obj (.text)
                  0000ba18    000000b1     rtsv7M4_T_le_v4SPD16_eabi.lib : _printfi.c.obj (.text:_ltostr)
                  0000bac9    00000001     --HOLE-- [fill = 0]
                  0000baca    0000009c                                   : memcpy_t2.asm.obj (.text)
                  0000bb66    00000002     --HOLE-- [fill = 0]
                  0000bb68    00000098     usblib.lib : usbdenum.obj (.text:USBDSetInterface)
                  0000bc00    00000096     rtsv7M4_T_le_v4SPD16_eabi.lib : ull_div_t2.asm.obj (.text)
                  0000bc96    00000002     --HOLE-- [fill = 0]
                  0000bc98    00000090     usblib.lib : usbdenum.obj (.text:USBDSetConfiguration)
                  0000bd28    0000008c                : usbdconfig.obj (.text:USBDeviceConfigAlternate)
                  0000bdb4    00000086     rtsv7M4_T_le_v4SPD16_eabi.lib : fd_cmp_t2.asm.obj (.text:__aeabi_cdcmple)
                  0000be3a    00000086                                   : fd_cmp_t2.asm.obj (.text:__aeabi_cdrcmple)
                  0000bec0    0000007c     usblib.lib : usbdenum.obj (.text:USBDClearFeature)
                  0000bf3c    0000007c     rtsv7M4_T_le_v4SPD16_eabi.lib : fflush.c.obj (.text:fflush)
                  0000bfb8    0000007a                                   : memset_t2.asm.obj (.text)
                  0000c032    00000002     --HOLE-- [fill = 0]
                  0000c034    00000078     usblib.lib : usbdenum.obj (.text:USBDGetStatus)
                  0000c0ac    00000074     rtsv7M4_T_le_v4SPD16_eabi.lib : fclose.c.obj (.text:__TI_closefile)
                  0000c120    00000070     usblib.lib : usbdenum.obj (.text:USBDEP0StateTx)
                  0000c190    00000070                : usbdenum.obj (.text:USBDSetFeature)
                  0000c200    00000070     rtsv7M4_T_le_v4SPD16_eabi.lib : memory.c.obj (.text:split)
                  0000c270    0000006e                                   : _printfi.c.obj (.text:_mcpy)
                  0000c2de    00000002     --HOLE-- [fill = 0]
                  0000c2e0    0000006c                                   : hostrename.c.obj (.text:HOSTrename)
                  0000c34c    00000068                                   : hostlseek.c.obj (.text:HOSTlseek)
                  0000c3b4    00000068                                   : copy_decompress_lzss.c.obj (.text:decompress:lzss:__TI_decompress_lzss)
                  0000c41c    00000064                                   : s_frexp.c.obj (.text:frexp)
                  0000c480    00000064                                   : fseek.c.obj (.text:fseek)
                  0000c4e4    00000062                                   : _io_perm.c.obj (.text:__TI_wrt_ok)
                  0000c546    00000002     --HOLE-- [fill = 0]
                  0000c548    00000060                                   : hostopen.c.obj (.text:HOSTopen)
                  0000c5a8    00000060     usblib.lib : usbdenum.obj (.text:USBDReadAndDispatchRequest)
                  0000c608    0000005c     rtsv7M4_T_le_v4SPD16_eabi.lib : close.c.obj (.text:close)
                  0000c664    00000058                                   : hostread.c.obj (.text:HOSTread)
                  0000c6bc    00000058                                   : hostwrite.c.obj (.text:HOSTwrite)
                  0000c714    00000056                                   : _printfi.c.obj (.text:_pconv_f)
                  0000c76a    00000054                                   : _ltoa.c.obj (.text:__TI_ltoa)
                  0000c7be    00000052                                   : _printfi.c.obj (.text:_ecpy)
                  0000c810    00000050     usblib.lib : usbdcdesc.obj (.text:USBDCDConfigDescGet)
                  0000c860    00000050                : usbdenum.obj (.text:USBDeviceResumeTickHandler)
                  0000c8b0    0000004c                : usbdconfig.obj (.text:GetEPDescriptorType)
                  0000c8fc    0000004c                : usbdenum.obj (.text:USBDStringIndexFromRequest)
                  0000c948    0000004c     rtsv7M4_T_le_v4SPD16_eabi.lib : fflush.c.obj (.text:__TI_doflush)
                  0000c994    0000004c                                   : atoi.c.obj (.text:atoi)
                  0000c9e0    0000004c     task_manager_page.obj (.text)
                  0000ca2c    0000004a     usblib.lib : usbdcdesc.obj (.text:ConfigAlternateInterfaceGet)
                  0000ca76    00000002     --HOLE-- [fill = 0]
                  0000ca78    00000048                : usbdenum.obj (.text:USBDeviceEnumResetHandler)
                  0000cac0    00000048     rtsv7M4_T_le_v4SPD16_eabi.lib : exit.c.obj (.text:exit)
                  0000cb08    00000048                                   : fd_toi_t2.asm.obj (.text)
                  0000cb50    00000044                                   : hostclose.c.obj (.text:HOSTclose)
                  0000cb94    00000044                                   : hostunlink.c.obj (.text:HOSTunlink)
                  0000cbd8    00000044     usblib.lib : usbdenum.obj (.text:USBDGetInterface)
                  0000cc1c    00000044     rtsv7M4_T_le_v4SPD16_eabi.lib : autoinit.c.obj (.text:__TI_auto_init_nobinit_nopinit:__TI_auto_init_nobinit_nopinit)
                  0000cc60    00000044                                   : getdevice.c.obj (.text:getdevice)
                  0000cca4    00000040                                   : u_divt2.asm.obj (.text)
                  0000cce4    00000040                                   : sprintf.c.obj (.text:sprintf)
                  0000cd24    0000003e                                   : _printfi.c.obj (.text:_fcpy)
                  0000cd62    0000003e     cpu.obj (.text)
                  0000cda0    00000038     usblib.lib : usbtick.obj (.text:InternalUSBStartOfFrameTick)
                  0000cdd8    00000038                : usbdcdesc.obj (.text:USBDCDConfigGetInterfaceEndpoint)
                  0000ce10    00000038     rtsv7M4_T_le_v4SPD16_eabi.lib : trgmsg.c.obj (.text:__TI_writemsg)
                  0000ce48    00000036                                   : strncpy.c.obj (.text:strncpy)
                  0000ce7e    00000034     usblib.lib : usbdcdesc.obj (.text:NextConfigDescGet)
                  0000ceb2    00000002     --HOLE-- [fill = 0]
                  0000ceb4    00000034     rtsv7M4_T_le_v4SPD16_eabi.lib : fopen.c.obj (.text:__TI_cleanup)
                  0000cee8    00000034                                   : trgmsg.c.obj (.text:__TI_readmsg)
                  0000cf1c    00000034                                   : boot_cortex_m.c.obj (.text:_c_int00_noargs:_c_int00_noargs)
                  0000cf50    00000030     usblib.lib : usbdenum.obj (.text:USBDGetConfiguration)
                  0000cf80    00000030     rtsv7M4_T_le_v4SPD16_eabi.lib : getdevice.c.obj (.text:finddevice)
                  0000cfb0    0000002e                                   : i_tofd_t2.asm.obj (.text)
                  0000cfde    0000002c     usblib.lib : usbdcdesc.obj (.text:USBDCDConfigDescGetNum)
                  0000d00a    0000002c                : usbdesc.obj (.text:USBDescGet)
                  0000d036    00000002     --HOLE-- [fill = 0]
                  0000d038    0000002c     rtsv7M4_T_le_v4SPD16_eabi.lib : unlink.c.obj (.text:unlink)
                  0000d064    0000002a     usblib.lib : usbdesc.obj (.text:USBDescGetNum)
                  0000d08e    0000002a     hooks.obj (.text)
                  0000d0b8    00000028     usblib.lib : usbdenum.obj (.text:USBDSetAddress)
                  0000d0e0    00000028     rtsv7M4_T_le_v4SPD16_eabi.lib : memory.c.obj (.text:free_list_insert)
                  0000d108    00000028                                   : lseek.c.obj (.text:lseek)
                  0000d130    00000028                                   : write.c.obj (.text:write)
                  0000d158    00000020     usblib.lib : usbdconfig.obj (.text:GetEndpointFIFOSize)
                  0000d178    00000020     rtsv7M4_T_le_v4SPD16_eabi.lib : memchr.c.obj (.text:memchr)
                  0000d198    0000001c     usblib.lib : usbdcdesc.obj (.text:USBDCDConfigGetInterface)
                  0000d1b4    0000001c                : usbdenum.obj (.text:USBDCDStallEP0)
                  0000d1d0    0000001c     rtsv7M4_T_le_v4SPD16_eabi.lib : assert.c.obj (.text:_abort_msg)
                  0000d1ec    0000001c                                   : memory.c.obj (.text:free_list_remove)
                  0000d208    0000001c                                   : memccpy.c.obj (.text:memccpy)
                  0000d224    0000001a     usblib.lib : usbdcdesc.obj (.text:USBDCDConfigDescGetSize)
                  0000d23e    0000001a     rtsv7M4_T_le_v4SPD16_eabi.lib : s_copysign.c.obj (.text:copysign)
                  0000d258    00000018     usblib.lib : usbdhandler.obj (.text:USB0DeviceIntHandler)
                  0000d270    00000018                : usbdenum.obj (.text:USBDSetDescriptor)
                  0000d288    00000018                : usbdenum.obj (.text:USBDSyncFrame)
                  0000d2a0    00000018     rtsv7M4_T_le_v4SPD16_eabi.lib : sprintf.c.obj (.text:_outs)
                  0000d2b8    00000018                                   : strcmp.c.obj (.text:strcmp)
                  0000d2d0    00000016                                   : strchr.c.obj (.text:strchr)
                  0000d2e6    00000014                                   : strcpy.c.obj (.text:strcpy)
                  0000d2fa    00000014                                   : strlen.c.obj (.text:strlen)
                  0000d30e    00000012                                   : wcslen.c.obj (.text:wcslen)
                  0000d320    0000000e                                   : copy_decompress_none.c.obj (.text:decompress:none:__TI_decompress_none)
                  0000d32e    0000000c                                   : copy_zero_init.c.obj (.text:decompress:ZI:__TI_zero_init)
                  0000d33a    0000000c     tm4c123gh6pm_startup_ccs.obj (.text)
                  0000d346    0000000a     rtsv7M4_T_le_v4SPD16_eabi.lib : sprintf.c.obj (.text:_outc)
                  0000d350    00000008                                   : errno.c.obj (.text:__aeabi_errno_addr)
                  0000d358    00000008                                   : memory.c.obj (.text:malloc)
                  0000d360    00000006     sysctl.obj (.text:SysCtlDelay)
                  0000d366    00000004     rtsv7M4_T_le_v4SPD16_eabi.lib : pre_init.c.obj (.text:_system_pre_init)
                  0000d36a    00000004                                   : exit.c.obj (.text:abort:abort)

.const     0    0000d370    000007a8     
                  0000d370    00000120     sysctl.obj (.const:g_pppui32XTALtoVCO)
                  0000d490    00000101     rtsv7M4_T_le_v4SPD16_eabi.lib : ctype.c.obj (.const:.string:_ctypes_)
                  0000d591    00000003     --HOLE-- [fill = 0]
                  0000d594    000000c0     gpio.obj (.const:g_ppui32GPIOIntMapBlizzard)
                  0000d654    000000c0     gpio.obj (.const:g_ppui32GPIOIntMapSnowflake)
                  0000d714    0000009c     interrupt.obj (.const:g_pui32Regs)
                  0000d7b0    00000090     gpio.obj (.const:g_pui32GPIOBaseAddrs)
                  0000d840    0000006c     sysctl.obj (.const:g_pui32Xtals)
                  0000d8ac    00000050     i2c.obj (.const:g_ppui32I2CIntMapSnowflake)
                  0000d8fc    00000040     uart.obj (.const:g_ppui32UARTIntMap)
                  0000d93c    00000040     uart.obj (.const:g_ppui32UARTIntMapSnowflake)
                  0000d97c    00000034     usblib.lib : usbdenum.obj (.const:g_psUSBDStdRequests)
                  0000d9b0    00000030     i2c.obj (.const:g_ppui32I2CIntMap)
                  0000d9e0    00000030     sysctl.obj (.const:g_sXTALtoMEMTIM)
                  0000da10    0000002c     ADC_task.obj (.const:.string)
                  0000da3c    00000022     GPOs.obj (.const:.string)
                  0000da5e    00000002     --HOLE-- [fill = 0]
                  0000da60    00000020     interrupt.obj (.const:g_pui32Priority)
                  0000da80    00000014     interrupt.obj (.const:g_pui32Dii16Regs)
                  0000da94    00000014     interrupt.obj (.const:g_pui32EnRegs)
                  0000daa8    00000014     interrupt.obj (.const:g_pui32PendRegs)
                  0000dabc    00000014     interrupt.obj (.const:g_pui32UnpendRegs)
                  0000dad0    00000012     uartstdio.obj (.const:.string)
                  0000dae2    00000002     --HOLE-- [fill = 0]
                  0000dae4    0000000c     uartstdio.obj (.const:g_ui32UARTBase)
                  0000daf0    0000000c     uartstdio.obj (.const:g_ui32UARTPeriph)
                  0000dafc    00000008     sysctl.obj (.const:g_pui32VCOFrequencies)
                  0000db04    00000008     GPOs.obj (.const:gpo_info)
                  0000db0c    00000008     port.obj (.const)
                  0000db14    00000004     uartstdio.obj (.const)

.cinit     0    0000db18    00000140     
                  0000db18    00000107     (.cinit..data.load) [load image, compression = lzss]
                  0000dc1f    00000001     --HOLE-- [fill = 0]
                  0000dc20    0000000c     (__TI_handler_table)
                  0000dc2c    00000004     --HOLE-- [fill = 0]
                  0000dc30    00000008     (.cinit..bss.load) [load image, compression = zero_init]
                  0000dc38    00000008     (.cinit..vtable.load) [load image, compression = zero_init]
                  0000dc40    00000018     (__TI_cinit_table)

.init_array 
*          0    00000000    00000000     UNINITIALIZED

.vtable    0    20000000    0000026c     UNINITIALIZED
                  20000000    0000026c     interrupt.obj (.vtable)

.bss       0    2000026c    00006a88     UNINITIALIZED
                  2000026c    00006400     (.common:ucHeap)
                  2000666c    00000190     task_manager_page.obj (.bss:write_buffer)
                  200067fc    00000120     rtsv7M4_T_le_v4SPD16_eabi.lib : trgmsg.c.obj (.bss:_CIOBUF_)
                  2000691c    000000f0     logger.obj (.bss:errors)
                  20006a0c    000000a0     (.common:__TI_tmpnams)
                  20006aac    00000064     tasks.obj (.bss:pxReadyTasksLists)
                  20006b10    00000050     (.common:g_psDCDInst)
                  20006b60    00000040     usblib.lib : usbdenum.obj (.bss:g_pui8DataBufferIn)
                  20006ba0    00000040     (.common:xQueueRegistry)
                  20006be0    00000020     ADC_task.obj (.bss:adc0_step_values)
                  20006c00    00000018     (.common:g_pfnTickHandlers)
                  20006c18    00000018     (.common:g_pvTickInstance)
                  20006c30    00000014     tasks.obj (.bss:xDelayedTaskList1)
                  20006c44    00000014     tasks.obj (.bss:xDelayedTaskList2)
                  20006c58    00000014     tasks.obj (.bss:xPendingReadyList)
                  20006c6c    00000014     tasks.obj (.bss:xSuspendedTaskList)
                  20006c80    00000014     tasks.obj (.bss:xTasksWaitingTermination)
                  20006c94    00000008     console_uart.obj (.bss)
                  20006c9c    00000008     tasks.obj (.bss)
                  20006ca4    00000008     heap_2.obj (.bss:xEnd)
                  20006cac    00000008     heap_2.obj (.bss:xStart)
                  20006cb4    00000008     (.common:adc_info)
                  20006cbc    00000008     (.common:gpis_info)
                  20006cc4    00000008     (.common:parmbuf)
                  20006ccc    00000004     I2C_task.obj (.bss)
                  20006cd0    00000004     adc.obj (.bss:g_pui8OversampleFactor)
                  20006cd4    00000004     (.common:addr_ack_err)
                  20006cd8    00000004     (.common:arb_lost_err)
                  20006cdc    00000004     (.common:blue_debug)
                  20006ce0    00000004     (.common:clk_tout_err)
                  20006ce4    00000004     (.common:data_ack_err)
                  20006ce8    00000004     (.common:g_ppsDevInfo)
                  20006cec    00000004     (.common:green_debug)
                  20006cf0    00000004     (.common:red_debug)

.data      0    20006cf4    000003f0     UNINITIALIZED
                  20006cf4    000000f0     rtsv7M4_T_le_v4SPD16_eabi.lib : defs.c.obj (.data:_ftable)
                  20006de4    0000008c     console_task.obj (.data:console_pages)
                  20006e70    00000078     rtsv7M4_T_le_v4SPD16_eabi.lib : host_device.c.obj (.data:_device)
                  20006ee8    00000050                                   : host_device.c.obj (.data:_stream)
                  20006f38    00000034     tasks.obj (.data)
                  20006f6c    0000001c     ADC_task.obj (.data:accel_x)
                  20006f88    0000001c     ADC_task.obj (.data:accel_y)
                  20006fa4    0000001c     ADC_task.obj (.data:accel_z)
                  20006fc0    0000001c     ADC_task.obj (.data:joystick_x)
                  20006fdc    0000001c     ADC_task.obj (.data:joystick_y)
                  20006ff8    00000014     ADC_task.obj (.data:adc_pins)
                  2000700c    00000014     GPOs.obj (.data:blue_led)
                  20007020    00000014     GPOs.obj (.data:green_led)
                  20007034    00000014     GPOs.obj (.data:red_led)
                  20007048    00000010     console_task.obj (.data)
                  20007058    00000010     rtsv7M4_T_le_v4SPD16_eabi.lib : defs.c.obj (.data)
                  20007068    0000000c                                   : exit.c.obj (.data:$O1$$)
                  20007074    0000000c     GPOs.obj (.data:gpos)
                  20007080    0000000c     port.obj (.data)
                  2000708c    0000000c     usblib.lib : usbtick.obj (.data)
                  20007098    00000008     rtsv7M4_T_le_v4SPD16_eabi.lib : _lock.c.obj (.data:$O1$$)
                  200070a0    00000008                                   : memory.c.obj (.data:$O1$$)
                  200070a8    00000008     ADC_task.obj (.data:adc_pin_struct)
                  200070b0    00000008     GPIs.obj (.data:gpi_info)
                  200070b8    00000008     heap_2.obj (.data)
                  200070c0    00000008     usblib.lib : usbdenum.obj (.data)
                  200070c8    00000005     I2C_task.obj (.data)
                  200070cd    00000003     --HOLE--
                  200070d0    00000005     uartstdio.obj (.data)
                  200070d5    00000003     --HOLE--
                  200070d8    00000004     ADC_task.obj (.data)
                  200070dc    00000004     logger.obj (.data)
                  200070e0    00000004     rtsv7M4_T_le_v4SPD16_eabi.lib : errno.c.obj (.data)

.stack     0    200070e8    00000200     UNINITIALIZED
                  200070e8    00000004     rtsv7M4_T_le_v4SPD16_eabi.lib : boot_cortex_m.c.obj (.stack)
                  200070ec    000001fc     --HOLE--

.sysmem    0    200072e8    00000010     UNINITIALIZED
                  200072e8    00000010     rtsv7M4_T_le_v4SPD16_eabi.lib : memory.c.obj (.sysmem)

__llvm_prf_cnts 
*          0    20000000    00000000     UNINITIALIZED

MODULE SUMMARY

       Module                         code    ro data   rw data
       ------                         ----    -------   -------
    .\
       ADC_task.obj                   532     44        25804  
       I2C_task.obj                   1340    0         25     
       console_task.obj               1020    0         156    
       logger.obj                     560     0         256    
       tm4c123gh6pm_startup_ccs.obj   12      620       0      
       task_manager_page.obj          76      0         400    
       heap_2.obj                     448     0         24     
       GPOs.obj                       324     42        72     
       GPIs.obj                       388     0         8      
       control_page.obj               376     0         16     
       main.obj                       332     0         0      
       homepage.obj                   304     0         0      
       console_uart.obj               228     0         8      
       text_controls.obj              210     0         0      
       hooks.obj                      42      0         0      
    +--+------------------------------+-------+---------+---------+
       Total:                         6192    706       26769  
                                                               
    .\FreeRTOS\
       tasks.obj                      7644    0         260    
       queue.obj                      4176    0         64     
       list.obj                       298     0         0      
    +--+------------------------------+-------+---------+---------+
       Total:                         12118   0         324    
                                                               
    .\FreeRTOS\portable\CCS\ARM_CM4F\
       port.obj                       652     8         12     
       portasm.obj                    218     0         0      
    +--+------------------------------+-------+---------+---------+
       Total:                         870     8         12     
                                                               
    .\driverlib\
       usb.obj                        5562    0         0      
       sysctl.obj                     3834    452       0      
       gpio.obj                       2952    528       0      
       adc.obj                        1986    0         4      
       interrupt.obj                  960     268       620    
       i2c.obj                        1692    128       0      
       uart.obj                       1560    128       0      
       fpu.obj                        192     0         0      
       cpu.obj                        62      0         0      
    +--+------------------------------+-------+---------+---------+
       Total:                         18800   1504      624    
                                                               
    .\utils\
       uartstdio.obj                  1192    46        5      
    +--+------------------------------+-------+---------+---------+
       Total:                         1192    46        5      
                                                               
    C:/ti/TivaWare_C_Series-2.2.0.295/usblib/ccs/Debug/usblib.lib
       usbdenum.obj                   2436    52        156    
       usbdconfig.obj                 576     0         0      
       usbdcdesc.obj                  360     0         0      
       usbtick.obj                    56      0         60     
       usbdesc.obj                    86      0         0      
       usbdhandler.obj                24      0         0      
    +--+------------------------------+-------+---------+---------+
       Total:                         3538    52        216    
                                                               
    C:\ti\ccs1020\ccs\tools\compiler\ti-cgt-arm_20.2.2.LTS\lib\rtsv7M4_T_le_v4SPD16_eabi.lib
       _printfi.c.obj                 4851    0         0      
       memory.c.obj                   672     0         8      
       fd_add_t2.asm.obj              438     0         0      
       defs.c.obj                     0       0         416    
       trgmsg.c.obj                   108     0         288    
       fd_div_t2.asm.obj              310     0         0      
       fputs.c.obj                    276     0         0      
       s_scalbn.c.obj                 272     0         0      
       fd_cmp_t2.asm.obj              268     0         0      
       ctype.c.obj                    0       257       0      
       fd_mul_t2.asm.obj              252     0         0      
       setvbuf.c.obj                  220     0         0      
       fflush.c.obj                   200     0         0      
       host_device.c.obj              0       0         200    
       memcpy_t2.asm.obj              156     0         0      
       ull_div_t2.asm.obj             150     0         0      
       memset_t2.asm.obj              122     0         0      
       fclose.c.obj                   116     0         0      
       getdevice.c.obj                116     0         0      
       hostrename.c.obj               108     0         0      
       copy_decompress_lzss.c.obj     104     0         0      
       hostlseek.c.obj                104     0         0      
       hostopen.c.obj                 96      0         8      
       fseek.c.obj                    100     0         0      
       s_frexp.c.obj                  100     0         0      
       _io_perm.c.obj                 98      0         0      
       sprintf.c.obj                  98      0         0      
       close.c.obj                    92      0         0      
       exit.c.obj                     76      0         12     
       hostread.c.obj                 88      0         0      
       hostwrite.c.obj                88      0         0      
       _ltoa.c.obj                    84      0         0      
       atoi.c.obj                     76      0         0      
       fd_toi_t2.asm.obj              72      0         0      
       autoinit.c.obj                 68      0         0      
       hostclose.c.obj                68      0         0      
       hostunlink.c.obj               68      0         0      
       u_divt2.asm.obj                64      0         0      
       strncpy.c.obj                  54      0         0      
       boot_cortex_m.c.obj            52      0         0      
       fopen.c.obj                    52      0         0      
       i_tofd_t2.asm.obj              46      0         0      
       unlink.c.obj                   44      0         0      
       lseek.c.obj                    40      0         0      
       write.c.obj                    40      0         0      
       memchr.c.obj                   32      0         0      
       assert.c.obj                   28      0         0      
       memccpy.c.obj                  28      0         0      
       s_copysign.c.obj               26      0         0      
       strcmp.c.obj                   24      0         0      
       strchr.c.obj                   22      0         0      
       strcpy.c.obj                   20      0         0      
       strlen.c.obj                   20      0         0      
       wcslen.c.obj                   18      0         0      
       copy_decompress_none.c.obj     14      0         0      
       copy_zero_init.c.obj           12      0         0      
       errno.c.obj                    8       0         4      
       _lock.c.obj                    2       0         8      
       pre_init.c.obj                 4       0         0      
       div0.asm.obj                   2       0         0      
    +--+------------------------------+-------+---------+---------+
       Total:                         10767   257       944    
                                                               
       Heap:                          0       0         16     
       Stack:                         0       0         512    
       Linker Generated:              0       315       0      
    +--+------------------------------+-------+---------+---------+
       Grand Total:                   53477   2888      29422  


LINKER GENERATED COPY TABLES

__TI_cinit_table @ 0000dc40 records: 3, size/record: 8, table size: 24
	.data: load addr=0000db18, load size=00000107 bytes, run addr=20006cf4, run size=000003f0 bytes, compression=lzss
	.bss: load addr=0000dc30, load size=00000008 bytes, run addr=2000026c, run size=00006a88 bytes, compression=zero_init
	.vtable: load addr=0000dc38, load size=00000008 bytes, run addr=20000000, run size=0000026c bytes, compression=zero_init


LINKER GENERATED HANDLER TABLE

__TI_handler_table @ 0000dc20 records: 3, size/record: 4, table size: 12
	index: 0, handler: __TI_zero_init
	index: 1, handler: __TI_decompress_lzss
	index: 2, handler: __TI_decompress_none


GLOBAL SYMBOLS: SORTED ALPHABETICALLY BY Name 

address   name                               
-------   ----                               
0000725d  ADCBusy                            
000072a5  ADCClockConfigGet                  
0000727b  ADCClockConfigSet                  
00007077  ADCComparatorConfigure             
00007147  ADCComparatorIntClear              
000070fd  ADCComparatorIntDisable            
0000711b  ADCComparatorIntEnable             
00007139  ADCComparatorIntStatus             
00007093  ADCComparatorRegionSet             
000070b7  ADCComparatorReset                 
00007045  ADCHardwareOversampleConfigure     
00006c5b  ADCIntClear                        
000071bf  ADCIntClearEx                      
00006bc1  ADCIntDisable                      
00007159  ADCIntDisableEx                    
00006bdd  ADCIntEnable                       
00007171  ADCIntEnableEx                     
00006b7b  ADCIntRegister                     
00006c03  ADCIntStatus                       
0000718d  ADCIntStatusEx                     
00006ba3  ADCIntUnregister                   
00007217  ADCPhaseDelayGet                   
00007205  ADCPhaseDelaySet                   
00006ebb  ADCProcessorTrigger                
000071f3  ADCReferenceGet                    
000071d7  ADCReferenceSet                    
00006ca5  ADCSequenceConfigure               
00007241  ADCSequenceDMADisable              
00007225  ADCSequenceDMAEnable               
00006e79  ADCSequenceDataGet                 
00006c8b  ADCSequenceDisable                 
00006c71  ADCSequenceEnable                  
00006e1d  ADCSequenceOverflow                
00006e35  ADCSequenceOverflowClear           
00006d29  ADCSequenceStepConfigure           
00006e4b  ADCSequenceUnderflow               
00006e63  ADCSequenceUnderflowClear          
00006edf  ADCSoftwareOversampleConfigure     
00006fd7  ADCSoftwareOversampleDataGet       
00006f17  ADCSoftwareOversampleStepConfigure 
0000d36b  C$$EXIT                            
0000ce3f  C$$IO$$                            
0000cd97  CPUbasepriGet                      
0000cd89  CPUbasepriSet                      
0000cd63  CPUcpsid                           
0000cd79  CPUcpsie                           
0000cd6f  CPUprimask                         
0000cd85  CPUwfi                             
0000b96b  FPUDisable                         
0000b959  FPUEnable                          
0000b9d7  FPUFlushToZeroModeSet              
0000b9a3  FPUHalfPrecisionModeSet            
0000b98b  FPULazyStackingEnable              
0000b9bd  FPUNaNModeSet                      
0000b9f1  FPURoundingModeSet                 
0000b997  FPUStackingDisable                 
0000b979  FPUStackingEnable                  
000060ab  GPIOADCTriggerDisable              
0000608d  GPIOADCTriggerEnable               
0000606f  GPIODMATriggerDisable              
00006051  GPIODMATriggerEnable               
00005603  GPIODirModeGet                     
000055a7  GPIODirModeSet                     
00005b6b  GPIOIntClear                       
00005b2f  GPIOIntDisable                     
00005b15  GPIOIntEnable                      
00005b7f  GPIOIntRegister                    
00005b49  GPIOIntStatus                      
000056f3  GPIOIntTypeGet                     
0000564f  GPIOIntTypeSet                     
00005b9d  GPIOIntUnregister                  
000059c3  GPIOPadConfigGet                   
00005789  GPIOPadConfigSet                   
00005ff3  GPIOPinConfigure                   
00005bb7  GPIOPinRead                        
00005bef  GPIOPinTypeADC                     
00005c13  GPIOPinTypeCAN                     
00005fbf  GPIOPinTypeCIR                     
00005c37  GPIOPinTypeComparator              
00005c5b  GPIOPinTypeEPI                     
00005c7f  GPIOPinTypeEthernetLED             
00005ca3  GPIOPinTypeEthernetMII             
00005cc7  GPIOPinTypeGPIOInput               
00005ceb  GPIOPinTypeGPIOOutput              
00005d0f  GPIOPinTypeGPIOOutputOD            
00005d33  GPIOPinTypeI2C                     
00005d57  GPIOPinTypeI2CSCL                  
00005f77  GPIOPinTypeKBColumn                
00005f53  GPIOPinTypeKBRow                   
00005d7b  GPIOPinTypeLCD                     
00005f9b  GPIOPinTypeLEDSeq                  
00005d9f  GPIOPinTypeLPC                     
00005dc3  GPIOPinTypePECIRx                  
00005de7  GPIOPinTypePECITx                  
00005e0b  GPIOPinTypePWM                     
00005e2f  GPIOPinTypeQEI                     
00005e53  GPIOPinTypeSSI                     
00005e77  GPIOPinTypeTimer                   
00005e9b  GPIOPinTypeUART                    
00005ebf  GPIOPinTypeUSBAnalog               
00005ee3  GPIOPinTypeUSBDigital              
00005f07  GPIOPinTypeWakeHigh                
00005f2d  GPIOPinTypeWakeLow                 
00005fe3  GPIOPinWakeStatus                  
00005bcf  GPIOPinWrite                       
0000cb51  HOSTclose                          
0000c34d  HOSTlseek                          
0000c549  HOSTopen                           
0000c665  HOSTread                           
0000c2e1  HOSTrename                         
0000cb95  HOSTunlink                         
0000c6bd  HOSTwrite                          
000078db  I2CFIFODataGet                     
000078f5  I2CFIFODataGetNonBlocking          
00007891  I2CFIFODataPut                     
000078b3  I2CFIFODataPutNonBlocking          
00007881  I2CFIFOStatus                      
00007475  I2CIntRegister                     
00007493  I2CIntUnregister                   
00007931  I2CMasterBurstCountGet             
0000791b  I2CMasterBurstLengthSet            
000076d9  I2CMasterBusBusy                   
000076c1  I2CMasterBusy                      
000076f1  I2CMasterControl                   
00007745  I2CMasterDataGet                   
0000772f  I2CMasterDataPut                   
00007441  I2CMasterDisable                   
0000740d  I2CMasterEnable                    
00007703  I2CMasterErr                       
0000793f  I2CMasterGlitchFilterConfigSet     
00007343  I2CMasterInitExpClk                
0000763b  I2CMasterIntClear                  
00007659  I2CMasterIntClearEx                
00007507  I2CMasterIntDisable                
00007517  I2CMasterIntDisableEx              
000074ad  I2CMasterIntEnable                 
000074bd  I2CMasterIntEnableEx               
00007561  I2CMasterIntStatus                 
000075a5  I2CMasterIntStatusEx               
000076b3  I2CMasterLineStateGet              
00007691  I2CMasterSlaveAddrSet              
00007753  I2CMasterTimeoutSet                
00007841  I2CRxFIFOConfigSet                 
00007869  I2CRxFIFOFlush                     
00007765  I2CSlaveACKOverride                
00007797  I2CSlaveACKValueSet                
000073cf  I2CSlaveAddressSet                 
000077f1  I2CSlaveDataGet                    
000077d9  I2CSlaveDataPut                    
00007457  I2CSlaveDisable                    
00007423  I2CSlaveEnable                     
0000796f  I2CSlaveFIFODisable                
00007957  I2CSlaveFIFOEnable                 
000073b5  I2CSlaveInit                       
0000766b  I2CSlaveIntClear                   
0000767d  I2CSlaveIntClearEx                 
0000752f  I2CSlaveIntDisable                 
00007547  I2CSlaveIntDisableEx               
000074d5  I2CSlaveIntEnable                  
000074ed  I2CSlaveIntEnableEx                
000075d1  I2CSlaveIntStatus                  
00007619  I2CSlaveIntStatusEx                
000077c9  I2CSlaveStatus                     
00007801  I2CTxFIFOConfigSet                 
00007829  I2CTxFIFOFlush                     
00008f39  IntDisable                         
00008ec7  IntEnable                          
00008fab  IntIsEnabled                       
00008d8b  IntMasterDisable                   
00008d7b  IntMasterEnable                    
000090a1  IntPendClear                       
00009031  IntPendSet                         
00008ea3  IntPriorityGet                     
00008e1b  IntPriorityGroupingGet             
00008e01  IntPriorityGroupingSet             
000090fb  IntPriorityMaskGet                 
000090ef  IntPriorityMaskSet                 
00008e53  IntPrioritySet                     
00008d9b  IntRegister                        
00009103  IntTrigger                         
00008ded  IntUnregister                      
0000cda1  InternalUSBStartOfFrameTick        
0000d33b  ResetISR                           
000054e7  SysCtlAltClkConfig                 
00004cbd  SysCtlClockFreqSet                 
000051a1  SysCtlClockGet                     
000054cb  SysCtlClockOutConfig               
00004fd5  SysCtlClockSet                     
00004bbd  SysCtlDeepSleep                    
0000536d  SysCtlDeepSleepClockConfigSet      
0000534f  SysCtlDeepSleepClockSet            
00004b9d  SysCtlDeepSleepPowerSet            
0000d361  SysCtlDelay                        
0000474b  SysCtlFlashSectorSizeGet           
0000471f  SysCtlFlashSizeGet                 
00005443  SysCtlGPIOAHBDisable               
00005427  SysCtlGPIOAHBEnable                
00004b31  SysCtlIntClear                     
00004b19  SysCtlIntDisable                   
00004b05  SysCtlIntEnable                    
00004add  SysCtlIntRegister                  
00004b41  SysCtlIntStatus                    
00004af5  SysCtlIntUnregister                
00004b83  SysCtlLDODeepSleepGet              
00004b73  SysCtlLDODeepSleepSet              
00004b6d  SysCtlLDOSleepGet                  
00004b5d  SysCtlLDOSleepSet                  
00004bf3  SysCtlMOSCConfigSet                
000054b7  SysCtlNMIClear                     
000054b1  SysCtlNMIStatus                    
00004c09  SysCtlPIOSCCalibrate               
00005411  SysCtlPWMClockGet                  
000053f7  SysCtlPWMClockSet                  
00004a89  SysCtlPeripheralClockGating        
00004a41  SysCtlPeripheralDeepSleepDisable   
000049f1  SysCtlPeripheralDeepSleepEnable    
0000492d  SysCtlPeripheralDisable            
000048f1  SysCtlPeripheralEnable             
0000482d  SysCtlPeripheralPowerOff           
000047f1  SysCtlPeripheralPowerOn            
00004771  SysCtlPeripheralPresent            
000047b1  SysCtlPeripheralReady              
00004869  SysCtlPeripheralReset              
000049b5  SysCtlPeripheralSleepDisable       
00004971  SysCtlPeripheralSleepEnable        
00004bad  SysCtlReset                        
00004c69  SysCtlResetBehaviorGet             
00004c59  SysCtlResetBehaviorSet             
00004bdf  SysCtlResetCauseClear              
00004bd9  SysCtlResetCauseGet                
00004715  SysCtlSRAMSizeGet                  
00004bb5  SysCtlSleep                        
00004b89  SysCtlSleepPowerSet                
00005471  SysCtlUSBPLLDisable                
0000545f  SysCtlUSBPLLEnable                 
0000549d  SysCtlVoltageEventClear            
00005481  SysCtlVoltageEventConfig           
00005491  SysCtlVoltageEventStatus           
00007f51  UART9BitAddrSend                   
00007f2b  UART9BitAddrSet                    
00007f15  UART9BitDisable                    
00007eff  UART9BitEnable                     
00007da3  UARTBreakCtl                       
00007dcd  UARTBusy                           
00007d4b  UARTCharGet                        
00007d2f  UARTCharGetNonBlocking             
00007d85  UARTCharPut                        
00007d61  UARTCharPutNonBlocking             
00007cf3  UARTCharsAvail                     
00007eef  UARTClockSourceGet                 
00007edb  UARTClockSourceSet                 
00007ac3  UARTConfigGetExpClk                
00007a4d  UARTConfigSetExpClk                
00007ea1  UARTDMADisable                     
00007e89  UARTDMAEnable                      
00007b33  UARTDisable                        
00007bb7  UARTDisableSIR                     
00007b0f  UARTEnable                         
00007b89  UARTEnableSIR                      
00007b73  UARTFIFODisable                    
00007b5d  UARTFIFOEnable                     
00007a25  UARTFIFOLevelGet                   
00007a0d  UARTFIFOLevelSet                   
00007cb3  UARTFlowControlGet                 
00007c97  UARTFlowControlSet                 
00007e77  UARTIntClear                       
00007e41  UARTIntDisable                     
00007e29  UARTIntEnable                      
00007deb  UARTIntRegister                    
00007e59  UARTIntStatus                      
00007e09  UARTIntUnregister                  
00007c4d  UARTModemControlClear              
00007c71  UARTModemControlGet                
00007c15  UARTModemControlSet                
00007c83  UARTModemStatusGet                 
000079fb  UARTParityModeGet                  
000079df  UARTParityModeSet                  
00007ecb  UARTRxErrorClear                   
00007eb9  UARTRxErrorGet                     
00007bff  UARTSmartCardDisable               
00007bcd  UARTSmartCardEnable                
00007d11  UARTSpaceAvail                     
000084d5  UARTStdioConfig                    
00007ce1  UARTTxIntModeGet                   
00007cc5  UARTTxIntModeSet                   
00008625  UARTgetc                           
0000856b  UARTgets                           
00008947  UARTprintf                         
0000864d  UARTvprintf                        
0000851b  UARTwrite                          
0000d259  USB0DeviceIntHandler               
0000323f  USBClockDisable                    
00003223  USBClockEnable                     
0000320f  USBControllerVersion               
0000c811  USBDCDConfigDescGet                
0000cfdf  USBDCDConfigDescGetNum             
0000d225  USBDCDConfigDescGetSize            
0000d199  USBDCDConfigGetInterface           
0000cdd9  USBDCDConfigGetInterfaceEndpoint   
0000d1b5  USBDCDStallEP0                     
00003377  USBDMAChannelAddressGet            
0000335b  USBDMAChannelAddressSet            
000032e1  USBDMAChannelConfigSet             
000033ab  USBDMAChannelCountGet              
0000338f  USBDMAChannelCountSet              
000032c1  USBDMAChannelDisable               
000032a1  USBDMAChannelEnable                
00003271  USBDMAChannelIntDisable            
00003251  USBDMAChannelIntEnable             
00003291  USBDMAChannelIntStatus             
00003311  USBDMAChannelStatus                
00003331  USBDMAChannelStatusClear           
000033c3  USBDMANumChannels                  
0000d00b  USBDescGet                         
0000d065  USBDescGetNum                      
0000267d  USBDevAddrGet                      
00002669  USBDevAddrSet                      
0000263d  USBDevConnect                      
00002653  USBDevDisconnect                   
000029b3  USBDevEndpointConfigGet            
000028c1  USBDevEndpointConfigSet            
00002d3d  USBDevEndpointDataAck              
00002567  USBDevEndpointStall                
000025c9  USBDevEndpointStallClear           
000023e3  USBDevEndpointStatusClear          
0000352f  USBDevLPMConfig                    
0000355d  USBDevLPMDisable                   
00003545  USBDevLPMEnable                    
00003517  USBDevLPMRemoteWake                
00003177  USBDevMode                         
000021a9  USBDevSpeedGet                     
0000a6a9  USBDeviceConfig                    
0000bd29  USBDeviceConfigAlternate           
0000b7ad  USBDeviceEnumHandler               
0000ca79  USBDeviceEnumResetHandler          
0000a40d  USBDeviceIntHandlerInternal        
0000c861  USBDeviceResumeTickHandler         
00003129  USBEndpointDMAChannel              
00002b6f  USBEndpointDMAConfigSet            
00002c41  USBEndpointDMADisable              
00002c07  USBEndpointDMAEnable               
00002c7b  USBEndpointDataAvail               
00002cb3  USBEndpointDataGet                 
00002dad  USBEndpointDataPut                 
00002e11  USBEndpointDataSend                
00002501  USBEndpointDataToggleClear         
000031db  USBEndpointPacketCountSet          
0000236f  USBEndpointStatus                  
000030ff  USBFIFOAddrGet                     
00002b09  USBFIFOConfigGet                   
00002aa3  USBFIFOConfigSet                   
00002e69  USBFIFOFlush                       
000030c3  USBFrameNumberGet                  
00002117  USBHighSpeed                       
00002f79  USBHostAddrGet                     
00002f41  USBHostAddrSet                     
00002691  USBHostEndpointConfig              
00002d7b  USBHostEndpointDataAck             
00002465  USBHostEndpointDataToggle          
0000253b  USBHostEndpointPing                
0000282b  USBHostEndpointSpeed               
0000239b  USBHostEndpointStatusClear         
0000300b  USBHostHubAddrGet                  
00002fa7  USBHostHubAddrSet                  
000034db  USBHostLPMConfig                   
000034ff  USBHostLPMResume                   
00003493  USBHostLPMSend                     
00003165  USBHostMode                        
00003039  USBHostPwrConfig                   
000030ab  USBHostPwrDisable                  
00003093  USBHostPwrEnable                   
0000307b  USBHostPwrFaultDisable             
00003063  USBHostPwrFaultEnable              
00002ed9  USBHostRequestIN                   
00002f01  USBHostRequestINClear              
00002f2f  USBHostRequestStatus               
000020e9  USBHostReset                       
00002145  USBHostResume                      
00002173  USBHostSpeedGet                    
000020d3  USBHostSuspend                     
000021c1  USBIntDisableControl               
00002285  USBIntDisableEndpoint              
000021ff  USBIntEnableControl                
000022b3  USBIntEnableEndpoint               
00002337  USBIntRegister                     
00002239  USBIntStatusControl                
000022e1  USBIntStatusEndpoint               
00002355  USBIntUnregister                   
00003589  USBLPMEndpointGet                  
000035e9  USBLPMIntDisable                   
000035cf  USBLPMIntEnable                    
000035bf  USBLPMIntStatus                    
00003575  USBLPMLinkStateGet                 
000035a5  USBLPMRemoteWakeEnabled            
0000319b  USBModeConfig                      
00003115  USBModeGet                         
000031fb  USBNumEndpointsGet                 
00003189  USBOTGMode                         
000030d1  USBOTGSessionRequest               
000031af  USBPHYPowerOff                     
000031c5  USBPHYPowerOn                      
000033d5  USBULPIConfig                      
00003403  USBULPIDisable                     
000033eb  USBULPIEnable                      
0000341b  USBULPIRegRead                     
00003453  USBULPIRegWrite                    
200067fc  __CIOBUF_                          
200072e8  __STACK_END                        
00000200  __STACK_SIZE                       
200072e8  __STACK_TOP                        
00000010  __SYSMEM_SIZE                      
0000dc40  __TI_CINIT_Base                    
0000dc58  __TI_CINIT_Limit                   
0000dc20  __TI_Handler_Table_Base            
0000dc2c  __TI_Handler_Table_Limit           
0000cc1d  __TI_auto_init_nobinit_nopinit     
0000ceb5  __TI_cleanup                       
20007068  __TI_cleanup_ptr                   
0000c0ad  __TI_closefile                     
0000c3b5  __TI_decompress_lzss               
0000d321  __TI_decompress_none               
0000c949  __TI_doflush                       
2000706c  __TI_dtors_ptr                     
20007070  __TI_enable_exit_profile_output    
20007058  __TI_ft_end                        
0000c76b  __TI_ltoa                          
ffffffff  __TI_pprof_out_hndl                
000060d1  __TI_printfi                       
ffffffff  __TI_prof_data_size                
ffffffff  __TI_prof_data_start               
0000cee9  __TI_readmsg                       
00000000  __TI_static_base__                 
20006a0c  __TI_tmpnams                       
0000ce11  __TI_writemsg                      
0000c4e5  __TI_wrt_ok                        
0000d32f  __TI_zero_init                     
0000bdb5  __aeabi_cdcmpeq                    
0000bdb5  __aeabi_cdcmple                    
0000be3b  __aeabi_cdrcmple                   
0000cb09  __aeabi_d2iz                       
00009e13  __aeabi_dadd                       
0000aa71  __aeabi_ddiv                       
0000b24d  __aeabi_dmul                       
00009e09  __aeabi_dsub                       
0000d351  __aeabi_errno_addr                 
0000cfb1  __aeabi_i2d                        
00006b1f  __aeabi_idiv0                      
00006b1f  __aeabi_ldiv0                      
0000bfb9  __aeabi_memclr                     
0000bfb9  __aeabi_memclr4                    
0000bfb9  __aeabi_memclr8                    
0000bacb  __aeabi_memcpy                     
0000bacb  __aeabi_memcpy4                    
0000bacb  __aeabi_memcpy8                    
0000bfbb  __aeabi_memset                     
0000bfbb  __aeabi_memset4                    
0000bfbb  __aeabi_memset8                    
20007064  __aeabi_stderr                     
2000705c  __aeabi_stdin                      
20007060  __aeabi_stdout                     
0000cca5  __aeabi_uidiv                      
0000cca5  __aeabi_uidivmod                   
0000bc01  __aeabi_uldivmod                   
ffffffff  __binit__                          
ffffffff  __c_args__                         
UNDEFED   __mpu_init                         
200070e8  __stack                            
20000000  __start___llvm_prf_cnts            
20000000  __stop___llvm_prf_cnts             
0000d1d1  _abort_msg                         
0000cf1d  _c_int00_noargs                    
0000d490  _ctypes_                           
20006e70  _device                            
20006cf4  _ftable                            
20007098  _lock                              
00003603  _nop                               
20006ee8  _stream                            
200072e8  _sys_memory                        
UNDEFED   _system_post_cinit                 
0000d367  _system_pre_init                   
2000709c  _unlock                            
0000d36b  abort                              
20006cb4  adc_info                           
200070a8  adc_pin_struct                     
200070d8  adc_semphr                         
000099f9  adc_task                           
0000801f  add_i2c_msg                        
0000898d  add_page                           
20006cd4  addr_ack_err                       
0000b14d  aligned_alloc                      
20006cd8  arb_lost_err                       
0000c995  atoi                               
0000b8af  bgd_color                          
ffffffff  binit                              
20006cdc  blue_debug                         
0000b8a1  bold_text_color                    
0000b901  clear_below_line                   
0000b8f7  clear_in_line                      
0000b8ed  clear_line                         
0000b8e3  clear_terminal                     
20006ce0  clk_tout_err                       
0000c609  close                              
00008c11  console_task                       
0000a1fb  control_drawdata                   
0000a27b  control_drawinput                  
0000a145  control_drawpage                   
0000d23f  copysign                           
0000d23f  copysignl                          
00009635  create_error                       
0000b8bd  cursor_pos                         
20006ce4  data_ack_err                       
000006a5  eTaskGetState                      
200070e0  errno                              
0000cac1  exit                               
0000bf3d  fflush                             
0000cf81  finddevice                         
0000af29  fputs                              
0000b511  free                               
0000c41d  frexp                              
0000c41d  frexpl                             
0000c481  fseek                              
2000708c  g_bUSBTimerInitialized             
20000000  g_pfnRAMVectors                    
20006c00  g_pfnTickHandlers                  
00000000  g_pfnVectors                       
20006ce8  g_ppsDevInfo                       
20006b10  g_psDCDInst                        
20006c18  g_pvTickInstance                   
20007090  g_ui32CurrentUSBTick               
20007094  g_ui32USBSOFCount                  
00009981  get_adc_config                     
000099d9  get_adc_struct                     
000099c5  get_adc_val                        
0000b42d  get_char                           
0000a09d  get_gpi_config                     
0000a0ff  get_gpi_struct                     
0000a8e3  get_gpo                            
0000a873  get_gpo_config                     
0000cc61  getdevice                          
200070b0  gpi_info                           
20006cbc  gpis_info                          
0000db04  gpo_info                           
20006cec  green_debug                        
0000abfb  homepage_drawdata                  
0000abfd  homepage_drawinput                 
0000aba9  homepage_drawpage                  
200070c8  i2c_msg_queue                      
000080ad  i2c_task                           
00009865  init_adc                           
0000897d  init_console                       
0000b479  init_console_uart                  
00009fc1  init_gpis                          
0000a7f1  init_gpos                          
00007f99  init_i2c                           
000096a7  init_logger                        
0000b03d  ldexp                              
0000b03d  ldexpl                             
0000970d  logger_drawdata                    
000097bd  logger_drawinput                   
000096d3  logger_drawpage                    
0000d109  lseek                              
0000a55d  main                               
0000d359  malloc                             
0000b14d  memalign                           
0000d209  memccpy                            
0000d179  memchr                             
0000bacb  memcpy                             
0000bfc1  memset                             
20006cc4  parmbuf                            
000045c9  pcQueueGetName                     
00000d49  pcTaskGetName                      
00009c49  pvPortMalloc                       
00001a85  pvTaskIncrementMutexHeldCount      
20006f38  pxCurrentTCB                       
00009139  pxPortInitialiseStack              
0000a0e1  read_gpi                           
20006cf0  red_debug                          
0000d039  remove                             
0000b8d9  restore_cursor_pos                 
0000b8cf  save_cursor_pos                    
0000b03d  scalbn                             
0000b03d  scalbnl                            
00009695  set_error                          
0000a8b7  set_gpo                            
0000b885  set_text_mode                      
0000b5f5  setvbuf                            
0000cce5  sprintf                            
0000d2d1  strchr                             
0000d2b9  strcmp                             
0000d2e7  strcpy                             
0000d2fb  strlen                             
0000ce49  strncpy                            
0000ca19  taskmanager_drawdata               
0000ca1b  taskmanager_drawinput              
0000c9e1  taskmanager_drawpage               
0000b893  text_color                         
2000026c  ucHeap                             
000042f9  ucQueueGetQueueType                
0000db0c  ulMaxSyscallInterruptPriority      
0000b6e1  ulPortGetIPSR                      
00001a9d  ulTaskNotifyTake                   
0000d039  unlink                             
0000adbb  uxListRemove                       
000042d9  uxQueueGetQueueNumber              
00004221  uxQueueMessagesWaiting             
00004285  uxQueueMessagesWaitingFromISR      
00004251  uxQueueSpacesAvailable             
00000d43  uxTaskGetNumberOfTasks             
00000d91  uxTaskGetSystemState               
0000133b  uxTaskGetTaskNumber                
0000075b  uxTaskPriorityGet                  
0000078d  uxTaskPriorityGetFromISR           
00001a63  uxTaskResetEventItemValue          
0000d09f  vApplicationIdleHook               
0000d08f  vApplicationMallocFailedHook       
0000d0a1  vApplicationStackOverflowHook      
0000acd9  vListInitialise                    
0000ad09  vListInitialiseItem                
0000ad55  vListInsert                        
0000ad19  vListInsertEnd                     
0000b79d  vPortEnableVFP                     
00009259  vPortEndScheduler                  
0000927d  vPortEnterCritical                 
000092bf  vPortExitCritical                  
00009d49  vPortFree                          
00009dad  vPortInitialiseBlocks              
0000b759  vPortSVCHandler                    
00009311  vPortSetupTimerInterrupt           
0000b779  vPortStartFirstTask                
0000932d  vPortValidateInterruptPriority     
00004587  vQueueAddToRegistry                
000042af  vQueueDelete                       
000042e7  vQueueSetQueueNumber               
00004609  vQueueUnregisterQueue              
0000063d  vTaskDelay                         
00000559  vTaskDelayUntil                    
0000048f  vTaskDelete                        
00000be9  vTaskEndScheduler                  
00001441  vTaskGetInfo                       
00001273  vTaskInternalSetTimeOutState       
00001951  vTaskList                          
00001333  vTaskMissedYield                   
00001e69  vTaskNotifyGiveFromISR             
0000105f  vTaskPlaceOnEventList              
000010a1  vTaskPlaceOnUnorderedEventList     
000017fd  vTaskPriorityDisinheritAfterTimeout
000007d1  vTaskPrioritySet                   
000011a9  vTaskRemoveFromUnorderedEventList  
00000a49  vTaskResume                        
0000135b  vTaskSetTaskNumber                 
00001241  vTaskSetTimeOutState               
00000b81  vTaskStartScheduler                
00000905  vTaskSuspend                       
00000c05  vTaskSuspendAll                    
00000f99  vTaskSwitchContext                 
0000d30f  wcslen                             
0000d131  write                              
00009da7  xPortGetFreeHeapSize               
0000b6f9  xPortPendSVHandler                 
000091c5  xPortStartScheduler                
000092eb  xPortSysTickHandler                
00003865  xQueueCreateCountingSemaphore      
00003791  xQueueCreateMutex                  
000036b9  xQueueGenericCreate                
00003605  xQueueGenericReset                 
000038c1  xQueueGenericSend                  
00003a4f  xQueueGenericSendFromISR           
00003b59  xQueueGiveFromISR                  
000037bd  xQueueGiveMutexRecursive           
000044f3  xQueueIsQueueEmptyFromISR          
0000454d  xQueueIsQueueFullFromISR           
00003f45  xQueuePeek                         
00004175  xQueuePeekFromISR                  
00003c49  xQueueReceive                      
0000409d  xQueueReceiveFromISR               
20006ba0  xQueueRegistry                     
00003d9b  xQueueSemaphoreTake                
0000380d  xQueueTakeMutexRecursive           
0000128d  xTaskCheckForTimeOut               
0000026d  xTaskCreate                        
00001bc9  xTaskGenericNotify                 
00001d09  xTaskGenericNotifyFromISR          
00001615  xTaskGetCurrentTaskHandle          
00000d1f  xTaskGetTickCount                  
00000d2f  xTaskGetTickCountFromISR           
00000e7d  xTaskIncrementTick                 
00001f51  xTaskNotifyStateClear              
00001b13  xTaskNotifyWait                    
00001727  xTaskPriorityDisinherit            
0000164d  xTaskPriorityInherit               
00001105  xTaskRemoveFromEventList           
00000c1d  xTaskResumeAll                     
00000add  xTaskResumeFromISR                 


GLOBAL SYMBOLS: SORTED BY Symbol Address 

address   name                               
-------   ----                               
00000000  __TI_static_base__                 
00000000  g_pfnVectors                       
00000010  __SYSMEM_SIZE                      
00000200  __STACK_SIZE                       
0000026d  xTaskCreate                        
0000048f  vTaskDelete                        
00000559  vTaskDelayUntil                    
0000063d  vTaskDelay                         
000006a5  eTaskGetState                      
0000075b  uxTaskPriorityGet                  
0000078d  uxTaskPriorityGetFromISR           
000007d1  vTaskPrioritySet                   
00000905  vTaskSuspend                       
00000a49  vTaskResume                        
00000add  xTaskResumeFromISR                 
00000b81  vTaskStartScheduler                
00000be9  vTaskEndScheduler                  
00000c05  vTaskSuspendAll                    
00000c1d  xTaskResumeAll                     
00000d1f  xTaskGetTickCount                  
00000d2f  xTaskGetTickCountFromISR           
00000d43  uxTaskGetNumberOfTasks             
00000d49  pcTaskGetName                      
00000d91  uxTaskGetSystemState               
00000e7d  xTaskIncrementTick                 
00000f99  vTaskSwitchContext                 
0000105f  vTaskPlaceOnEventList              
000010a1  vTaskPlaceOnUnorderedEventList     
00001105  xTaskRemoveFromEventList           
000011a9  vTaskRemoveFromUnorderedEventList  
00001241  vTaskSetTimeOutState               
00001273  vTaskInternalSetTimeOutState       
0000128d  xTaskCheckForTimeOut               
00001333  vTaskMissedYield                   
0000133b  uxTaskGetTaskNumber                
0000135b  vTaskSetTaskNumber                 
00001441  vTaskGetInfo                       
00001615  xTaskGetCurrentTaskHandle          
0000164d  xTaskPriorityInherit               
00001727  xTaskPriorityDisinherit            
000017fd  vTaskPriorityDisinheritAfterTimeout
00001951  vTaskList                          
00001a63  uxTaskResetEventItemValue          
00001a85  pvTaskIncrementMutexHeldCount      
00001a9d  ulTaskNotifyTake                   
00001b13  xTaskNotifyWait                    
00001bc9  xTaskGenericNotify                 
00001d09  xTaskGenericNotifyFromISR          
00001e69  vTaskNotifyGiveFromISR             
00001f51  xTaskNotifyStateClear              
000020d3  USBHostSuspend                     
000020e9  USBHostReset                       
00002117  USBHighSpeed                       
00002145  USBHostResume                      
00002173  USBHostSpeedGet                    
000021a9  USBDevSpeedGet                     
000021c1  USBIntDisableControl               
000021ff  USBIntEnableControl                
00002239  USBIntStatusControl                
00002285  USBIntDisableEndpoint              
000022b3  USBIntEnableEndpoint               
000022e1  USBIntStatusEndpoint               
00002337  USBIntRegister                     
00002355  USBIntUnregister                   
0000236f  USBEndpointStatus                  
0000239b  USBHostEndpointStatusClear         
000023e3  USBDevEndpointStatusClear          
00002465  USBHostEndpointDataToggle          
00002501  USBEndpointDataToggleClear         
0000253b  USBHostEndpointPing                
00002567  USBDevEndpointStall                
000025c9  USBDevEndpointStallClear           
0000263d  USBDevConnect                      
00002653  USBDevDisconnect                   
00002669  USBDevAddrSet                      
0000267d  USBDevAddrGet                      
00002691  USBHostEndpointConfig              
0000282b  USBHostEndpointSpeed               
000028c1  USBDevEndpointConfigSet            
000029b3  USBDevEndpointConfigGet            
00002aa3  USBFIFOConfigSet                   
00002b09  USBFIFOConfigGet                   
00002b6f  USBEndpointDMAConfigSet            
00002c07  USBEndpointDMAEnable               
00002c41  USBEndpointDMADisable              
00002c7b  USBEndpointDataAvail               
00002cb3  USBEndpointDataGet                 
00002d3d  USBDevEndpointDataAck              
00002d7b  USBHostEndpointDataAck             
00002dad  USBEndpointDataPut                 
00002e11  USBEndpointDataSend                
00002e69  USBFIFOFlush                       
00002ed9  USBHostRequestIN                   
00002f01  USBHostRequestINClear              
00002f2f  USBHostRequestStatus               
00002f41  USBHostAddrSet                     
00002f79  USBHostAddrGet                     
00002fa7  USBHostHubAddrSet                  
0000300b  USBHostHubAddrGet                  
00003039  USBHostPwrConfig                   
00003063  USBHostPwrFaultEnable              
0000307b  USBHostPwrFaultDisable             
00003093  USBHostPwrEnable                   
000030ab  USBHostPwrDisable                  
000030c3  USBFrameNumberGet                  
000030d1  USBOTGSessionRequest               
000030ff  USBFIFOAddrGet                     
00003115  USBModeGet                         
00003129  USBEndpointDMAChannel              
00003165  USBHostMode                        
00003177  USBDevMode                         
00003189  USBOTGMode                         
0000319b  USBModeConfig                      
000031af  USBPHYPowerOff                     
000031c5  USBPHYPowerOn                      
000031db  USBEndpointPacketCountSet          
000031fb  USBNumEndpointsGet                 
0000320f  USBControllerVersion               
00003223  USBClockEnable                     
0000323f  USBClockDisable                    
00003251  USBDMAChannelIntEnable             
00003271  USBDMAChannelIntDisable            
00003291  USBDMAChannelIntStatus             
000032a1  USBDMAChannelEnable                
000032c1  USBDMAChannelDisable               
000032e1  USBDMAChannelConfigSet             
00003311  USBDMAChannelStatus                
00003331  USBDMAChannelStatusClear           
0000335b  USBDMAChannelAddressSet            
00003377  USBDMAChannelAddressGet            
0000338f  USBDMAChannelCountSet              
000033ab  USBDMAChannelCountGet              
000033c3  USBDMANumChannels                  
000033d5  USBULPIConfig                      
000033eb  USBULPIEnable                      
00003403  USBULPIDisable                     
0000341b  USBULPIRegRead                     
00003453  USBULPIRegWrite                    
00003493  USBHostLPMSend                     
000034db  USBHostLPMConfig                   
000034ff  USBHostLPMResume                   
00003517  USBDevLPMRemoteWake                
0000352f  USBDevLPMConfig                    
00003545  USBDevLPMEnable                    
0000355d  USBDevLPMDisable                   
00003575  USBLPMLinkStateGet                 
00003589  USBLPMEndpointGet                  
000035a5  USBLPMRemoteWakeEnabled            
000035bf  USBLPMIntStatus                    
000035cf  USBLPMIntEnable                    
000035e9  USBLPMIntDisable                   
00003603  _nop                               
00003605  xQueueGenericReset                 
000036b9  xQueueGenericCreate                
00003791  xQueueCreateMutex                  
000037bd  xQueueGiveMutexRecursive           
0000380d  xQueueTakeMutexRecursive           
00003865  xQueueCreateCountingSemaphore      
000038c1  xQueueGenericSend                  
00003a4f  xQueueGenericSendFromISR           
00003b59  xQueueGiveFromISR                  
00003c49  xQueueReceive                      
00003d9b  xQueueSemaphoreTake                
00003f45  xQueuePeek                         
0000409d  xQueueReceiveFromISR               
00004175  xQueuePeekFromISR                  
00004221  uxQueueMessagesWaiting             
00004251  uxQueueSpacesAvailable             
00004285  uxQueueMessagesWaitingFromISR      
000042af  vQueueDelete                       
000042d9  uxQueueGetQueueNumber              
000042e7  vQueueSetQueueNumber               
000042f9  ucQueueGetQueueType                
000044f3  xQueueIsQueueEmptyFromISR          
0000454d  xQueueIsQueueFullFromISR           
00004587  vQueueAddToRegistry                
000045c9  pcQueueGetName                     
00004609  vQueueUnregisterQueue              
00004715  SysCtlSRAMSizeGet                  
0000471f  SysCtlFlashSizeGet                 
0000474b  SysCtlFlashSectorSizeGet           
00004771  SysCtlPeripheralPresent            
000047b1  SysCtlPeripheralReady              
000047f1  SysCtlPeripheralPowerOn            
0000482d  SysCtlPeripheralPowerOff           
00004869  SysCtlPeripheralReset              
000048f1  SysCtlPeripheralEnable             
0000492d  SysCtlPeripheralDisable            
00004971  SysCtlPeripheralSleepEnable        
000049b5  SysCtlPeripheralSleepDisable       
000049f1  SysCtlPeripheralDeepSleepEnable    
00004a41  SysCtlPeripheralDeepSleepDisable   
00004a89  SysCtlPeripheralClockGating        
00004add  SysCtlIntRegister                  
00004af5  SysCtlIntUnregister                
00004b05  SysCtlIntEnable                    
00004b19  SysCtlIntDisable                   
00004b31  SysCtlIntClear                     
00004b41  SysCtlIntStatus                    
00004b5d  SysCtlLDOSleepSet                  
00004b6d  SysCtlLDOSleepGet                  
00004b73  SysCtlLDODeepSleepSet              
00004b83  SysCtlLDODeepSleepGet              
00004b89  SysCtlSleepPowerSet                
00004b9d  SysCtlDeepSleepPowerSet            
00004bad  SysCtlReset                        
00004bb5  SysCtlSleep                        
00004bbd  SysCtlDeepSleep                    
00004bd9  SysCtlResetCauseGet                
00004bdf  SysCtlResetCauseClear              
00004bf3  SysCtlMOSCConfigSet                
00004c09  SysCtlPIOSCCalibrate               
00004c59  SysCtlResetBehaviorSet             
00004c69  SysCtlResetBehaviorGet             
00004cbd  SysCtlClockFreqSet                 
00004fd5  SysCtlClockSet                     
000051a1  SysCtlClockGet                     
0000534f  SysCtlDeepSleepClockSet            
0000536d  SysCtlDeepSleepClockConfigSet      
000053f7  SysCtlPWMClockSet                  
00005411  SysCtlPWMClockGet                  
00005427  SysCtlGPIOAHBEnable                
00005443  SysCtlGPIOAHBDisable               
0000545f  SysCtlUSBPLLEnable                 
00005471  SysCtlUSBPLLDisable                
00005481  SysCtlVoltageEventConfig           
00005491  SysCtlVoltageEventStatus           
0000549d  SysCtlVoltageEventClear            
000054b1  SysCtlNMIStatus                    
000054b7  SysCtlNMIClear                     
000054cb  SysCtlClockOutConfig               
000054e7  SysCtlAltClkConfig                 
000055a7  GPIODirModeSet                     
00005603  GPIODirModeGet                     
0000564f  GPIOIntTypeSet                     
000056f3  GPIOIntTypeGet                     
00005789  GPIOPadConfigSet                   
000059c3  GPIOPadConfigGet                   
00005b15  GPIOIntEnable                      
00005b2f  GPIOIntDisable                     
00005b49  GPIOIntStatus                      
00005b6b  GPIOIntClear                       
00005b7f  GPIOIntRegister                    
00005b9d  GPIOIntUnregister                  
00005bb7  GPIOPinRead                        
00005bcf  GPIOPinWrite                       
00005bef  GPIOPinTypeADC                     
00005c13  GPIOPinTypeCAN                     
00005c37  GPIOPinTypeComparator              
00005c5b  GPIOPinTypeEPI                     
00005c7f  GPIOPinTypeEthernetLED             
00005ca3  GPIOPinTypeEthernetMII             
00005cc7  GPIOPinTypeGPIOInput               
00005ceb  GPIOPinTypeGPIOOutput              
00005d0f  GPIOPinTypeGPIOOutputOD            
00005d33  GPIOPinTypeI2C                     
00005d57  GPIOPinTypeI2CSCL                  
00005d7b  GPIOPinTypeLCD                     
00005d9f  GPIOPinTypeLPC                     
00005dc3  GPIOPinTypePECIRx                  
00005de7  GPIOPinTypePECITx                  
00005e0b  GPIOPinTypePWM                     
00005e2f  GPIOPinTypeQEI                     
00005e53  GPIOPinTypeSSI                     
00005e77  GPIOPinTypeTimer                   
00005e9b  GPIOPinTypeUART                    
00005ebf  GPIOPinTypeUSBAnalog               
00005ee3  GPIOPinTypeUSBDigital              
00005f07  GPIOPinTypeWakeHigh                
00005f2d  GPIOPinTypeWakeLow                 
00005f53  GPIOPinTypeKBRow                   
00005f77  GPIOPinTypeKBColumn                
00005f9b  GPIOPinTypeLEDSeq                  
00005fbf  GPIOPinTypeCIR                     
00005fe3  GPIOPinWakeStatus                  
00005ff3  GPIOPinConfigure                   
00006051  GPIODMATriggerEnable               
0000606f  GPIODMATriggerDisable              
0000608d  GPIOADCTriggerEnable               
000060ab  GPIOADCTriggerDisable              
000060d1  __TI_printfi                       
00006b1f  __aeabi_idiv0                      
00006b1f  __aeabi_ldiv0                      
00006b7b  ADCIntRegister                     
00006ba3  ADCIntUnregister                   
00006bc1  ADCIntDisable                      
00006bdd  ADCIntEnable                       
00006c03  ADCIntStatus                       
00006c5b  ADCIntClear                        
00006c71  ADCSequenceEnable                  
00006c8b  ADCSequenceDisable                 
00006ca5  ADCSequenceConfigure               
00006d29  ADCSequenceStepConfigure           
00006e1d  ADCSequenceOverflow                
00006e35  ADCSequenceOverflowClear           
00006e4b  ADCSequenceUnderflow               
00006e63  ADCSequenceUnderflowClear          
00006e79  ADCSequenceDataGet                 
00006ebb  ADCProcessorTrigger                
00006edf  ADCSoftwareOversampleConfigure     
00006f17  ADCSoftwareOversampleStepConfigure 
00006fd7  ADCSoftwareOversampleDataGet       
00007045  ADCHardwareOversampleConfigure     
00007077  ADCComparatorConfigure             
00007093  ADCComparatorRegionSet             
000070b7  ADCComparatorReset                 
000070fd  ADCComparatorIntDisable            
0000711b  ADCComparatorIntEnable             
00007139  ADCComparatorIntStatus             
00007147  ADCComparatorIntClear              
00007159  ADCIntDisableEx                    
00007171  ADCIntEnableEx                     
0000718d  ADCIntStatusEx                     
000071bf  ADCIntClearEx                      
000071d7  ADCReferenceSet                    
000071f3  ADCReferenceGet                    
00007205  ADCPhaseDelaySet                   
00007217  ADCPhaseDelayGet                   
00007225  ADCSequenceDMAEnable               
00007241  ADCSequenceDMADisable              
0000725d  ADCBusy                            
0000727b  ADCClockConfigSet                  
000072a5  ADCClockConfigGet                  
00007343  I2CMasterInitExpClk                
000073b5  I2CSlaveInit                       
000073cf  I2CSlaveAddressSet                 
0000740d  I2CMasterEnable                    
00007423  I2CSlaveEnable                     
00007441  I2CMasterDisable                   
00007457  I2CSlaveDisable                    
00007475  I2CIntRegister                     
00007493  I2CIntUnregister                   
000074ad  I2CMasterIntEnable                 
000074bd  I2CMasterIntEnableEx               
000074d5  I2CSlaveIntEnable                  
000074ed  I2CSlaveIntEnableEx                
00007507  I2CMasterIntDisable                
00007517  I2CMasterIntDisableEx              
0000752f  I2CSlaveIntDisable                 
00007547  I2CSlaveIntDisableEx               
00007561  I2CMasterIntStatus                 
000075a5  I2CMasterIntStatusEx               
000075d1  I2CSlaveIntStatus                  
00007619  I2CSlaveIntStatusEx                
0000763b  I2CMasterIntClear                  
00007659  I2CMasterIntClearEx                
0000766b  I2CSlaveIntClear                   
0000767d  I2CSlaveIntClearEx                 
00007691  I2CMasterSlaveAddrSet              
000076b3  I2CMasterLineStateGet              
000076c1  I2CMasterBusy                      
000076d9  I2CMasterBusBusy                   
000076f1  I2CMasterControl                   
00007703  I2CMasterErr                       
0000772f  I2CMasterDataPut                   
00007745  I2CMasterDataGet                   
00007753  I2CMasterTimeoutSet                
00007765  I2CSlaveACKOverride                
00007797  I2CSlaveACKValueSet                
000077c9  I2CSlaveStatus                     
000077d9  I2CSlaveDataPut                    
000077f1  I2CSlaveDataGet                    
00007801  I2CTxFIFOConfigSet                 
00007829  I2CTxFIFOFlush                     
00007841  I2CRxFIFOConfigSet                 
00007869  I2CRxFIFOFlush                     
00007881  I2CFIFOStatus                      
00007891  I2CFIFODataPut                     
000078b3  I2CFIFODataPutNonBlocking          
000078db  I2CFIFODataGet                     
000078f5  I2CFIFODataGetNonBlocking          
0000791b  I2CMasterBurstLengthSet            
00007931  I2CMasterBurstCountGet             
0000793f  I2CMasterGlitchFilterConfigSet     
00007957  I2CSlaveFIFOEnable                 
0000796f  I2CSlaveFIFODisable                
000079df  UARTParityModeSet                  
000079fb  UARTParityModeGet                  
00007a0d  UARTFIFOLevelSet                   
00007a25  UARTFIFOLevelGet                   
00007a4d  UARTConfigSetExpClk                
00007ac3  UARTConfigGetExpClk                
00007b0f  UARTEnable                         
00007b33  UARTDisable                        
00007b5d  UARTFIFOEnable                     
00007b73  UARTFIFODisable                    
00007b89  UARTEnableSIR                      
00007bb7  UARTDisableSIR                     
00007bcd  UARTSmartCardEnable                
00007bff  UARTSmartCardDisable               
00007c15  UARTModemControlSet                
00007c4d  UARTModemControlClear              
00007c71  UARTModemControlGet                
00007c83  UARTModemStatusGet                 
00007c97  UARTFlowControlSet                 
00007cb3  UARTFlowControlGet                 
00007cc5  UARTTxIntModeSet                   
00007ce1  UARTTxIntModeGet                   
00007cf3  UARTCharsAvail                     
00007d11  UARTSpaceAvail                     
00007d2f  UARTCharGetNonBlocking             
00007d4b  UARTCharGet                        
00007d61  UARTCharPutNonBlocking             
00007d85  UARTCharPut                        
00007da3  UARTBreakCtl                       
00007dcd  UARTBusy                           
00007deb  UARTIntRegister                    
00007e09  UARTIntUnregister                  
00007e29  UARTIntEnable                      
00007e41  UARTIntDisable                     
00007e59  UARTIntStatus                      
00007e77  UARTIntClear                       
00007e89  UARTDMAEnable                      
00007ea1  UARTDMADisable                     
00007eb9  UARTRxErrorGet                     
00007ecb  UARTRxErrorClear                   
00007edb  UARTClockSourceSet                 
00007eef  UARTClockSourceGet                 
00007eff  UART9BitEnable                     
00007f15  UART9BitDisable                    
00007f2b  UART9BitAddrSet                    
00007f51  UART9BitAddrSend                   
00007f99  init_i2c                           
0000801f  add_i2c_msg                        
000080ad  i2c_task                           
000084d5  UARTStdioConfig                    
0000851b  UARTwrite                          
0000856b  UARTgets                           
00008625  UARTgetc                           
0000864d  UARTvprintf                        
00008947  UARTprintf                         
0000897d  init_console                       
0000898d  add_page                           
00008c11  console_task                       
00008d7b  IntMasterEnable                    
00008d8b  IntMasterDisable                   
00008d9b  IntRegister                        
00008ded  IntUnregister                      
00008e01  IntPriorityGroupingSet             
00008e1b  IntPriorityGroupingGet             
00008e53  IntPrioritySet                     
00008ea3  IntPriorityGet                     
00008ec7  IntEnable                          
00008f39  IntDisable                         
00008fab  IntIsEnabled                       
00009031  IntPendSet                         
000090a1  IntPendClear                       
000090ef  IntPriorityMaskSet                 
000090fb  IntPriorityMaskGet                 
00009103  IntTrigger                         
00009139  pxPortInitialiseStack              
000091c5  xPortStartScheduler                
00009259  vPortEndScheduler                  
0000927d  vPortEnterCritical                 
000092bf  vPortExitCritical                  
000092eb  xPortSysTickHandler                
00009311  vPortSetupTimerInterrupt           
0000932d  vPortValidateInterruptPriority     
00009635  create_error                       
00009695  set_error                          
000096a7  init_logger                        
000096d3  logger_drawpage                    
0000970d  logger_drawdata                    
000097bd  logger_drawinput                   
00009865  init_adc                           
00009981  get_adc_config                     
000099c5  get_adc_val                        
000099d9  get_adc_struct                     
000099f9  adc_task                           
00009c49  pvPortMalloc                       
00009d49  vPortFree                          
00009da7  xPortGetFreeHeapSize               
00009dad  vPortInitialiseBlocks              
00009e09  __aeabi_dsub                       
00009e13  __aeabi_dadd                       
00009fc1  init_gpis                          
0000a09d  get_gpi_config                     
0000a0e1  read_gpi                           
0000a0ff  get_gpi_struct                     
0000a145  control_drawpage                   
0000a1fb  control_drawdata                   
0000a27b  control_drawinput                  
0000a40d  USBDeviceIntHandlerInternal        
0000a55d  main                               
0000a6a9  USBDeviceConfig                    
0000a7f1  init_gpos                          
0000a873  get_gpo_config                     
0000a8b7  set_gpo                            
0000a8e3  get_gpo                            
0000aa71  __aeabi_ddiv                       
0000aba9  homepage_drawpage                  
0000abfb  homepage_drawdata                  
0000abfd  homepage_drawinput                 
0000acd9  vListInitialise                    
0000ad09  vListInitialiseItem                
0000ad19  vListInsertEnd                     
0000ad55  vListInsert                        
0000adbb  uxListRemove                       
0000af29  fputs                              
0000b03d  ldexp                              
0000b03d  ldexpl                             
0000b03d  scalbn                             
0000b03d  scalbnl                            
0000b14d  aligned_alloc                      
0000b14d  memalign                           
0000b24d  __aeabi_dmul                       
0000b42d  get_char                           
0000b479  init_console_uart                  
0000b511  free                               
0000b5f5  setvbuf                            
0000b6e1  ulPortGetIPSR                      
0000b6f9  xPortPendSVHandler                 
0000b759  vPortSVCHandler                    
0000b779  vPortStartFirstTask                
0000b79d  vPortEnableVFP                     
0000b7ad  USBDeviceEnumHandler               
0000b885  set_text_mode                      
0000b893  text_color                         
0000b8a1  bold_text_color                    
0000b8af  bgd_color                          
0000b8bd  cursor_pos                         
0000b8cf  save_cursor_pos                    
0000b8d9  restore_cursor_pos                 
0000b8e3  clear_terminal                     
0000b8ed  clear_line                         
0000b8f7  clear_in_line                      
0000b901  clear_below_line                   
0000b959  FPUEnable                          
0000b96b  FPUDisable                         
0000b979  FPUStackingEnable                  
0000b98b  FPULazyStackingEnable              
0000b997  FPUStackingDisable                 
0000b9a3  FPUHalfPrecisionModeSet            
0000b9bd  FPUNaNModeSet                      
0000b9d7  FPUFlushToZeroModeSet              
0000b9f1  FPURoundingModeSet                 
0000bacb  __aeabi_memcpy                     
0000bacb  __aeabi_memcpy4                    
0000bacb  __aeabi_memcpy8                    
0000bacb  memcpy                             
0000bc01  __aeabi_uldivmod                   
0000bd29  USBDeviceConfigAlternate           
0000bdb5  __aeabi_cdcmpeq                    
0000bdb5  __aeabi_cdcmple                    
0000be3b  __aeabi_cdrcmple                   
0000bf3d  fflush                             
0000bfb9  __aeabi_memclr                     
0000bfb9  __aeabi_memclr4                    
0000bfb9  __aeabi_memclr8                    
0000bfbb  __aeabi_memset                     
0000bfbb  __aeabi_memset4                    
0000bfbb  __aeabi_memset8                    
0000bfc1  memset                             
0000c0ad  __TI_closefile                     
0000c2e1  HOSTrename                         
0000c34d  HOSTlseek                          
0000c3b5  __TI_decompress_lzss               
0000c41d  frexp                              
0000c41d  frexpl                             
0000c481  fseek                              
0000c4e5  __TI_wrt_ok                        
0000c549  HOSTopen                           
0000c609  close                              
0000c665  HOSTread                           
0000c6bd  HOSTwrite                          
0000c76b  __TI_ltoa                          
0000c811  USBDCDConfigDescGet                
0000c861  USBDeviceResumeTickHandler         
0000c949  __TI_doflush                       
0000c995  atoi                               
0000c9e1  taskmanager_drawpage               
0000ca19  taskmanager_drawdata               
0000ca1b  taskmanager_drawinput              
0000ca79  USBDeviceEnumResetHandler          
0000cac1  exit                               
0000cb09  __aeabi_d2iz                       
0000cb51  HOSTclose                          
0000cb95  HOSTunlink                         
0000cc1d  __TI_auto_init_nobinit_nopinit     
0000cc61  getdevice                          
0000cca5  __aeabi_uidiv                      
0000cca5  __aeabi_uidivmod                   
0000cce5  sprintf                            
0000cd63  CPUcpsid                           
0000cd6f  CPUprimask                         
0000cd79  CPUcpsie                           
0000cd85  CPUwfi                             
0000cd89  CPUbasepriSet                      
0000cd97  CPUbasepriGet                      
0000cda1  InternalUSBStartOfFrameTick        
0000cdd9  USBDCDConfigGetInterfaceEndpoint   
0000ce11  __TI_writemsg                      
0000ce3f  C$$IO$$                            
0000ce49  strncpy                            
0000ceb5  __TI_cleanup                       
0000cee9  __TI_readmsg                       
0000cf1d  _c_int00_noargs                    
0000cf81  finddevice                         
0000cfb1  __aeabi_i2d                        
0000cfdf  USBDCDConfigDescGetNum             
0000d00b  USBDescGet                         
0000d039  remove                             
0000d039  unlink                             
0000d065  USBDescGetNum                      
0000d08f  vApplicationMallocFailedHook       
0000d09f  vApplicationIdleHook               
0000d0a1  vApplicationStackOverflowHook      
0000d109  lseek                              
0000d131  write                              
0000d179  memchr                             
0000d199  USBDCDConfigGetInterface           
0000d1b5  USBDCDStallEP0                     
0000d1d1  _abort_msg                         
0000d209  memccpy                            
0000d225  USBDCDConfigDescGetSize            
0000d23f  copysign                           
0000d23f  copysignl                          
0000d259  USB0DeviceIntHandler               
0000d2b9  strcmp                             
0000d2d1  strchr                             
0000d2e7  strcpy                             
0000d2fb  strlen                             
0000d30f  wcslen                             
0000d321  __TI_decompress_none               
0000d32f  __TI_zero_init                     
0000d33b  ResetISR                           
0000d351  __aeabi_errno_addr                 
0000d359  malloc                             
0000d361  SysCtlDelay                        
0000d367  _system_pre_init                   
0000d36b  C$$EXIT                            
0000d36b  abort                              
0000d490  _ctypes_                           
0000db04  gpo_info                           
0000db0c  ulMaxSyscallInterruptPriority      
0000dc20  __TI_Handler_Table_Base            
0000dc2c  __TI_Handler_Table_Limit           
0000dc40  __TI_CINIT_Base                    
0000dc58  __TI_CINIT_Limit                   
20000000  __start___llvm_prf_cnts            
20000000  __stop___llvm_prf_cnts             
20000000  g_pfnRAMVectors                    
2000026c  ucHeap                             
200067fc  __CIOBUF_                          
20006a0c  __TI_tmpnams                       
20006b10  g_psDCDInst                        
20006ba0  xQueueRegistry                     
20006c00  g_pfnTickHandlers                  
20006c18  g_pvTickInstance                   
20006cb4  adc_info                           
20006cbc  gpis_info                          
20006cc4  parmbuf                            
20006cd4  addr_ack_err                       
20006cd8  arb_lost_err                       
20006cdc  blue_debug                         
20006ce0  clk_tout_err                       
20006ce4  data_ack_err                       
20006ce8  g_ppsDevInfo                       
20006cec  green_debug                        
20006cf0  red_debug                          
20006cf4  _ftable                            
20006e70  _device                            
20006ee8  _stream                            
20006f38  pxCurrentTCB                       
20007058  __TI_ft_end                        
2000705c  __aeabi_stdin                      
20007060  __aeabi_stdout                     
20007064  __aeabi_stderr                     
20007068  __TI_cleanup_ptr                   
2000706c  __TI_dtors_ptr                     
20007070  __TI_enable_exit_profile_output    
2000708c  g_bUSBTimerInitialized             
20007090  g_ui32CurrentUSBTick               
20007094  g_ui32USBSOFCount                  
20007098  _lock                              
2000709c  _unlock                            
200070a8  adc_pin_struct                     
200070b0  gpi_info                           
200070c8  i2c_msg_queue                      
200070d8  adc_semphr                         
200070e0  errno                              
200070e8  __stack                            
200072e8  __STACK_END                        
200072e8  __STACK_TOP                        
200072e8  _sys_memory                        
ffffffff  __TI_pprof_out_hndl                
ffffffff  __TI_prof_data_size                
ffffffff  __TI_prof_data_start               
ffffffff  __binit__                          
ffffffff  __c_args__                         
ffffffff  binit                              
UNDEFED   __mpu_init                         
UNDEFED   _system_post_cinit                 

[693 symbols]
