******************************************************************************
                  TI ARM Linker PC v20.2.2                     
******************************************************************************
>> Linked Thu Apr 22 14:25:21 2021

OUTPUT FILE NAME:   <drum_pad.out>
ENTRY POINT SYMBOL: "_c_int00_noargs"  address: 00014941


MEMORY CONFIGURATION

         name            origin    length      used     unused   attr    fill
----------------------  --------  ---------  --------  --------  ----  --------
  FLASH                 00000000   00040000  00015bd3  0002a42d  R  X
  SRAM                  20000000   00008000  00005f7c  00002084  RW X


SEGMENT ALLOCATION MAP

run origin  load origin   length   init length attrs members
----------  ----------- ---------- ----------- ----- -------
00000000    00000000    00015bd8   00015bd8    r-x
  00000000    00000000    0000026c   0000026c    r-- .intvecs
  0000026c    0000026c    00014aee   00014aee    r-x .text
  00014d5c    00014d5c    00000af1   00000af1    r-- .const
  00015850    00015850    00000388   00000388    r-- .cinit
20000000    20000000    00005f80   00000000    rw-
  20000000    20000000    0000026c   00000000    rw- .vtable
  2000026c    2000026c    00004d9c   00000000    rw- .bss
  20005008    20005008    00000b64   00000000    rw- .data
  20005b70    20005b70    00000400   00000000    rw- .stack
  20005f70    20005f70    00000010   00000000    rw- .sysmem


SECTION ALLOCATION MAP

 output                                  attributes/
section   page    origin      length       input sections
--------  ----  ----------  ----------   ----------------
.intvecs   0    00000000    0000026c     
                  00000000    0000026c     tm4c123gh6pm_startup_ccs.obj (.intvecs)

.text      0    0000026c    00014aee     
                  0000026c    00001ddc     tasks.obj (.text)
                  00002048    000015ba     usb.obj (.text)
                  00003602    00000002     rtsv7M4_T_le_v4SPD16_eabi.lib : _lock.c.obj (.text:_nop)
                  00003604    000011f4     usbdenum.obj (.text)
                  000047f8    00000fa8     queue.obj (.text)
                  000057a0    00000ef4     sysctl.obj (.text)
                  00006694    00000e64     usbdma.obj (.text)
                  000074f8    00000d10     usbdhid.obj (.text)
                  00008208    00000b88     gpio.obj (.text)
                  00008d90    00000a4e     rtsv7M4_T_le_v4SPD16_eabi.lib : _printfi.c.obj (.text:__TI_printfi)
                  000097de    00000002                                   : div0.asm.obj (.text)
                  000097e0    00000850     drum_pad_functions.obj (.text)
                  0000a030    000007c2     adc.obj (.text)
                  0000a7f2    00000002     --HOLE-- [fill = 0]
                  0000a7f4    0000069c     i2c.obj (.text)
                  0000ae90    00000642     timer.obj (.text)
                  0000b4d2    00000002     --HOLE-- [fill = 0]
                  0000b4d4    00000618     uart.obj (.text)
                  0000baec    00000564     I2C_task.obj (.text)
                  0000c050    000004e0     udma.obj (.text)
                  0000c530    000004a8     uartstdio.obj (.text)
                  0000c9d8    0000049c     usbmode.obj (.text)
                  0000ce74    00000494     console_task.obj (.text)
                  0000d308    00000458     ads1x15_task.obj (.text)
                  0000d760    00000444     ADC_task.obj (.text)
                  0000dba4    000003f4     usblib.lib : usbhostenum.obj (.text:USBHostIntHandlerInternal)
                  0000df98    000003c0     interrupt.obj (.text)
                  0000e358    00000388     usbdconfig.obj (.text)
                  0000e6e0    00000384     joystick_functions.obj (.text)
                  0000ea64    00000346     ssi.obj (.text)
                  0000edaa    000002de     usbdcdesc.obj (.text)
                  0000f088    000002dc     usbdhidgamepad.obj (.text)
                  0000f364    000002c8     looper_buttons_task.obj (.text)
                  0000f62c    000002b4     rotary_enc_task.obj (.text)
                  0000f8e0    0000028c     port.obj (.text)
                  0000fb6c    00000270     rtsv7M4_T_le_v4SPD16_eabi.lib : _printfi.c.obj (.text:_pconv_a)
                  0000fddc    0000026c     midi_ctrl_board.obj (.text)
                  00010048    00000228     logger.obj (.text)
                  00010270    00000210     looper_board.obj (.text)
                  00010480    000001ec     usb_hid_task.obj (.text)
                  0001066c    000001d2     usbdesc.obj (.text)
                  0001083e    00000002     --HOLE-- [fill = 0]
                  00010840    000001d0     rtsv7M4_T_le_v4SPD16_eabi.lib : _printfi.c.obj (.text:_pconv_g)
                  00010a10    000001cc     midi_knobs_functions.obj (.text)
                  00010bdc    000001c8     looper_effects.obj (.text)
                  00010da4    000001c0     heap_2.obj (.text)
                  00010f64    000001b6     rtsv7M4_T_le_v4SPD16_eabi.lib : fd_add_t2.asm.obj (.text)
                  0001111a    00000002     --HOLE-- [fill = 0]
                  0001111c    000001ac     GPIs.obj (.text)
                  000112c8    00000190     usblib.lib : usbhostenum.obj (.text:ProcessUSBDeviceStateMachine)
                  00011458    00000178     control_page.obj (.text)
                  000115d0    00000174     usblib.lib : usbhostenum.obj (.text:USBHCDInitInternal)
                  00011744    00000174                : usbhhub.obj (.text:USBHHubMain)
                  000118b8    00000170     GPOs.obj (.text)
                  00011a28    0000013c     rtsv7M4_T_le_v4SPD16_eabi.lib : _printfi.c.obj (.text:_pconv_e)
                  00011b64    0000013c     looper_volume_functions.obj (.text)
                  00011ca0    00000136     rtsv7M4_T_le_v4SPD16_eabi.lib : fd_div_t2.asm.obj (.text)
                  00011dd6    0000012a     list.obj (.text)
                  00011f00    00000124     rtsv7M4_T_le_v4SPD16_eabi.lib : _printfi.c.obj (.text:fcvt)
                  00012024    00000124     homepage.obj (.text)
                  00012148    00000120     host_uart_task.obj (.text)
                  00012268    0000011c     midi_buttons_task.obj (.text)
                  00012384    00000114     rtsv7M4_T_le_v4SPD16_eabi.lib : fputs.c.obj (.text:fputs)
                  00012498    00000110                                   : s_scalbn.c.obj (.text:scalbn)
                  000125a8    00000100     usblib.lib : usbhostenum.obj (.text:USBHCDEnumHandler)
                  000126a8    00000100     rtsv7M4_T_le_v4SPD16_eabi.lib : memory.c.obj (.text:aligned_alloc)
                  000127a8    000000fc     console_uart.obj (.text)
                  000128a4    000000fc     rtsv7M4_T_le_v4SPD16_eabi.lib : fd_mul_t2.asm.obj (.text)
                  000129a0    000000f0     usblib.lib : usbhostenum.obj (.text:USBHCDControlTransfer)
                  00012a90    000000f0                : usbhostenum.obj (.text:USBHCDInit)
                  00012b80    000000ec     usbtick.obj (.text)
                  00012c6c    000000e4     rtsv7M4_T_le_v4SPD16_eabi.lib : memory.c.obj (.text:free)
                  00012d50    000000e0     usblib.lib : usbhostenum.obj (.text:USBHCDMain)
                  00012e30    000000dc     rtsv7M4_T_le_v4SPD16_eabi.lib : setvbuf.c.obj (.text:setvbuf)
                  00012f0c    000000da     portasm.obj (.text)
                  00012fe6    00000002     --HOLE-- [fill = 0]
                  00012fe8    000000d2     text_controls.obj (.text)
                  000130ba    000000c8     usbulpi.obj (.text)
                  00013182    00000002     --HOLE-- [fill = 0]
                  00013184    000000c0     fpu.obj (.text)
                  00013244    000000b1     rtsv7M4_T_le_v4SPD16_eabi.lib : _printfi.c.obj (.text:_ltostr)
                  000132f5    00000003     --HOLE-- [fill = 0]
                  000132f8    0000009c     usblib.lib : usbhostenum.obj (.text:USBHCDDeviceDisconnected)
                  00013394    0000009c                : usbhostenum.obj (.text:USBHCDFeatureSet)
                  00013430    0000009c     rtsv7M4_T_le_v4SPD16_eabi.lib : memcpy_t2.asm.obj (.text)
                  000134cc    00000096                                   : ull_div_t2.asm.obj (.text)
                  00013562    00000002     --HOLE-- [fill = 0]
                  00013564    00000094     midi_uart_functions.obj (.text)
                  000135f8    00000090     usblib.lib : usbhostenum.obj (.text:USBHCDOpenDriver)
                  00013688    00000086     rtsv7M4_T_le_v4SPD16_eabi.lib : fd_cmp_t2.asm.obj (.text:__aeabi_cdcmple)
                  0001370e    00000086                                   : fd_cmp_t2.asm.obj (.text:__aeabi_cdrcmple)
                  00013794    0000007c     board_select.obj (.text)
                  00013810    0000007c     rtsv7M4_T_le_v4SPD16_eabi.lib : fflush.c.obj (.text:fflush)
                  0001388c    0000007a                                   : memset_t2.asm.obj (.text)
                  00013906    00000074     usblib.lib : usbhostenum.obj (.text:USBHCDGetConfigDescriptor)
                  0001397a    00000002     --HOLE-- [fill = 0]
                  0001397c    00000074     rtsv7M4_T_le_v4SPD16_eabi.lib : fclose.c.obj (.text:__TI_closefile)
                  000139f0    00000074     main.obj (.text)
                  00013a64    00000070     rtsv7M4_T_le_v4SPD16_eabi.lib : memory.c.obj (.text:split)
                  00013ad4    0000006e                                   : _printfi.c.obj (.text:_mcpy)
                  00013b42    00000002     --HOLE-- [fill = 0]
                  00013b44    0000006c                                   : hostrename.c.obj (.text:HOSTrename)
                  00013bb0    00000068                                   : hostlseek.c.obj (.text:HOSTlseek)
                  00013c18    00000068                                   : copy_decompress_lzss.c.obj (.text:decompress:lzss:__TI_decompress_lzss)
                  00013c80    00000064     usblib.lib : usbhostenum.obj (.text:USBHostCheckPipes)
                  00013ce4    00000064     rtsv7M4_T_le_v4SPD16_eabi.lib : s_frexp.c.obj (.text:frexp)
                  00013d48    00000064                                   : fseek.c.obj (.text:fseek)
                  00013dac    00000062                                   : _io_perm.c.obj (.text:__TI_wrt_ok)
                  00013e0e    00000002     --HOLE-- [fill = 0]
                  00013e10    00000060                                   : hostopen.c.obj (.text:HOSTopen)
                  00013e70    0000005c     usblib.lib : usbhostenum.obj (.text:ConfigDescAlloc)
                  00013ecc    0000005c                : usbhostenum.obj (.text:USBHCDGetDeviceDescriptor)
                  00013f28    0000005c     rtsv7M4_T_le_v4SPD16_eabi.lib : close.c.obj (.text:close)
                  00013f84    00000058                                   : hostread.c.obj (.text:HOSTread)
                  00013fdc    00000058                                   : hostwrite.c.obj (.text:HOSTwrite)
                  00014034    00000058     usblib.lib : usbhostenum.obj (.text:USBHCDEP0StateTx)
                  0001408c    00000058                : usbhostenum.obj (.text:USBHCDHubDeviceConnected)
                  000140e4    00000056     rtsv7M4_T_le_v4SPD16_eabi.lib : _printfi.c.obj (.text:_pconv_f)
                  0001413a    00000054                                   : _ltoa.c.obj (.text:__TI_ltoa)
                  0001418e    00000052                                   : _printfi.c.obj (.text:_ecpy)
                  000141e0    00000050     usblib.lib : usbhhub.obj (.text:HubGetPortStatus)
                  00014230    0000004c                : usbhhub.obj (.text:HubDriverDeviceDisconnect)
                  0001427c    0000004c                : usbhostenum.obj (.text:USBHCDPowerConfigSet)
                  000142c8    0000004c     rtsv7M4_T_le_v4SPD16_eabi.lib : fflush.c.obj (.text:__TI_doflush)
                  00014314    0000004c                                   : atoi.c.obj (.text:atoi)
                  00014360    0000004c     task_manager_page.obj (.text)
                  000143ac    00000048     usblib.lib : usbhostenum.obj (.text:USBHCDSetAddress)
                  000143f4    00000048                : usbhhub.obj (.text:USBHHubInit)
                  0001443c    00000048     rtsv7M4_T_le_v4SPD16_eabi.lib : exit.c.obj (.text:exit)
                  00014484    00000048                                   : fd_toi_t2.asm.obj (.text)
                  000144cc    00000044                                   : hostclose.c.obj (.text:HOSTclose)
                  00014510    00000044                                   : hostunlink.c.obj (.text:HOSTunlink)
                  00014554    00000044                                   : autoinit.c.obj (.text:__TI_auto_init_nobinit_nopinit:__TI_auto_init_nobinit_nopinit)
                  00014598    00000044                                   : getdevice.c.obj (.text:getdevice)
                  000145dc    00000044                                   : fd_tou_t2.asm.obj (.text)
                  00014620    00000040                                   : u_divt2.asm.obj (.text)
                  00014660    00000040                                   : sprintf.c.obj (.text:sprintf)
                  000146a0    0000003e                                   : _printfi.c.obj (.text:_fcpy)
                  000146de    0000003e     cpu.obj (.text)
                  0001471c    0000003c     usblib.lib : usbhhub.obj (.text:HubDriverReset)
                  00014758    00000038                : usbhostenum.obj (.text:USBHCDReset)
                  00014790    00000038     rtsv7M4_T_le_v4SPD16_eabi.lib : trgmsg.c.obj (.text:__TI_writemsg)
                  000147c8    00000038                                   : fs_tod_t2.asm.obj (.text)
                  00014800    00000036     usblib.lib : usbhhub.obj (.text:HubClearPortFeature)
                  00014836    00000036                : usbhhub.obj (.text:HubSetPortFeature)
                  0001486c    00000036     rtsv7M4_T_le_v4SPD16_eabi.lib : strncpy.c.obj (.text:strncpy)
                  000148a2    00000034     usblib.lib : usbhostenum.obj (.text:USBHCDSetConfig)
                  000148d6    00000002     --HOLE-- [fill = 0]
                  000148d8    00000034     rtsv7M4_T_le_v4SPD16_eabi.lib : fopen.c.obj (.text:__TI_cleanup)
                  0001490c    00000034                                   : trgmsg.c.obj (.text:__TI_readmsg)
                  00014940    00000034                                   : boot_cortex_m.c.obj (.text:_c_int00_noargs:_c_int00_noargs)
                  00014974    00000030                                   : getdevice.c.obj (.text:finddevice)
                  000149a4    0000002e                                   : i_tofd_t2.asm.obj (.text)
                  000149d2    00000002     --HOLE-- [fill = 0]
                  000149d4    0000002c     usblib.lib : usbhostenum.obj (.text:ConfigDescFree)
                  00014a00    0000002c                : usbhostenum.obj (.text:InternalUSBHCDSendEvent)
                  00014a2c    0000002c     rtsv7M4_T_le_v4SPD16_eabi.lib : unlink.c.obj (.text:unlink)
                  00014a58    0000002a     hooks.obj (.text)
                  00014a82    00000002     --HOLE-- [fill = 0]
                  00014a84    00000028     rtsv7M4_T_le_v4SPD16_eabi.lib : memory.c.obj (.text:free_list_insert)
                  00014aac    00000028                                   : lseek.c.obj (.text:lseek)
                  00014ad4    00000028                                   : write.c.obj (.text:write)
                  00014afc    00000020     usblib.lib : usbhhub.obj (.text:HubDriverDeviceConnect)
                  00014b1c    00000020                : usbhhub.obj (.text:HubDriverDeviceReset)
                  00014b3c    00000020     rtsv7M4_T_le_v4SPD16_eabi.lib : memchr.c.obj (.text:memchr)
                  00014b5c    00000020                                   : u_tofd_t2.asm.obj (.text)
                  00014b7c    0000001c                                   : assert.c.obj (.text:_abort_msg)
                  00014b98    0000001c                                   : memory.c.obj (.text:free_list_remove)
                  00014bb4    0000001c                                   : memccpy.c.obj (.text:memccpy)
                  00014bd0    0000001a                                   : s_copysign.c.obj (.text:copysign)
                  00014bea    00000002     --HOLE-- [fill = 0]
                  00014bec    00000018     usblib.lib : usbhhub.obj (.text:USBHHubEnumerationComplete)
                  00014c04    00000018                : usbhhub.obj (.text:USBHHubEnumerationError)
                  00014c1c    00000018     rtsv7M4_T_le_v4SPD16_eabi.lib : sprintf.c.obj (.text:_outs)
                  00014c34    00000018                                   : strcmp.c.obj (.text:strcmp)
                  00014c4c    00000018     usbdhandler.obj (.text)
                  00014c64    00000016     rtsv7M4_T_le_v4SPD16_eabi.lib : strchr.c.obj (.text:strchr)
                  00014c7a    00000002     --HOLE-- [fill = 0]
                  00014c7c    00000014     usblib.lib : usbhostenum.obj (.text:USBHCDPowerAutomatic)
                  00014c90    00000014                : usbhhub.obj (.text:USBHubPortSpeedSet)
                  00014ca4    00000014     rtsv7M4_T_le_v4SPD16_eabi.lib : strcpy.c.obj (.text:strcpy)
                  00014cb8    00000014                                   : strlen.c.obj (.text:strlen)
                  00014ccc    00000012     usblib.lib : usbhostenum.obj (.text:SendUnknownConnect)
                  00014cde    00000012     rtsv7M4_T_le_v4SPD16_eabi.lib : wcslen.c.obj (.text:wcslen)
                  00014cf0    0000000e                                   : copy_decompress_none.c.obj (.text:decompress:none:__TI_decompress_none)
                  00014cfe    00000002     --HOLE-- [fill = 0]
                  00014d00    0000000c     usblib.lib : usbhostenum.obj (.text:USBHCDHubDeviceDisconnected)
                  00014d0c    0000000c                : usbhostenum.obj (.text:USBHCDPowerConfigGet)
                  00014d18    0000000c     rtsv7M4_T_le_v4SPD16_eabi.lib : copy_zero_init.c.obj (.text:decompress:ZI:__TI_zero_init)
                  00014d24    0000000c     tm4c123gh6pm_startup_ccs.obj (.text)
                  00014d30    0000000a     rtsv7M4_T_le_v4SPD16_eabi.lib : sprintf.c.obj (.text:_outc)
                  00014d3a    00000002     --HOLE-- [fill = 0]
                  00014d3c    00000008                                   : errno.c.obj (.text:__aeabi_errno_addr)
                  00014d44    00000008                                   : memory.c.obj (.text:malloc)
                  00014d4c    00000006     sysctl.obj (.text:SysCtlDelay)
                  00014d52    00000004     rtsv7M4_T_le_v4SPD16_eabi.lib : pre_init.c.obj (.text:_system_pre_init)
                  00014d56    00000004                                   : exit.c.obj (.text:abort:abort)

.const     0    00014d5c    00000af1     
                  00014d5c    00000120     sysctl.obj (.const:g_pppui32XTALtoVCO)
                  00014e7c    00000101     rtsv7M4_T_le_v4SPD16_eabi.lib : ctype.c.obj (.const:.string:_ctypes_)
                  00014f7d    00000003     ads1x15_task.obj (.const:.string:ADC0_SEL)
                  00014f80    000000c0     gpio.obj (.const:g_ppui32GPIOIntMapBlizzard)
                  00015040    000000c0     gpio.obj (.const:g_ppui32GPIOIntMapSnowflake)
                  00015100    0000009c     interrupt.obj (.const:g_pui32Regs)
                  0001519c    00000090     gpio.obj (.const:g_pui32GPIOBaseAddrs)
                  0001522c    00000080     GPIs.obj (.const:.string)
                  000152ac    0000006c     sysctl.obj (.const:g_pui32Xtals)
                  00015318    00000062     GPOs.obj (.const:.string)
                  0001537a    00000001     ads1x15_task.obj (.const)
                  0001537b    00000001     --HOLE-- [fill = 0]
                  0001537c    00000060     ADC_task.obj (.const:.string)
                  000153dc    00000060     timer.obj (.const:g_ppui32TimerIntMap)
                  0001543c    00000050     i2c.obj (.const:g_ppui32I2CIntMapSnowflake)
                  0001548c    00000040     timer.obj (.const:g_ppui32TimerIntMapSnowflake)
                  000154cc    00000040     uart.obj (.const:g_ppui32UARTIntMap)
                  0001550c    00000040     uart.obj (.const:g_ppui32UARTIntMapSnowflake)
                  0001554c    00000034     usb_structs.obj (.const:.string:g_pui8ConfigString)
                  00015580    00000034     usbdenum.obj (.const:g_psUSBDStdRequests)
                  000155b4    00000030     i2c.obj (.const:g_ppui32I2CIntMap)
                  000155e4    00000030     usbdhid.obj (.const:g_sHIDHandlers)
                  00015614    00000030     sysctl.obj (.const:g_sXTALtoMEMTIM)
                  00015644    0000002c     usb_structs.obj (.const:.string:g_pui8HIDInterfaceString)
                  00015670    00000028     drum_pad_functions.obj (.const)
                  00015698    00000022     usb_structs.obj (.const:.string:g_pui8ProductString)
                  000156ba    00000020     usbdhidgamepad.obj (.const:.string:g_pui8GameReportDescriptor)
                  000156da    00000002     --HOLE-- [fill = 0]
                  000156dc    00000020     ssi.obj (.const:g_ppui32SSIIntMap)
                  000156fc    00000020     ssi.obj (.const:g_ppui32SSIIntMapSnowflake)
                  0001571c    00000020     interrupt.obj (.const:g_pui32Priority)
                  0001573c    00000018     usb_structs.obj (.const:g_ppui8StringDescriptors)
                  00015754    00000014     usb_structs.obj (.const:.string:g_pui8ManufacturerString)
                  00015768    00000014     interrupt.obj (.const:g_pui32Dii16Regs)
                  0001577c    00000014     interrupt.obj (.const:g_pui32EnRegs)
                  00015790    00000014     interrupt.obj (.const:g_pui32PendRegs)
                  000157a4    00000014     interrupt.obj (.const:g_pui32UnpendRegs)
                  000157b8    00000012     usb_structs.obj (.const:.string:g_pui8SerialNumberString)
                  000157ca    00000002     --HOLE-- [fill = 0]
                  000157cc    00000012     uartstdio.obj (.const:.string)
                  000157de    00000002     --HOLE-- [fill = 0]
                  000157e0    0000000c     uartstdio.obj (.const:g_ui32UARTBase)
                  000157ec    0000000c     uartstdio.obj (.const:g_ui32UARTPeriph)
                  000157f8    00000008     sysctl.obj (.const:g_pui32VCOFrequencies)
                  00015800    00000008     usbdhidgamepad.obj (.const:g_sHIDConfigSection)
                  00015808    00000008     usbdhidgamepad.obj (.const:g_sHIDInEndpointSection)
                  00015810    00000008     usbdhidgamepad.obj (.const:g_sHIDInterfaceSection)
                  00015818    00000008     GPOs.obj (.const:looper_gpo_info)
                  00015820    00000008     GPOs.obj (.const:midi_gpo_info)
                  00015828    00000008     port.obj (.const)
                  00015830    00000007     usbdhidgamepad.obj (.const:.string:g_pui8HIDInEndpoint)
                  00015837    00000004     usb_structs.obj (.const:.string:g_pui8LangDescriptor)
                  0001583b    00000001     --HOLE-- [fill = 0]
                  0001583c    00000004     usbdhidgamepad.obj (.const:g_ppsHIDConfigDescriptors)
                  00015840    00000004     uartstdio.obj (.const)
                  00015844    00000003     ads1x15_task.obj (.const:.string:ADC1_SEL)
                  00015847    00000003     ads1x15_task.obj (.const:.string:ADC2_SEL)
                  0001584a    00000003     ads1x15_task.obj (.const:.string:ADC3_SEL)

.cinit     0    00015850    00000388     
                  00015850    00000350     (.cinit..data.load) [load image, compression = lzss]
                  00015ba0    0000000c     (__TI_handler_table)
                  00015bac    00000004     --HOLE-- [fill = 0]
                  00015bb0    00000008     (.cinit..bss.load) [load image, compression = zero_init]
                  00015bb8    00000008     (.cinit..vtable.load) [load image, compression = zero_init]
                  00015bc0    00000018     (__TI_cinit_table)

.init_array 
*          0    00000000    00000000     UNINITIALIZED

.vtable    0    20000000    0000026c     UNINITIALIZED
                  20000000    0000026c     interrupt.obj (.vtable)

.bss       0    2000026c    00004d9c     UNINITIALIZED
                  2000026c    00003c00     (.common:ucHeap)
                  20003e6c    000006cc     usblib.lib : usbhostenum.obj (.bss:g_sUSBHCD)
                  20004538    00000190     task_manager_page.obj (.bss:write_buffer)
                  200046c8    00000120     rtsv7M4_T_le_v4SPD16_eabi.lib : trgmsg.c.obj (.bss:_CIOBUF_)
                  200047e8    00000110     usbdma.obj (.bss:g_psUSBDMAInst)
                  200048f8    000000f0     logger.obj (.bss:errors)
                  200049e8    000000f0     (.common:pad_states)
                  20004ad8    000000a0     (.common:__TI_tmpnams)
                  20004b78    0000009c     usblib.lib : usbhhub.obj (.bss:g_sRootHub)
                  20004c14    00000064     tasks.obj (.bss:pxReadyTasksLists)
                  20004c78    00000060     looper_buttons_task.obj (.bss:looper_pins)
                  20004cd8    00000050     (.common:g_psDCDInst)
                  20004d28    00000040     usbdenum.obj (.bss:g_pui8DataBufferIn)
                  20004d68    00000040     (.common:xQueueRegistry)
                  20004da8    00000030     looper_effects.obj (.bss:effects)
                  20004dd8    00000020     ADC_task.obj (.bss:adc00_step_values)
                  20004df8    00000020     looper_volume_functions.obj (.bss:last_value)
                  20004e18    00000018     usblib.lib : usbhostenum.obj (.bss:g_pi32USBHActiveDriver)
                  20004e30    00000018                : usbhostenum.obj (.bss:g_ppvDriverInstance)
                  20004e48    00000018     (.common:g_pfnTickHandlers)
                  20004e60    00000018     (.common:g_pvTickInstance)
                  20004e78    00000014     I2C_task.obj (.bss)
                  20004e8c    00000014     drum_pad_functions.obj (.bss:float_string)
                  20004ea0    00000014     tasks.obj (.bss:xDelayedTaskList1)
                  20004eb4    00000014     tasks.obj (.bss:xDelayedTaskList2)
                  20004ec8    00000014     tasks.obj (.bss:xPendingReadyList)
                  20004edc    00000014     tasks.obj (.bss:xSuspendedTaskList)
                  20004ef0    00000014     tasks.obj (.bss:xTasksWaitingTermination)
                  20004f04    00000010     ADC_task.obj (.bss:adc11_step_values)
                  20004f14    00000010     rotary_enc_task.obj (.bss)
                  20004f24    00000010     (.common:button_states)
                  20004f34    00000010     (.common:midi_knobs)
                  20004f44    0000000d     usb_hid_task.obj (.bss)
                  20004f51    00000003     usb_hid_task.obj (.bss:sReport)
                  20004f54    00000008     ADC_task.obj (.bss)
                  20004f5c    00000008     ads1x15_task.obj (.bss:adc0_data)
                  20004f64    00000008     ads1x15_task.obj (.bss:adc1_data)
                  20004f6c    00000008     usblib.lib : usbhostenum.obj (.bss:g_pui32Alloc)
                  20004f74    00000008     GPIs.obj (.bss:gpi_info)
                  20004f7c    00000008     midi_buttons_task.obj (.bss)
                  20004f84    00000008     tasks.obj (.bss)
                  20004f8c    00000008     usblib.lib : usbhhub.obj (.bss)
                  20004f94    00000008     heap_2.obj (.bss:xEnd)
                  20004f9c    00000008     heap_2.obj (.bss:xStart)
                  20004fa4    00000008     (.common:adc_info)
                  20004fac    00000008     (.common:gpis_info)
                  20004fb4    00000008     (.common:gpo_info)
                  20004fbc    00000008     (.common:parmbuf)
                  20004fc4    00000006     joystick_functions.obj (.bss:js_uart_msg)
                  20004fca    00000002     ads1x15_task.obj (.bss:joy_x_data)
                  20004fcc    00000004     console_uart.obj (.bss)
                  20004fd0    00000004     drum_pad_functions.obj (.bss)
                  20004fd4    00000004     adc.obj (.bss:g_pui8OversampleFactor)
                  20004fd8    00000004     host_uart_task.obj (.bss)
                  20004fdc    00000004     midi_uart_functions.obj (.bss:msg_bytes)
                  20004fe0    00000004     usbdenum.obj (.bss)
                  20004fe4    00000004     usblib.lib : usbhostenum.obj (.bss)
                  20004fe8    00000004     usbmode.obj (.bss)
                  20004fec    00000004     (.common:blue_debug)
                  20004ff0    00000004     (.common:g_ppsDevInfo)
                  20004ff4    00000004     (.common:g_ui32PollRate)
                  20004ff8    00000004     (.common:green_debug)
                  20004ffc    00000004     (.common:red_debug)
                  20005000    00000002     ads1x15_task.obj (.bss:joy_y_data)
                  20005002    00000002     ads1x15_task.obj (.bss:sense_data)
                  20005004    00000002     ads1x15_task.obj (.bss:volume_data)
                  20005006    00000001     board_select.obj (.bss)
                  20005007    00000001     (.common:g_eOTGModeState)

.data      0    20005008    00000b64     UNINITIALIZED
                  20005008    00000108     console_task.obj (.data:console_pages)
                  20005110    000000f0     rtsv7M4_T_le_v4SPD16_eabi.lib : defs.c.obj (.data:_ftable)
                  20005200    00000098     usb_structs.obj (.data:g_sGamepadDevice)
                  20005298    00000078     rtsv7M4_T_le_v4SPD16_eabi.lib : host_device.c.obj (.data:_device)
                  20005310    00000050                                   : host_device.c.obj (.data:_stream)
                  20005360    00000034     tasks.obj (.data)
                  20005394    00000030     ADC_task.obj (.data:adc_pins)
                  200053c4    0000002c     GPOs.obj (.data:looper_gpos)
                  200053f0    00000024     ADC_task.obj (.data:pad0)
                  20005414    00000024     ADC_task.obj (.data:pad10)
                  20005438    00000024     ADC_task.obj (.data:pad11)
                  2000545c    00000024     ADC_task.obj (.data:pad1)
                  20005480    00000024     ADC_task.obj (.data:pad2)
                  200054a4    00000024     ADC_task.obj (.data:pad3)
                  200054c8    00000024     ADC_task.obj (.data:pad4)
                  200054ec    00000024     ADC_task.obj (.data:pad5)
                  20005510    00000024     ADC_task.obj (.data:pad6)
                  20005534    00000024     ADC_task.obj (.data:pad7)
                  20005558    00000024     ADC_task.obj (.data:pad8)
                  2000557c    00000024     ADC_task.obj (.data:pad9)
                  200055a0    00000020     ads1x15_task.obj (.data:adc00_read)
                  200055c0    00000020     ads1x15_task.obj (.data:adc01_read)
                  200055e0    00000020     ads1x15_task.obj (.data:adc02_read)
                  20005600    00000020     ads1x15_task.obj (.data:adc03_read)
                  20005620    00000020     ads1x15_task.obj (.data:adc10_read)
                  20005640    00000020     ads1x15_task.obj (.data:adc11_read)
                  20005660    00000020     ads1x15_task.obj (.data:adc12_read)
                  20005680    00000020     ads1x15_task.obj (.data:adc13_read)
                  200056a0    00000020     ads1x15_task.obj (.data:ads1015_adc00_sel)
                  200056c0    00000020     ads1x15_task.obj (.data:ads1015_adc01_sel)
                  200056e0    00000020     ads1x15_task.obj (.data:ads1015_adc02_sel)
                  20005700    00000020     ads1x15_task.obj (.data:ads1015_adc03_sel)
                  20005720    00000020     ads1x15_task.obj (.data:ads1015_adc10_sel)
                  20005740    00000020     ads1x15_task.obj (.data:ads1015_adc11_sel)
                  20005760    00000020     ads1x15_task.obj (.data:ads1015_adc12_sel)
                  20005780    00000020     ads1x15_task.obj (.data:ads1015_adc13_sel)
                  200057a0    00000020     GPIs.obj (.data:looper_gpi_pins)
                  200057c0    0000001c     GPIs.obj (.data:midi_gpi_pins)
                  200057dc    00000018     usblib.lib : usbhostenum.obj (.data:g_sUSBHEP0State)
                  200057f4    00000014     GPOs.obj (.data:blue_led)
                  20005808    00000014     GPOs.obj (.data:blueled)
                  2000581c    00000014     GPIs.obj (.data:enc_bit_0)
                  20005830    00000014     GPIs.obj (.data:enc_bit_1)
                  20005844    00000014     GPIs.obj (.data:enc_bit_2)
                  20005858    00000014     GPIs.obj (.data:enc_bit_3)
                  2000586c    00000014     GPOs.obj (.data:green_led)
                  20005880    00000014     GPOs.obj (.data:greenled)
                  20005894    00000014     GPOs.obj (.data:led_0)
                  200058a8    00000014     GPOs.obj (.data:led_1)
                  200058bc    00000014     GPOs.obj (.data:led_2)
                  200058d0    00000014     GPOs.obj (.data:led_3)
                  200058e4    00000014     GPOs.obj (.data:led_4)
                  200058f8    00000014     GPOs.obj (.data:led_5)
                  2000590c    00000014     GPOs.obj (.data:led_6)
                  20005920    00000014     GPOs.obj (.data:led_7)
                  20005934    00000014     GPIs.obj (.data:loop_0)
                  20005948    00000014     GPIs.obj (.data:loop_1)
                  2000595c    00000014     GPIs.obj (.data:loop_2)
                  20005970    00000014     GPIs.obj (.data:loop_3)
                  20005984    00000014     GPIs.obj (.data:loop_4)
                  20005998    00000014     GPIs.obj (.data:loop_5)
                  200059ac    00000014     GPIs.obj (.data:loop_6)
                  200059c0    00000014     GPIs.obj (.data:loop_7)
                  200059d4    00000014     GPIs.obj (.data:octave_down)
                  200059e8    00000014     GPIs.obj (.data:octave_up)
                  200059fc    00000014     GPIs.obj (.data:pressure_sense)
                  20005a10    00000014     GPOs.obj (.data:red_led)
                  20005a24    00000014     GPOs.obj (.data:redled)
                  20005a38    00000014     usblib.lib : usbhostenum.obj (.data)
                  20005a4c    00000012     usbdhid.obj (.data:g_pui8HIDDeviceDescriptor)
                  20005a5e    00000002     joystick_functions.obj (.data)
                  20005a60    00000011     console_task.obj (.data)
                  20005a71    00000001     looper_buttons_task.obj (.data)
                  20005a72    00000002     --HOLE--
                  20005a74    00000010     usbdhidgamepad.obj (.data:g_psHIDSections)
                  20005a84    00000010     rtsv7M4_T_le_v4SPD16_eabi.lib : defs.c.obj (.data)
                  20005a94    0000000c                                   : exit.c.obj (.data:$O1$$)
                  20005aa0    0000000c     GPOs.obj (.data:midi_gpos)
                  20005aac    0000000c     port.obj (.data)
                  20005ab8    0000000c     usbtick.obj (.data)
                  20005ac4    00000009     usbdhidgamepad.obj (.data:g_pui8GameDescriptor)
                  20005acd    00000009     usbdhidgamepad.obj (.data:g_pui8HIDInterface)
                  20005ad6    00000009     usbdhidgamepad.obj (.data:g_sGameHIDDescriptor)
                  20005adf    00000001     --HOLE--
                  20005ae0    00000009     usbmode.obj (.data)
                  20005ae9    00000003     --HOLE--
                  20005aec    00000008     rtsv7M4_T_le_v4SPD16_eabi.lib : _lock.c.obj (.data:$O1$$)
                  20005af4    00000008                                   : memory.c.obj (.data:$O1$$)
                  20005afc    00000008     ADC_task.obj (.data)
                  20005b04    00000008     ADC_task.obj (.data:adc_pin_struct)
                  20005b0c    00000008     usbdhidgamepad.obj (.data:g_sHIDConfigHeader)
                  20005b14    00000008     usbdhidgamepad.obj (.data:g_sHIDDescriptorSection)
                  20005b1c    00000008     heap_2.obj (.data)
                  20005b24    00000008     GPIs.obj (.data:looper_gpi_info)
                  20005b2c    00000008     GPIs.obj (.data:midi_gpi_info)
                  20005b34    00000008     usbdenum.obj (.data)
                  20005b3c    00000005     I2C_task.obj (.data)
                  20005b41    00000003     --HOLE--
                  20005b44    00000005     uartstdio.obj (.data)
                  20005b49    00000003     --HOLE--
                  20005b4c    00000004     usbdhidgamepad.obj (.data:g_ppui8GameClassDescriptors)
                  20005b50    00000004     host_uart_task.obj (.data)
                  20005b54    00000004     logger.obj (.data)
                  20005b58    00000004     looper_board.obj (.data)
                  20005b5c    00000004     midi_ctrl_board.obj (.data)
                  20005b60    00000004     rotary_enc_task.obj (.data)
                  20005b64    00000004     rtsv7M4_T_le_v4SPD16_eabi.lib : errno.c.obj (.data)
                  20005b68    00000004     usb_hid_task.obj (.data)

.stack     0    20005b70    00000400     UNINITIALIZED
                  20005b70    00000004     rtsv7M4_T_le_v4SPD16_eabi.lib : boot_cortex_m.c.obj (.stack)
                  20005b74    000003fc     --HOLE--

.sysmem    0    20005f70    00000010     UNINITIALIZED
                  20005f70    00000010     rtsv7M4_T_le_v4SPD16_eabi.lib : memory.c.obj (.sysmem)

__llvm_prf_cnts 
*          0    20000000    00000000     UNINITIALIZED

MODULE SUMMARY

       Module                         code    ro data   rw data
       ------                         ----    -------   -------
    .\
       ADC_task.obj                   1092    96        15912  
       drum_pad_functions.obj         2128    40        264    
       ads1x15_task.obj               1112    13        536    
       console_task.obj               1172    0         281    
       I2C_task.obj                   1380    0         25     
       GPIs.obj                       428     128       384    
       joystick_functions.obj         900     0         8      
       GPOs.obj                       368     114       344    
       looper_buttons_task.obj        712     0         97     
       logger.obj                     552     0         256    
       rotary_enc_task.obj            692     0         20     
       tm4c123gh6pm_startup_ccs.obj   12      620       0      
       midi_ctrl_board.obj            620     0         4      
       looper_board.obj               528     0         4      
       usb_hid_task.obj               492     0         20     
       looper_effects.obj             456     0         48     
       midi_knobs_functions.obj       460     0         16     
       task_manager_page.obj          76      0         400    
       heap_2.obj                     448     0         24     
       control_page.obj               376     0         16     
       looper_volume_functions.obj    316     0         32     
       usb_structs.obj                0       196       152    
       midi_buttons_task.obj          284     0         24     
       host_uart_task.obj             288     0         8      
       homepage.obj                   292     0         0      
       console_uart.obj               252     0         4      
       text_controls.obj              210     0         0      
       midi_uart_functions.obj        148     0         4      
       board_select.obj               124     0         1      
       main.obj                       116     0         0      
       hooks.obj                      42      0         0      
    +--+------------------------------+-------+---------+---------+
       Total:                         16076   1207      18884  
                                                               
    .\FreeRTOS\
       tasks.obj                      7644    0         260    
       queue.obj                      4008    0         64     
       list.obj                       298     0         0      
    +--+------------------------------+-------+---------+---------+
       Total:                         11950   0         324    
                                                               
    .\FreeRTOS\portable\CCS\ARM_CM4F\
       port.obj                       652     8         12     
       portasm.obj                    218     0         0      
    +--+------------------------------+-------+---------+---------+
       Total:                         870     8         12     
                                                               
    .\driverlib\
       usb.obj                        5562    0         0      
       sysctl.obj                     3834    452       0      
       gpio.obj                       2952    528       0      
       adc.obj                        1986    0         4      
       interrupt.obj                  960     268       620    
       i2c.obj                        1692    128       0      
       timer.obj                      1602    160       0      
       uart.obj                       1560    128       0      
       udma.obj                       1248    0         0      
       ssi.obj                        838     64        0      
       fpu.obj                        192     0         0      
       cpu.obj                        62      0         0      
    +--+------------------------------+-------+---------+---------+
       Total:                         22488   1728      624    
                                                               
    .\usb\
       usbdenum.obj                   4596    52        160    
       usbdma.obj                     3684    0         272    
       usbdhid.obj                    3344    48        18     
       usbmode.obj                    1180    0         18     
       usbdconfig.obj                 904     0         0      
       usbdhidgamepad.obj             732     67        63     
       usbdcdesc.obj                  734     0         0      
       usbdesc.obj                    466     0         0      
       usbtick.obj                    236     0         60     
       usbulpi.obj                    200     0         0      
       usbdhandler.obj                24      0         0      
    +--+------------------------------+-------+---------+---------+
       Total:                         16100   167       591    
                                                               
    .\utils\
       uartstdio.obj                  1192    46        5      
    +--+------------------------------+-------+---------+---------+
       Total:                         1192    46        5      
                                                               
    C:/ti/TivaWare_C_Series-2.2.0.295/usblib/ccs/Debug/usblib.lib
       usbhostenum.obj                4182    0         1844   
       usbhhub.obj                    900     0         164    
    +--+------------------------------+-------+---------+---------+
       Total:                         5082    0         2008   
                                                               
    C:\ti\ccs1020\ccs\tools\compiler\ti-cgt-arm_20.2.2.LTS\lib\rtsv7M4_T_le_v4SPD16_eabi.lib
       _printfi.c.obj                 4851    0         0      
       memory.c.obj                   672     0         8      
       fd_add_t2.asm.obj              438     0         0      
       defs.c.obj                     0       0         416    
       trgmsg.c.obj                   108     0         288    
       fd_div_t2.asm.obj              310     0         0      
       fputs.c.obj                    276     0         0      
       s_scalbn.c.obj                 272     0         0      
       fd_cmp_t2.asm.obj              268     0         0      
       ctype.c.obj                    0       257       0      
       fd_mul_t2.asm.obj              252     0         0      
       setvbuf.c.obj                  220     0         0      
       fflush.c.obj                   200     0         0      
       host_device.c.obj              0       0         200    
       memcpy_t2.asm.obj              156     0         0      
       ull_div_t2.asm.obj             150     0         0      
       memset_t2.asm.obj              122     0         0      
       fclose.c.obj                   116     0         0      
       getdevice.c.obj                116     0         0      
       hostrename.c.obj               108     0         0      
       copy_decompress_lzss.c.obj     104     0         0      
       hostlseek.c.obj                104     0         0      
       hostopen.c.obj                 96      0         8      
       fseek.c.obj                    100     0         0      
       s_frexp.c.obj                  100     0         0      
       _io_perm.c.obj                 98      0         0      
       sprintf.c.obj                  98      0         0      
       close.c.obj                    92      0         0      
       exit.c.obj                     76      0         12     
       hostread.c.obj                 88      0         0      
       hostwrite.c.obj                88      0         0      
       _ltoa.c.obj                    84      0         0      
       atoi.c.obj                     76      0         0      
       fd_toi_t2.asm.obj              72      0         0      
       autoinit.c.obj                 68      0         0      
       fd_tou_t2.asm.obj              68      0         0      
       hostclose.c.obj                68      0         0      
       hostunlink.c.obj               68      0         0      
       u_divt2.asm.obj                64      0         0      
       fs_tod_t2.asm.obj              56      0         0      
       strncpy.c.obj                  54      0         0      
       boot_cortex_m.c.obj            52      0         0      
       fopen.c.obj                    52      0         0      
       i_tofd_t2.asm.obj              46      0         0      
       unlink.c.obj                   44      0         0      
       lseek.c.obj                    40      0         0      
       write.c.obj                    40      0         0      
       memchr.c.obj                   32      0         0      
       u_tofd_t2.asm.obj              32      0         0      
       assert.c.obj                   28      0         0      
       memccpy.c.obj                  28      0         0      
       s_copysign.c.obj               26      0         0      
       strcmp.c.obj                   24      0         0      
       strchr.c.obj                   22      0         0      
       strcpy.c.obj                   20      0         0      
       strlen.c.obj                   20      0         0      
       wcslen.c.obj                   18      0         0      
       copy_decompress_none.c.obj     14      0         0      
       copy_zero_init.c.obj           12      0         0      
       errno.c.obj                    8       0         4      
       _lock.c.obj                    2       0         8      
       pre_init.c.obj                 4       0         0      
       div0.asm.obj                   2       0         0      
    +--+------------------------------+-------+---------+---------+
       Total:                         10923   257       944    
                                                               
       Heap:                          0       0         16     
       Stack:                         0       0         1024   
       Linker Generated:              0       900       0      
    +--+------------------------------+-------+---------+---------+
       Grand Total:                   84681   4313      24432  


LINKER GENERATED COPY TABLES

__TI_cinit_table @ 00015bc0 records: 3, size/record: 8, table size: 24
	.data: load addr=00015850, load size=00000350 bytes, run addr=20005008, run size=00000b64 bytes, compression=lzss
	.bss: load addr=00015bb0, load size=00000008 bytes, run addr=2000026c, run size=00004d9c bytes, compression=zero_init
	.vtable: load addr=00015bb8, load size=00000008 bytes, run addr=20000000, run size=0000026c bytes, compression=zero_init


LINKER GENERATED HANDLER TABLE

__TI_handler_table @ 00015ba0 records: 3, size/record: 4, table size: 12
	index: 0, handler: __TI_zero_init
	index: 1, handler: __TI_decompress_lzss
	index: 2, handler: __TI_decompress_none


GLOBAL SYMBOLS: SORTED ALPHABETICALLY BY Name 

address   name                                 
-------   ----                                 
0000a76d  ADCBusy                              
0000a7b5  ADCClockConfigGet                    
0000a78b  ADCClockConfigSet                    
0000a587  ADCComparatorConfigure               
0000a657  ADCComparatorIntClear                
0000a60d  ADCComparatorIntDisable              
0000a62b  ADCComparatorIntEnable               
0000a649  ADCComparatorIntStatus               
0000a5a3  ADCComparatorRegionSet               
0000a5c7  ADCComparatorReset                   
0000a555  ADCHardwareOversampleConfigure       
0000a16b  ADCIntClear                          
0000a6cf  ADCIntClearEx                        
0000a0d1  ADCIntDisable                        
0000a669  ADCIntDisableEx                      
0000a0ed  ADCIntEnable                         
0000a681  ADCIntEnableEx                       
0000a08b  ADCIntRegister                       
0000a113  ADCIntStatus                         
0000a69d  ADCIntStatusEx                       
0000a0b3  ADCIntUnregister                     
0000a727  ADCPhaseDelayGet                     
0000a715  ADCPhaseDelaySet                     
0000a3cb  ADCProcessorTrigger                  
0000a703  ADCReferenceGet                      
0000a6e7  ADCReferenceSet                      
0000d997  ADCSeq0Handler                       
0000d9d7  ADCSeq1Handler                       
0000a1b5  ADCSequenceConfigure                 
0000a751  ADCSequenceDMADisable                
0000a735  ADCSequenceDMAEnable                 
0000a389  ADCSequenceDataGet                   
0000a19b  ADCSequenceDisable                   
0000a181  ADCSequenceEnable                    
0000a32d  ADCSequenceOverflow                  
0000a345  ADCSequenceOverflowClear             
0000a239  ADCSequenceStepConfigure             
0000a35b  ADCSequenceUnderflow                 
0000a373  ADCSequenceUnderflowClear            
0000a3ef  ADCSoftwareOversampleConfigure       
0000a4e7  ADCSoftwareOversampleDataGet         
0000a427  ADCSoftwareOversampleStepConfigure   
00014d57  C$$EXIT                              
000147bf  C$$IO$$                              
00014713  CPUbasepriGet                        
00014705  CPUbasepriSet                        
000146df  CPUcpsid                             
000146f5  CPUcpsie                             
000146eb  CPUprimask                           
00014701  CPUwfi                               
00013e71  ConfigDescAlloc                      
000149d5  ConfigDescFree                       
00013197  FPUDisable                           
00013185  FPUEnable                            
00013203  FPUFlushToZeroModeSet                
000131cf  FPUHalfPrecisionModeSet              
000131b7  FPULazyStackingEnable                
000131e9  FPUNaNModeSet                        
0001321d  FPURoundingModeSet                   
000131c3  FPUStackingDisable                   
000131a5  FPUStackingEnable                    
00008d6b  GPIOADCTriggerDisable                
00008d4d  GPIOADCTriggerEnable                 
00008d2f  GPIODMATriggerDisable                
00008d11  GPIODMATriggerEnable                 
000082c3  GPIODirModeGet                       
00008267  GPIODirModeSet                       
0000882b  GPIOIntClear                         
000087ef  GPIOIntDisable                       
000087d5  GPIOIntEnable                        
0000883f  GPIOIntRegister                      
00008809  GPIOIntStatus                        
000083b3  GPIOIntTypeGet                       
0000830f  GPIOIntTypeSet                       
0000885d  GPIOIntUnregister                    
00008683  GPIOPadConfigGet                     
00008449  GPIOPadConfigSet                     
00008cb3  GPIOPinConfigure                     
00008877  GPIOPinRead                          
000088af  GPIOPinTypeADC                       
000088d3  GPIOPinTypeCAN                       
00008c7f  GPIOPinTypeCIR                       
000088f7  GPIOPinTypeComparator                
0000891b  GPIOPinTypeEPI                       
0000893f  GPIOPinTypeEthernetLED               
00008963  GPIOPinTypeEthernetMII               
00008987  GPIOPinTypeGPIOInput                 
000089ab  GPIOPinTypeGPIOOutput                
000089cf  GPIOPinTypeGPIOOutputOD              
000089f3  GPIOPinTypeI2C                       
00008a17  GPIOPinTypeI2CSCL                    
00008c37  GPIOPinTypeKBColumn                  
00008c13  GPIOPinTypeKBRow                     
00008a3b  GPIOPinTypeLCD                       
00008c5b  GPIOPinTypeLEDSeq                    
00008a5f  GPIOPinTypeLPC                       
00008a83  GPIOPinTypePECIRx                    
00008aa7  GPIOPinTypePECITx                    
00008acb  GPIOPinTypePWM                       
00008aef  GPIOPinTypeQEI                       
00008b13  GPIOPinTypeSSI                       
00008b37  GPIOPinTypeTimer                     
00008b5b  GPIOPinTypeUART                      
00008b7f  GPIOPinTypeUSBAnalog                 
00008ba3  GPIOPinTypeUSBDigital                
00008bc7  GPIOPinTypeWakeHigh                  
00008bed  GPIOPinTypeWakeLow                   
00008ca3  GPIOPinWakeStatus                    
0000888f  GPIOPinWrite                         
00010481  GamepadHandler                       
000144cd  HOSTclose                            
00013bb1  HOSTlseek                            
00013e11  HOSTopen                             
00013f85  HOSTread                             
00013b45  HOSTrename                           
00014511  HOSTunlink                           
00013fdd  HOSTwrite                            
0000adeb  I2CFIFODataGet                       
0000ae05  I2CFIFODataGetNonBlocking            
0000ada1  I2CFIFODataPut                       
0000adc3  I2CFIFODataPutNonBlocking            
0000ad91  I2CFIFOStatus                        
0000a985  I2CIntRegister                       
0000a9a3  I2CIntUnregister                     
0000ae41  I2CMasterBurstCountGet               
0000ae2b  I2CMasterBurstLengthSet              
0000abe9  I2CMasterBusBusy                     
0000abd1  I2CMasterBusy                        
0000ac01  I2CMasterControl                     
0000ac55  I2CMasterDataGet                     
0000ac3f  I2CMasterDataPut                     
0000a951  I2CMasterDisable                     
0000a91d  I2CMasterEnable                      
0000ac13  I2CMasterErr                         
0000ae4f  I2CMasterGlitchFilterConfigSet       
0000a853  I2CMasterInitExpClk                  
0000ab4b  I2CMasterIntClear                    
0000ab69  I2CMasterIntClearEx                  
0000aa17  I2CMasterIntDisable                  
0000aa27  I2CMasterIntDisableEx                
0000a9bd  I2CMasterIntEnable                   
0000a9cd  I2CMasterIntEnableEx                 
0000aa71  I2CMasterIntStatus                   
0000aab5  I2CMasterIntStatusEx                 
0000abc3  I2CMasterLineStateGet                
0000aba1  I2CMasterSlaveAddrSet                
0000ac63  I2CMasterTimeoutSet                  
0000ad51  I2CRxFIFOConfigSet                   
0000ad79  I2CRxFIFOFlush                       
0000ac75  I2CSlaveACKOverride                  
0000aca7  I2CSlaveACKValueSet                  
0000a8df  I2CSlaveAddressSet                   
0000ad01  I2CSlaveDataGet                      
0000ace9  I2CSlaveDataPut                      
0000a967  I2CSlaveDisable                      
0000a933  I2CSlaveEnable                       
0000ae7f  I2CSlaveFIFODisable                  
0000ae67  I2CSlaveFIFOEnable                   
0000a8c5  I2CSlaveInit                         
0000ab7b  I2CSlaveIntClear                     
0000ab8d  I2CSlaveIntClearEx                   
0000aa3f  I2CSlaveIntDisable                   
0000aa57  I2CSlaveIntDisableEx                 
0000a9e5  I2CSlaveIntEnable                    
0000a9fd  I2CSlaveIntEnableEx                  
0000aae1  I2CSlaveIntStatus                    
0000ab29  I2CSlaveIntStatusEx                  
0000acd9  I2CSlaveStatus                       
0000ad11  I2CTxFIFOConfigSet                   
0000ad39  I2CTxFIFOFlush                       
0000e159  IntDisable                           
0000e0e7  IntEnable                            
0000e1cb  IntIsEnabled                         
0000dfab  IntMasterDisable                     
0000df9b  IntMasterEnable                      
0000e2c1  IntPendClear                         
0000e251  IntPendSet                           
0000e0c3  IntPriorityGet                       
0000e03b  IntPriorityGroupingGet               
0000e021  IntPriorityGroupingSet               
0000e31b  IntPriorityMaskGet                   
0000e30f  IntPriorityMaskSet                   
0000e073  IntPrioritySet                       
0000dfbb  IntRegister                          
0000e323  IntTrigger                           
0000e00d  IntUnregister                        
00014a01  InternalUSBHCDSendEvent              
00012bc7  InternalUSBRegisterTickHandler       
00012c17  InternalUSBStartOfFrameTick          
00012b81  InternalUSBTickInit                  
00012bbf  InternalUSBTickReset                 
0000cd61  OTGDeviceDisconnect                  
00014d25  ResetISR                             
0000ed2d  SSIAdvDataPutFrameEnd                
0000ed53  SSIAdvDataPutFrameEndNonBlocking     
0000ed95  SSIAdvFrameHoldDisable               
0000ed7f  SSIAdvFrameHoldEnable                
0000ed11  SSIAdvModeSet                        
0000ecbb  SSIBusy                              
0000eced  SSIClockSourceGet                    
0000ecd9  SSIClockSourceSet                    
0000eac3  SSIConfigSetExpClk                   
0000eca3  SSIDMADisable                        
0000ec8b  SSIDMAEnable                         
0000ec4d  SSIDataGet                           
0000ec69  SSIDataGetNonBlocking                
0000ec13  SSIDataPut                           
0000ec2d  SSIDataPutNonBlocking                
0000eb65  SSIDisable                           
0000eb4f  SSIEnable                            
0000ec01  SSIIntClear                          
0000ebcb  SSIIntDisable                        
0000ebb3  SSIIntEnable                         
0000eb7b  SSIIntRegister                       
0000ebe3  SSIIntStatus                         
0000eb99  SSIIntUnregister                     
00006633  SysCtlAltClkConfig                   
00005e09  SysCtlClockFreqSet                   
000062ed  SysCtlClockGet                       
00006617  SysCtlClockOutConfig                 
00006121  SysCtlClockSet                       
00005d09  SysCtlDeepSleep                      
000064b9  SysCtlDeepSleepClockConfigSet        
0000649b  SysCtlDeepSleepClockSet              
00005ce9  SysCtlDeepSleepPowerSet              
00014d4d  SysCtlDelay                          
00005897  SysCtlFlashSectorSizeGet             
0000586b  SysCtlFlashSizeGet                   
0000658f  SysCtlGPIOAHBDisable                 
00006573  SysCtlGPIOAHBEnable                  
00005c7d  SysCtlIntClear                       
00005c65  SysCtlIntDisable                     
00005c51  SysCtlIntEnable                      
00005c29  SysCtlIntRegister                    
00005c8d  SysCtlIntStatus                      
00005c41  SysCtlIntUnregister                  
00005ccf  SysCtlLDODeepSleepGet                
00005cbf  SysCtlLDODeepSleepSet                
00005cb9  SysCtlLDOSleepGet                    
00005ca9  SysCtlLDOSleepSet                    
00005d3f  SysCtlMOSCConfigSet                  
00006603  SysCtlNMIClear                       
000065fd  SysCtlNMIStatus                      
00005d55  SysCtlPIOSCCalibrate                 
0000655d  SysCtlPWMClockGet                    
00006543  SysCtlPWMClockSet                    
00005bd5  SysCtlPeripheralClockGating          
00005b8d  SysCtlPeripheralDeepSleepDisable     
00005b3d  SysCtlPeripheralDeepSleepEnable      
00005a79  SysCtlPeripheralDisable              
00005a3d  SysCtlPeripheralEnable               
00005979  SysCtlPeripheralPowerOff             
0000593d  SysCtlPeripheralPowerOn              
000058bd  SysCtlPeripheralPresent              
000058fd  SysCtlPeripheralReady                
000059b5  SysCtlPeripheralReset                
00005b01  SysCtlPeripheralSleepDisable         
00005abd  SysCtlPeripheralSleepEnable          
00005cf9  SysCtlReset                          
00005db5  SysCtlResetBehaviorGet               
00005da5  SysCtlResetBehaviorSet               
00005d2b  SysCtlResetCauseClear                
00005d25  SysCtlResetCauseGet                  
00005861  SysCtlSRAMSizeGet                    
00005d01  SysCtlSleep                          
00005cd5  SysCtlSleepPowerSet                  
000065bd  SysCtlUSBPLLDisable                  
000065ab  SysCtlUSBPLLEnable                   
000065e9  SysCtlVoltageEventClear              
000065cd  SysCtlVoltageEventConfig             
000065dd  SysCtlVoltageEventStatus             
0000b451  TimerADCEventGet                     
0000b43f  TimerADCEventSet                     
0000b175  TimerClockSourceGet                  
0000b14b  TimerClockSourceSet                  
0000af3f  TimerConfigure                       
0000b05f  TimerControlEvent                    
0000afbb  TimerControlLevel                    
0000b089  TimerControlStall                    
0000aff1  TimerControlTrigger                  
0000b0bf  TimerControlWaitOnTrigger            
0000b471  TimerDMAEventGet                     
0000b45f  TimerDMAEventSet                     
0000af21  TimerDisable                         
0000af03  TimerEnable                          
0000b41b  TimerIntClear                        
0000b3e5  TimerIntDisable                      
0000b3cd  TimerIntEnable                       
0000b387  TimerIntRegister                     
0000b3fd  TimerIntStatus                       
0000b3af  TimerIntUnregister                   
0000b23f  TimerLoadGet                         
0000b275  TimerLoadGet64                       
0000b215  TimerLoadSet                         
0000b25b  TimerLoadSet64                       
0000b31f  TimerMatchGet                        
0000b355  TimerMatchGet64                      
0000b2f5  TimerMatchSet                        
0000b33b  TimerMatchSet64                      
0000b1af  TimerPrescaleGet                     
0000b1f9  TimerPrescaleMatchGet                
0000b1cb  TimerPrescaleMatchSet                
0000b185  TimerPrescaleSet                     
0000b135  TimerRTCDisable                      
0000b11f  TimerRTCEnable                       
0000b42d  TimerSynchronize                     
0000b47f  TimerUpdateMode                      
0000b2a7  TimerValueGet                        
0000b2c3  TimerValueGet64                      
0000baa5  UART9BitAddrSend                     
0000ba7f  UART9BitAddrSet                      
0000ba69  UART9BitDisable                      
0000ba53  UART9BitEnable                       
0000b8f7  UARTBreakCtl                         
0000b921  UARTBusy                             
0000b89f  UARTCharGet                          
0000b883  UARTCharGetNonBlocking               
0000b8d9  UARTCharPut                          
0000b8b5  UARTCharPutNonBlocking               
0000b847  UARTCharsAvail                       
0000ba43  UARTClockSourceGet                   
0000ba2f  UARTClockSourceSet                   
0000b617  UARTConfigGetExpClk                  
0000b5a1  UARTConfigSetExpClk                  
0000b9f5  UARTDMADisable                       
0000b9dd  UARTDMAEnable                        
0000b687  UARTDisable                          
0000b70b  UARTDisableSIR                       
0000b663  UARTEnable                           
0000b6dd  UARTEnableSIR                        
0000b6c7  UARTFIFODisable                      
0000b6b1  UARTFIFOEnable                       
0000b579  UARTFIFOLevelGet                     
0000b561  UARTFIFOLevelSet                     
0000b807  UARTFlowControlGet                   
0000b7eb  UARTFlowControlSet                   
0000b9cb  UARTIntClear                         
0000b995  UARTIntDisable                       
0000b97d  UARTIntEnable                        
0000b93f  UARTIntRegister                      
0000b9ad  UARTIntStatus                        
0000b95d  UARTIntUnregister                    
0000b7a1  UARTModemControlClear                
0000b7c5  UARTModemControlGet                  
0000b769  UARTModemControlSet                  
0000b7d7  UARTModemStatusGet                   
0000b54f  UARTParityModeGet                    
0000b533  UARTParityModeSet                    
0000ba1f  UARTRxErrorClear                     
0000ba0d  UARTRxErrorGet                       
0000b753  UARTSmartCardDisable                 
0000b721  UARTSmartCardEnable                  
0000b865  UARTSpaceAvail                       
0000c531  UARTStdioConfig                      
0000b835  UARTTxIntModeGet                     
0000b819  UARTTxIntModeSet                     
0000c681  UARTgetc                             
0000c5c7  UARTgets                             
0000c9a3  UARTprintf                           
0000c6a9  UARTvprintf                          
0000c577  UARTwrite                            
000130bb  ULPIConfigSet                        
0001315d  ULPIPowerTransceiver                 
00014c4d  USB0DeviceIntHandler                 
0000ca95  USB0DualModeIntHandler               
0000cc7d  USB0OTGModeIntHandler                
0000323f  USBClockDisable                      
00003223  USBClockEnable                       
0000320f  USBControllerVersion                 
0000ef03  USBDCDConfigDescGet                  
0000eeb5  USBDCDConfigDescGetNum               
0000ee7d  USBDCDConfigDescGetSize              
0000efe5  USBDCDConfigGetInterface             
0000f01b  USBDCDConfigGetInterfaceEndpoint     
0000ef91  USBDCDConfigGetNumAlternateInterfaces
00003605  USBDCDDeviceInfoInit                 
000039b9  USBDCDFeatureGet                     
000038f5  USBDCDFeatureSet                     
00003655  USBDCDInit                           
0000388b  USBDCDPowerStatusSet                 
000039ed  USBDCDRemoteWakeLPM                  
00003a0d  USBDCDRemoteWakeupRequest            
0000381b  USBDCDRequestDataEP0                 
00003841  USBDCDSendDataEP0                    
00003863  USBDCDSetDefaultConfiguration        
00003875  USBDCDStallEP0                       
000037d3  USBDCDTerm                           
00007ec5  USBDHIDCompositeInit                 
0000f1f5  USBDHIDGamepadCompositeInit          
0000f1a7  USBDHIDGamepadInit                   
0000f2d1  USBDHIDGamepadSendReport             
0000f32d  USBDHIDGamepadTerm                   
00007e8f  USBDHIDInit                          
000080e5  USBDHIDPacketRead                    
000081e5  USBDHIDPowerStatusSet                
000081f9  USBDHIDRemoteWakeupRequest           
00008065  USBDHIDReportWrite                   
000081a7  USBDHIDRxPacketAvailable             
00008031  USBDHIDSetRxCBData                   
0000804b  USBDHIDSetTxCBData                   
00008019  USBDHIDTerm                          
00008189  USBDHIDTxPacketAvailable             
00003377  USBDMAChannelAddressGet              
0000335b  USBDMAChannelAddressSet              
000032e1  USBDMAChannelConfigSet               
000033ab  USBDMAChannelCountGet                
0000338f  USBDMAChannelCountSet                
000032c1  USBDMAChannelDisable                 
000032a1  USBDMAChannelEnable                  
00003271  USBDMAChannelIntDisable              
00003251  USBDMAChannelIntEnable               
00003291  USBDMAChannelIntStatus               
00003311  USBDMAChannelStatus                  
00003331  USBDMAChannelStatusClear             
000033c3  USBDMANumChannels                    
000106c9  USBDescGet                           
000107ed  USBDescGetInterface                  
0001081b  USBDescGetInterfaceEndpoint          
0001066d  USBDescGetNum                        
00010733  USBDescGetNumAlternateInterfaces     
0000267d  USBDevAddrGet                        
00002669  USBDevAddrSet                        
0000263d  USBDevConnect                        
00002653  USBDevDisconnect                     
000029b3  USBDevEndpointConfigGet              
000028c1  USBDevEndpointConfigSet              
00002d3d  USBDevEndpointDataAck                
00002567  USBDevEndpointStall                  
000025c9  USBDevEndpointStallClear             
000023e3  USBDevEndpointStatusClear            
0000352f  USBDevLPMConfig                      
0000355d  USBDevLPMDisable                     
00003545  USBDevLPMEnable                      
00003517  USBDevLPMRemoteWake                  
00003177  USBDevMode                           
000021a9  USBDevSpeedGet                       
0000e41f  USBDeviceConfig                      
0000e615  USBDeviceConfigAlternate             
00003b25  USBDeviceEnumHandler                 
00003c45  USBDeviceEnumResetHandler            
00004615  USBDeviceIntHandlerInternal          
00003a41  USBDeviceResumeTickHandler           
0000cae1  USBDualModeInit                      
0000cb3f  USBDualModeTerm                      
00003129  USBEndpointDMAChannel                
00002b6f  USBEndpointDMAConfigSet              
00002c41  USBEndpointDMADisable                
00002c07  USBEndpointDMAEnable                 
00002c7b  USBEndpointDataAvail                 
00002cb3  USBEndpointDataGet                   
00002dad  USBEndpointDataPut                   
00002e11  USBEndpointDataSend                  
00002501  USBEndpointDataToggleClear           
000031db  USBEndpointPacketCountSet            
0000236f  USBEndpointStatus                    
000030ff  USBFIFOAddrGet                       
00002b09  USBFIFOConfigGet                     
00002aa3  USBFIFOConfigSet                     
00002e69  USBFIFOFlush                         
000030c3  USBFrameNumberGet                    
000129a1  USBHCDControlTransfer                
00013395  USBHCDFeatureSet                     
0001408d  USBHCDHubDeviceConnected             
00014d01  USBHCDHubDeviceDisconnected          
00012a91  USBHCDInit                           
00012d51  USBHCDMain                           
00014c7d  USBHCDPowerAutomatic                 
00014d0d  USBHCDPowerConfigGet                 
0001427d  USBHCDPowerConfigSet                 
00014759  USBHCDReset                          
000143ad  USBHCDSetAddress                     
000148a3  USBHCDSetConfig                      
00014bed  USBHHubEnumerationComplete           
00014c05  USBHHubEnumerationError              
000143f5  USBHHubInit                          
00011745  USBHHubMain                          
00002117  USBHighSpeed                         
00002f79  USBHostAddrGet                       
00002f41  USBHostAddrSet                       
00013c81  USBHostCheckPipes                    
00002691  USBHostEndpointConfig                
00002d7b  USBHostEndpointDataAck               
00002465  USBHostEndpointDataToggle            
0000253b  USBHostEndpointPing                  
0000282b  USBHostEndpointSpeed                 
0000239b  USBHostEndpointStatusClear           
0000300b  USBHostHubAddrGet                    
00002fa7  USBHostHubAddrSet                    
0000dba5  USBHostIntHandlerInternal            
000034db  USBHostLPMConfig                     
000034ff  USBHostLPMResume                     
00003493  USBHostLPMSend                       
00003165  USBHostMode                          
00003039  USBHostPwrConfig                     
000030ab  USBHostPwrDisable                    
00003093  USBHostPwrEnable                     
0000307b  USBHostPwrFaultDisable               
00003063  USBHostPwrFaultEnable                
00002ed9  USBHostRequestIN                     
00002f01  USBHostRequestINClear                
00002f2f  USBHostRequestStatus                 
000020e9  USBHostReset                         
00002145  USBHostResume                        
00002173  USBHostSpeedGet                      
000020d3  USBHostSuspend                       
000021c1  USBIntDisableControl                 
00002285  USBIntDisableEndpoint                
000021ff  USBIntEnableControl                  
000022b3  USBIntEnableEndpoint                 
00002337  USBIntRegister                       
00002239  USBIntStatusControl                  
000022e1  USBIntStatusEndpoint                 
00002355  USBIntUnregister                     
00003589  USBLPMEndpointGet                    
000035e9  USBLPMIntDisable                     
000035cf  USBLPMIntEnable                      
000035bf  USBLPMIntStatus                      
00003575  USBLPMLinkStateGet                   
000035a5  USBLPMRemoteWakeEnabled              
000072f7  USBLibDMAAddrGet                     
00007327  USBLibDMAInit                        
0000730f  USBLibDMASizeGet                     
0000319b  USBModeConfig                        
00003115  USBModeGet                           
000031fb  USBNumEndpointsGet                   
0000ce17  USBOTGFeatureSet                     
0000cd81  USBOTGMain                           
00003189  USBOTGMode                           
0000cb89  USBOTGModeInit                       
0000cb61  USBOTGModeTerm                       
0000cc57  USBOTGPollRate                       
000030d1  USBOTGSessionRequest                 
000031af  USBPHYPowerOff                       
000031c5  USBPHYPowerOn                        
0000ca59  USBStackModeSet                      
000033d5  USBULPIConfig                        
00003403  USBULPIDisable                       
000033eb  USBULPIEnable                        
0000341b  USBULPIRegRead                       
00003453  USBULPIRegWrite                      
200046c8  __CIOBUF_                            
20005f70  __STACK_END                          
00000400  __STACK_SIZE                         
20005d70  __STACK_TOP                          
00000010  __SYSMEM_SIZE                        
00015bc0  __TI_CINIT_Base                      
00015bd8  __TI_CINIT_Limit                     
00015ba0  __TI_Handler_Table_Base              
00015bac  __TI_Handler_Table_Limit             
00014555  __TI_auto_init_nobinit_nopinit       
000148d9  __TI_cleanup                         
20005a94  __TI_cleanup_ptr                     
0001397d  __TI_closefile                       
00013c19  __TI_decompress_lzss                 
00014cf1  __TI_decompress_none                 
000142c9  __TI_doflush                         
20005a98  __TI_dtors_ptr                       
20005a9c  __TI_enable_exit_profile_output      
20005a84  __TI_ft_end                          
0001413b  __TI_ltoa                            
ffffffff  __TI_pprof_out_hndl                  
00008d91  __TI_printfi                         
ffffffff  __TI_prof_data_size                  
ffffffff  __TI_prof_data_start                 
0001490d  __TI_readmsg                         
00000000  __TI_static_base__                   
20004ad8  __TI_tmpnams                         
00014791  __TI_writemsg                        
00013dad  __TI_wrt_ok                          
00014d19  __TI_zero_init                       
00013689  __aeabi_cdcmpeq                      
00013689  __aeabi_cdcmple                      
0001370f  __aeabi_cdrcmple                     
00014485  __aeabi_d2iz                         
000145dd  __aeabi_d2uiz                        
00010f6f  __aeabi_dadd                         
00011ca1  __aeabi_ddiv                         
000128a5  __aeabi_dmul                         
00010f65  __aeabi_dsub                         
00014d3d  __aeabi_errno_addr                   
000147c9  __aeabi_f2d                          
000149a5  __aeabi_i2d                          
000097df  __aeabi_idiv0                        
000097df  __aeabi_ldiv0                        
0001388d  __aeabi_memclr                       
0001388d  __aeabi_memclr4                      
0001388d  __aeabi_memclr8                      
00013431  __aeabi_memcpy                       
00013431  __aeabi_memcpy4                      
00013431  __aeabi_memcpy8                      
0001388f  __aeabi_memset                       
0001388f  __aeabi_memset4                      
0001388f  __aeabi_memset8                      
20005a90  __aeabi_stderr                       
20005a88  __aeabi_stdin                        
20005a8c  __aeabi_stdout                       
00014b5d  __aeabi_ui2d                         
00014621  __aeabi_uidiv                        
00014621  __aeabi_uidivmod                     
000134cd  __aeabi_uldivmod                     
ffffffff  __binit__                            
ffffffff  __c_args__                           
UNDEFED   __mpu_init                           
20005b70  __stack                              
20000000  __start___llvm_prf_cnts              
20000000  __stop___llvm_prf_cnts               
00014b7d  _abort_msg                           
00014941  _c_int00_noargs                      
00014e7c  _ctypes_                             
20005298  _device                              
20005110  _ftable                              
20005aec  _lock                                
00003603  _nop                                 
20005310  _stream                              
20005f70  _sys_memory                          
UNDEFED   _system_post_cinit                   
00014d53  _system_pre_init                     
20005af0  _unlock                              
00014d57  abort                                
0000d369  ad1x15_looper_task                   
20004fa4  adc_info                             
20005b04  adc_pin_struct                       
0000bb89  add_i2c_msg                          
0000ce85  add_page                             
0000d5c1  ads1x15_drawdata                     
0000d6dd  ads1x15_drawinput                    
0000d557  ads1x15_drawpage                     
0000d42f  ads1x15_midi_task                    
000126a9  aligned_alloc                        
00014315  atoi                                 
[...]
0000c061  uDMAErrorStatusGet                   
0000c067  uDMAErrorStatusClear                 
0000c06f  uDMAChannelEnable                    
0000c087  uDMAChannelDisable                   
0000c09f  uDMAChannelIsEnabled                 
0000c0c7  uDMAControlBaseSet                   
0000c0d7  uDMAControlBaseGet                   
0000c0dd  uDMAControlAlternateBaseGet          
0000c0e3  uDMAChannelRequest                   
0000c0fb  uDMAChannelAttributeEnable           
0000c14f  uDMAChannelAttributeDisable          
0000c1a3  uDMAChannelAttributeGet              
0000c213  uDMAChannelControlSet                
0000c255  uDMAChannelTransferSet               
0000c34d  uDMAChannelScatterGatherSet          
0000c3d9  uDMAChannelSizeGet                   
0000c421  uDMAChannelModeGet                   
0000c467  uDMAIntRegister                      
0000c47d  uDMAIntUnregister                    
0000c48f  uDMAIntStatus                        
0000c495  uDMAIntClear                         
0000c4a9  uDMAChannelAssign                    
0000c4f1  uDMAChannelSelectSecondary           
0000c505  uDMAChannelSelectDefault             
0000c531  UARTStdioConfig                      
0000c577  UARTwrite                            
0000c5c7  UARTgets                             
0000c681  UARTgetc                             
0000c6a9  UARTvprintf                          
0000c9a3  UARTprintf                           
0000ca59  USBStackModeSet                      
0000ca95  USB0DualModeIntHandler               
0000cae1  USBDualModeInit                      
0000cb3f  USBDualModeTerm                      
0000cb61  USBOTGModeTerm                       
0000cb89  USBOTGModeInit                       
0000cc57  USBOTGPollRate                       
0000cc7d  USB0OTGModeIntHandler                
0000cd61  OTGDeviceDisconnect                  
0000cd81  USBOTGMain                           
0000ce17  USBOTGFeatureSet                     
0000ce75  init_console                         
0000ce85  add_page                             
0000cf41  is_on_screen                         
0000d159  console_task                         
0000d309  init_ads1x15                         
0000d369  ad1x15_looper_task                   
0000d42f  ads1x15_midi_task                    
0000d527  get_volume                           
0000d53f  get_sensitivity                      
0000d557  ads1x15_drawpage                     
0000d5c1  ads1x15_drawdata                     
0000d6dd  ads1x15_drawinput                    
0000d761  init_adc                             
0000d915  get_adc_config                       
0000d959  get_adc_val                          
0000d98d  get_adc_struct                       
0000d997  ADCSeq0Handler                       
0000d9d7  ADCSeq1Handler                       
0000da29  midi_adc_task                        
0000daa5  looper_adc_task                      
0000dba5  USBHostIntHandlerInternal            
0000df9b  IntMasterEnable                      
0000dfab  IntMasterDisable                     
0000dfbb  IntRegister                          
0000e00d  IntUnregister                        
0000e021  IntPriorityGroupingSet               
0000e03b  IntPriorityGroupingGet               
0000e073  IntPrioritySet                       
0000e0c3  IntPriorityGet                       
0000e0e7  IntEnable                            
0000e159  IntDisable                           
0000e1cb  IntIsEnabled                         
0000e251  IntPendSet                           
0000e2c1  IntPendClear                         
0000e30f  IntPriorityMaskSet                   
0000e31b  IntPriorityMaskGet                   
0000e323  IntTrigger                           
0000e41f  USBDeviceConfig                      
0000e615  USBDeviceConfigAlternate             
0000e6e1  process_joystick                     
0000eac3  SSIConfigSetExpClk                   
0000eb4f  SSIEnable                            
0000eb65  SSIDisable                           
0000eb7b  SSIIntRegister                       
0000eb99  SSIIntUnregister                     
0000ebb3  SSIIntEnable                         
0000ebcb  SSIIntDisable                        
0000ebe3  SSIIntStatus                         
0000ec01  SSIIntClear                          
0000ec13  SSIDataPut                           
0000ec2d  SSIDataPutNonBlocking                
0000ec4d  SSIDataGet                           
0000ec69  SSIDataGetNonBlocking                
0000ec8b  SSIDMAEnable                         
0000eca3  SSIDMADisable                        
0000ecbb  SSIBusy                              
0000ecd9  SSIClockSourceSet                    
0000eced  SSIClockSourceGet                    
0000ed11  SSIAdvModeSet                        
0000ed2d  SSIAdvDataPutFrameEnd                
0000ed53  SSIAdvDataPutFrameEndNonBlocking     
0000ed7f  SSIAdvFrameHoldEnable                
0000ed95  SSIAdvFrameHoldDisable               
0000ee7d  USBDCDConfigDescGetSize              
0000eeb5  USBDCDConfigDescGetNum               
0000ef03  USBDCDConfigDescGet                  
0000ef91  USBDCDConfigGetNumAlternateInterfaces
0000efe5  USBDCDConfigGetInterface             
0000f01b  USBDCDConfigGetInterfaceEndpoint     
0000f1a7  USBDHIDGamepadInit                   
0000f1f5  USBDHIDGamepadCompositeInit          
0000f2d1  USBDHIDGamepadSendReport             
0000f32d  USBDHIDGamepadTerm                   
0000f365  init_looper_buttons                  
0000f3c5  looper_buttons_task                  
0000f62d  init_rotary_enc                      
0000f6b5  rotary_enc_task                      
0000f891  get_channel                          
0000f8e1  pxPortInitialiseStack                
0000f96d  xPortStartScheduler                  
0000fa01  vPortEndScheduler                    
0000fa25  vPortEnterCritical                   
0000fa67  vPortExitCritical                    
0000fa93  xPortSysTickHandler                  
0000fab9  vPortSetupTimerInterrupt             
0000fad5  vPortValidateInterruptPriority       
0000fddd  init_midi_ctrl_board                 
00010049  create_error                         
000100a9  set_error                            
000100cb  init_logger                          
000100f7  logger_drawpage                      
00010131  logger_drawdata                      
000101cb  logger_drawinput                     
00010271  init_looper_board                    
00010481  GamepadHandler                       
000104f5  init_usb_hid                         
0001055d  usb_hid_task                         
000105cb  usb_hid_send                         
000105df  usb_hid_send_from_isr                
000105f3  usbhid_drawpage                      
000105f5  usbhid_drawdata                      
000105f7  usbhid_drawinput                     
0001066d  USBDescGetNum                        
000106c9  USBDescGet                           
00010733  USBDescGetNumAlternateInterfaces     
000107ed  USBDescGetInterface                  
0001081b  USBDescGetInterfaceEndpoint          
00010a11  init_midi_knobs                      
00010a43  process_midi_knobs                   
00010bdd  init_looper_effects                  
00010c05  process_effects                      
00010da5  pvPortMalloc                         
00010ea5  vPortFree                            
00010f03  xPortGetFreeHeapSize                 
00010f09  vPortInitialiseBlocks                
00010f65  __aeabi_dsub                         
00010f6f  __aeabi_dadd                         
0001111d  init_gpis                            
0001121d  get_gpi_config                       
00011261  read_gpi                             
0001127b  get_gpi_struct                       
00011459  control_drawpage                     
0001150f  control_drawdata                     
0001158f  control_drawinput                    
00011745  USBHHubMain                          
000118b9  init_gpos                            
0001195f  get_gpo_config                       
000119a3  set_gpo                              
000119cf  get_gpo                              
00011b65  init_looper_volumes                  
00011b8d  process_looper_volumes               
00011ca1  __aeabi_ddiv                         
00011dd7  vListInitialise                      
00011e07  vListInitialiseItem                  
00011e17  vListInsertEnd                       
00011e53  vListInsert                          
00011eb9  uxListRemove                         
00012025  homepage_drawpage                    
0001206f  homepage_drawdata                    
00012071  homepage_drawinput                   
00012149  init_host_uart                       
000121a5  host_uart_task                       
000121f1  send_to_host                         
0001220d  send_to_host_from_isr                
00012229  uartmsg_drawpage                     
0001222b  uartmsg_drawdata                     
0001222d  uartmsg_drawinput                    
00012269  init_midi_buttons                    
0001229d  midi_buttons_task                    
00012331  get_octave                           
00012337  pressure_sense_is_on                 
00012385  fputs                                
00012499  ldexp                                
00012499  ldexpl                               
00012499  scalbn                               
00012499  scalbnl                              
000126a9  aligned_alloc                        
000126a9  memalign                             
000127a9  get_char                             
00012811  init_console_uart                    
000128a5  __aeabi_dmul                         
000129a1  USBHCDControlTransfer                
00012a91  USBHCDInit                           
00012b81  InternalUSBTickInit                  
00012bbf  InternalUSBTickReset                 
00012bc7  InternalUSBRegisterTickHandler       
00012c17  InternalUSBStartOfFrameTick          
00012c6d  free                                 
00012d51  USBHCDMain                           
00012e31  setvbuf                              
00012f1d  ulPortGetIPSR                        
00012f35  xPortPendSVHandler                   
00012f95  vPortSVCHandler                      
00012fb5  vPortStartFirstTask                  
00012fd9  vPortEnableVFP                       
00012fe9  set_text_mode                        
00012ff7  text_color                           
00013005  bold_text_color                      
00013013  bgd_color                            
00013021  cursor_pos                           
00013033  save_cursor_pos                      
0001303d  restore_cursor_pos                   
00013047  clear_terminal                       
00013051  clear_line                           
0001305b  clear_in_line                        
00013065  clear_below_line                     
000130bb  ULPIConfigSet                        
0001315d  ULPIPowerTransceiver                 
00013185  FPUEnable                            
00013197  FPUDisable                           
000131a5  FPUStackingEnable                    
000131b7  FPULazyStackingEnable                
000131c3  FPUStackingDisable                   
000131cf  FPUHalfPrecisionModeSet              
000131e9  FPUNaNModeSet                        
00013203  FPUFlushToZeroModeSet                
0001321d  FPURoundingModeSet                   
00013395  USBHCDFeatureSet                     
00013431  __aeabi_memcpy                       
00013431  __aeabi_memcpy4                      
00013431  __aeabi_memcpy8                      
00013431  memcpy                               
000134cd  __aeabi_uldivmod                     
00013565  send_midi_message                    
00013689  __aeabi_cdcmpeq                      
00013689  __aeabi_cdcmple                      
0001370f  __aeabi_cdrcmple                     
00013795  init_board_select                    
000137f3  get_board_type                       
00013811  fflush                               
0001388d  __aeabi_memclr                       
0001388d  __aeabi_memclr4                      
0001388d  __aeabi_memclr8                      
0001388f  __aeabi_memset                       
0001388f  __aeabi_memset4                      
0001388f  __aeabi_memset8                      
00013895  memset                               
0001397d  __TI_closefile                       
000139f1  main                                 
00013b45  HOSTrename                           
00013bb1  HOSTlseek                            
00013c19  __TI_decompress_lzss                 
00013c81  USBHostCheckPipes                    
00013ce5  frexp                                
00013ce5  frexpl                               
00013d49  fseek                                
00013dad  __TI_wrt_ok                          
00013e11  HOSTopen                             
00013e71  ConfigDescAlloc                      
00013f29  close                                
00013f85  HOSTread                             
00013fdd  HOSTwrite                            
0001408d  USBHCDHubDeviceConnected             
0001413b  __TI_ltoa                            
0001427d  USBHCDPowerConfigSet                 
000142c9  __TI_doflush                         
00014315  atoi                                 
00014361  taskmanager_drawpage                 
00014399  taskmanager_drawdata                 
0001439b  taskmanager_drawinput                
000143ad  USBHCDSetAddress                     
000143f5  USBHHubInit                          
0001443d  exit                                 
00014485  __aeabi_d2iz                         
000144cd  HOSTclose                            
00014511  HOSTunlink                           
00014555  __TI_auto_init_nobinit_nopinit       
00014599  getdevice                            
000145dd  __aeabi_d2uiz                        
00014621  __aeabi_uidiv                        
00014621  __aeabi_uidivmod                     
00014661  sprintf                              
000146df  CPUcpsid                             
000146eb  CPUprimask                           
000146f5  CPUcpsie                             
00014701  CPUwfi                               
00014705  CPUbasepriSet                        
00014713  CPUbasepriGet                        
00014759  USBHCDReset                          
00014791  __TI_writemsg                        
000147bf  C$$IO$$                              
000147c9  __aeabi_f2d                          
0001486d  strncpy                              
000148a3  USBHCDSetConfig                      
000148d9  __TI_cleanup                         
0001490d  __TI_readmsg                         
00014941  _c_int00_noargs                      
00014975  finddevice                           
000149a5  __aeabi_i2d                          
000149d5  ConfigDescFree                       
00014a01  InternalUSBHCDSendEvent              
00014a2d  remove                               
00014a2d  unlink                               
00014a59  vApplicationMallocFailedHook         
00014a69  vApplicationIdleHook                 
00014a6b  vApplicationStackOverflowHook        
00014aad  lseek                                
00014ad5  write                                
00014b3d  memchr                               
00014b5d  __aeabi_ui2d                         
00014b7d  _abort_msg                           
00014bb5  memccpy                              
00014bd1  copysign                             
00014bd1  copysignl                            
00014bed  USBHHubEnumerationComplete           
00014c05  USBHHubEnumerationError              
00014c35  strcmp                               
00014c4d  USB0DeviceIntHandler                 
00014c65  strchr                               
00014c7d  USBHCDPowerAutomatic                 
00014ca5  strcpy                               
00014cb9  strlen                               
00014cdf  wcslen                               
00014cf1  __TI_decompress_none                 
00014d01  USBHCDHubDeviceDisconnected          
00014d0d  USBHCDPowerConfigGet                 
00014d19  __TI_zero_init                       
00014d25  ResetISR                             
00014d3d  __aeabi_errno_addr                   
00014d45  malloc                               
00014d4d  SysCtlDelay                          
00014d53  _system_pre_init                     
00014d57  C$$EXIT                              
00014d57  abort                                
00014e7c  _ctypes_                             
0001554c  g_pui8ConfigString                   
000155e4  g_sHIDHandlers                       
0001573c  g_ppui8StringDescriptors             
00015818  looper_gpo_info                      
00015820  midi_gpo_info                        
00015828  ulMaxSyscallInterruptPriority        
00015ba0  __TI_Handler_Table_Base              
00015bac  __TI_Handler_Table_Limit             
00015bc0  __TI_CINIT_Base                      
00015bd8  __TI_CINIT_Limit                     
20000000  __start___llvm_prf_cnts              
20000000  __stop___llvm_prf_cnts               
20000000  g_pfnRAMVectors                      
2000026c  ucHeap                               
200046c8  __CIOBUF_                            
200049e8  pad_states                           
20004ad8  __TI_tmpnams                         
20004cd8  g_psDCDInst                          
20004d68  xQueueRegistry                       
20004e48  g_pfnTickHandlers                    
20004e60  g_pvTickInstance                     
20004f24  button_states                        
20004f34  midi_knobs                           
20004fa4  adc_info                             
20004fac  gpis_info                            
20004fb4  gpo_info                             
20004fbc  parmbuf                              
20004fec  blue_debug                           
20004ff0  g_ppsDevInfo                         
20004ff4  g_ui32PollRate                       
20004ff8  green_debug                          
20004ffc  red_debug                            
20005007  g_eOTGModeState                      
20005110  _ftable                              
20005200  g_sGamepadDevice                     
20005298  _device                              
20005310  _stream                              
20005360  pxCurrentTCB                         
20005a4c  g_pui8HIDDeviceDescriptor            
20005a84  __TI_ft_end                          
20005a88  __aeabi_stdin                        
20005a8c  __aeabi_stdout                       
20005a90  __aeabi_stderr                       
20005a94  __TI_cleanup_ptr                     
20005a98  __TI_dtors_ptr                       
20005a9c  __TI_enable_exit_profile_output      
20005ab8  g_bUSBTimerInitialized               
20005abc  g_ui32CurrentUSBTick                 
20005ac0  g_ui32USBSOFCount                    
20005ae0  g_iUSBMode                           
20005ae4  g_ui32WaitTicks                      
20005aec  _lock                                
20005af0  _unlock                              
20005b04  adc_pin_struct                       
20005b24  looper_gpi_info                      
20005b2c  midi_gpi_info                        
20005b3c  i2c_msg_queue                        
20005b64  errno                                
20005b70  __stack                              
20005d70  __STACK_TOP                          
20005f70  __STACK_END                          
20005f70  _sys_memory                          
ffffffff  __TI_pprof_out_hndl                  
ffffffff  __TI_prof_data_size                  
ffffffff  __TI_prof_data_start                 
ffffffff  __binit__                            
ffffffff  __c_args__                           
ffffffff  binit                                
UNDEFED   __mpu_init                           
UNDEFED   _system_post_cinit                   

[914 symbols]
