******************************************************************************
                  TI ARM Linker PC v20.2.2                     
******************************************************************************
>> Linked Tue Apr  6 08:29:26 2021

OUTPUT FILE NAME:   <drum_pad.out>
ENTRY POINT SYMBOL: "_c_int00_noargs"  address: 0000c1e1


MEMORY CONFIGURATION

         name            origin    length      used     unused   attr    fill
----------------------  --------  ---------  --------  --------  ----  --------
  FLASH                 00000000   00040000  0000ce12  000331ee  R  X
  SRAM                  20000000   00008000  00007460  00000ba0  RW X


SEGMENT ALLOCATION MAP

run origin  load origin   length   init length attrs members
----------  ----------- ---------- ----------- ----- -------
00000000    00000000    0000ce18   0000ce18    r-x
  00000000    00000000    0000026c   0000026c    r-- .intvecs
  0000026c    0000026c    0000c236   0000c236    r-x .text
  0000c4a4    0000c4a4    000007a8   000007a8    r-- .const
  0000cc50    0000cc50    000001c8   000001c8    r-- .cinit
20000000    20000000    00007460   00000000    rw-
  20000000    20000000    0000026c   00000000    rw- .vtable
  2000026c    2000026c    00006a98   00000000    rw- .bss
  20006d04    20006d04    0000054c   00000000    rw- .data
  20007250    20007250    00000200   00000000    rw- .stack
  20007450    20007450    00000010   00000000    rw- .sysmem


SECTION ALLOCATION MAP

 output                                  attributes/
section   page    origin      length       input sections
--------  ----  ----------  ----------   ----------------
.intvecs   0    00000000    0000026c     
                  00000000    0000026c     tm4c123gh6pm_startup_ccs.obj (.intvecs)

.text      0    0000026c    0000c236     
                  0000026c    00001e58     tasks.obj (.text)
                  000020c4    00001098     queue.obj (.text)
                  0000315c    00000ef4     sysctl.obj (.text)
                  00004050    00000b88     gpio.obj (.text)
                  00004bd8    00000a4e     rtsv7M4_T_le_v4SPD16_eabi.lib : _printfi.c.obj (.text:__TI_printfi)
                  00005626    00000002                                   : _lock.c.obj (.text:_nop)
                  00005628    00000830     timers.obj (.text)
                  00005e58    000007c2     adc.obj (.text)
                  0000661a    00000002     rtsv7M4_T_le_v4SPD16_eabi.lib : div0.asm.obj (.text)
                  0000661c    0000069c     i2c.obj (.text)
                  00006cb8    00000618     uart.obj (.text)
                  000072d0    0000055c     event_groups.obj (.text)
                  0000782c    0000053c     I2C_task.obj (.text)
                  00007d68    000004a8     uartstdio.obj (.text)
                  00008210    00000494     console_task.obj (.text)
                  000086a4    000003c0     interrupt.obj (.text)
                  00008a64    00000344     ADC_task.obj (.text)
                  00008da8    000002a0     drum_pad_functions.obj (.text)
                  00009048    0000028c     port.obj (.text)
                  000092d4    00000270     rtsv7M4_T_le_v4SPD16_eabi.lib : _printfi.c.obj (.text:_pconv_a)
                  00009544    00000230     logger.obj (.text)
                  00009774    000001d0     rtsv7M4_T_le_v4SPD16_eabi.lib : _printfi.c.obj (.text:_pconv_g)
                  00009944    000001c0     heap_2.obj (.text)
                  00009b04    000001b8     main.obj (.text)
                  00009cbc    000001b6     rtsv7M4_T_le_v4SPD16_eabi.lib : fd_add_t2.asm.obj (.text)
                  00009e72    00000002     --HOLE-- [fill = 0]
                  00009e74    0000018c     GPIs.obj (.text)
                  0000a000    0000018c     host_uart_task.obj (.text)
                  0000a18c    00000178     control_page.obj (.text)
                  0000a304    00000144     GPOs.obj (.text)
                  0000a448    0000013c     rtsv7M4_T_le_v4SPD16_eabi.lib : _printfi.c.obj (.text:_pconv_e)
                  0000a584    00000136                                   : fd_div_t2.asm.obj (.text)
                  0000a6ba    00000002     --HOLE-- [fill = 0]
                  0000a6bc    00000130     homepage.obj (.text)
                  0000a7ec    0000012a     list.obj (.text)
                  0000a916    00000002     --HOLE-- [fill = 0]
                  0000a918    00000124     rtsv7M4_T_le_v4SPD16_eabi.lib : _printfi.c.obj (.text:fcvt)
                  0000aa3c    00000114                                   : fputs.c.obj (.text:fputs)
                  0000ab50    00000110                                   : s_scalbn.c.obj (.text:scalbn)
                  0000ac60    00000100                                   : memory.c.obj (.text:aligned_alloc)
                  0000ad60    000000fc                                   : fd_mul_t2.asm.obj (.text)
                  0000ae5c    000000f0     console_uart.obj (.text)
                  0000af4c    000000e4     rtsv7M4_T_le_v4SPD16_eabi.lib : memory.c.obj (.text:free)
                  0000b030    000000dc                                   : setvbuf.c.obj (.text:setvbuf)
                  0000b10c    000000da     portasm.obj (.text)
                  0000b1e6    00000002     --HOLE-- [fill = 0]
                  0000b1e8    000000d2     text_controls.obj (.text)
                  0000b2ba    00000002     --HOLE-- [fill = 0]
                  0000b2bc    000000c0     fpu.obj (.text)
                  0000b37c    000000b1     rtsv7M4_T_le_v4SPD16_eabi.lib : _printfi.c.obj (.text:_ltostr)
                  0000b42d    00000001     --HOLE-- [fill = 0]
                  0000b42e    0000009c                                   : memcpy_t2.asm.obj (.text)
                  0000b4ca    00000096                                   : ull_div_t2.asm.obj (.text)
                  0000b560    00000086                                   : fd_cmp_t2.asm.obj (.text:__aeabi_cdcmple)
                  0000b5e6    00000086                                   : fd_cmp_t2.asm.obj (.text:__aeabi_cdrcmple)
                  0000b66c    0000007c                                   : fflush.c.obj (.text:fflush)
                  0000b6e8    0000007a                                   : memset_t2.asm.obj (.text)
                  0000b762    00000002     --HOLE-- [fill = 0]
                  0000b764    00000074                                   : fclose.c.obj (.text:__TI_closefile)
                  0000b7d8    00000070                                   : memory.c.obj (.text:split)
                  0000b848    0000006e                                   : _printfi.c.obj (.text:_mcpy)
                  0000b8b6    00000002     --HOLE-- [fill = 0]
                  0000b8b8    0000006c                                   : hostrename.c.obj (.text:HOSTrename)
                  0000b924    00000068                                   : hostlseek.c.obj (.text:HOSTlseek)
                  0000b98c    00000068                                   : copy_decompress_lzss.c.obj (.text:decompress:lzss:__TI_decompress_lzss)
                  0000b9f4    00000064                                   : s_frexp.c.obj (.text:frexp)
                  0000ba58    00000064                                   : fseek.c.obj (.text:fseek)
                  0000babc    00000062                                   : _io_perm.c.obj (.text:__TI_wrt_ok)
                  0000bb1e    00000002     --HOLE-- [fill = 0]
                  0000bb20    00000060                                   : hostopen.c.obj (.text:HOSTopen)
                  0000bb80    0000005c                                   : close.c.obj (.text:close)
                  0000bbdc    00000058                                   : hostread.c.obj (.text:HOSTread)
                  0000bc34    00000058                                   : hostwrite.c.obj (.text:HOSTwrite)
                  0000bc8c    00000056                                   : _printfi.c.obj (.text:_pconv_f)
                  0000bce2    00000054                                   : _ltoa.c.obj (.text:__TI_ltoa)
                  0000bd36    00000052                                   : _printfi.c.obj (.text:_ecpy)
                  0000bd88    0000004c                                   : fflush.c.obj (.text:__TI_doflush)
                  0000bdd4    0000004c                                   : atoi.c.obj (.text:atoi)
                  0000be20    0000004c     task_manager_page.obj (.text)
                  0000be6c    00000048     rtsv7M4_T_le_v4SPD16_eabi.lib : exit.c.obj (.text:exit)
                  0000beb4    00000048                                   : fd_toi_t2.asm.obj (.text)
                  0000befc    00000044                                   : hostclose.c.obj (.text:HOSTclose)
                  0000bf40    00000044                                   : hostunlink.c.obj (.text:HOSTunlink)
                  0000bf84    00000044                                   : autoinit.c.obj (.text:__TI_auto_init_nobinit_nopinit:__TI_auto_init_nobinit_nopinit)
                  0000bfc8    00000044                                   : getdevice.c.obj (.text:getdevice)
                  0000c00c    00000040                                   : u_divt2.asm.obj (.text)
                  0000c04c    00000040                                   : sprintf.c.obj (.text:sprintf)
                  0000c08c    0000003e                                   : _printfi.c.obj (.text:_fcpy)
                  0000c0ca    0000003e     cpu.obj (.text)
                  0000c108    00000038     rtsv7M4_T_le_v4SPD16_eabi.lib : trgmsg.c.obj (.text:__TI_writemsg)
                  0000c140    00000036                                   : strncpy.c.obj (.text:strncpy)
                  0000c176    00000002     --HOLE-- [fill = 0]
                  0000c178    00000034                                   : fopen.c.obj (.text:__TI_cleanup)
                  0000c1ac    00000034                                   : trgmsg.c.obj (.text:__TI_readmsg)
                  0000c1e0    00000034                                   : boot_cortex_m.c.obj (.text:_c_int00_noargs:_c_int00_noargs)
                  0000c214    00000030                                   : getdevice.c.obj (.text:finddevice)
                  0000c244    0000002e                                   : i_tofd_t2.asm.obj (.text)
                  0000c272    00000002     --HOLE-- [fill = 0]
                  0000c274    0000002c                                   : unlink.c.obj (.text:unlink)
                  0000c2a0    0000002a     hooks.obj (.text)
                  0000c2ca    00000002     --HOLE-- [fill = 0]
                  0000c2cc    00000028     rtsv7M4_T_le_v4SPD16_eabi.lib : memory.c.obj (.text:free_list_insert)
                  0000c2f4    00000028                                   : lseek.c.obj (.text:lseek)
                  0000c31c    00000028                                   : write.c.obj (.text:write)
                  0000c344    00000020                                   : memchr.c.obj (.text:memchr)
                  0000c364    0000001c                                   : assert.c.obj (.text:_abort_msg)
                  0000c380    0000001c                                   : memory.c.obj (.text:free_list_remove)
                  0000c39c    0000001c                                   : memccpy.c.obj (.text:memccpy)
                  0000c3b8    0000001a                                   : s_copysign.c.obj (.text:copysign)
                  0000c3d2    00000018                                   : sprintf.c.obj (.text:_outs)
                  0000c3ea    00000018                                   : strcmp.c.obj (.text:strcmp)
                  0000c402    00000016                                   : strchr.c.obj (.text:strchr)
                  0000c418    00000014                                   : strcpy.c.obj (.text:strcpy)
                  0000c42c    00000014                                   : strlen.c.obj (.text:strlen)
                  0000c440    00000012                                   : wcslen.c.obj (.text:wcslen)
                  0000c452    0000000e                                   : copy_decompress_none.c.obj (.text:decompress:none:__TI_decompress_none)
                  0000c460    0000000c                                   : copy_zero_init.c.obj (.text:decompress:ZI:__TI_zero_init)
                  0000c46c    0000000c     tm4c123gh6pm_startup_ccs.obj (.text)
                  0000c478    0000000a     rtsv7M4_T_le_v4SPD16_eabi.lib : sprintf.c.obj (.text:_outc)
                  0000c482    00000002     --HOLE-- [fill = 0]
                  0000c484    00000008                                   : errno.c.obj (.text:__aeabi_errno_addr)
                  0000c48c    00000008                                   : memory.c.obj (.text:malloc)
                  0000c494    00000006     sysctl.obj (.text:SysCtlDelay)
                  0000c49a    00000004     rtsv7M4_T_le_v4SPD16_eabi.lib : pre_init.c.obj (.text:_system_pre_init)
                  0000c49e    00000004                                   : exit.c.obj (.text:abort:abort)

.const     0    0000c4a4    000007a8     
                  0000c4a4    00000120     sysctl.obj (.const:g_pppui32XTALtoVCO)
                  0000c5c4    00000101     rtsv7M4_T_le_v4SPD16_eabi.lib : ctype.c.obj (.const:.string:_ctypes_)
                  0000c6c5    00000003     --HOLE-- [fill = 0]
                  0000c6c8    000000c0     gpio.obj (.const:g_ppui32GPIOIntMapBlizzard)
                  0000c788    000000c0     gpio.obj (.const:g_ppui32GPIOIntMapSnowflake)
                  0000c848    0000009c     interrupt.obj (.const:g_pui32Regs)
                  0000c8e4    00000090     gpio.obj (.const:g_pui32GPIOBaseAddrs)
                  0000c974    0000006c     sysctl.obj (.const:g_pui32Xtals)
                  0000c9e0    00000060     ADC_task.obj (.const:.string)
                  0000ca40    00000050     i2c.obj (.const:g_ppui32I2CIntMapSnowflake)
                  0000ca90    00000040     uart.obj (.const:g_ppui32UARTIntMap)
                  0000cad0    00000040     uart.obj (.const:g_ppui32UARTIntMapSnowflake)
                  0000cb10    00000030     i2c.obj (.const:g_ppui32I2CIntMap)
                  0000cb40    00000030     sysctl.obj (.const:g_sXTALtoMEMTIM)
                  0000cb70    00000022     GPOs.obj (.const:.string)
                  0000cb92    00000002     --HOLE-- [fill = 0]
                  0000cb94    00000020     interrupt.obj (.const:g_pui32Priority)
                  0000cbb4    00000014     interrupt.obj (.const:g_pui32Dii16Regs)
                  0000cbc8    00000014     interrupt.obj (.const:g_pui32EnRegs)
                  0000cbdc    00000014     interrupt.obj (.const:g_pui32PendRegs)
                  0000cbf0    00000014     interrupt.obj (.const:g_pui32UnpendRegs)
                  0000cc04    00000012     uartstdio.obj (.const:.string)
                  0000cc16    00000002     --HOLE-- [fill = 0]
                  0000cc18    0000000c     uartstdio.obj (.const:g_ui32UARTBase)
                  0000cc24    0000000c     uartstdio.obj (.const:g_ui32UARTPeriph)
                  0000cc30    00000008     sysctl.obj (.const:g_pui32VCOFrequencies)
                  0000cc38    00000008     GPOs.obj (.const:gpo_info)
                  0000cc40    00000008     port.obj (.const)
                  0000cc48    00000004     uartstdio.obj (.const)

.cinit     0    0000cc50    000001c8     
                  0000cc50    00000190     (.cinit..data.load) [load image, compression = lzss]
                  0000cde0    0000000c     (__TI_handler_table)
                  0000cdec    00000004     --HOLE-- [fill = 0]
                  0000cdf0    00000008     (.cinit..bss.load) [load image, compression = zero_init]
                  0000cdf8    00000008     (.cinit..vtable.load) [load image, compression = zero_init]
                  0000ce00    00000018     (__TI_cinit_table)

.init_array 
*          0    00000000    00000000     UNINITIALIZED

.vtable    0    20000000    0000026c     UNINITIALIZED
                  20000000    0000026c     interrupt.obj (.vtable)

.bss       0    2000026c    00006a98     UNINITIALIZED
                  2000026c    00006400     (.common:ucHeap)
                  2000666c    00000190     task_manager_page.obj (.bss:write_buffer)
                  200067fc    00000120     rtsv7M4_T_le_v4SPD16_eabi.lib : trgmsg.c.obj (.bss:_CIOBUF_)
                  2000691c    000000f0     logger.obj (.bss:errors)
                  20006a0c    000000a0     (.common:__TI_tmpnams)
                  20006aac    00000090     (.common:pad_states)
                  20006b3c    00000064     tasks.obj (.bss:pxReadyTasksLists)
                  20006ba0    00000040     (.common:xQueueRegistry)
                  20006be0    00000020     ADC_task.obj (.bss:adc00_step_values)
                  20006c00    00000014     timers.obj (.bss:xActiveTimerList1)
                  20006c14    00000014     timers.obj (.bss:xActiveTimerList2)
                  20006c28    00000014     tasks.obj (.bss:xDelayedTaskList1)
                  20006c3c    00000014     tasks.obj (.bss:xDelayedTaskList2)
                  20006c50    00000014     tasks.obj (.bss:xPendingReadyList)
                  20006c64    00000014     tasks.obj (.bss:xSuspendedTaskList)
                  20006c78    00000014     tasks.obj (.bss:xTasksWaitingTermination)
                  20006c8c    00000010     ADC_task.obj (.bss:adc11_step_values)
                  20006c9c    00000008     host_uart_task.obj (.bss)
                  20006ca4    00000008     tasks.obj (.bss)
                  20006cac    00000008     timers.obj (.bss)
                  20006cb4    00000008     heap_2.obj (.bss:xEnd)
                  20006cbc    00000008     heap_2.obj (.bss:xStart)
                  20006cc4    00000008     (.common:adc_info)
                  20006ccc    00000008     (.common:gpis_info)
                  20006cd4    00000008     (.common:parmbuf)
                  20006cdc    00000004     I2C_task.obj (.bss)
                  20006ce0    00000004     console_uart.obj (.bss)
                  20006ce4    00000004     adc.obj (.bss:g_pui8OversampleFactor)
                  20006ce8    00000004     (.common:addr_ack_err)
                  20006cec    00000004     (.common:arb_lost_err)
                  20006cf0    00000004     (.common:blue_debug)
                  20006cf4    00000004     (.common:clk_tout_err)
                  20006cf8    00000004     (.common:data_ack_err)
                  20006cfc    00000004     (.common:green_debug)
                  20006d00    00000004     (.common:red_debug)

.data      0    20006d04    0000054c     UNINITIALIZED
                  20006d04    000000f0     rtsv7M4_T_le_v4SPD16_eabi.lib : defs.c.obj (.data:_ftable)
                  20006df4    000000a8     console_task.obj (.data:console_pages)
                  20006e9c    00000078     rtsv7M4_T_le_v4SPD16_eabi.lib : host_device.c.obj (.data:_device)
                  20006f14    00000050                                   : host_device.c.obj (.data:_stream)
                  20006f64    00000034     tasks.obj (.data)
                  20006f98    00000030     ADC_task.obj (.data:adc_pins)
                  20006fc8    00000024     ADC_task.obj (.data:pad0)
                  20006fec    00000024     ADC_task.obj (.data:pad10)
                  20007010    00000024     ADC_task.obj (.data:pad11)
                  20007034    00000024     ADC_task.obj (.data:pad1)
                  20007058    00000024     ADC_task.obj (.data:pad2)
                  2000707c    00000024     ADC_task.obj (.data:pad3)
                  200070a0    00000024     ADC_task.obj (.data:pad4)
                  200070c4    00000024     ADC_task.obj (.data:pad5)
                  200070e8    00000024     ADC_task.obj (.data:pad6)
                  2000710c    00000024     ADC_task.obj (.data:pad7)
                  20007130    00000024     ADC_task.obj (.data:pad8)
                  20007154    00000024     ADC_task.obj (.data:pad9)
                  20007178    00000014     GPOs.obj (.data:blue_led)
                  2000718c    00000014     GPOs.obj (.data:green_led)
                  200071a0    00000014     GPOs.obj (.data:red_led)
                  200071b4    00000011     console_task.obj (.data)
                  200071c5    00000003     --HOLE--
                  200071c8    00000010     rtsv7M4_T_le_v4SPD16_eabi.lib : defs.c.obj (.data)
                  200071d8    0000000c                                   : exit.c.obj (.data:$O1$$)
                  200071e4    0000000c     GPOs.obj (.data:gpos)
                  200071f0    0000000c     port.obj (.data)
                  200071fc    0000000c     timers.obj (.data)
                  20007208    00000008     rtsv7M4_T_le_v4SPD16_eabi.lib : _lock.c.obj (.data:$O1$$)
                  20007210    00000008                                   : memory.c.obj (.data:$O1$$)
                  20007218    00000008     ADC_task.obj (.data:adc_pin_struct)
                  20007220    00000008     GPIs.obj (.data:gpi_info)
                  20007228    00000008     heap_2.obj (.data)
                  20007230    00000005     I2C_task.obj (.data)
                  20007235    00000003     --HOLE--
                  20007238    00000005     uartstdio.obj (.data)
                  2000723d    00000003     --HOLE--
                  20007240    00000004     ADC_task.obj (.data)
                  20007244    00000004     host_uart_task.obj (.data)
                  20007248    00000004     logger.obj (.data)
                  2000724c    00000004     rtsv7M4_T_le_v4SPD16_eabi.lib : errno.c.obj (.data)

.stack     0    20007250    00000200     UNINITIALIZED
                  20007250    00000004     rtsv7M4_T_le_v4SPD16_eabi.lib : boot_cortex_m.c.obj (.stack)
                  20007254    000001fc     --HOLE--

.sysmem    0    20007450    00000010     UNINITIALIZED
                  20007450    00000010     rtsv7M4_T_le_v4SPD16_eabi.lib : memory.c.obj (.sysmem)

__llvm_prf_cnts 
*          0    20000000    00000000     UNINITIALIZED

MODULE SUMMARY

       Module                         code    ro data   rw data
       ------                         ----    -------   -------
    .\
       ADC_task.obj                   836     96        26140  
       I2C_task.obj                   1340    0         25     
       console_task.obj               1172    0         185    
       drum_pad_functions.obj         672     0         144    
       logger.obj                     560     0         256    
       tm4c123gh6pm_startup_ccs.obj   12      620       0      
       task_manager_page.obj          76      0         400    
       heap_2.obj                     448     0         24     
       main.obj                       440     0         0      
       GPOs.obj                       324     42        72     
       host_uart_task.obj             396     0         12     
       GPIs.obj                       396     0         8      
       control_page.obj               376     0         16     
       homepage.obj                   304     0         0      
       console_uart.obj               240     0         4      
       text_controls.obj              210     0         0      
       hooks.obj                      42      0         0      
    +--+------------------------------+-------+---------+---------+
       Total:                         7844    758       27286  
                                                               
    .\FreeRTOS\
       tasks.obj                      7768    0         260    
       queue.obj                      4248    0         64     
       timers.obj                     2096    0         60     
       event_groups.obj               1372    0         0      
       list.obj                       298     0         0      
    +--+------------------------------+-------+---------+---------+
       Total:                         15782   0         384    
                                                               
    .\FreeRTOS\portable\CCS\ARM_CM4F\
       port.obj                       652     8         12     
       portasm.obj                    218     0         0      
    +--+------------------------------+-------+---------+---------+
       Total:                         870     8         12     
                                                               
    .\driverlib\
       sysctl.obj                     3834    452       0      
       gpio.obj                       2952    528       0      
       adc.obj                        1986    0         4      
       interrupt.obj                  960     268       620    
       i2c.obj                        1692    128       0      
       uart.obj                       1560    128       0      
       fpu.obj                        192     0         0      
       cpu.obj                        62      0         0      
    +--+------------------------------+-------+---------+---------+
       Total:                         13238   1504      624    
                                                               
    .\utils\
       uartstdio.obj                  1192    46        5      
    +--+------------------------------+-------+---------+---------+
       Total:                         1192    46        5      
                                                               
    C:\ti\ccs1020\ccs\tools\compiler\ti-cgt-arm_20.2.2.LTS\lib\rtsv7M4_T_le_v4SPD16_eabi.lib
       _printfi.c.obj                 4851    0         0      
       memory.c.obj                   672     0         8      
       fd_add_t2.asm.obj              438     0         0      
       defs.c.obj                     0       0         416    
       trgmsg.c.obj                   108     0         288    
       fd_div_t2.asm.obj              310     0         0      
       fputs.c.obj                    276     0         0      
       s_scalbn.c.obj                 272     0         0      
       fd_cmp_t2.asm.obj              268     0         0      
       ctype.c.obj                    0       257       0      
       fd_mul_t2.asm.obj              252     0         0      
       setvbuf.c.obj                  220     0         0      
       fflush.c.obj                   200     0         0      
       host_device.c.obj              0       0         200    
       memcpy_t2.asm.obj              156     0         0      
       ull_div_t2.asm.obj             150     0         0      
       memset_t2.asm.obj              122     0         0      
       fclose.c.obj                   116     0         0      
       getdevice.c.obj                116     0         0      
       hostrename.c.obj               108     0         0      
       copy_decompress_lzss.c.obj     104     0         0      
       hostlseek.c.obj                104     0         0      
       hostopen.c.obj                 96      0         8      
       fseek.c.obj                    100     0         0      
       s_frexp.c.obj                  100     0         0      
       _io_perm.c.obj                 98      0         0      
       sprintf.c.obj                  98      0         0      
       close.c.obj                    92      0         0      
       exit.c.obj                     76      0         12     
       hostread.c.obj                 88      0         0      
       hostwrite.c.obj                88      0         0      
       _ltoa.c.obj                    84      0         0      
       atoi.c.obj                     76      0         0      
       fd_toi_t2.asm.obj              72      0         0      
       autoinit.c.obj                 68      0         0      
       hostclose.c.obj                68      0         0      
       hostunlink.c.obj               68      0         0      
       u_divt2.asm.obj                64      0         0      
       strncpy.c.obj                  54      0         0      
       boot_cortex_m.c.obj            52      0         0      
       fopen.c.obj                    52      0         0      
       i_tofd_t2.asm.obj              46      0         0      
       unlink.c.obj                   44      0         0      
       lseek.c.obj                    40      0         0      
       write.c.obj                    40      0         0      
       memchr.c.obj                   32      0         0      
       assert.c.obj                   28      0         0      
       memccpy.c.obj                  28      0         0      
       s_copysign.c.obj               26      0         0      
       strcmp.c.obj                   24      0         0      
       strchr.c.obj                   22      0         0      
       strcpy.c.obj                   20      0         0      
       strlen.c.obj                   20      0         0      
       wcslen.c.obj                   18      0         0      
       copy_decompress_none.c.obj     14      0         0      
       copy_zero_init.c.obj           12      0         0      
       errno.c.obj                    8       0         4      
       _lock.c.obj                    2       0         8      
       pre_init.c.obj                 4       0         0      
       div0.asm.obj                   2       0         0      
    +--+------------------------------+-------+---------+---------+
       Total:                         10767   257       944    
                                                               
       Heap:                          0       0         16     
       Stack:                         0       0         512    
       Linker Generated:              0       452       0      
    +--+------------------------------+-------+---------+---------+
       Grand Total:                   49693   3025      29783  


LINKER GENERATED COPY TABLES

__TI_cinit_table @ 0000ce00 records: 3, size/record: 8, table size: 24
	.data: load addr=0000cc50, load size=00000190 bytes, run addr=20006d04, run size=0000054c bytes, compression=lzss
	.bss: load addr=0000cdf0, load size=00000008 bytes, run addr=2000026c, run size=00006a98 bytes, compression=zero_init
	.vtable: load addr=0000cdf8, load size=00000008 bytes, run addr=20000000, run size=0000026c bytes, compression=zero_init


LINKER GENERATED HANDLER TABLE

__TI_handler_table @ 0000cde0 records: 3, size/record: 4, table size: 12
	index: 0, handler: __TI_zero_init
	index: 1, handler: __TI_decompress_lzss
	index: 2, handler: __TI_decompress_none


GLOBAL SYMBOLS: SORTED ALPHABETICALLY BY Name 

address   name                               
-------   ----                               
00006595  ADCBusy                            
000065dd  ADCClockConfigGet                  
000065b3  ADCClockConfigSet                  
000063af  ADCComparatorConfigure             
0000647f  ADCComparatorIntClear              
00006435  ADCComparatorIntDisable            
00006453  ADCComparatorIntEnable             
00006471  ADCComparatorIntStatus             
000063cb  ADCComparatorRegionSet             
000063ef  ADCComparatorReset                 
0000637d  ADCHardwareOversampleConfigure     
00005f93  ADCIntClear                        
000064f7  ADCIntClearEx                      
00005ef9  ADCIntDisable                      
00006491  ADCIntDisableEx                    
00005f15  ADCIntEnable                       
000064a9  ADCIntEnableEx                     
00005eb3  ADCIntRegister                     
00005f3b  ADCIntStatus                       
000064c5  ADCIntStatusEx                     
00005edb  ADCIntUnregister                   
0000654f  ADCPhaseDelayGet                   
0000653d  ADCPhaseDelaySet                   
000061f3  ADCProcessorTrigger                
0000652b  ADCReferenceGet                    
0000650f  ADCReferenceSet                    
00008c53  ADCSeq0Handler                     
00008c89  ADCSeq1Handler                     
00005fdd  ADCSequenceConfigure               
00006579  ADCSequenceDMADisable              
0000655d  ADCSequenceDMAEnable               
000061b1  ADCSequenceDataGet                 
00005fc3  ADCSequenceDisable                 
00005fa9  ADCSequenceEnable                  
00006155  ADCSequenceOverflow                
0000616d  ADCSequenceOverflowClear           
00006061  ADCSequenceStepConfigure           
00006183  ADCSequenceUnderflow               
0000619b  ADCSequenceUnderflowClear          
00006217  ADCSoftwareOversampleConfigure     
0000630f  ADCSoftwareOversampleDataGet       
0000624f  ADCSoftwareOversampleStepConfigure 
0000c49f  C$$EXIT                            
0000c137  C$$IO$$                            
0000c0ff  CPUbasepriGet                      
0000c0f1  CPUbasepriSet                      
0000c0cb  CPUcpsid                           
0000c0e1  CPUcpsie                           
0000c0d7  CPUprimask                         
0000c0ed  CPUwfi                             
0000b2cf  FPUDisable                         
0000b2bd  FPUEnable                          
0000b33b  FPUFlushToZeroModeSet              
0000b307  FPUHalfPrecisionModeSet            
0000b2ef  FPULazyStackingEnable              
0000b321  FPUNaNModeSet                      
0000b355  FPURoundingModeSet                 
0000b2fb  FPUStackingDisable                 
0000b2dd  FPUStackingEnable                  
00004bb3  GPIOADCTriggerDisable              
00004b95  GPIOADCTriggerEnable               
00004b77  GPIODMATriggerDisable              
00004b59  GPIODMATriggerEnable               
0000410b  GPIODirModeGet                     
000040af  GPIODirModeSet                     
00004673  GPIOIntClear                       
00004637  GPIOIntDisable                     
0000461d  GPIOIntEnable                      
00004687  GPIOIntRegister                    
00004651  GPIOIntStatus                      
000041fb  GPIOIntTypeGet                     
00004157  GPIOIntTypeSet                     
000046a5  GPIOIntUnregister                  
000044cb  GPIOPadConfigGet                   
00004291  GPIOPadConfigSet                   
00004afb  GPIOPinConfigure                   
000046bf  GPIOPinRead                        
000046f7  GPIOPinTypeADC                     
0000471b  GPIOPinTypeCAN                     
00004ac7  GPIOPinTypeCIR                     
0000473f  GPIOPinTypeComparator              
00004763  GPIOPinTypeEPI                     
00004787  GPIOPinTypeEthernetLED             
000047ab  GPIOPinTypeEthernetMII             
000047cf  GPIOPinTypeGPIOInput               
000047f3  GPIOPinTypeGPIOOutput              
00004817  GPIOPinTypeGPIOOutputOD            
0000483b  GPIOPinTypeI2C                     
0000485f  GPIOPinTypeI2CSCL                  
00004a7f  GPIOPinTypeKBColumn                
00004a5b  GPIOPinTypeKBRow                   
00004883  GPIOPinTypeLCD                     
00004aa3  GPIOPinTypeLEDSeq                  
000048a7  GPIOPinTypeLPC                     
000048cb  GPIOPinTypePECIRx                  
000048ef  GPIOPinTypePECITx                  
00004913  GPIOPinTypePWM                     
00004937  GPIOPinTypeQEI                     
0000495b  GPIOPinTypeSSI                     
0000497f  GPIOPinTypeTimer                   
000049a3  GPIOPinTypeUART                    
000049c7  GPIOPinTypeUSBAnalog               
000049eb  GPIOPinTypeUSBDigital              
00004a0f  GPIOPinTypeWakeHigh                
00004a35  GPIOPinTypeWakeLow                 
00004aeb  GPIOPinWakeStatus                  
000046d7  GPIOPinWrite                       
0000befd  HOSTclose                          
0000b925  HOSTlseek                          
0000bb21  HOSTopen                           
0000bbdd  HOSTread                           
0000b8b9  HOSTrename                         
0000bf41  HOSTunlink                         
0000bc35  HOSTwrite                          
00006c13  I2CFIFODataGet                     
00006c2d  I2CFIFODataGetNonBlocking          
00006bc9  I2CFIFODataPut                     
00006beb  I2CFIFODataPutNonBlocking          
00006bb9  I2CFIFOStatus                      
000067ad  I2CIntRegister                     
000067cb  I2CIntUnregister                   
00006c69  I2CMasterBurstCountGet             
00006c53  I2CMasterBurstLengthSet            
00006a11  I2CMasterBusBusy                   
000069f9  I2CMasterBusy                      
00006a29  I2CMasterControl                   
00006a7d  I2CMasterDataGet                   
00006a67  I2CMasterDataPut                   
00006779  I2CMasterDisable                   
00006745  I2CMasterEnable                    
00006a3b  I2CMasterErr                       
00006c77  I2CMasterGlitchFilterConfigSet     
0000667b  I2CMasterInitExpClk                
00006973  I2CMasterIntClear                  
00006991  I2CMasterIntClearEx                
0000683f  I2CMasterIntDisable                
0000684f  I2CMasterIntDisableEx              
000067e5  I2CMasterIntEnable                 
000067f5  I2CMasterIntEnableEx               
00006899  I2CMasterIntStatus                 
000068dd  I2CMasterIntStatusEx               
000069eb  I2CMasterLineStateGet              
000069c9  I2CMasterSlaveAddrSet              
00006a8b  I2CMasterTimeoutSet                
00006b79  I2CRxFIFOConfigSet                 
00006ba1  I2CRxFIFOFlush                     
00006a9d  I2CSlaveACKOverride                
00006acf  I2CSlaveACKValueSet                
00006707  I2CSlaveAddressSet                 
00006b29  I2CSlaveDataGet                    
00006b11  I2CSlaveDataPut                    
0000678f  I2CSlaveDisable                    
0000675b  I2CSlaveEnable                     
00006ca7  I2CSlaveFIFODisable                
00006c8f  I2CSlaveFIFOEnable                 
000066ed  I2CSlaveInit                       
000069a3  I2CSlaveIntClear                   
000069b5  I2CSlaveIntClearEx                 
00006867  I2CSlaveIntDisable                 
0000687f  I2CSlaveIntDisableEx               
0000680d  I2CSlaveIntEnable                  
00006825  I2CSlaveIntEnableEx                
00006909  I2CSlaveIntStatus                  
00006951  I2CSlaveIntStatusEx                
00006b01  I2CSlaveStatus                     
00006b39  I2CTxFIFOConfigSet                 
00006b61  I2CTxFIFOFlush                     
00008865  IntDisable                         
000087f3  IntEnable                          
000088d7  IntIsEnabled                       
000086b7  IntMasterDisable                   
000086a7  IntMasterEnable                    
000089cd  IntPendClear                       
0000895d  IntPendSet                         
000087cf  IntPriorityGet                     
00008747  IntPriorityGroupingGet             
0000872d  IntPriorityGroupingSet             
00008a27  IntPriorityMaskGet                 
00008a1b  IntPriorityMaskSet                 
0000877f  IntPrioritySet                     
000086c7  IntRegister                        
00008a2f  IntTrigger                         
00008719  IntUnregister                      
0000c46d  ResetISR                           
00003fef  SysCtlAltClkConfig                 
000037c5  SysCtlClockFreqSet                 
00003ca9  SysCtlClockGet                     
00003fd3  SysCtlClockOutConfig               
00003add  SysCtlClockSet                     
000036c5  SysCtlDeepSleep                    
00003e75  SysCtlDeepSleepClockConfigSet      
00003e57  SysCtlDeepSleepClockSet            
000036a5  SysCtlDeepSleepPowerSet            
0000c495  SysCtlDelay                        
00003253  SysCtlFlashSectorSizeGet           
00003227  SysCtlFlashSizeGet                 
00003f4b  SysCtlGPIOAHBDisable               
00003f2f  SysCtlGPIOAHBEnable                
00003639  SysCtlIntClear                     
00003621  SysCtlIntDisable                   
0000360d  SysCtlIntEnable                    
000035e5  SysCtlIntRegister                  
00003649  SysCtlIntStatus                    
000035fd  SysCtlIntUnregister                
0000368b  SysCtlLDODeepSleepGet              
0000367b  SysCtlLDODeepSleepSet              
00003675  SysCtlLDOSleepGet                  
00003665  SysCtlLDOSleepSet                  
000036fb  SysCtlMOSCConfigSet                
00003fbf  SysCtlNMIClear                     
00003fb9  SysCtlNMIStatus                    
00003711  SysCtlPIOSCCalibrate               
00003f19  SysCtlPWMClockGet                  
00003eff  SysCtlPWMClockSet                  
00003591  SysCtlPeripheralClockGating        
00003549  SysCtlPeripheralDeepSleepDisable   
000034f9  SysCtlPeripheralDeepSleepEnable    
00003435  SysCtlPeripheralDisable            
000033f9  SysCtlPeripheralEnable             
00003335  SysCtlPeripheralPowerOff           
000032f9  SysCtlPeripheralPowerOn            
00003279  SysCtlPeripheralPresent            
000032b9  SysCtlPeripheralReady              
00003371  SysCtlPeripheralReset              
000034bd  SysCtlPeripheralSleepDisable       
00003479  SysCtlPeripheralSleepEnable        
000036b5  SysCtlReset                        
00003771  SysCtlResetBehaviorGet             
00003761  SysCtlResetBehaviorSet             
000036e7  SysCtlResetCauseClear              
000036e1  SysCtlResetCauseGet                
0000321d  SysCtlSRAMSizeGet                  
000036bd  SysCtlSleep                        
00003691  SysCtlSleepPowerSet                
00003f79  SysCtlUSBPLLDisable                
00003f67  SysCtlUSBPLLEnable                 
00003fa5  SysCtlVoltageEventClear            
00003f89  SysCtlVoltageEventConfig           
00003f99  SysCtlVoltageEventStatus           
00007289  UART9BitAddrSend                   
00007263  UART9BitAddrSet                    
0000724d  UART9BitDisable                    
00007237  UART9BitEnable                     
000070db  UARTBreakCtl                       
00007105  UARTBusy                           
00007083  UARTCharGet                        
00007067  UARTCharGetNonBlocking             
000070bd  UARTCharPut                        
00007099  UARTCharPutNonBlocking             
0000702b  UARTCharsAvail                     
00007227  UARTClockSourceGet                 
00007213  UARTClockSourceSet                 
00006dfb  UARTConfigGetExpClk                
00006d85  UARTConfigSetExpClk                
000071d9  UARTDMADisable                     
000071c1  UARTDMAEnable                      
00006e6b  UARTDisable                        
00006eef  UARTDisableSIR                     
00006e47  UARTEnable                         
00006ec1  UARTEnableSIR                      
00006eab  UARTFIFODisable                    
00006e95  UARTFIFOEnable                     
00006d5d  UARTFIFOLevelGet                   
00006d45  UARTFIFOLevelSet                   
00006feb  UARTFlowControlGet                 
00006fcf  UARTFlowControlSet                 
000071af  UARTIntClear                       
00007179  UARTIntDisable                     
00007161  UARTIntEnable                      
00007123  UARTIntRegister                    
00007191  UARTIntStatus                      
00007141  UARTIntUnregister                  
00006f85  UARTModemControlClear              
00006fa9  UARTModemControlGet                
00006f4d  UARTModemControlSet                
00006fbb  UARTModemStatusGet                 
00006d33  UARTParityModeGet                  
00006d17  UARTParityModeSet                  
00007203  UARTRxErrorClear                   
000071f1  UARTRxErrorGet                     
00006f37  UARTSmartCardDisable               
00006f05  UARTSmartCardEnable                
00007049  UARTSpaceAvail                     
00007d69  UARTStdioConfig                    
00007019  UARTTxIntModeGet                   
00006ffd  UARTTxIntModeSet                   
00007eb9  UARTgetc                           
00007dff  UARTgets                           
000081db  UARTprintf                         
00007ee1  UARTvprintf                        
00007daf  UARTwrite                          
200067fc  __CIOBUF_                          
20007450  __STACK_END                        
00000200  __STACK_SIZE                       
20007450  __STACK_TOP                        
00000010  __SYSMEM_SIZE                      
0000ce00  __TI_CINIT_Base                    
0000ce18  __TI_CINIT_Limit                   
0000cde0  __TI_Handler_Table_Base            
0000cdec  __TI_Handler_Table_Limit           
0000bf85  __TI_auto_init_nobinit_nopinit     
0000c179  __TI_cleanup                       
200071d8  __TI_cleanup_ptr                   
0000b765  __TI_closefile                     
0000b98d  __TI_decompress_lzss               
0000c453  __TI_decompress_none               
0000bd89  __TI_doflush                       
200071dc  __TI_dtors_ptr                     
200071e0  __TI_enable_exit_profile_output    
200071c8  __TI_ft_end                        
0000bce3  __TI_ltoa                          
ffffffff  __TI_pprof_out_hndl                
00004bd9  __TI_printfi                       
ffffffff  __TI_prof_data_size                
ffffffff  __TI_prof_data_start               
0000c1ad  __TI_readmsg                       
00000000  __TI_static_base__                 
20006a0c  __TI_tmpnams                       
0000c109  __TI_writemsg                      
0000babd  __TI_wrt_ok                        
0000c461  __TI_zero_init                     
0000b561  __aeabi_cdcmpeq                    
0000b561  __aeabi_cdcmple                    
0000b5e7  __aeabi_cdrcmple                   
0000beb5  __aeabi_d2iz                       
00009cc7  __aeabi_dadd                       
0000a585  __aeabi_ddiv                       
0000ad61  __aeabi_dmul                       
00009cbd  __aeabi_dsub                       
0000c485  __aeabi_errno_addr                 
0000c245  __aeabi_i2d                        
0000661b  __aeabi_idiv0                      
0000661b  __aeabi_ldiv0                      
0000b6e9  __aeabi_memclr                     
0000b6e9  __aeabi_memclr4                    
0000b6e9  __aeabi_memclr8                    
0000b42f  __aeabi_memcpy                     
0000b42f  __aeabi_memcpy4                    
0000b42f  __aeabi_memcpy8                    
0000b6eb  __aeabi_memset                     
0000b6eb  __aeabi_memset4                    
0000b6eb  __aeabi_memset8                    
200071d4  __aeabi_stderr                     
200071cc  __aeabi_stdin                      
200071d0  __aeabi_stdout                     
0000c00d  __aeabi_uidiv                      
0000c00d  __aeabi_uidivmod                   
0000b4cb  __aeabi_uldivmod                   
ffffffff  __binit__                          
ffffffff  __c_args__                         
UNDEFED   __mpu_init                         
20007250  __stack                            
20000000  __start___llvm_prf_cnts            
20000000  __stop___llvm_prf_cnts             
0000c365  _abort_msg                         
0000c1e1  _c_int00_noargs                    
0000c5c4  _ctypes_                           
20006e9c  _device                            
20006d04  _ftable                            
20007208  _lock                              
00005627  _nop                               
20006f14  _stream                            
20007450  _sys_memory                        
UNDEFED   _system_post_cinit                 
0000c49b  _system_pre_init                   
2000720c  _unlock                            
0000c49f  abort                              
20006cc4  adc_info                           
20007218  adc_pin_struct                     
00008cbf  adc_task                           
000078b7  add_i2c_msg                        
00008221  add_page                           
20006ce8  addr_ack_err                       
0000ac61  aligned_alloc                      
20006cec  arb_lost_err                       
0000bdd5  atoi                               
0000b213  bgd_color                          
ffffffff  binit                              
20006cf0  blue_debug                         
0000b205  bold_text_color                    
0000b265  clear_below_line                   
0000b25b  clear_in_line                      
0000b251  clear_line                         
0000b247  clear_terminal                     
20006cf4  clk_tout_err                       
0000bb81  close                              
000084f5  console_task                       
0000a243  control_drawdata                   
0000a2c3  control_drawinput                  
0000a18d  control_drawpage                   
0000c3b9  copysign                           
0000c3b9  copysignl                          
00009545  create_error                       
0000b221  cursor_pos                         
20006cf8  data_ack_err                       
000006a5  eTaskGetState                      
2000724c  errno                              
0000be6d  exit                               
0000b66d  fflush                             
0000c215  finddevice                         
0000aa3d  fputs                              
0000af4d  free                               
0000b9f5  frexp                              
0000b9f5  frexpl                             
0000ba59  fseek                              
20000000  g_pfnRAMVectors                    
00000000  g_pfnVectors                       
00008bd1  get_adc_config                     
00008c49  get_adc_struct                     
00008c15  get_adc_val                        
0000ae5d  get_char                           
00009f59  get_gpi_config                     
00009fbb  get_gpi_struct                     
0000a3f7  get_gpo                            
0000a387  get_gpo_config                     
0000bfc9  getdevice                          
20007220  gpi_info                           
20006ccc  gpis_info                          
0000cc38  gpo_info                           
20006cfc  green_debug                        
0000a70f  homepage_drawdata                  
0000a711  homepage_drawinput                 
0000a6bd  homepage_drawpage                  
0000a07b  host_uart_task                     
20007230  i2c_msg_queue                      
00007941  i2c_task                           
00008a65  init_adc                           
00008211  init_console                       
0000aec5  init_console_uart                  
00008da9  init_drumpad                       
00009e75  init_gpis                          
0000a305  init_gpos                          
0000a001  init_host_uart                     
0000782d  init_i2c                           
000095b7  init_logger                        
000082dd  is_on_screen                       
0000ab51  ldexp                              
0000ab51  ldexpl                             
0000961d  logger_drawdata                    
000096cd  logger_drawinput                   
000095e3  logger_drawpage                    
0000c2f5  lseek                              
00009b05  main                               
0000c48d  malloc                             
0000ac61  memalign                           
0000c39d  memccpy                            
0000c345  memchr                             
0000b42f  memcpy                             
0000b6f1  memset                             
20006aac  pad_states                         
20006cd4  parmbuf                            
00003075  pcQueueGetName                     
00000d55  pcTaskGetName                      
00005845  pcTimerGetName                     
00008de3  process_drumpad                    
00009945  pvPortMalloc                       
00001b01  pvTaskIncrementMutexHeldCount      
00005d3d  pvTimerGetTimerID                  
20006f64  pxCurrentTCB                       
00009049  pxPortInitialiseStack              
00009f9d  read_gpi                           
20006d00  red_debug                          
0000c275  remove                             
0000b23d  restore_cursor_pos                 
0000b233  save_cursor_pos                    
0000ab51  scalbn                             
0000ab51  scalbnl                            
0000a10f  send_to_host                       
0000a12b  send_to_host_from_isr              
000095a5  set_error                          
0000a3cb  set_gpo                            
0000b1e9  set_text_mode                      
0000b031  setvbuf                            
0000c04d  sprintf                            
0000c403  strchr                             
0000c3eb  strcmp                             
0000c419  strcpy                             
0000c42d  strlen                             
0000c141  strncpy                            
0000be59  taskmanager_drawdata               
0000be5b  taskmanager_drawinput              
0000be21  taskmanager_drawpage               
0000b1f7  text_color                         
0000a149  uartmsg_drawdata                   
0000a14b  uartmsg_drawinput                  
0000a147  uartmsg_drawpage                   
2000026c  ucHeap                             
00002da5  ucQueueGetQueueType                
0000cc40  ulMaxSyscallInterruptPriority      
0000b11d  ulPortGetIPSR                      
00001b19  ulTaskNotifyTake                   
0000c275  unlink                             
000077f3  uxEventGroupGetNumber              
0000a8cf  uxListRemove                       
00002d85  uxQueueGetQueueNumber              
00002ccf  uxQueueMessagesWaiting             
00002d31  uxQueueMessagesWaitingFromISR      
00002cfd  uxQueueSpacesAvailable             
00000d4f  uxTaskGetNumberOfTasks             
00000d9d  uxTaskGetSystemState               
00001387  uxTaskGetTaskNumber                
0000075b  uxTaskPriorityGet                  
0000078d  uxTaskPriorityGetFromISR           
00001adf  uxTaskResetEventItemValue          
00005e1b  uxTimerGetTimerNumber              
0000c2b1  vApplicationIdleHook               
0000c2a1  vApplicationMallocFailedHook       
0000c2b3  vApplicationStackOverflowHook      
0000778d  vEventGroupClearBitsCallback       
00007727  vEventGroupDelete                  
0000777d  vEventGroupSetBitsCallback         
00007813  vEventGroupSetNumber               
0000a7ed  vListInitialise                    
0000a81d  vListInitialiseItem                
0000a869  vListInsert                        
0000a82d  vListInsertEnd                     
0000b1d9  vPortEnableVFP                     
00009169  vPortEndScheduler                  
0000918d  vPortEnterCritical                 
000091cf  vPortExitCritical                  
00009a45  vPortFree                          
00009aa9  vPortInitialiseBlocks              
0000b195  vPortSVCHandler                    
00009221  vPortSetupTimerInterrupt           
0000b1b5  vPortStartFirstTask                
0000923d  vPortValidateInterruptPriority     
00003033  vQueueAddToRegistry                
00002d5b  vQueueDelete                       
00002d93  vQueueSetQueueNumber               
000030b5  vQueueUnregisterQueue              
000030f9  vQueueWaitForMessageRestricted     
0000063d  vTaskDelay                         
00000559  vTaskDelayUntil                    
0000048f  vTaskDelete                        
00000bf5  vTaskEndScheduler                  
0000148d  vTaskGetInfo                       
000012bf  vTaskInternalSetTimeOutState       
000019cd  vTaskList                          
0000137f  vTaskMissedYield                   
00001ee5  vTaskNotifyGiveFromISR             
0000106f  vTaskPlaceOnEventList              
00001111  vTaskPlaceOnEventListRestricted    
000010b1  vTaskPlaceOnUnorderedEventList     
00001879  vTaskPriorityDisinheritAfterTimeout
000007d1  vTaskPrioritySet                   
000011f5  vTaskRemoveFromUnorderedEventList  
00000a49  vTaskResume                        
000013a7  vTaskSetTaskNumber                 
0000128d  vTaskSetTimeOutState               
00000b81  vTaskStartScheduler                
00000905  vTaskSuspend                       
00000c15  vTaskSuspendAll                    
00000fa9  vTaskSwitchContext                 
000057d1  vTimerSetReloadMode                
00005d6b  vTimerSetTimerID                   
00005e29  vTimerSetTimerNumber               
0000c441  wcslen                             
0000c31d  write                              
00007583  xEventGroupClearBits               
000075e1  xEventGroupClearBitsFromISR        
000072d1  xEventGroupCreate                  
000075f9  xEventGroupGetBitsFromISR          
0000762d  xEventGroupSetBits                 
000077d3  xEventGroupSetBitsFromISR          
000072f1  xEventGroupSync                    
00007423  xEventGroupWaitBits                
00009aa3  xPortGetFreeHeapSize               
0000b135  xPortPendSVHandler                 
000090d5  xPortStartScheduler                
000091fb  xPortSysTickHandler                
0000227d  xQueueCreateCountingSemaphore      
00002251  xQueueCreateMutex                  
00002179  xQueueGenericCreate                
000020c5  xQueueGenericReset                 
000022d9  xQueueGenericSend                  
0000248d  xQueueGenericSendFromISR           
00002595  xQueueGiveFromISR                  
00002f9f  xQueueIsQueueEmptyFromISR          
00002ff9  xQueueIsQueueFullFromISR           
000029cd  xQueuePeek                         
00002c23  xQueuePeekFromISR                  
00002685  xQueueReceive                      
00002b4b  xQueueReceiveFromISR               
20006ba0  xQueueRegistry                     
000027fd  xQueueSemaphoreTake                
000012d9  xTaskCheckForTimeOut               
0000026d  xTaskCreate                        
00001c45  xTaskGenericNotify                 
00001d85  xTaskGenericNotifyFromISR          
00001661  xTaskGetCurrentTaskHandle          
00001675  xTaskGetSchedulerState             
00000d2b  xTaskGetTickCount                  
00000d3b  xTaskGetTickCountFromISR           
00000e8d  xTaskIncrementTick                 
00001fcd  xTaskNotifyStateClear              
00001b8f  xTaskNotifyWait                    
0000179b  xTaskPriorityDisinherit            
000016c1  xTaskPriorityInherit               
00001155  xTaskRemoveFromEventList           
00000c29  xTaskResumeAll                     
00000add  xTaskResumeFromISR                 
00005667  xTimerCreate                       
00005629  xTimerCreateTimerTask              
00005709  xTimerGenericCommand               
0000581b  xTimerGetExpiryTime                
000057ab  xTimerGetPeriod                    
00005789  xTimerGetTimerDaemonTaskHandle     
00005d01  xTimerIsTimerActive                
00005dcf  xTimerPendFunctionCall             
00005d99  xTimerPendFunctionCallFromISR      


GLOBAL SYMBOLS: SORTED BY Symbol Address 

address   name                               
-------   ----                               
00000000  __TI_static_base__                 
00000000  g_pfnVectors                       
00000010  __SYSMEM_SIZE                      
00000200  __STACK_SIZE                       
0000026d  xTaskCreate                        
0000048f  vTaskDelete                        
00000559  vTaskDelayUntil                    
0000063d  vTaskDelay                         
000006a5  eTaskGetState                      
0000075b  uxTaskPriorityGet                  
0000078d  uxTaskPriorityGetFromISR           
000007d1  vTaskPrioritySet                   
00000905  vTaskSuspend                       
00000a49  vTaskResume                        
00000add  xTaskResumeFromISR                 
00000b81  vTaskStartScheduler                
00000bf5  vTaskEndScheduler                  
00000c15  vTaskSuspendAll                    
00000c29  xTaskResumeAll                     
00000d2b  xTaskGetTickCount                  
00000d3b  xTaskGetTickCountFromISR           
00000d4f  uxTaskGetNumberOfTasks             
00000d55  pcTaskGetName                      
00000d9d  uxTaskGetSystemState               
00000e8d  xTaskIncrementTick                 
00000fa9  vTaskSwitchContext                 
0000106f  vTaskPlaceOnEventList              
000010b1  vTaskPlaceOnUnorderedEventList     
00001111  vTaskPlaceOnEventListRestricted    
00001155  xTaskRemoveFromEventList           
000011f5  vTaskRemoveFromUnorderedEventList  
0000128d  vTaskSetTimeOutState               
000012bf  vTaskInternalSetTimeOutState       
000012d9  xTaskCheckForTimeOut               
0000137f  vTaskMissedYield                   
00001387  uxTaskGetTaskNumber                
000013a7  vTaskSetTaskNumber                 
0000148d  vTaskGetInfo                       
00001661  xTaskGetCurrentTaskHandle          
00001675  xTaskGetSchedulerState             
000016c1  xTaskPriorityInherit               
0000179b  xTaskPriorityDisinherit            
00001879  vTaskPriorityDisinheritAfterTimeout
000019cd  vTaskList                          
00001adf  uxTaskResetEventItemValue          
00001b01  pvTaskIncrementMutexHeldCount      
00001b19  ulTaskNotifyTake                   
00001b8f  xTaskNotifyWait                    
00001c45  xTaskGenericNotify                 
00001d85  xTaskGenericNotifyFromISR          
00001ee5  vTaskNotifyGiveFromISR             
00001fcd  xTaskNotifyStateClear              
000020c5  xQueueGenericReset                 
00002179  xQueueGenericCreate                
00002251  xQueueCreateMutex                  
0000227d  xQueueCreateCountingSemaphore      
000022d9  xQueueGenericSend                  
0000248d  xQueueGenericSendFromISR           
00002595  xQueueGiveFromISR                  
00002685  xQueueReceive                      
000027fd  xQueueSemaphoreTake                
000029cd  xQueuePeek                         
00002b4b  xQueueReceiveFromISR               
00002c23  xQueuePeekFromISR                  
00002ccf  uxQueueMessagesWaiting             
00002cfd  uxQueueSpacesAvailable             
00002d31  uxQueueMessagesWaitingFromISR      
00002d5b  vQueueDelete                       
00002d85  uxQueueGetQueueNumber              
00002d93  vQueueSetQueueNumber               
00002da5  ucQueueGetQueueType                
00002f9f  xQueueIsQueueEmptyFromISR          
00002ff9  xQueueIsQueueFullFromISR           
00003033  vQueueAddToRegistry                
00003075  pcQueueGetName                     
000030b5  vQueueUnregisterQueue              
000030f9  vQueueWaitForMessageRestricted     
0000321d  SysCtlSRAMSizeGet                  
00003227  SysCtlFlashSizeGet                 
00003253  SysCtlFlashSectorSizeGet           
00003279  SysCtlPeripheralPresent            
000032b9  SysCtlPeripheralReady              
000032f9  SysCtlPeripheralPowerOn            
00003335  SysCtlPeripheralPowerOff           
00003371  SysCtlPeripheralReset              
000033f9  SysCtlPeripheralEnable             
00003435  SysCtlPeripheralDisable            
00003479  SysCtlPeripheralSleepEnable        
000034bd  SysCtlPeripheralSleepDisable       
000034f9  SysCtlPeripheralDeepSleepEnable    
00003549  SysCtlPeripheralDeepSleepDisable   
00003591  SysCtlPeripheralClockGating        
000035e5  SysCtlIntRegister                  
000035fd  SysCtlIntUnregister                
0000360d  SysCtlIntEnable                    
00003621  SysCtlIntDisable                   
00003639  SysCtlIntClear                     
00003649  SysCtlIntStatus                    
00003665  SysCtlLDOSleepSet                  
00003675  SysCtlLDOSleepGet                  
0000367b  SysCtlLDODeepSleepSet              
0000368b  SysCtlLDODeepSleepGet              
00003691  SysCtlSleepPowerSet                
000036a5  SysCtlDeepSleepPowerSet            
000036b5  SysCtlReset                        
000036bd  SysCtlSleep                        
000036c5  SysCtlDeepSleep                    
000036e1  SysCtlResetCauseGet                
000036e7  SysCtlResetCauseClear              
000036fb  SysCtlMOSCConfigSet                
00003711  SysCtlPIOSCCalibrate               
00003761  SysCtlResetBehaviorSet             
00003771  SysCtlResetBehaviorGet             
000037c5  SysCtlClockFreqSet                 
00003add  SysCtlClockSet                     
00003ca9  SysCtlClockGet                     
00003e57  SysCtlDeepSleepClockSet            
00003e75  SysCtlDeepSleepClockConfigSet      
00003eff  SysCtlPWMClockSet                  
00003f19  SysCtlPWMClockGet                  
00003f2f  SysCtlGPIOAHBEnable                
00003f4b  SysCtlGPIOAHBDisable               
00003f67  SysCtlUSBPLLEnable                 
00003f79  SysCtlUSBPLLDisable                
00003f89  SysCtlVoltageEventConfig           
00003f99  SysCtlVoltageEventStatus           
00003fa5  SysCtlVoltageEventClear            
00003fb9  SysCtlNMIStatus                    
00003fbf  SysCtlNMIClear                     
00003fd3  SysCtlClockOutConfig               
00003fef  SysCtlAltClkConfig                 
000040af  GPIODirModeSet                     
0000410b  GPIODirModeGet                     
00004157  GPIOIntTypeSet                     
000041fb  GPIOIntTypeGet                     
00004291  GPIOPadConfigSet                   
000044cb  GPIOPadConfigGet                   
0000461d  GPIOIntEnable                      
00004637  GPIOIntDisable                     
00004651  GPIOIntStatus                      
00004673  GPIOIntClear                       
00004687  GPIOIntRegister                    
000046a5  GPIOIntUnregister                  
000046bf  GPIOPinRead                        
000046d7  GPIOPinWrite                       
000046f7  GPIOPinTypeADC                     
0000471b  GPIOPinTypeCAN                     
0000473f  GPIOPinTypeComparator              
00004763  GPIOPinTypeEPI                     
00004787  GPIOPinTypeEthernetLED             
000047ab  GPIOPinTypeEthernetMII             
000047cf  GPIOPinTypeGPIOInput               
000047f3  GPIOPinTypeGPIOOutput              
00004817  GPIOPinTypeGPIOOutputOD            
0000483b  GPIOPinTypeI2C                     
0000485f  GPIOPinTypeI2CSCL                  
00004883  GPIOPinTypeLCD                     
000048a7  GPIOPinTypeLPC                     
000048cb  GPIOPinTypePECIRx                  
000048ef  GPIOPinTypePECITx                  
00004913  GPIOPinTypePWM                     
00004937  GPIOPinTypeQEI                     
0000495b  GPIOPinTypeSSI                     
0000497f  GPIOPinTypeTimer                   
000049a3  GPIOPinTypeUART                    
000049c7  GPIOPinTypeUSBAnalog               
000049eb  GPIOPinTypeUSBDigital              
00004a0f  GPIOPinTypeWakeHigh                
00004a35  GPIOPinTypeWakeLow                 
00004a5b  GPIOPinTypeKBRow                   
00004a7f  GPIOPinTypeKBColumn                
00004aa3  GPIOPinTypeLEDSeq                  
00004ac7  GPIOPinTypeCIR                     
00004aeb  GPIOPinWakeStatus                  
00004afb  GPIOPinConfigure                   
00004b59  GPIODMATriggerEnable               
00004b77  GPIODMATriggerDisable              
00004b95  GPIOADCTriggerEnable               
00004bb3  GPIOADCTriggerDisable              
00004bd9  __TI_printfi                       
00005627  _nop                               
00005629  xTimerCreateTimerTask              
00005667  xTimerCreate                       
00005709  xTimerGenericCommand               
00005789  xTimerGetTimerDaemonTaskHandle     
000057ab  xTimerGetPeriod                    
000057d1  vTimerSetReloadMode                
0000581b  xTimerGetExpiryTime                
00005845  pcTimerGetName                     
00005d01  xTimerIsTimerActive                
00005d3d  pvTimerGetTimerID                  
00005d6b  vTimerSetTimerID                   
00005d99  xTimerPendFunctionCallFromISR      
00005dcf  xTimerPendFunctionCall             
00005e1b  uxTimerGetTimerNumber              
00005e29  vTimerSetTimerNumber               
00005eb3  ADCIntRegister                     
00005edb  ADCIntUnregister                   
00005ef9  ADCIntDisable                      
00005f15  ADCIntEnable                       
00005f3b  ADCIntStatus                       
00005f93  ADCIntClear                        
00005fa9  ADCSequenceEnable                  
00005fc3  ADCSequenceDisable                 
00005fdd  ADCSequenceConfigure               
00006061  ADCSequenceStepConfigure           
00006155  ADCSequenceOverflow                
0000616d  ADCSequenceOverflowClear           
00006183  ADCSequenceUnderflow               
0000619b  ADCSequenceUnderflowClear          
000061b1  ADCSequenceDataGet                 
000061f3  ADCProcessorTrigger                
00006217  ADCSoftwareOversampleConfigure     
0000624f  ADCSoftwareOversampleStepConfigure 
0000630f  ADCSoftwareOversampleDataGet       
0000637d  ADCHardwareOversampleConfigure     
000063af  ADCComparatorConfigure             
000063cb  ADCComparatorRegionSet             
000063ef  ADCComparatorReset                 
00006435  ADCComparatorIntDisable            
00006453  ADCComparatorIntEnable             
00006471  ADCComparatorIntStatus             
0000647f  ADCComparatorIntClear              
00006491  ADCIntDisableEx                    
000064a9  ADCIntEnableEx                     
000064c5  ADCIntStatusEx                     
000064f7  ADCIntClearEx                      
0000650f  ADCReferenceSet                    
0000652b  ADCReferenceGet                    
0000653d  ADCPhaseDelaySet                   
0000654f  ADCPhaseDelayGet                   
0000655d  ADCSequenceDMAEnable               
00006579  ADCSequenceDMADisable              
00006595  ADCBusy                            
000065b3  ADCClockConfigSet                  
000065dd  ADCClockConfigGet                  
0000661b  __aeabi_idiv0                      
0000661b  __aeabi_ldiv0                      
0000667b  I2CMasterInitExpClk                
000066ed  I2CSlaveInit                       
00006707  I2CSlaveAddressSet                 
00006745  I2CMasterEnable                    
0000675b  I2CSlaveEnable                     
00006779  I2CMasterDisable                   
0000678f  I2CSlaveDisable                    
000067ad  I2CIntRegister                     
000067cb  I2CIntUnregister                   
000067e5  I2CMasterIntEnable                 
000067f5  I2CMasterIntEnableEx               
0000680d  I2CSlaveIntEnable                  
00006825  I2CSlaveIntEnableEx                
0000683f  I2CMasterIntDisable                
0000684f  I2CMasterIntDisableEx              
00006867  I2CSlaveIntDisable                 
0000687f  I2CSlaveIntDisableEx               
00006899  I2CMasterIntStatus                 
000068dd  I2CMasterIntStatusEx               
00006909  I2CSlaveIntStatus                  
00006951  I2CSlaveIntStatusEx                
00006973  I2CMasterIntClear                  
00006991  I2CMasterIntClearEx                
000069a3  I2CSlaveIntClear                   
000069b5  I2CSlaveIntClearEx                 
000069c9  I2CMasterSlaveAddrSet              
000069eb  I2CMasterLineStateGet              
000069f9  I2CMasterBusy                      
00006a11  I2CMasterBusBusy                   
00006a29  I2CMasterControl                   
00006a3b  I2CMasterErr                       
00006a67  I2CMasterDataPut                   
00006a7d  I2CMasterDataGet                   
00006a8b  I2CMasterTimeoutSet                
00006a9d  I2CSlaveACKOverride                
00006acf  I2CSlaveACKValueSet                
00006b01  I2CSlaveStatus                     
00006b11  I2CSlaveDataPut                    
00006b29  I2CSlaveDataGet                    
00006b39  I2CTxFIFOConfigSet                 
00006b61  I2CTxFIFOFlush                     
00006b79  I2CRxFIFOConfigSet                 
00006ba1  I2CRxFIFOFlush                     
00006bb9  I2CFIFOStatus                      
00006bc9  I2CFIFODataPut                     
00006beb  I2CFIFODataPutNonBlocking          
00006c13  I2CFIFODataGet                     
00006c2d  I2CFIFODataGetNonBlocking          
00006c53  I2CMasterBurstLengthSet            
00006c69  I2CMasterBurstCountGet             
00006c77  I2CMasterGlitchFilterConfigSet     
00006c8f  I2CSlaveFIFOEnable                 
00006ca7  I2CSlaveFIFODisable                
00006d17  UARTParityModeSet                  
00006d33  UARTParityModeGet                  
00006d45  UARTFIFOLevelSet                   
00006d5d  UARTFIFOLevelGet                   
00006d85  UARTConfigSetExpClk                
00006dfb  UARTConfigGetExpClk                
00006e47  UARTEnable                         
00006e6b  UARTDisable                        
00006e95  UARTFIFOEnable                     
00006eab  UARTFIFODisable                    
00006ec1  UARTEnableSIR                      
00006eef  UARTDisableSIR                     
00006f05  UARTSmartCardEnable                
00006f37  UARTSmartCardDisable               
00006f4d  UARTModemControlSet                
00006f85  UARTModemControlClear              
00006fa9  UARTModemControlGet                
00006fbb  UARTModemStatusGet                 
00006fcf  UARTFlowControlSet                 
00006feb  UARTFlowControlGet                 
00006ffd  UARTTxIntModeSet                   
00007019  UARTTxIntModeGet                   
0000702b  UARTCharsAvail                     
00007049  UARTSpaceAvail                     
00007067  UARTCharGetNonBlocking             
00007083  UARTCharGet                        
00007099  UARTCharPutNonBlocking             
000070bd  UARTCharPut                        
000070db  UARTBreakCtl                       
00007105  UARTBusy                           
00007123  UARTIntRegister                    
00007141  UARTIntUnregister                  
00007161  UARTIntEnable                      
00007179  UARTIntDisable                     
00007191  UARTIntStatus                      
000071af  UARTIntClear                       
000071c1  UARTDMAEnable                      
000071d9  UARTDMADisable                     
000071f1  UARTRxErrorGet                     
00007203  UARTRxErrorClear                   
00007213  UARTClockSourceSet                 
00007227  UARTClockSourceGet                 
00007237  UART9BitEnable                     
0000724d  UART9BitDisable                    
00007263  UART9BitAddrSet                    
00007289  UART9BitAddrSend                   
000072d1  xEventGroupCreate                  
000072f1  xEventGroupSync                    
00007423  xEventGroupWaitBits                
00007583  xEventGroupClearBits               
000075e1  xEventGroupClearBitsFromISR        
000075f9  xEventGroupGetBitsFromISR          
0000762d  xEventGroupSetBits                 
00007727  vEventGroupDelete                  
0000777d  vEventGroupSetBitsCallback         
0000778d  vEventGroupClearBitsCallback       
000077d3  xEventGroupSetBitsFromISR          
000077f3  uxEventGroupGetNumber              
00007813  vEventGroupSetNumber               
0000782d  init_i2c                           
000078b7  add_i2c_msg                        
00007941  i2c_task                           
00007d69  UARTStdioConfig                    
00007daf  UARTwrite                          
00007dff  UARTgets                           
00007eb9  UARTgetc                           
00007ee1  UARTvprintf                        
000081db  UARTprintf                         
00008211  init_console                       
00008221  add_page                           
000082dd  is_on_screen                       
000084f5  console_task                       
000086a7  IntMasterEnable                    
000086b7  IntMasterDisable                   
000086c7  IntRegister                        
00008719  IntUnregister                      
0000872d  IntPriorityGroupingSet             
00008747  IntPriorityGroupingGet             
0000877f  IntPrioritySet                     
000087cf  IntPriorityGet                     
000087f3  IntEnable                          
00008865  IntDisable                         
000088d7  IntIsEnabled                       
0000895d  IntPendSet                         
000089cd  IntPendClear                       
00008a1b  IntPriorityMaskSet                 
00008a27  IntPriorityMaskGet                 
00008a2f  IntTrigger                         
00008a65  init_adc                           
00008bd1  get_adc_config                     
00008c15  get_adc_val                        
00008c49  get_adc_struct                     
00008c53  ADCSeq0Handler                     
00008c89  ADCSeq1Handler                     
00008cbf  adc_task                           
00008da9  init_drumpad                       
00008de3  process_drumpad                    
00009049  pxPortInitialiseStack              
000090d5  xPortStartScheduler                
00009169  vPortEndScheduler                  
0000918d  vPortEnterCritical                 
000091cf  vPortExitCritical                  
000091fb  xPortSysTickHandler                
00009221  vPortSetupTimerInterrupt           
0000923d  vPortValidateInterruptPriority     
00009545  create_error                       
000095a5  set_error                          
000095b7  init_logger                        
000095e3  logger_drawpage                    
0000961d  logger_drawdata                    
000096cd  logger_drawinput                   
00009945  pvPortMalloc                       
00009a45  vPortFree                          
00009aa3  xPortGetFreeHeapSize               
00009aa9  vPortInitialiseBlocks              
00009b05  main                               
00009cbd  __aeabi_dsub                       
00009cc7  __aeabi_dadd                       
00009e75  init_gpis                          
00009f59  get_gpi_config                     
00009f9d  read_gpi                           
00009fbb  get_gpi_struct                     
0000a001  init_host_uart                     
0000a07b  host_uart_task                     
0000a10f  send_to_host                       
0000a12b  send_to_host_from_isr              
0000a147  uartmsg_drawpage                   
0000a149  uartmsg_drawdata                   
0000a14b  uartmsg_drawinput                  
0000a18d  control_drawpage                   
0000a243  control_drawdata                   
0000a2c3  control_drawinput                  
0000a305  init_gpos                          
0000a387  get_gpo_config                     
0000a3cb  set_gpo                            
0000a3f7  get_gpo                            
0000a585  __aeabi_ddiv                       
0000a6bd  homepage_drawpage                  
0000a70f  homepage_drawdata                  
0000a711  homepage_drawinput                 
0000a7ed  vListInitialise                    
0000a81d  vListInitialiseItem                
0000a82d  vListInsertEnd                     
0000a869  vListInsert                        
0000a8cf  uxListRemove                       
0000aa3d  fputs                              
0000ab51  ldexp                              
0000ab51  ldexpl                             
0000ab51  scalbn                             
0000ab51  scalbnl                            
0000ac61  aligned_alloc                      
0000ac61  memalign                           
0000ad61  __aeabi_dmul                       
0000ae5d  get_char                           
0000aec5  init_console_uart                  
0000af4d  free                               
0000b031  setvbuf                            
0000b11d  ulPortGetIPSR                      
0000b135  xPortPendSVHandler                 
0000b195  vPortSVCHandler                    
0000b1b5  vPortStartFirstTask                
0000b1d9  vPortEnableVFP                     
0000b1e9  set_text_mode                      
0000b1f7  text_color                         
0000b205  bold_text_color                    
0000b213  bgd_color                          
0000b221  cursor_pos                         
0000b233  save_cursor_pos                    
0000b23d  restore_cursor_pos                 
0000b247  clear_terminal                     
0000b251  clear_line                         
0000b25b  clear_in_line                      
0000b265  clear_below_line                   
0000b2bd  FPUEnable                          
0000b2cf  FPUDisable                         
0000b2dd  FPUStackingEnable                  
0000b2ef  FPULazyStackingEnable              
0000b2fb  FPUStackingDisable                 
0000b307  FPUHalfPrecisionModeSet            
0000b321  FPUNaNModeSet                      
0000b33b  FPUFlushToZeroModeSet              
0000b355  FPURoundingModeSet                 
0000b42f  __aeabi_memcpy                     
0000b42f  __aeabi_memcpy4                    
0000b42f  __aeabi_memcpy8                    
0000b42f  memcpy                             
0000b4cb  __aeabi_uldivmod                   
0000b561  __aeabi_cdcmpeq                    
0000b561  __aeabi_cdcmple                    
0000b5e7  __aeabi_cdrcmple                   
0000b66d  fflush                             
0000b6e9  __aeabi_memclr                     
0000b6e9  __aeabi_memclr4                    
0000b6e9  __aeabi_memclr8                    
0000b6eb  __aeabi_memset                     
0000b6eb  __aeabi_memset4                    
0000b6eb  __aeabi_memset8                    
0000b6f1  memset                             
0000b765  __TI_closefile                     
0000b8b9  HOSTrename                         
0000b925  HOSTlseek                          
0000b98d  __TI_decompress_lzss               
0000b9f5  frexp                              
0000b9f5  frexpl                             
0000ba59  fseek                              
0000babd  __TI_wrt_ok                        
0000bb21  HOSTopen                           
0000bb81  close                              
0000bbdd  HOSTread                           
0000bc35  HOSTwrite                          
0000bce3  __TI_ltoa                          
0000bd89  __TI_doflush                       
0000bdd5  atoi                               
0000be21  taskmanager_drawpage               
0000be59  taskmanager_drawdata               
0000be5b  taskmanager_drawinput              
0000be6d  exit                               
0000beb5  __aeabi_d2iz                       
0000befd  HOSTclose                          
0000bf41  HOSTunlink                         
0000bf85  __TI_auto_init_nobinit_nopinit     
0000bfc9  getdevice                          
0000c00d  __aeabi_uidiv                      
0000c00d  __aeabi_uidivmod                   
0000c04d  sprintf                            
0000c0cb  CPUcpsid                           
0000c0d7  CPUprimask                         
0000c0e1  CPUcpsie                           
0000c0ed  CPUwfi                             
0000c0f1  CPUbasepriSet                      
0000c0ff  CPUbasepriGet                      
0000c109  __TI_writemsg                      
0000c137  C$$IO$$                            
0000c141  strncpy                            
0000c179  __TI_cleanup                       
0000c1ad  __TI_readmsg                       
0000c1e1  _c_int00_noargs                    
0000c215  finddevice                         
0000c245  __aeabi_i2d                        
0000c275  remove                             
0000c275  unlink                             
0000c2a1  vApplicationMallocFailedHook       
0000c2b1  vApplicationIdleHook               
0000c2b3  vApplicationStackOverflowHook      
0000c2f5  lseek                              
0000c31d  write                              
0000c345  memchr                             
0000c365  _abort_msg                         
0000c39d  memccpy                            
0000c3b9  copysign                           
0000c3b9  copysignl                          
0000c3eb  strcmp                             
0000c403  strchr                             
0000c419  strcpy                             
0000c42d  strlen                             
0000c441  wcslen                             
0000c453  __TI_decompress_none               
0000c461  __TI_zero_init                     
0000c46d  ResetISR                           
0000c485  __aeabi_errno_addr                 
0000c48d  malloc                             
0000c495  SysCtlDelay                        
0000c49b  _system_pre_init                   
0000c49f  C$$EXIT                            
0000c49f  abort                              
0000c5c4  _ctypes_                           
0000cc38  gpo_info                           
0000cc40  ulMaxSyscallInterruptPriority      
0000cde0  __TI_Handler_Table_Base            
0000cdec  __TI_Handler_Table_Limit           
0000ce00  __TI_CINIT_Base                    
0000ce18  __TI_CINIT_Limit                   
20000000  __start___llvm_prf_cnts            
20000000  __stop___llvm_prf_cnts             
20000000  g_pfnRAMVectors                    
2000026c  ucHeap                             
200067fc  __CIOBUF_                          
20006a0c  __TI_tmpnams                       
20006aac  pad_states                         
20006ba0  xQueueRegistry                     
20006cc4  adc_info                           
20006ccc  gpis_info                          
20006cd4  parmbuf                            
20006ce8  addr_ack_err                       
20006cec  arb_lost_err                       
20006cf0  blue_debug                         
20006cf4  clk_tout_err                       
20006cf8  data_ack_err                       
20006cfc  green_debug                        
20006d00  red_debug                          
20006d04  _ftable                            
20006e9c  _device                            
20006f14  _stream                            
20006f64  pxCurrentTCB                       
200071c8  __TI_ft_end                        
200071cc  __aeabi_stdin                      
200071d0  __aeabi_stdout                     
200071d4  __aeabi_stderr                     
200071d8  __TI_cleanup_ptr                   
200071dc  __TI_dtors_ptr                     
200071e0  __TI_enable_exit_profile_output    
20007208  _lock                              
2000720c  _unlock                            
20007218  adc_pin_struct                     
20007220  gpi_info                           
20007230  i2c_msg_queue                      
2000724c  errno                              
20007250  __stack                            
20007450  __STACK_END                        
20007450  __STACK_TOP                        
20007450  _sys_memory                        
ffffffff  __TI_pprof_out_hndl                
ffffffff  __TI_prof_data_size                
ffffffff  __TI_prof_data_start               
ffffffff  __binit__                          
ffffffff  __c_args__                         
ffffffff  binit                              
UNDEFED   __mpu_init                         
UNDEFED   _system_post_cinit                 

[610 symbols]
