<?xml version="1.0" encoding="ISO-8859-1" ?>
<link_info>
   <banner>TI ARM Linker PC v18.12.4.LTS</banner>
   <copyright>Copyright (c) 1996-2018 Texas Instruments Incorporated</copyright>
   <link_time>0x6011b0d7</link_time>
   <link_errors>0x0</link_errors>
   <output_file>Game_Controller.out</output_file>
   <entry_point>
      <name>_c_int00_noargs</name>
      <address>0x12df9</address>
   </entry_point>
   <input_file_list>
      <input_file id="fl-2">
         <path>.\</path>
         <kind>object</kind>
         <file>ADC_task.obj</file>
         <name>ADC_task.obj</name>
      </input_file>
      <input_file id="fl-3">
         <path>.\</path>
         <kind>object</kind>
         <file>GPOs.obj</file>
         <name>GPOs.obj</name>
      </input_file>
      <input_file id="fl-4">
         <path>.\</path>
         <kind>object</kind>
         <file>I2C_task.obj</file>
         <name>I2C_task.obj</name>
      </input_file>
      <input_file id="fl-5">
         <path>.\</path>
         <kind>object</kind>
         <file>board_task.obj</file>
         <name>board_task.obj</name>
      </input_file>
      <input_file id="fl-6">
         <path>.\</path>
         <kind>object</kind>
         <file>buttons.obj</file>
         <name>buttons.obj</name>
      </input_file>
      <input_file id="fl-7">
         <path>.\</path>
         <kind>object</kind>
         <file>buzzer_lcdbl.obj</file>
         <name>buzzer_lcdbl.obj</name>
      </input_file>
      <input_file id="fl-8">
         <path>.\</path>
         <kind>object</kind>
         <file>console_task.obj</file>
         <name>console_task.obj</name>
      </input_file>
      <input_file id="fl-9">
         <path>.\</path>
         <kind>object</kind>
         <file>console_uart.obj</file>
         <name>console_uart.obj</name>
      </input_file>
      <input_file id="fl-a">
         <path>.\</path>
         <kind>object</kind>
         <file>control_page.obj</file>
         <name>control_page.obj</name>
      </input_file>
      <input_file id="fl-b">
         <path>.\</path>
         <kind>object</kind>
         <file>heap_2.obj</file>
         <name>heap_2.obj</name>
      </input_file>
      <input_file id="fl-c">
         <path>.\</path>
         <kind>object</kind>
         <file>homepage.obj</file>
         <name>homepage.obj</name>
      </input_file>
      <input_file id="fl-d">
         <path>.\</path>
         <kind>object</kind>
         <file>hooks.obj</file>
         <name>hooks.obj</name>
      </input_file>
      <input_file id="fl-e">
         <path>.\</path>
         <kind>object</kind>
         <file>lcd_task.obj</file>
         <name>lcd_task.obj</name>
      </input_file>
      <input_file id="fl-f">
         <path>.\</path>
         <kind>object</kind>
         <file>light_temp_task.obj</file>
         <name>light_temp_task.obj</name>
      </input_file>
      <input_file id="fl-10">
         <path>.\</path>
         <kind>object</kind>
         <file>logger.obj</file>
         <name>logger.obj</name>
      </input_file>
      <input_file id="fl-11">
         <path>.\</path>
         <kind>object</kind>
         <file>main.obj</file>
         <name>main.obj</name>
      </input_file>
      <input_file id="fl-12">
         <path>.\</path>
         <kind>object</kind>
         <file>task_manager_page.obj</file>
         <name>task_manager_page.obj</name>
      </input_file>
      <input_file id="fl-13">
         <path>.\</path>
         <kind>object</kind>
         <file>text_controls.obj</file>
         <name>text_controls.obj</name>
      </input_file>
      <input_file id="fl-14">
         <path>.\</path>
         <kind>object</kind>
         <file>tm4c123gh6pm_startup_ccs.obj</file>
         <name>tm4c123gh6pm_startup_ccs.obj</name>
      </input_file>
      <input_file id="fl-15">
         <path>.\</path>
         <kind>object</kind>
         <file>usb_structs.obj</file>
         <name>usb_structs.obj</name>
      </input_file>
      <input_file id="fl-16">
         <path>.\</path>
         <kind>object</kind>
         <file>usb_task.obj</file>
         <name>usb_task.obj</name>
      </input_file>
      <input_file id="fl-17">
         <path>.\</path>
         <kind>object</kind>
         <file>watchdog_task.obj</file>
         <name>watchdog_task.obj</name>
      </input_file>
      <input_file id="fl-18">
         <path>.\FreeRTOS\</path>
         <kind>object</kind>
         <file>croutine.obj</file>
         <name>croutine.obj</name>
      </input_file>
      <input_file id="fl-19">
         <path>.\FreeRTOS\</path>
         <kind>object</kind>
         <file>event_groups.obj</file>
         <name>event_groups.obj</name>
      </input_file>
      <input_file id="fl-1a">
         <path>.\FreeRTOS\</path>
         <kind>object</kind>
         <file>list.obj</file>
         <name>list.obj</name>
      </input_file>
      <input_file id="fl-1b">
         <path>.\FreeRTOS\</path>
         <kind>object</kind>
         <file>queue.obj</file>
         <name>queue.obj</name>
      </input_file>
      <input_file id="fl-1c">
         <path>.\FreeRTOS\</path>
         <kind>object</kind>
         <file>stream_buffer.obj</file>
         <name>stream_buffer.obj</name>
      </input_file>
      <input_file id="fl-1d">
         <path>.\FreeRTOS\</path>
         <kind>object</kind>
         <file>tasks.obj</file>
         <name>tasks.obj</name>
      </input_file>
      <input_file id="fl-1e">
         <path>.\FreeRTOS\</path>
         <kind>object</kind>
         <file>timers.obj</file>
         <name>timers.obj</name>
      </input_file>
      <input_file id="fl-1f">
         <path>.\FreeRTOS\portable\CCS\ARM_CM4F\</path>
         <kind>object</kind>
         <file>port.obj</file>
         <name>port.obj</name>
      </input_file>
      <input_file id="fl-20">
         <path>.\FreeRTOS\portable\CCS\ARM_CM4F\</path>
         <kind>object</kind>
         <file>portasm.obj</file>
         <name>portasm.obj</name>
      </input_file>
      <input_file id="fl-21">
         <path>.\driverlib\</path>
         <kind>object</kind>
         <file>adc.obj</file>
         <name>adc.obj</name>
      </input_file>
      <input_file id="fl-22">
         <path>.\driverlib\</path>
         <kind>object</kind>
         <file>aes.obj</file>
         <name>aes.obj</name>
      </input_file>
      <input_file id="fl-23">
         <path>.\driverlib\</path>
         <kind>object</kind>
         <file>can.obj</file>
         <name>can.obj</name>
      </input_file>
      <input_file id="fl-24">
         <path>.\driverlib\</path>
         <kind>object</kind>
         <file>comp.obj</file>
         <name>comp.obj</name>
      </input_file>
      <input_file id="fl-25">
         <path>.\driverlib\</path>
         <kind>object</kind>
         <file>cpu.obj</file>
         <name>cpu.obj</name>
      </input_file>
      <input_file id="fl-26">
         <path>.\driverlib\</path>
         <kind>object</kind>
         <file>crc.obj</file>
         <name>crc.obj</name>
      </input_file>
      <input_file id="fl-27">
         <path>.\driverlib\</path>
         <kind>object</kind>
         <file>des.obj</file>
         <name>des.obj</name>
      </input_file>
      <input_file id="fl-28">
         <path>.\driverlib\</path>
         <kind>object</kind>
         <file>eeprom.obj</file>
         <name>eeprom.obj</name>
      </input_file>
      <input_file id="fl-29">
         <path>.\driverlib\</path>
         <kind>object</kind>
         <file>emac.obj</file>
         <name>emac.obj</name>
      </input_file>
      <input_file id="fl-2a">
         <path>.\driverlib\</path>
         <kind>object</kind>
         <file>epi.obj</file>
         <name>epi.obj</name>
      </input_file>
      <input_file id="fl-2b">
         <path>.\driverlib\</path>
         <kind>object</kind>
         <file>epi_workaround_ccs.obj</file>
         <name>epi_workaround_ccs.obj</name>
      </input_file>
      <input_file id="fl-2c">
         <path>.\driverlib\</path>
         <kind>object</kind>
         <file>flash.obj</file>
         <name>flash.obj</name>
      </input_file>
      <input_file id="fl-2d">
         <path>.\driverlib\</path>
         <kind>object</kind>
         <file>fpu.obj</file>
         <name>fpu.obj</name>
      </input_file>
      <input_file id="fl-2e">
         <path>.\driverlib\</path>
         <kind>object</kind>
         <file>gpio.obj</file>
         <name>gpio.obj</name>
      </input_file>
      <input_file id="fl-2f">
         <path>.\driverlib\</path>
         <kind>object</kind>
         <file>hibernate.obj</file>
         <name>hibernate.obj</name>
      </input_file>
      <input_file id="fl-30">
         <path>.\driverlib\</path>
         <kind>object</kind>
         <file>i2c.obj</file>
         <name>i2c.obj</name>
      </input_file>
      <input_file id="fl-31">
         <path>.\driverlib\</path>
         <kind>object</kind>
         <file>interrupt.obj</file>
         <name>interrupt.obj</name>
      </input_file>
      <input_file id="fl-32">
         <path>.\driverlib\</path>
         <kind>object</kind>
         <file>lcd.obj</file>
         <name>lcd.obj</name>
      </input_file>
      <input_file id="fl-33">
         <path>.\driverlib\</path>
         <kind>object</kind>
         <file>mpu.obj</file>
         <name>mpu.obj</name>
      </input_file>
      <input_file id="fl-34">
         <path>.\driverlib\</path>
         <kind>object</kind>
         <file>pwm.obj</file>
         <name>pwm.obj</name>
      </input_file>
      <input_file id="fl-35">
         <path>.\driverlib\</path>
         <kind>object</kind>
         <file>qei.obj</file>
         <name>qei.obj</name>
      </input_file>
      <input_file id="fl-36">
         <path>.\driverlib\</path>
         <kind>object</kind>
         <file>shamd5.obj</file>
         <name>shamd5.obj</name>
      </input_file>
      <input_file id="fl-37">
         <path>.\driverlib\</path>
         <kind>object</kind>
         <file>ssi.obj</file>
         <name>ssi.obj</name>
      </input_file>
      <input_file id="fl-38">
         <path>.\driverlib\</path>
         <kind>object</kind>
         <file>sw_crc.obj</file>
         <name>sw_crc.obj</name>
      </input_file>
      <input_file id="fl-39">
         <path>.\driverlib\</path>
         <kind>object</kind>
         <file>sysctl.obj</file>
         <name>sysctl.obj</name>
      </input_file>
      <input_file id="fl-3a">
         <path>.\driverlib\</path>
         <kind>object</kind>
         <file>sysexc.obj</file>
         <name>sysexc.obj</name>
      </input_file>
      <input_file id="fl-3b">
         <path>.\driverlib\</path>
         <kind>object</kind>
         <file>systick.obj</file>
         <name>systick.obj</name>
      </input_file>
      <input_file id="fl-3c">
         <path>.\driverlib\</path>
         <kind>object</kind>
         <file>timer.obj</file>
         <name>timer.obj</name>
      </input_file>
      <input_file id="fl-3d">
         <path>.\driverlib\</path>
         <kind>object</kind>
         <file>uart.obj</file>
         <name>uart.obj</name>
      </input_file>
      <input_file id="fl-3e">
         <path>.\driverlib\</path>
         <kind>object</kind>
         <file>udma.obj</file>
         <name>udma.obj</name>
      </input_file>
      <input_file id="fl-3f">
         <path>.\driverlib\</path>
         <kind>object</kind>
         <file>usb.obj</file>
         <name>usb.obj</name>
      </input_file>
      <input_file id="fl-40">
         <path>.\driverlib\</path>
         <kind>object</kind>
         <file>watchdog.obj</file>
         <name>watchdog.obj</name>
      </input_file>
      <input_file id="fl-41">
         <path>.\usb\</path>
         <kind>object</kind>
         <file>usbbuffer.obj</file>
         <name>usbbuffer.obj</name>
      </input_file>
      <input_file id="fl-42">
         <path>.\usb\</path>
         <kind>object</kind>
         <file>usbdaudio.obj</file>
         <name>usbdaudio.obj</name>
      </input_file>
      <input_file id="fl-43">
         <path>.\usb\</path>
         <kind>object</kind>
         <file>usbdbulk.obj</file>
         <name>usbdbulk.obj</name>
      </input_file>
      <input_file id="fl-44">
         <path>.\usb\</path>
         <kind>object</kind>
         <file>usbdcdc.obj</file>
         <name>usbdcdc.obj</name>
      </input_file>
      <input_file id="fl-45">
         <path>.\usb\</path>
         <kind>object</kind>
         <file>usbdcdesc.obj</file>
         <name>usbdcdesc.obj</name>
      </input_file>
      <input_file id="fl-46">
         <path>.\usb\</path>
         <kind>object</kind>
         <file>usbdcomp.obj</file>
         <name>usbdcomp.obj</name>
      </input_file>
      <input_file id="fl-47">
         <path>.\usb\</path>
         <kind>object</kind>
         <file>usbdconfig.obj</file>
         <name>usbdconfig.obj</name>
      </input_file>
      <input_file id="fl-48">
         <path>.\usb\</path>
         <kind>object</kind>
         <file>usbddfu-rt.obj</file>
         <name>usbddfu-rt.obj</name>
      </input_file>
      <input_file id="fl-49">
         <path>.\usb\</path>
         <kind>object</kind>
         <file>usbdenum.obj</file>
         <name>usbdenum.obj</name>
      </input_file>
      <input_file id="fl-4a">
         <path>.\usb\</path>
         <kind>object</kind>
         <file>usbdesc.obj</file>
         <name>usbdesc.obj</name>
      </input_file>
      <input_file id="fl-4b">
         <path>.\usb\</path>
         <kind>object</kind>
         <file>usbdhandler.obj</file>
         <name>usbdhandler.obj</name>
      </input_file>
      <input_file id="fl-4c">
         <path>.\usb\</path>
         <kind>object</kind>
         <file>usbdhid.obj</file>
         <name>usbdhid.obj</name>
      </input_file>
      <input_file id="fl-4d">
         <path>.\usb\</path>
         <kind>object</kind>
         <file>usbdhidgamepad.obj</file>
         <name>usbdhidgamepad.obj</name>
      </input_file>
      <input_file id="fl-4e">
         <path>.\usb\</path>
         <kind>object</kind>
         <file>usbdhidkeyb.obj</file>
         <name>usbdhidkeyb.obj</name>
      </input_file>
      <input_file id="fl-4f">
         <path>.\usb\</path>
         <kind>object</kind>
         <file>usbdhidmouse.obj</file>
         <name>usbdhidmouse.obj</name>
      </input_file>
      <input_file id="fl-50">
         <path>.\usb\</path>
         <kind>object</kind>
         <file>usbdma.obj</file>
         <name>usbdma.obj</name>
      </input_file>
      <input_file id="fl-51">
         <path>.\usb\</path>
         <kind>object</kind>
         <file>usbdmsc.obj</file>
         <name>usbdmsc.obj</name>
      </input_file>
      <input_file id="fl-52">
         <path>.\usb\</path>
         <kind>object</kind>
         <file>usbkeyboardmap.obj</file>
         <name>usbkeyboardmap.obj</name>
      </input_file>
      <input_file id="fl-53">
         <path>.\usb\</path>
         <kind>object</kind>
         <file>usbmode.obj</file>
         <name>usbmode.obj</name>
      </input_file>
      <input_file id="fl-54">
         <path>.\usb\</path>
         <kind>object</kind>
         <file>usbringbuf.obj</file>
         <name>usbringbuf.obj</name>
      </input_file>
      <input_file id="fl-55">
         <path>.\usb\</path>
         <kind>object</kind>
         <file>usbtick.obj</file>
         <name>usbtick.obj</name>
      </input_file>
      <input_file id="fl-56">
         <path>.\usb\</path>
         <kind>object</kind>
         <file>usbulpi.obj</file>
         <name>usbulpi.obj</name>
      </input_file>
      <input_file id="fl-57">
         <path>.\utils\</path>
         <kind>object</kind>
         <file>uartstdio.obj</file>
         <name>uartstdio.obj</name>
      </input_file>
      <input_file id="fl-5c">
         <kind>object</kind>
         <file>&lt;internal&gt;</file>
         <name>&lt;internal&gt;</name>
      </input_file>
      <input_file id="fl-112">
         <path>C:\ti\ccs930\ccs\tools\compiler\ti-cgt-arm_18.12.4.LTS\lib\</path>
         <kind>archive</kind>
         <file>rtsv7M4_T_le_v4SPD16_eabi.lib</file>
         <name>sprintf.c.obj</name>
      </input_file>
      <input_file id="fl-113">
         <path>C:\ti\ccs930\ccs\tools\compiler\ti-cgt-arm_18.12.4.LTS\lib\</path>
         <kind>archive</kind>
         <file>rtsv7M4_T_le_v4SPD16_eabi.lib</file>
         <name>memcpy_t2.asm.obj</name>
      </input_file>
      <input_file id="fl-114">
         <path>C:\ti\ccs930\ccs\tools\compiler\ti-cgt-arm_18.12.4.LTS\lib\</path>
         <kind>archive</kind>
         <file>rtsv7M4_T_le_v4SPD16_eabi.lib</file>
         <name>u_divt2.asm.obj</name>
      </input_file>
      <input_file id="fl-115">
         <path>C:\ti\ccs930\ccs\tools\compiler\ti-cgt-arm_18.12.4.LTS\lib\</path>
         <kind>archive</kind>
         <file>rtsv7M4_T_le_v4SPD16_eabi.lib</file>
         <name>memset_t2.asm.obj</name>
      </input_file>
      <input_file id="fl-116">
         <path>C:\ti\ccs930\ccs\tools\compiler\ti-cgt-arm_18.12.4.LTS\lib\</path>
         <kind>archive</kind>
         <file>rtsv7M4_T_le_v4SPD16_eabi.lib</file>
         <name>copy_zero_init.c.obj</name>
      </input_file>
      <input_file id="fl-117">
         <path>C:\ti\ccs930\ccs\tools\compiler\ti-cgt-arm_18.12.4.LTS\lib\</path>
         <kind>archive</kind>
         <file>rtsv7M4_T_le_v4SPD16_eabi.lib</file>
         <name>copy_decompress_none.c.obj</name>
      </input_file>
      <input_file id="fl-118">
         <path>C:\ti\ccs930\ccs\tools\compiler\ti-cgt-arm_18.12.4.LTS\lib\</path>
         <kind>archive</kind>
         <file>rtsv7M4_T_le_v4SPD16_eabi.lib</file>
         <name>copy_decompress_lzss.c.obj</name>
      </input_file>
      <input_file id="fl-119">
         <path>C:\ti\ccs930\ccs\tools\compiler\ti-cgt-arm_18.12.4.LTS\lib\</path>
         <kind>archive</kind>
         <file>rtsv7M4_T_le_v4SPD16_eabi.lib</file>
         <name>assert.c.obj</name>
      </input_file>
      <input_file id="fl-11a">
         <path>C:\ti\ccs930\ccs\tools\compiler\ti-cgt-arm_18.12.4.LTS\lib\</path>
         <kind>archive</kind>
         <file>rtsv7M4_T_le_v4SPD16_eabi.lib</file>
         <name>defs.c.obj</name>
      </input_file>
      <input_file id="fl-11b">
         <path>C:\ti\ccs930\ccs\tools\compiler\ti-cgt-arm_18.12.4.LTS\lib\</path>
         <kind>archive</kind>
         <file>rtsv7M4_T_le_v4SPD16_eabi.lib</file>
         <name>strcmp.c.obj</name>
      </input_file>
      <input_file id="fl-11c">
         <path>C:\ti\ccs930\ccs\tools\compiler\ti-cgt-arm_18.12.4.LTS\lib\</path>
         <kind>archive</kind>
         <file>rtsv7M4_T_le_v4SPD16_eabi.lib</file>
         <name>strcpy.c.obj</name>
      </input_file>
      <input_file id="fl-11d">
         <path>C:\ti\ccs930\ccs\tools\compiler\ti-cgt-arm_18.12.4.LTS\lib\</path>
         <kind>archive</kind>
         <file>rtsv7M4_T_le_v4SPD16_eabi.lib</file>
         <name>strlen.c.obj</name>
      </input_file>
      <input_file id="fl-11e">
         <path>C:\ti\ccs930\ccs\tools\compiler\ti-cgt-arm_18.12.4.LTS\lib\</path>
         <kind>archive</kind>
         <file>rtsv7M4_T_le_v4SPD16_eabi.lib</file>
         <name>boot_cortex_m.c.obj</name>
      </input_file>
      <input_file id="fl-11f">
         <path>C:\ti\ccs930\ccs\tools\compiler\ti-cgt-arm_18.12.4.LTS\lib\</path>
         <kind>archive</kind>
         <file>rtsv7M4_T_le_v4SPD16_eabi.lib</file>
         <name>_printfi.c.obj</name>
      </input_file>
      <input_file id="fl-120">
         <path>C:\ti\ccs930\ccs\tools\compiler\ti-cgt-arm_18.12.4.LTS\lib\</path>
         <kind>archive</kind>
         <file>rtsv7M4_T_le_v4SPD16_eabi.lib</file>
         <name>fflush.c.obj</name>
      </input_file>
      <input_file id="fl-121">
         <path>C:\ti\ccs930\ccs\tools\compiler\ti-cgt-arm_18.12.4.LTS\lib\</path>
         <kind>archive</kind>
         <file>rtsv7M4_T_le_v4SPD16_eabi.lib</file>
         <name>fputs.c.obj</name>
      </input_file>
      <input_file id="fl-122">
         <path>C:\ti\ccs930\ccs\tools\compiler\ti-cgt-arm_18.12.4.LTS\lib\</path>
         <kind>archive</kind>
         <file>rtsv7M4_T_le_v4SPD16_eabi.lib</file>
         <name>_io_perm.c.obj</name>
      </input_file>
      <input_file id="fl-123">
         <path>C:\ti\ccs930\ccs\tools\compiler\ti-cgt-arm_18.12.4.LTS\lib\</path>
         <kind>archive</kind>
         <file>rtsv7M4_T_le_v4SPD16_eabi.lib</file>
         <name>setvbuf.c.obj</name>
      </input_file>
      <input_file id="fl-124">
         <path>C:\ti\ccs930\ccs\tools\compiler\ti-cgt-arm_18.12.4.LTS\lib\</path>
         <kind>archive</kind>
         <file>rtsv7M4_T_le_v4SPD16_eabi.lib</file>
         <name>div0.asm.obj</name>
      </input_file>
      <input_file id="fl-125">
         <path>C:\ti\ccs930\ccs\tools\compiler\ti-cgt-arm_18.12.4.LTS\lib\</path>
         <kind>archive</kind>
         <file>rtsv7M4_T_le_v4SPD16_eabi.lib</file>
         <name>fd_add_t2.asm.obj</name>
      </input_file>
      <input_file id="fl-126">
         <path>C:\ti\ccs930\ccs\tools\compiler\ti-cgt-arm_18.12.4.LTS\lib\</path>
         <kind>archive</kind>
         <file>rtsv7M4_T_le_v4SPD16_eabi.lib</file>
         <name>fd_cmp_t2.asm.obj</name>
      </input_file>
      <input_file id="fl-127">
         <path>C:\ti\ccs930\ccs\tools\compiler\ti-cgt-arm_18.12.4.LTS\lib\</path>
         <kind>archive</kind>
         <file>rtsv7M4_T_le_v4SPD16_eabi.lib</file>
         <name>fd_div_t2.asm.obj</name>
      </input_file>
      <input_file id="fl-128">
         <path>C:\ti\ccs930\ccs\tools\compiler\ti-cgt-arm_18.12.4.LTS\lib\</path>
         <kind>archive</kind>
         <file>rtsv7M4_T_le_v4SPD16_eabi.lib</file>
         <name>fd_mul_t2.asm.obj</name>
      </input_file>
      <input_file id="fl-129">
         <path>C:\ti\ccs930\ccs\tools\compiler\ti-cgt-arm_18.12.4.LTS\lib\</path>
         <kind>archive</kind>
         <file>rtsv7M4_T_le_v4SPD16_eabi.lib</file>
         <name>fd_toi_t2.asm.obj</name>
      </input_file>
      <input_file id="fl-12a">
         <path>C:\ti\ccs930\ccs\tools\compiler\ti-cgt-arm_18.12.4.LTS\lib\</path>
         <kind>archive</kind>
         <file>rtsv7M4_T_le_v4SPD16_eabi.lib</file>
         <name>i_tofd_t2.asm.obj</name>
      </input_file>
      <input_file id="fl-12b">
         <path>C:\ti\ccs930\ccs\tools\compiler\ti-cgt-arm_18.12.4.LTS\lib\</path>
         <kind>archive</kind>
         <file>rtsv7M4_T_le_v4SPD16_eabi.lib</file>
         <name>ull_div_t2.asm.obj</name>
      </input_file>
      <input_file id="fl-12c">
         <path>C:\ti\ccs930\ccs\tools\compiler\ti-cgt-arm_18.12.4.LTS\lib\</path>
         <kind>archive</kind>
         <file>rtsv7M4_T_le_v4SPD16_eabi.lib</file>
         <name>autoinit.c.obj</name>
      </input_file>
      <input_file id="fl-12d">
         <path>C:\ti\ccs930\ccs\tools\compiler\ti-cgt-arm_18.12.4.LTS\lib\</path>
         <kind>archive</kind>
         <file>rtsv7M4_T_le_v4SPD16_eabi.lib</file>
         <name>pre_init.c.obj</name>
      </input_file>
      <input_file id="fl-12e">
         <path>C:\ti\ccs930\ccs\tools\compiler\ti-cgt-arm_18.12.4.LTS\lib\</path>
         <kind>archive</kind>
         <file>rtsv7M4_T_le_v4SPD16_eabi.lib</file>
         <name>cpy_tbl.c.obj</name>
      </input_file>
      <input_file id="fl-12f">
         <path>C:\ti\ccs930\ccs\tools\compiler\ti-cgt-arm_18.12.4.LTS\lib\</path>
         <kind>archive</kind>
         <file>rtsv7M4_T_le_v4SPD16_eabi.lib</file>
         <name>exit.c.obj</name>
      </input_file>
      <input_file id="fl-130">
         <path>C:\ti\ccs930\ccs\tools\compiler\ti-cgt-arm_18.12.4.LTS\lib\</path>
         <kind>archive</kind>
         <file>rtsv7M4_T_le_v4SPD16_eabi.lib</file>
         <name>_lock.c.obj</name>
      </input_file>
      <input_file id="fl-131">
         <path>C:\ti\ccs930\ccs\tools\compiler\ti-cgt-arm_18.12.4.LTS\lib\</path>
         <kind>archive</kind>
         <file>rtsv7M4_T_le_v4SPD16_eabi.lib</file>
         <name>args_main.c.obj</name>
      </input_file>
      <input_file id="fl-132">
         <path>C:\ti\ccs930\ccs\tools\compiler\ti-cgt-arm_18.12.4.LTS\lib\</path>
         <kind>archive</kind>
         <file>rtsv7M4_T_le_v4SPD16_eabi.lib</file>
         <name>atoi.c.obj</name>
      </input_file>
      <input_file id="fl-133">
         <path>C:\ti\ccs930\ccs\tools\compiler\ti-cgt-arm_18.12.4.LTS\lib\</path>
         <kind>archive</kind>
         <file>rtsv7M4_T_le_v4SPD16_eabi.lib</file>
         <name>ctype.c.obj</name>
      </input_file>
      <input_file id="fl-134">
         <path>C:\ti\ccs930\ccs\tools\compiler\ti-cgt-arm_18.12.4.LTS\lib\</path>
         <kind>archive</kind>
         <file>rtsv7M4_T_le_v4SPD16_eabi.lib</file>
         <name>ltoa.c.obj</name>
      </input_file>
      <input_file id="fl-135">
         <path>C:\ti\ccs930\ccs\tools\compiler\ti-cgt-arm_18.12.4.LTS\lib\</path>
         <kind>archive</kind>
         <file>rtsv7M4_T_le_v4SPD16_eabi.lib</file>
         <name>memccpy.c.obj</name>
      </input_file>
      <input_file id="fl-136">
         <path>C:\ti\ccs930\ccs\tools\compiler\ti-cgt-arm_18.12.4.LTS\lib\</path>
         <kind>archive</kind>
         <file>rtsv7M4_T_le_v4SPD16_eabi.lib</file>
         <name>memchr.c.obj</name>
      </input_file>
      <input_file id="fl-137">
         <path>C:\ti\ccs930\ccs\tools\compiler\ti-cgt-arm_18.12.4.LTS\lib\</path>
         <kind>archive</kind>
         <file>rtsv7M4_T_le_v4SPD16_eabi.lib</file>
         <name>memory.c.obj</name>
      </input_file>
      <input_file id="fl-138">
         <path>C:\ti\ccs930\ccs\tools\compiler\ti-cgt-arm_18.12.4.LTS\lib\</path>
         <kind>archive</kind>
         <file>rtsv7M4_T_le_v4SPD16_eabi.lib</file>
         <name>strchr.c.obj</name>
      </input_file>
      <input_file id="fl-139">
         <path>C:\ti\ccs930\ccs\tools\compiler\ti-cgt-arm_18.12.4.LTS\lib\</path>
         <kind>archive</kind>
         <file>rtsv7M4_T_le_v4SPD16_eabi.lib</file>
         <name>write.c.obj</name>
      </input_file>
      <input_file id="fl-13a">
         <path>C:\ti\ccs930\ccs\tools\compiler\ti-cgt-arm_18.12.4.LTS\lib\</path>
         <kind>archive</kind>
         <file>rtsv7M4_T_le_v4SPD16_eabi.lib</file>
         <name>host_device.c.obj</name>
      </input_file>
      <input_file id="fl-13b">
         <path>C:\ti\ccs930\ccs\tools\compiler\ti-cgt-arm_18.12.4.LTS\lib\</path>
         <kind>archive</kind>
         <file>rtsv7M4_T_le_v4SPD16_eabi.lib</file>
         <name>errno.c.obj</name>
      </input_file>
      <input_file id="fl-13c">
         <path>C:\ti\ccs930\ccs\tools\compiler\ti-cgt-arm_18.12.4.LTS\lib\</path>
         <kind>archive</kind>
         <file>rtsv7M4_T_le_v4SPD16_eabi.lib</file>
         <name>wcslen.c.obj</name>
      </input_file>
      <input_file id="fl-13d">
         <path>C:\ti\ccs930\ccs\tools\compiler\ti-cgt-arm_18.12.4.LTS\lib\</path>
         <kind>archive</kind>
         <file>rtsv7M4_T_le_v4SPD16_eabi.lib</file>
         <name>s_frexp.c.obj</name>
      </input_file>
      <input_file id="fl-13e">
         <path>C:\ti\ccs930\ccs\tools\compiler\ti-cgt-arm_18.12.4.LTS\lib\</path>
         <kind>archive</kind>
         <file>rtsv7M4_T_le_v4SPD16_eabi.lib</file>
         <name>s_scalbn.c.obj</name>
      </input_file>
      <input_file id="fl-13f">
         <path>C:\ti\ccs930\ccs\tools\compiler\ti-cgt-arm_18.12.4.LTS\lib\</path>
         <kind>archive</kind>
         <file>rtsv7M4_T_le_v4SPD16_eabi.lib</file>
         <name>fopen.c.obj</name>
      </input_file>
      <input_file id="fl-140">
         <path>C:\ti\ccs930\ccs\tools\compiler\ti-cgt-arm_18.12.4.LTS\lib\</path>
         <kind>archive</kind>
         <file>rtsv7M4_T_le_v4SPD16_eabi.lib</file>
         <name>fseek.c.obj</name>
      </input_file>
      <input_file id="fl-141">
         <path>C:\ti\ccs930\ccs\tools\compiler\ti-cgt-arm_18.12.4.LTS\lib\</path>
         <kind>archive</kind>
         <file>rtsv7M4_T_le_v4SPD16_eabi.lib</file>
         <name>hostclose.c.obj</name>
      </input_file>
      <input_file id="fl-142">
         <path>C:\ti\ccs930\ccs\tools\compiler\ti-cgt-arm_18.12.4.LTS\lib\</path>
         <kind>archive</kind>
         <file>rtsv7M4_T_le_v4SPD16_eabi.lib</file>
         <name>hostlseek.c.obj</name>
      </input_file>
      <input_file id="fl-143">
         <path>C:\ti\ccs930\ccs\tools\compiler\ti-cgt-arm_18.12.4.LTS\lib\</path>
         <kind>archive</kind>
         <file>rtsv7M4_T_le_v4SPD16_eabi.lib</file>
         <name>hostopen.c.obj</name>
      </input_file>
      <input_file id="fl-144">
         <path>C:\ti\ccs930\ccs\tools\compiler\ti-cgt-arm_18.12.4.LTS\lib\</path>
         <kind>archive</kind>
         <file>rtsv7M4_T_le_v4SPD16_eabi.lib</file>
         <name>hostread.c.obj</name>
      </input_file>
      <input_file id="fl-145">
         <path>C:\ti\ccs930\ccs\tools\compiler\ti-cgt-arm_18.12.4.LTS\lib\</path>
         <kind>archive</kind>
         <file>rtsv7M4_T_le_v4SPD16_eabi.lib</file>
         <name>hostrename.c.obj</name>
      </input_file>
      <input_file id="fl-146">
         <path>C:\ti\ccs930\ccs\tools\compiler\ti-cgt-arm_18.12.4.LTS\lib\</path>
         <kind>archive</kind>
         <file>rtsv7M4_T_le_v4SPD16_eabi.lib</file>
         <name>hostunlink.c.obj</name>
      </input_file>
      <input_file id="fl-147">
         <path>C:\ti\ccs930\ccs\tools\compiler\ti-cgt-arm_18.12.4.LTS\lib\</path>
         <kind>archive</kind>
         <file>rtsv7M4_T_le_v4SPD16_eabi.lib</file>
         <name>hostwrite.c.obj</name>
      </input_file>
      <input_file id="fl-148">
         <path>C:\ti\ccs930\ccs\tools\compiler\ti-cgt-arm_18.12.4.LTS\lib\</path>
         <kind>archive</kind>
         <file>rtsv7M4_T_le_v4SPD16_eabi.lib</file>
         <name>trgmsg.c.obj</name>
      </input_file>
      <input_file id="fl-149">
         <path>C:\ti\ccs930\ccs\tools\compiler\ti-cgt-arm_18.12.4.LTS\lib\</path>
         <kind>archive</kind>
         <file>rtsv7M4_T_le_v4SPD16_eabi.lib</file>
         <name>open.c.obj</name>
      </input_file>
      <input_file id="fl-14a">
         <path>C:\ti\ccs930\ccs\tools\compiler\ti-cgt-arm_18.12.4.LTS\lib\</path>
         <kind>archive</kind>
         <file>rtsv7M4_T_le_v4SPD16_eabi.lib</file>
         <name>lseek.c.obj</name>
      </input_file>
      <input_file id="fl-14b">
         <path>C:\ti\ccs930\ccs\tools\compiler\ti-cgt-arm_18.12.4.LTS\lib\</path>
         <kind>archive</kind>
         <file>rtsv7M4_T_le_v4SPD16_eabi.lib</file>
         <name>s_copysign.c.obj</name>
      </input_file>
      <input_file id="fl-14c">
         <path>C:\ti\ccs930\ccs\tools\compiler\ti-cgt-arm_18.12.4.LTS\lib\</path>
         <kind>archive</kind>
         <file>rtsv7M4_T_le_v4SPD16_eabi.lib</file>
         <name>fclose.c.obj</name>
      </input_file>
      <input_file id="fl-14d">
         <path>C:\ti\ccs930\ccs\tools\compiler\ti-cgt-arm_18.12.4.LTS\lib\</path>
         <kind>archive</kind>
         <file>rtsv7M4_T_le_v4SPD16_eabi.lib</file>
         <name>getdevice.c.obj</name>
      </input_file>
      <input_file id="fl-14e">
         <path>C:\ti\ccs930\ccs\tools\compiler\ti-cgt-arm_18.12.4.LTS\lib\</path>
         <kind>archive</kind>
         <file>rtsv7M4_T_le_v4SPD16_eabi.lib</file>
         <name>strncpy.c.obj</name>
      </input_file>
      <input_file id="fl-14f">
         <path>C:\ti\ccs930\ccs\tools\compiler\ti-cgt-arm_18.12.4.LTS\lib\</path>
         <kind>archive</kind>
         <file>rtsv7M4_T_le_v4SPD16_eabi.lib</file>
         <name>remove.c.obj</name>
      </input_file>
      <input_file id="fl-150">
         <path>C:\ti\ccs930\ccs\tools\compiler\ti-cgt-arm_18.12.4.LTS\lib\</path>
         <kind>archive</kind>
         <file>rtsv7M4_T_le_v4SPD16_eabi.lib</file>
         <name>close.c.obj</name>
      </input_file>
      <input_file id="fl-151">
         <path>C:\ti\ccs930\ccs\tools\compiler\ti-cgt-arm_18.12.4.LTS\lib\</path>
         <kind>archive</kind>
         <file>rtsv7M4_T_le_v4SPD16_eabi.lib</file>
         <name>unlink.c.obj</name>
      </input_file>
      <input_file id="fl-152">
         <path>C:\ti\TivaWare_C_Series-2.2.0.295\usblib\ccs\Debug\</path>
         <kind>archive</kind>
         <file>usblib.lib</file>
         <name>usbhostenum.obj</name>
      </input_file>
      <input_file id="fl-153">
         <path>C:\ti\TivaWare_C_Series-2.2.0.295\usblib\ccs\Debug\</path>
         <kind>archive</kind>
         <file>usblib.lib</file>
         <name>usbhhub.obj</name>
      </input_file>
   </input_file_list>
   <object_component_list>
      <object_component id="oc-f">
         <name>.intvecs</name>
         <load_address>0x0</load_address>
         <run_address>0x0</run_address>
         <size>0x26c</size>
         <input_file_ref idref="fl-14"/>
      </object_component>
      <object_component id="oc-89">
         <name>.text</name>
         <load_address>0x26c</load_address>
         <run_address>0x26c</run_address>
         <size>0x1df0</size>
         <input_file_ref idref="fl-1d"/>
      </object_component>
      <object_component id="oc-a5">
         <name>.text</name>
         <load_address>0x205c</load_address>
         <run_address>0x205c</run_address>
         <size>0x15ba</size>
         <input_file_ref idref="fl-3f"/>
      </object_component>
      <object_component id="oc-61e">
         <name>.text:_nop</name>
         <load_address>0x3616</load_address>
         <run_address>0x3616</run_address>
         <size>0x2</size>
         <input_file_ref idref="fl-130"/>
      </object_component>
      <object_component id="oc-ab">
         <name>.text</name>
         <load_address>0x3618</load_address>
         <run_address>0x3618</run_address>
         <size>0x11f4</size>
         <input_file_ref idref="fl-49"/>
      </object_component>
      <object_component id="oc-1c4">
         <name>.text</name>
         <load_address>0x480c</load_address>
         <run_address>0x480c</run_address>
         <size>0x1058</size>
         <input_file_ref idref="fl-1b"/>
      </object_component>
      <object_component id="oc-16e">
         <name>.text</name>
         <load_address>0x5864</load_address>
         <run_address>0x5864</run_address>
         <size>0xef4</size>
         <input_file_ref idref="fl-39"/>
      </object_component>
      <object_component id="oc-17a">
         <name>.text</name>
         <load_address>0x6758</load_address>
         <run_address>0x6758</run_address>
         <size>0xe64</size>
         <input_file_ref idref="fl-50"/>
      </object_component>
      <object_component id="oc-5f0">
         <name>.text</name>
         <load_address>0x75bc</load_address>
         <run_address>0x75bc</run_address>
         <size>0xd10</size>
         <input_file_ref idref="fl-4c"/>
      </object_component>
      <object_component id="oc-35d">
         <name>.text</name>
         <load_address>0x82cc</load_address>
         <run_address>0x82cc</run_address>
         <size>0xb88</size>
         <input_file_ref idref="fl-2e"/>
      </object_component>
      <object_component id="oc-2bc">
         <name>.text:__TI_printfi</name>
         <load_address>0x8e54</load_address>
         <run_address>0x8e54</run_address>
         <size>0xa4e</size>
         <input_file_ref idref="fl-11f"/>
      </object_component>
      <object_component id="oc-6e9">
         <name>.text</name>
         <load_address>0x98a2</load_address>
         <run_address>0x98a2</run_address>
         <size>0x2</size>
         <input_file_ref idref="fl-124"/>
      </object_component>
      <object_component id="oc-38b">
         <name>.text</name>
         <load_address>0x98a4</load_address>
         <run_address>0x98a4</run_address>
         <size>0x7c2</size>
         <input_file_ref idref="fl-21"/>
      </object_component>
      <object_component id="oc-3a0">
         <name>.text</name>
         <load_address>0xa068</load_address>
         <run_address>0xa068</run_address>
         <size>0x718</size>
         <input_file_ref idref="fl-34"/>
      </object_component>
      <object_component id="oc-3ab">
         <name>.text</name>
         <load_address>0xa780</load_address>
         <run_address>0xa780</run_address>
         <size>0x69c</size>
         <input_file_ref idref="fl-30"/>
      </object_component>
      <object_component id="oc-357">
         <name>.text</name>
         <load_address>0xae1c</load_address>
         <run_address>0xae1c</run_address>
         <size>0x618</size>
         <input_file_ref idref="fl-3d"/>
      </object_component>
      <object_component id="oc-1f4">
         <name>.text</name>
         <load_address>0xb434</load_address>
         <run_address>0xb434</run_address>
         <size>0x53c</size>
         <input_file_ref idref="fl-4"/>
      </object_component>
      <object_component id="oc-31a">
         <name>.text</name>
         <load_address>0xb970</load_address>
         <run_address>0xb970</run_address>
         <size>0x4e0</size>
         <input_file_ref idref="fl-3e"/>
      </object_component>
      <object_component id="oc-363">
         <name>.text</name>
         <load_address>0xbe50</load_address>
         <run_address>0xbe50</run_address>
         <size>0x4a8</size>
         <input_file_ref idref="fl-57"/>
      </object_component>
      <object_component id="oc-3d9">
         <name>.text</name>
         <load_address>0xc2f8</load_address>
         <run_address>0xc2f8</run_address>
         <size>0x49c</size>
         <input_file_ref idref="fl-53"/>
      </object_component>
      <object_component id="oc-1d0">
         <name>.text</name>
         <load_address>0xc794</load_address>
         <run_address>0xc794</run_address>
         <size>0x3fc</size>
         <input_file_ref idref="fl-8"/>
      </object_component>
      <object_component id="oc-5ba">
         <name>.text:USBHostIntHandlerInternal</name>
         <load_address>0xcb90</load_address>
         <run_address>0xcb90</run_address>
         <size>0x3f4</size>
         <input_file_ref idref="fl-152"/>
      </object_component>
      <object_component id="oc-166">
         <name>.text</name>
         <load_address>0xcf84</load_address>
         <run_address>0xcf84</run_address>
         <size>0x3c0</size>
         <input_file_ref idref="fl-31"/>
      </object_component>
      <object_component id="oc-19f">
         <name>.text</name>
         <load_address>0xd344</load_address>
         <run_address>0xd344</run_address>
         <size>0x388</size>
         <input_file_ref idref="fl-47"/>
      </object_component>
      <object_component id="oc-3cc">
         <name>.text</name>
         <load_address>0xd6cc</load_address>
         <run_address>0xd6cc</run_address>
         <size>0x346</size>
         <input_file_ref idref="fl-37"/>
      </object_component>
      <object_component id="oc-200">
         <name>.text</name>
         <load_address>0xda14</load_address>
         <run_address>0xda14</run_address>
         <size>0x324</size>
         <input_file_ref idref="fl-e"/>
      </object_component>
      <object_component id="oc-206">
         <name>.text</name>
         <load_address>0xdd38</load_address>
         <run_address>0xdd38</run_address>
         <size>0x300</size>
         <input_file_ref idref="fl-16"/>
      </object_component>
      <object_component id="oc-199">
         <name>.text</name>
         <load_address>0xe038</load_address>
         <run_address>0xe038</run_address>
         <size>0x2de</size>
         <input_file_ref idref="fl-45"/>
      </object_component>
      <object_component id="oc-3df">
         <name>.text</name>
         <load_address>0xe318</load_address>
         <run_address>0xe318</run_address>
         <size>0x2dc</size>
         <input_file_ref idref="fl-4d"/>
      </object_component>
      <object_component id="oc-32">
         <name>.text</name>
         <load_address>0xe5f4</load_address>
         <run_address>0xe5f4</run_address>
         <size>0x28c</size>
         <input_file_ref idref="fl-1f"/>
      </object_component>
      <object_component id="oc-4c5">
         <name>.text:_pconv_a</name>
         <load_address>0xe880</load_address>
         <run_address>0xe880</run_address>
         <size>0x270</size>
         <input_file_ref idref="fl-11f"/>
      </object_component>
      <object_component id="oc-1dc">
         <name>.text</name>
         <load_address>0xeaf0</load_address>
         <run_address>0xeaf0</run_address>
         <size>0x214</size>
         <input_file_ref idref="fl-2"/>
      </object_component>
      <object_component id="oc-da">
         <name>.text</name>
         <load_address>0xed04</load_address>
         <run_address>0xed04</run_address>
         <size>0x1f8</size>
         <input_file_ref idref="fl-11"/>
      </object_component>
      <object_component id="oc-342">
         <name>.text</name>
         <load_address>0xeefc</load_address>
         <run_address>0xeefc</run_address>
         <size>0x1d2</size>
         <input_file_ref idref="fl-4a"/>
      </object_component>
      <object_component id="oc-4b3">
         <name>.text:_pconv_g</name>
         <load_address>0xf0d0</load_address>
         <run_address>0xf0d0</run_address>
         <size>0x1d0</size>
         <input_file_ref idref="fl-11f"/>
      </object_component>
      <object_component id="oc-103">
         <name>.text</name>
         <load_address>0xf2a0</load_address>
         <run_address>0xf2a0</run_address>
         <size>0x1c0</size>
         <input_file_ref idref="fl-b"/>
      </object_component>
      <object_component id="oc-21b">
         <name>.text</name>
         <load_address>0xf460</load_address>
         <run_address>0xf460</run_address>
         <size>0x1bc</size>
         <input_file_ref idref="fl-10"/>
      </object_component>
      <object_component id="oc-66e">
         <name>.text</name>
         <load_address>0xf61c</load_address>
         <run_address>0xf61c</run_address>
         <size>0x1b6</size>
         <input_file_ref idref="fl-125"/>
      </object_component>
      <object_component id="oc-78f">
         <name>.text:ProcessUSBDeviceStateMachine</name>
         <load_address>0xf7d4</load_address>
         <run_address>0xf7d4</run_address>
         <size>0x190</size>
         <input_file_ref idref="fl-152"/>
      </object_component>
      <object_component id="oc-1fa">
         <name>.text</name>
         <load_address>0xf964</load_address>
         <run_address>0xf964</run_address>
         <size>0x190</size>
         <input_file_ref idref="fl-f"/>
      </object_component>
      <object_component id="oc-1d6">
         <name>.text</name>
         <load_address>0xfaf4</load_address>
         <run_address>0xfaf4</run_address>
         <size>0x188</size>
         <input_file_ref idref="fl-6"/>
      </object_component>
      <object_component id="oc-215">
         <name>.text</name>
         <load_address>0xfc7c</load_address>
         <run_address>0xfc7c</run_address>
         <size>0x17c</size>
         <input_file_ref idref="fl-a"/>
      </object_component>
      <object_component id="oc-775">
         <name>.text:USBHCDInitInternal</name>
         <load_address>0xfdf8</load_address>
         <run_address>0xfdf8</run_address>
         <size>0x174</size>
         <input_file_ref idref="fl-152"/>
      </object_component>
      <object_component id="oc-789">
         <name>.text:USBHHubMain</name>
         <load_address>0xff6c</load_address>
         <run_address>0xff6c</run_address>
         <size>0x174</size>
         <input_file_ref idref="fl-153"/>
      </object_component>
      <object_component id="oc-1e2">
         <name>.text</name>
         <load_address>0x100e0</load_address>
         <run_address>0x100e0</run_address>
         <size>0x144</size>
         <input_file_ref idref="fl-3"/>
      </object_component>
      <object_component id="oc-4bf">
         <name>.text:_pconv_e</name>
         <load_address>0x10224</load_address>
         <run_address>0x10224</run_address>
         <size>0x13c</size>
         <input_file_ref idref="fl-11f"/>
      </object_component>
      <object_component id="oc-654">
         <name>.text</name>
         <load_address>0x10360</load_address>
         <run_address>0x10360</run_address>
         <size>0x136</size>
         <input_file_ref idref="fl-127"/>
      </object_component>
      <object_component id="oc-20f">
         <name>.text</name>
         <load_address>0x10498</load_address>
         <run_address>0x10498</run_address>
         <size>0x130</size>
         <input_file_ref idref="fl-c"/>
      </object_component>
      <object_component id="oc-109">
         <name>.text</name>
         <load_address>0x105c8</load_address>
         <run_address>0x105c8</run_address>
         <size>0x12a</size>
         <input_file_ref idref="fl-1a"/>
      </object_component>
      <object_component id="oc-680">
         <name>.text:fcvt</name>
         <load_address>0x106f4</load_address>
         <run_address>0x106f4</run_address>
         <size>0x124</size>
         <input_file_ref idref="fl-11f"/>
      </object_component>
      <object_component id="oc-9a9">
         <name>.text:aligned_alloc</name>
         <load_address>0x10818</load_address>
         <run_address>0x10818</run_address>
         <size>0x118</size>
         <input_file_ref idref="fl-137"/>
      </object_component>
      <object_component id="oc-1e8">
         <name>.text</name>
         <load_address>0x10930</load_address>
         <run_address>0x10930</run_address>
         <size>0x118</size>
         <input_file_ref idref="fl-7"/>
      </object_component>
      <object_component id="oc-55b">
         <name>.text:fputs</name>
         <load_address>0x10a48</load_address>
         <run_address>0x10a48</run_address>
         <size>0x114</size>
         <input_file_ref idref="fl-121"/>
      </object_component>
      <object_component id="oc-694">
         <name>.text:scalbn</name>
         <load_address>0x10b5c</load_address>
         <run_address>0x10b5c</run_address>
         <size>0x110</size>
         <input_file_ref idref="fl-13e"/>
      </object_component>
      <object_component id="oc-1ca">
         <name>.text</name>
         <load_address>0x10c6c</load_address>
         <run_address>0x10c6c</run_address>
         <size>0x104</size>
         <input_file_ref idref="fl-9"/>
      </object_component>
      <object_component id="oc-9ef">
         <name>.text:USBHCDEnumHandler</name>
         <load_address>0x10d70</load_address>
         <run_address>0x10d70</run_address>
         <size>0x100</size>
         <input_file_ref idref="fl-152"/>
      </object_component>
      <object_component id="oc-64f">
         <name>.text</name>
         <load_address>0x10e70</load_address>
         <run_address>0x10e70</run_address>
         <size>0xfc</size>
         <input_file_ref idref="fl-128"/>
      </object_component>
      <object_component id="oc-959">
         <name>.text:USBHCDControlTransfer</name>
         <load_address>0x10f6c</load_address>
         <run_address>0x10f6c</run_address>
         <size>0xf0</size>
         <input_file_ref idref="fl-152"/>
      </object_component>
      <object_component id="oc-5cc">
         <name>.text:USBHCDInit</name>
         <load_address>0x1105c</load_address>
         <run_address>0x1105c</run_address>
         <size>0xf0</size>
         <input_file_ref idref="fl-152"/>
      </object_component>
      <object_component id="oc-1ee">
         <name>.text</name>
         <load_address>0x1114c</load_address>
         <run_address>0x1114c</run_address>
         <size>0xec</size>
         <input_file_ref idref="fl-5"/>
      </object_component>
      <object_component id="oc-180">
         <name>.text</name>
         <load_address>0x11238</load_address>
         <run_address>0x11238</run_address>
         <size>0xec</size>
         <input_file_ref idref="fl-55"/>
      </object_component>
      <object_component id="oc-91e">
         <name>.text:free</name>
         <load_address>0x11324</load_address>
         <run_address>0x11324</run_address>
         <size>0xe4</size>
         <input_file_ref idref="fl-137"/>
      </object_component>
      <object_component id="oc-5e2">
         <name>.text:USBHCDMain</name>
         <load_address>0x11408</load_address>
         <run_address>0x11408</run_address>
         <size>0xe0</size>
         <input_file_ref idref="fl-152"/>
      </object_component>
      <object_component id="oc-81f">
         <name>.text:setvbuf</name>
         <load_address>0x114e8</load_address>
         <run_address>0x114e8</run_address>
         <size>0xdc</size>
         <input_file_ref idref="fl-123"/>
      </object_component>
      <object_component id="oc-2d">
         <name>.text</name>
         <load_address>0x115c4</load_address>
         <run_address>0x115c4</run_address>
         <size>0xda</size>
         <input_file_ref idref="fl-20"/>
      </object_component>
      <object_component id="oc-373">
         <name>.text</name>
         <load_address>0x116a0</load_address>
         <run_address>0x116a0</run_address>
         <size>0xd2</size>
         <input_file_ref idref="fl-13"/>
      </object_component>
      <object_component id="oc-174">
         <name>.text</name>
         <load_address>0x11772</load_address>
         <run_address>0x11772</run_address>
         <size>0xc8</size>
         <input_file_ref idref="fl-56"/>
      </object_component>
      <object_component id="oc-1be">
         <name>.text</name>
         <load_address>0x1183c</load_address>
         <run_address>0x1183c</run_address>
         <size>0xc0</size>
         <input_file_ref idref="fl-2d"/>
      </object_component>
      <object_component id="oc-4a8">
         <name>.text:_ltostr</name>
         <load_address>0x118fc</load_address>
         <run_address>0x118fc</run_address>
         <size>0xb1</size>
         <input_file_ref idref="fl-11f"/>
      </object_component>
      <object_component id="oc-8b0">
         <name>.text:USBHCDDeviceDisconnected</name>
         <load_address>0x119b0</load_address>
         <run_address>0x119b0</run_address>
         <size>0x9c</size>
         <input_file_ref idref="fl-152"/>
      </object_component>
      <object_component id="oc-5e8">
         <name>.text:USBHCDFeatureSet</name>
         <load_address>0x11a4c</load_address>
         <run_address>0x11a4c</run_address>
         <size>0x9c</size>
         <input_file_ref idref="fl-152"/>
      </object_component>
      <object_component id="oc-4c">
         <name>.text</name>
         <load_address>0x11ae8</load_address>
         <run_address>0x11ae8</run_address>
         <size>0x9c</size>
         <input_file_ref idref="fl-113"/>
      </object_component>
      <object_component id="oc-648">
         <name>.text</name>
         <load_address>0x11b84</load_address>
         <run_address>0x11b84</run_address>
         <size>0x96</size>
         <input_file_ref idref="fl-12b"/>
      </object_component>
      <object_component id="oc-8c8">
         <name>.text:USBHCDOpenDriver</name>
         <load_address>0x11c1c</load_address>
         <run_address>0x11c1c</run_address>
         <size>0x90</size>
         <input_file_ref idref="fl-152"/>
      </object_component>
      <object_component id="oc-4ae">
         <name>.text:__aeabi_cdcmple</name>
         <load_address>0x11cac</load_address>
         <run_address>0x11cac</run_address>
         <size>0x86</size>
         <input_file_ref idref="fl-126"/>
      </object_component>
      <object_component id="oc-659">
         <name>.text:__aeabi_cdrcmple</name>
         <load_address>0x11d32</load_address>
         <run_address>0x11d32</run_address>
         <size>0x86</size>
         <input_file_ref idref="fl-126"/>
      </object_component>
      <object_component id="oc-561">
         <name>.text:fflush</name>
         <load_address>0x11db8</load_address>
         <run_address>0x11db8</run_address>
         <size>0x7c</size>
         <input_file_ref idref="fl-120"/>
      </object_component>
      <object_component id="oc-ce">
         <name>.text</name>
         <load_address>0x11e34</load_address>
         <run_address>0x11e34</run_address>
         <size>0x7a</size>
         <input_file_ref idref="fl-115"/>
      </object_component>
      <object_component id="oc-8b6">
         <name>.text:USBHCDGetConfigDescriptor</name>
         <load_address>0x11eae</load_address>
         <run_address>0x11eae</run_address>
         <size>0x74</size>
         <input_file_ref idref="fl-152"/>
      </object_component>
      <object_component id="oc-9b0">
         <name>.text:__TI_closefile</name>
         <load_address>0x11f24</load_address>
         <run_address>0x11f24</run_address>
         <size>0x74</size>
         <input_file_ref idref="fl-14c"/>
      </object_component>
      <object_component id="oc-a11">
         <name>.text:split</name>
         <load_address>0x11f98</load_address>
         <run_address>0x11f98</run_address>
         <size>0x70</size>
         <input_file_ref idref="fl-137"/>
      </object_component>
      <object_component id="oc-679">
         <name>.text:_mcpy</name>
         <load_address>0x12008</load_address>
         <run_address>0x12008</run_address>
         <size>0x6e</size>
         <input_file_ref idref="fl-11f"/>
      </object_component>
      <object_component id="oc-9dd">
         <name>.text:HOSTrename</name>
         <load_address>0x12078</load_address>
         <run_address>0x12078</run_address>
         <size>0x6c</size>
         <input_file_ref idref="fl-145"/>
      </object_component>
      <object_component id="oc-9d1">
         <name>.text:HOSTlseek</name>
         <load_address>0x120e4</load_address>
         <run_address>0x120e4</run_address>
         <size>0x68</size>
         <input_file_ref idref="fl-142"/>
      </object_component>
      <object_component id="oc-12">
         <name>.text:decompress:lzss:__TI_decompress_lzss</name>
         <load_address>0x1214c</load_address>
         <run_address>0x1214c</run_address>
         <size>0x68</size>
         <input_file_ref idref="fl-118"/>
      </object_component>
      <object_component id="oc-783">
         <name>.text:USBHostCheckPipes</name>
         <load_address>0x121b4</load_address>
         <run_address>0x121b4</run_address>
         <size>0x64</size>
         <input_file_ref idref="fl-152"/>
      </object_component>
      <object_component id="oc-68e">
         <name>.text:frexp</name>
         <load_address>0x12218</load_address>
         <run_address>0x12218</run_address>
         <size>0x64</size>
         <input_file_ref idref="fl-13d"/>
      </object_component>
      <object_component id="oc-819">
         <name>.text:fseek</name>
         <load_address>0x1227c</load_address>
         <run_address>0x1227c</run_address>
         <size>0x64</size>
         <input_file_ref idref="fl-140"/>
      </object_component>
      <object_component id="oc-6f4">
         <name>.text:__TI_wrt_ok</name>
         <load_address>0x122e0</load_address>
         <run_address>0x122e0</run_address>
         <size>0x62</size>
         <input_file_ref idref="fl-122"/>
      </object_component>
      <object_component id="oc-9b9">
         <name>.text:HOSTopen</name>
         <load_address>0x12344</load_address>
         <run_address>0x12344</run_address>
         <size>0x60</size>
         <input_file_ref idref="fl-143"/>
      </object_component>
      <object_component id="oc-97b">
         <name>.text:ConfigDescAlloc</name>
         <load_address>0x123a4</load_address>
         <run_address>0x123a4</run_address>
         <size>0x5c</size>
         <input_file_ref idref="fl-152"/>
      </object_component>
      <object_component id="oc-8da">
         <name>.text:USBHCDGetDeviceDescriptor</name>
         <load_address>0x12400</load_address>
         <run_address>0x12400</run_address>
         <size>0x5c</size>
         <input_file_ref idref="fl-152"/>
      </object_component>
      <object_component id="oc-a18">
         <name>.text:close</name>
         <load_address>0x1245c</load_address>
         <run_address>0x1245c</run_address>
         <size>0x5c</size>
         <input_file_ref idref="fl-150"/>
      </object_component>
      <object_component id="oc-9c5">
         <name>.text:HOSTread</name>
         <load_address>0x124b8</load_address>
         <run_address>0x124b8</run_address>
         <size>0x58</size>
         <input_file_ref idref="fl-144"/>
      </object_component>
      <object_component id="oc-9cb">
         <name>.text:HOSTwrite</name>
         <load_address>0x12510</load_address>
         <run_address>0x12510</run_address>
         <size>0x58</size>
         <input_file_ref idref="fl-147"/>
      </object_component>
      <object_component id="oc-a43">
         <name>.text:USBHCDEP0StateTx</name>
         <load_address>0x12568</load_address>
         <run_address>0x12568</run_address>
         <size>0x58</size>
         <input_file_ref idref="fl-152"/>
      </object_component>
      <object_component id="oc-87f">
         <name>.text:USBHCDHubDeviceConnected</name>
         <load_address>0x125c0</load_address>
         <run_address>0x125c0</run_address>
         <size>0x58</size>
         <input_file_ref idref="fl-152"/>
      </object_component>
      <object_component id="oc-4b9">
         <name>.text:_pconv_f</name>
         <load_address>0x12618</load_address>
         <run_address>0x12618</run_address>
         <size>0x56</size>
         <input_file_ref idref="fl-11f"/>
      </object_component>
      <object_component id="oc-663">
         <name>.text:ltoa</name>
         <load_address>0x1266e</load_address>
         <run_address>0x1266e</run_address>
         <size>0x54</size>
         <input_file_ref idref="fl-134"/>
      </object_component>
      <object_component id="oc-673">
         <name>.text:_ecpy</name>
         <load_address>0x126c2</load_address>
         <run_address>0x126c2</run_address>
         <size>0x52</size>
         <input_file_ref idref="fl-11f"/>
      </object_component>
      <object_component id="oc-885">
         <name>.text:HubGetPortStatus</name>
         <load_address>0x12714</load_address>
         <run_address>0x12714</run_address>
         <size>0x50</size>
         <input_file_ref idref="fl-153"/>
      </object_component>
      <object_component id="oc-891">
         <name>.text:HubDriverDeviceDisconnect</name>
         <load_address>0x12764</load_address>
         <run_address>0x12764</run_address>
         <size>0x4c</size>
         <input_file_ref idref="fl-153"/>
      </object_component>
      <object_component id="oc-5d2">
         <name>.text:USBHCDPowerConfigSet</name>
         <load_address>0x127b0</load_address>
         <run_address>0x127b0</run_address>
         <size>0x4c</size>
         <input_file_ref idref="fl-152"/>
      </object_component>
      <object_component id="oc-700">
         <name>.text:__TI_doflush</name>
         <load_address>0x127fc</load_address>
         <run_address>0x127fc</run_address>
         <size>0x4c</size>
         <input_file_ref idref="fl-120"/>
      </object_component>
      <object_component id="oc-4a2">
         <name>.text:atoi</name>
         <load_address>0x12848</load_address>
         <run_address>0x12848</run_address>
         <size>0x4c</size>
         <input_file_ref idref="fl-132"/>
      </object_component>
      <object_component id="oc-221">
         <name>.text</name>
         <load_address>0x12894</load_address>
         <run_address>0x12894</run_address>
         <size>0x4c</size>
         <input_file_ref idref="fl-12"/>
      </object_component>
      <object_component id="oc-8e6">
         <name>.text:USBHCDSetAddress</name>
         <load_address>0x128e0</load_address>
         <run_address>0x128e0</run_address>
         <size>0x48</size>
         <input_file_ref idref="fl-152"/>
      </object_component>
      <object_component id="oc-86c">
         <name>.text:USBHHubInit</name>
         <load_address>0x12928</load_address>
         <run_address>0x12928</run_address>
         <size>0x48</size>
         <input_file_ref idref="fl-153"/>
      </object_component>
      <object_component id="oc-22e">
         <name>.text:exit</name>
         <load_address>0x12970</load_address>
         <run_address>0x12970</run_address>
         <size>0x48</size>
         <input_file_ref idref="fl-12f"/>
      </object_component>
      <object_component id="oc-65e">
         <name>.text</name>
         <load_address>0x129b8</load_address>
         <run_address>0x129b8</run_address>
         <size>0x48</size>
         <input_file_ref idref="fl-129"/>
      </object_component>
      <object_component id="oc-9bf">
         <name>.text:HOSTclose</name>
         <load_address>0x12a00</load_address>
         <run_address>0x12a00</run_address>
         <size>0x44</size>
         <input_file_ref idref="fl-141"/>
      </object_component>
      <object_component id="oc-9d7">
         <name>.text:HOSTunlink</name>
         <load_address>0x12a44</load_address>
         <run_address>0x12a44</run_address>
         <size>0x44</size>
         <input_file_ref idref="fl-146"/>
      </object_component>
      <object_component id="oc-234">
         <name>.text:__TI_auto_init_nobinit_nopinit:__TI_auto_init_nobinit_nopinit</name>
         <load_address>0x12a88</load_address>
         <run_address>0x12a88</run_address>
         <size>0x44</size>
         <input_file_ref idref="fl-12c"/>
      </object_component>
      <object_component id="oc-a55">
         <name>.text:getdevice</name>
         <load_address>0x12acc</load_address>
         <run_address>0x12acc</run_address>
         <size>0x44</size>
         <input_file_ref idref="fl-14d"/>
      </object_component>
      <object_component id="oc-54f">
         <name>.text</name>
         <load_address>0x12b10</load_address>
         <run_address>0x12b10</run_address>
         <size>0x40</size>
         <input_file_ref idref="fl-114"/>
      </object_component>
      <object_component id="oc-136">
         <name>.text:sprintf</name>
         <load_address>0x12b50</load_address>
         <run_address>0x12b50</run_address>
         <size>0x40</size>
         <input_file_ref idref="fl-112"/>
      </object_component>
      <object_component id="oc-686">
         <name>.text:_fcpy</name>
         <load_address>0x12b90</load_address>
         <run_address>0x12b90</run_address>
         <size>0x3e</size>
         <input_file_ref idref="fl-11f"/>
      </object_component>
      <object_component id="oc-2e6">
         <name>.text</name>
         <load_address>0x12bce</load_address>
         <run_address>0x12bce</run_address>
         <size>0x3e</size>
         <input_file_ref idref="fl-25"/>
      </object_component>
      <object_component id="oc-89d">
         <name>.text:HubDriverReset</name>
         <load_address>0x12c0c</load_address>
         <run_address>0x12c0c</run_address>
         <size>0x3c</size>
         <input_file_ref idref="fl-153"/>
      </object_component>
      <object_component id="oc-8d4">
         <name>.text:USBHCDReset</name>
         <load_address>0x12c48</load_address>
         <run_address>0x12c48</run_address>
         <size>0x38</size>
         <input_file_ref idref="fl-152"/>
      </object_component>
      <object_component id="oc-a27">
         <name>.text:__TI_writemsg</name>
         <load_address>0x12c80</load_address>
         <run_address>0x12c80</run_address>
         <size>0x38</size>
         <input_file_ref idref="fl-148"/>
      </object_component>
      <object_component id="oc-88b">
         <name>.text:HubClearPortFeature</name>
         <load_address>0x12cb8</load_address>
         <run_address>0x12cb8</run_address>
         <size>0x36</size>
         <input_file_ref idref="fl-153"/>
      </object_component>
      <object_component id="oc-950">
         <name>.text:HubSetPortFeature</name>
         <load_address>0x12cee</load_address>
         <run_address>0x12cee</run_address>
         <size>0x36</size>
         <input_file_ref idref="fl-153"/>
      </object_component>
      <object_component id="oc-a76">
         <name>.text:strncpy</name>
         <load_address>0x12d24</load_address>
         <run_address>0x12d24</run_address>
         <size>0x36</size>
         <input_file_ref idref="fl-14e"/>
      </object_component>
      <object_component id="oc-8c2">
         <name>.text:USBHCDSetConfig</name>
         <load_address>0x12d5a</load_address>
         <run_address>0x12d5a</run_address>
         <size>0x34</size>
         <input_file_ref idref="fl-152"/>
      </object_component>
      <object_component id="oc-92a">
         <name>.text:__TI_cleanup</name>
         <load_address>0x12d90</load_address>
         <run_address>0x12d90</run_address>
         <size>0x34</size>
         <input_file_ref idref="fl-13f"/>
      </object_component>
      <object_component id="oc-a2d">
         <name>.text:__TI_readmsg</name>
         <load_address>0x12dc4</load_address>
         <run_address>0x12dc4</run_address>
         <size>0x34</size>
         <input_file_ref idref="fl-148"/>
      </object_component>
      <object_component id="oc-6a">
         <name>.text:_c_int00_noargs:_c_int00_noargs</name>
         <load_address>0x12df8</load_address>
         <run_address>0x12df8</run_address>
         <size>0x34</size>
         <input_file_ref idref="fl-11e"/>
      </object_component>
      <object_component id="oc-a7c">
         <name>.text:finddevice</name>
         <load_address>0x12e2c</load_address>
         <run_address>0x12e2c</run_address>
         <size>0x30</size>
         <input_file_ref idref="fl-14d"/>
      </object_component>
      <object_component id="oc-669">
         <name>.text</name>
         <load_address>0x12e5c</load_address>
         <run_address>0x12e5c</run_address>
         <size>0x2e</size>
         <input_file_ref idref="fl-12a"/>
      </object_component>
      <object_component id="oc-974">
         <name>.text:ConfigDescFree</name>
         <load_address>0x12e8c</load_address>
         <run_address>0x12e8c</run_address>
         <size>0x2c</size>
         <input_file_ref idref="fl-152"/>
      </object_component>
      <object_component id="oc-5d8">
         <name>.text:InternalUSBHCDSendEvent</name>
         <load_address>0x12eb8</load_address>
         <run_address>0x12eb8</run_address>
         <size>0x2c</size>
         <input_file_ref idref="fl-152"/>
      </object_component>
      <object_component id="oc-a1e">
         <name>.text:unlink</name>
         <load_address>0x12ee4</load_address>
         <run_address>0x12ee4</run_address>
         <size>0x2c</size>
         <input_file_ref idref="fl-151"/>
      </object_component>
      <object_component id="oc-11e">
         <name>.text</name>
         <load_address>0x12f10</load_address>
         <run_address>0x12f10</run_address>
         <size>0x2a</size>
         <input_file_ref idref="fl-d"/>
      </object_component>
      <object_component id="oc-9a2">
         <name>.text:free_list_insert</name>
         <load_address>0x12f3c</load_address>
         <run_address>0x12f3c</run_address>
         <size>0x28</size>
         <input_file_ref idref="fl-137"/>
      </object_component>
      <object_component id="oc-916">
         <name>.text:lseek</name>
         <load_address>0x12f64</load_address>
         <run_address>0x12f64</run_address>
         <size>0x28</size>
         <input_file_ref idref="fl-14a"/>
      </object_component>
      <object_component id="oc-706">
         <name>.text:write</name>
         <load_address>0x12f8c</load_address>
         <run_address>0x12f8c</run_address>
         <size>0x28</size>
         <input_file_ref idref="fl-139"/>
      </object_component>
      <object_component id="oc-897">
         <name>.text:HubDriverDeviceConnect</name>
         <load_address>0x12fb4</load_address>
         <run_address>0x12fb4</run_address>
         <size>0x20</size>
         <input_file_ref idref="fl-153"/>
      </object_component>
      <object_component id="oc-879">
         <name>.text:HubDriverDeviceReset</name>
         <load_address>0x12fd4</load_address>
         <run_address>0x12fd4</run_address>
         <size>0x20</size>
         <input_file_ref idref="fl-153"/>
      </object_component>
      <object_component id="oc-6fa">
         <name>.text:memchr</name>
         <load_address>0x12ff4</load_address>
         <run_address>0x12ff4</run_address>
         <size>0x20</size>
         <input_file_ref idref="fl-136"/>
      </object_component>
      <object_component id="oc-36d">
         <name>.text:_abort_msg</name>
         <load_address>0x13014</load_address>
         <run_address>0x13014</run_address>
         <size>0x1c</size>
         <input_file_ref idref="fl-119"/>
      </object_component>
      <object_component id="oc-99c">
         <name>.text:free_list_remove</name>
         <load_address>0x13030</load_address>
         <run_address>0x13030</run_address>
         <size>0x1c</size>
         <input_file_ref idref="fl-137"/>
      </object_component>
      <object_component id="oc-4cb">
         <name>.text:memccpy</name>
         <load_address>0x1304c</load_address>
         <run_address>0x1304c</run_address>
         <size>0x1c</size>
         <input_file_ref idref="fl-135"/>
      </object_component>
      <object_component id="oc-7fc">
         <name>.text:copysign</name>
         <load_address>0x13068</load_address>
         <run_address>0x13068</run_address>
         <size>0x1a</size>
         <input_file_ref idref="fl-14b"/>
      </object_component>
      <object_component id="oc-8ce">
         <name>.text:USBHHubEnumerationComplete</name>
         <load_address>0x13084</load_address>
         <run_address>0x13084</run_address>
         <size>0x18</size>
         <input_file_ref idref="fl-153"/>
      </object_component>
      <object_component id="oc-8e0">
         <name>.text:USBHHubEnumerationError</name>
         <load_address>0x1309c</load_address>
         <run_address>0x1309c</run_address>
         <size>0x18</size>
         <input_file_ref idref="fl-153"/>
      </object_component>
      <object_component id="oc-2c2">
         <name>.text:_outs</name>
         <load_address>0x130b4</load_address>
         <run_address>0x130b4</run_address>
         <size>0x18</size>
         <input_file_ref idref="fl-112"/>
      </object_component>
      <object_component id="oc-380">
         <name>.text:strcmp</name>
         <load_address>0x130cc</load_address>
         <run_address>0x130cc</run_address>
         <size>0x18</size>
         <input_file_ref idref="fl-11b"/>
      </object_component>
      <object_component id="oc-38">
         <name>.text</name>
         <load_address>0x130e4</load_address>
         <run_address>0x130e4</run_address>
         <size>0x18</size>
         <input_file_ref idref="fl-4b"/>
      </object_component>
      <object_component id="oc-69a">
         <name>.text:strchr</name>
         <load_address>0x130fc</load_address>
         <run_address>0x130fc</run_address>
         <size>0x16</size>
         <input_file_ref idref="fl-138"/>
      </object_component>
      <object_component id="oc-5c6">
         <name>.text:USBHCDPowerAutomatic</name>
         <load_address>0x13114</load_address>
         <run_address>0x13114</run_address>
         <size>0x14</size>
         <input_file_ref idref="fl-152"/>
      </object_component>
      <object_component id="oc-8a3">
         <name>.text:USBHubPortSpeedSet</name>
         <load_address>0x13128</load_address>
         <run_address>0x13128</run_address>
         <size>0x14</size>
         <input_file_ref idref="fl-153"/>
      </object_component>
      <object_component id="oc-12a">
         <name>.text:strcpy</name>
         <load_address>0x1313c</load_address>
         <run_address>0x1313c</run_address>
         <size>0x14</size>
         <input_file_ref idref="fl-11c"/>
      </object_component>
      <object_component id="oc-130">
         <name>.text:strlen</name>
         <load_address>0x13150</load_address>
         <run_address>0x13150</run_address>
         <size>0x14</size>
         <input_file_ref idref="fl-11d"/>
      </object_component>
      <object_component id="oc-8bc">
         <name>.text:SendUnknownConnect</name>
         <load_address>0x13164</load_address>
         <run_address>0x13164</run_address>
         <size>0x12</size>
         <input_file_ref idref="fl-152"/>
      </object_component>
      <object_component id="oc-4d1">
         <name>.text:wcslen</name>
         <load_address>0x13176</load_address>
         <run_address>0x13176</run_address>
         <size>0x12</size>
         <input_file_ref idref="fl-13c"/>
      </object_component>
      <object_component id="oc-18">
         <name>.text:decompress:none:__TI_decompress_none</name>
         <load_address>0x13188</load_address>
         <run_address>0x13188</run_address>
         <size>0xe</size>
         <input_file_ref idref="fl-117"/>
      </object_component>
      <object_component id="oc-961">
         <name>.text:USBHCDHubDeviceDisconnected</name>
         <load_address>0x13198</load_address>
         <run_address>0x13198</run_address>
         <size>0xc</size>
         <input_file_ref idref="fl-152"/>
      </object_component>
      <object_component id="oc-5c0">
         <name>.text:USBHCDPowerConfigGet</name>
         <load_address>0x131a4</load_address>
         <run_address>0x131a4</run_address>
         <size>0xc</size>
         <input_file_ref idref="fl-152"/>
      </object_component>
      <object_component id="oc-5e">
         <name>.text:decompress:ZI:__TI_zero_init</name>
         <load_address>0x131b0</load_address>
         <run_address>0x131b0</run_address>
         <size>0xc</size>
         <input_file_ref idref="fl-116"/>
      </object_component>
      <object_component id="oc-27">
         <name>.text</name>
         <load_address>0x131bc</load_address>
         <run_address>0x131bc</run_address>
         <size>0xc</size>
         <input_file_ref idref="fl-14"/>
      </object_component>
      <object_component id="oc-2c8">
         <name>.text:_outc</name>
         <load_address>0x131c8</load_address>
         <run_address>0x131c8</run_address>
         <size>0xa</size>
         <input_file_ref idref="fl-112"/>
      </object_component>
      <object_component id="oc-4d7">
         <name>.text:__aeabi_errno_addr</name>
         <load_address>0x131d4</load_address>
         <run_address>0x131d4</run_address>
         <size>0x8</size>
         <input_file_ref idref="fl-13b"/>
      </object_component>
      <object_component id="oc-924">
         <name>.text:malloc</name>
         <load_address>0x131dc</load_address>
         <run_address>0x131dc</run_address>
         <size>0x8</size>
         <input_file_ref idref="fl-137"/>
      </object_component>
      <object_component id="oc-311">
         <name>.text:SysCtlDelay</name>
         <load_address>0x131e4</load_address>
         <run_address>0x131e4</run_address>
         <size>0x6</size>
         <input_file_ref idref="fl-39"/>
      </object_component>
      <object_component id="oc-d4">
         <name>.text:_system_pre_init</name>
         <load_address>0x131ea</load_address>
         <run_address>0x131ea</run_address>
         <size>0x4</size>
         <input_file_ref idref="fl-12d"/>
      </object_component>
      <object_component id="oc-228">
         <name>.text:abort:abort</name>
         <load_address>0x131ee</load_address>
         <run_address>0x131ee</run_address>
         <size>0x4</size>
         <input_file_ref idref="fl-12f"/>
      </object_component>
      <object_component id="oc-30b">
         <name>.const:g_pppui32XTALtoVCO</name>
         <load_address>0x131f4</load_address>
         <run_address>0x131f4</run_address>
         <size>0x120</size>
         <input_file_ref idref="fl-39"/>
      </object_component>
      <object_component id="oc-643">
         <name>.const:.string:_ctypes_</name>
         <load_address>0x13314</load_address>
         <run_address>0x13314</run_address>
         <size>0x101</size>
         <input_file_ref idref="fl-133"/>
      </object_component>
      <object_component id="oc-53b">
         <name>.const:g_ppui32GPIOIntMapBlizzard</name>
         <load_address>0x13418</load_address>
         <run_address>0x13418</run_address>
         <size>0xc0</size>
         <input_file_ref idref="fl-2e"/>
      </object_component>
      <object_component id="oc-53e">
         <name>.const:g_ppui32GPIOIntMapSnowflake</name>
         <load_address>0x134d8</load_address>
         <run_address>0x134d8</run_address>
         <size>0xc0</size>
         <input_file_ref idref="fl-2e"/>
      </object_component>
      <object_component id="oc-2f2">
         <name>.const:g_pui32Regs</name>
         <load_address>0x13598</load_address>
         <run_address>0x13598</run_address>
         <size>0x9c</size>
         <input_file_ref idref="fl-31"/>
      </object_component>
      <object_component id="oc-541">
         <name>.const:g_pui32GPIOBaseAddrs</name>
         <load_address>0x13634</load_address>
         <run_address>0x13634</run_address>
         <size>0x90</size>
         <input_file_ref idref="fl-2e"/>
      </object_component>
      <object_component id="oc-308">
         <name>.const:g_pui32Xtals</name>
         <load_address>0x136c4</load_address>
         <run_address>0x136c4</run_address>
         <size>0x6c</size>
         <input_file_ref idref="fl-39"/>
      </object_component>
      <object_component id="oc-59b">
         <name>.const:g_ppui32I2CIntMapSnowflake</name>
         <load_address>0x13730</load_address>
         <run_address>0x13730</run_address>
         <size>0x50</size>
         <input_file_ref idref="fl-30"/>
      </object_component>
      <object_component id="oc-533">
         <name>.const:g_ppui32UARTIntMap</name>
         <load_address>0x13780</load_address>
         <run_address>0x13780</run_address>
         <size>0x40</size>
         <input_file_ref idref="fl-3d"/>
      </object_component>
      <object_component id="oc-536">
         <name>.const:g_ppui32UARTIntMapSnowflake</name>
         <load_address>0x137c0</load_address>
         <run_address>0x137c0</run_address>
         <size>0x40</size>
         <input_file_ref idref="fl-3d"/>
      </object_component>
      <object_component id="oc-7a3">
         <name>.const:.string:g_pui8GameReportDescriptor</name>
         <load_address>0x13800</load_address>
         <run_address>0x13800</run_address>
         <size>0x3a</size>
         <input_file_ref idref="fl-4d"/>
      </object_component>
      <object_component id="oc-837">
         <name>.const:.string</name>
         <load_address>0x1383c</load_address>
         <run_address>0x1383c</run_address>
         <size>0x34</size>
         <input_file_ref idref="fl-6"/>
      </object_component>
      <object_component id="oc-7c8">
         <name>.const:.string:g_pui8ConfigString</name>
         <load_address>0x13870</load_address>
         <run_address>0x13870</run_address>
         <size>0x34</size>
         <input_file_ref idref="fl-15"/>
      </object_component>
      <object_component id="oc-196">
         <name>.const:g_psUSBDStdRequests</name>
         <load_address>0x138a4</load_address>
         <run_address>0x138a4</run_address>
         <size>0x34</size>
         <input_file_ref idref="fl-49"/>
      </object_component>
      <object_component id="oc-842">
         <name>.const:.string</name>
         <load_address>0x138d8</load_address>
         <run_address>0x138d8</run_address>
         <size>0x30</size>
         <input_file_ref idref="fl-2"/>
      </object_component>
      <object_component id="oc-598">
         <name>.const:g_ppui32I2CIntMap</name>
         <load_address>0x13908</load_address>
[...]
      </symbol>
      <symbol id="sm-181d">
         <name>__aeabi_memcpy</name>
         <value>0x11ae9</value>
         <object_component_ref idref="oc-4c"/>
      </symbol>
      <symbol id="sm-181e">
         <name>__aeabi_memcpy8</name>
         <value>0x11ae9</value>
         <object_component_ref idref="oc-4c"/>
      </symbol>
      <symbol id="sm-181f">
         <name>__aeabi_memcpy4</name>
         <value>0x11ae9</value>
         <object_component_ref idref="oc-4c"/>
      </symbol>
      <symbol id="sm-182e">
         <name>__aeabi_uidivmod</name>
         <value>0x12b11</value>
         <object_component_ref idref="oc-54f"/>
      </symbol>
      <symbol id="sm-182f">
         <name>__aeabi_uidiv</name>
         <value>0x12b11</value>
         <object_component_ref idref="oc-54f"/>
      </symbol>
      <symbol id="sm-183e">
         <name>__aeabi_memset</name>
         <value>0x11e37</value>
         <object_component_ref idref="oc-ce"/>
      </symbol>
      <symbol id="sm-183f">
         <name>memset</name>
         <value>0x11e3d</value>
         <object_component_ref idref="oc-ce"/>
      </symbol>
      <symbol id="sm-1840">
         <name>__aeabi_memset8</name>
         <value>0x11e37</value>
         <object_component_ref idref="oc-ce"/>
      </symbol>
      <symbol id="sm-1841">
         <name>__aeabi_memset4</name>
         <value>0x11e37</value>
         <object_component_ref idref="oc-ce"/>
      </symbol>
      <symbol id="sm-1842">
         <name>__aeabi_memclr8</name>
         <value>0x11e35</value>
         <object_component_ref idref="oc-ce"/>
      </symbol>
      <symbol id="sm-1843">
         <name>__aeabi_memclr4</name>
         <value>0x11e35</value>
         <object_component_ref idref="oc-ce"/>
      </symbol>
      <symbol id="sm-1844">
         <name>__aeabi_memclr</name>
         <value>0x11e35</value>
         <object_component_ref idref="oc-ce"/>
      </symbol>
      <symbol id="sm-1856">
         <name>__TI_zero_init</name>
         <value>0x131b1</value>
         <object_component_ref idref="oc-5e"/>
      </symbol>
      <symbol id="sm-186d">
         <name>__TI_decompress_none</name>
         <value>0x13189</value>
         <object_component_ref idref="oc-18"/>
      </symbol>
      <symbol id="sm-1890">
         <name>__TI_decompress_lzss</name>
         <value>0x1214d</value>
         <object_component_ref idref="oc-12"/>
      </symbol>
      <symbol id="sm-18a4">
         <name>_abort_msg</name>
         <value>0x13015</value>
         <object_component_ref idref="oc-36d"/>
      </symbol>
      <symbol id="sm-18b9">
         <name>__TI_tmpnams</name>
         <value>0x200071e8</value>
      </symbol>
      <symbol id="sm-18ba">
         <name>__aeabi_stdout</name>
         <value>0x20007b54</value>
         <object_component_ref idref="oc-70e"/>
      </symbol>
      <symbol id="sm-18bb">
         <name>__aeabi_stderr</name>
         <value>0x20007b58</value>
         <object_component_ref idref="oc-70e"/>
      </symbol>
      <symbol id="sm-18bc">
         <name>__aeabi_stdin</name>
         <value>0x20007b50</value>
         <object_component_ref idref="oc-70e"/>
      </symbol>
      <symbol id="sm-18bd">
         <name>_ftable</name>
         <value>0x2000764c</value>
         <object_component_ref idref="oc-567"/>
      </symbol>
      <symbol id="sm-18be">
         <name>__TI_ft_end</name>
         <value>0x20007b4c</value>
         <object_component_ref idref="oc-70e"/>
      </symbol>
      <symbol id="sm-18cd">
         <name>strcmp</name>
         <value>0x130cd</value>
         <object_component_ref idref="oc-380"/>
      </symbol>
      <symbol id="sm-18db">
         <name>strcpy</name>
         <value>0x1313d</value>
         <object_component_ref idref="oc-12a"/>
      </symbol>
      <symbol id="sm-18e9">
         <name>strlen</name>
         <value>0x13151</value>
         <object_component_ref idref="oc-130"/>
      </symbol>
      <symbol id="sm-18fc">
         <name>__stack</name>
         <value>0x20007c18</value>
         <object_component_ref idref="oc-21"/>
      </symbol>
      <symbol id="sm-18fd">
         <name>_c_int00_noargs</name>
         <value>0x12df9</value>
         <object_component_ref idref="oc-6a"/>
      </symbol>
      <symbol id="sm-1a62">
         <name>__TI_printfi</name>
         <value>0x8e55</value>
         <object_component_ref idref="oc-2bc"/>
      </symbol>
      <symbol id="sm-1a83">
         <name>__TI_doflush</name>
         <value>0x127fd</value>
         <object_component_ref idref="oc-700"/>
      </symbol>
      <symbol id="sm-1a84">
         <name>fflush</name>
         <value>0x11db9</value>
         <object_component_ref idref="oc-561"/>
      </symbol>
      <symbol id="sm-1aa2">
         <name>fputs</name>
         <value>0x10a49</value>
         <object_component_ref idref="oc-55b"/>
      </symbol>
      <symbol id="sm-1aba">
         <name>__TI_wrt_ok</name>
         <value>0x122e1</value>
         <object_component_ref idref="oc-6f4"/>
      </symbol>
      <symbol id="sm-1ad6">
         <name>setvbuf</name>
         <value>0x114e9</value>
         <object_component_ref idref="oc-81f"/>
      </symbol>
      <symbol id="sm-1ae0">
         <name>__aeabi_idiv0</name>
         <value>0x98a3</value>
         <object_component_ref idref="oc-6e9"/>
      </symbol>
      <symbol id="sm-1ae1">
         <name>__aeabi_ldiv0</name>
         <value>0x98a3</value>
         <object_component_ref idref="oc-6e9"/>
      </symbol>
      <symbol id="sm-1af8">
         <name>__aeabi_dsub</name>
         <value>0xf61d</value>
         <object_component_ref idref="oc-66e"/>
      </symbol>
      <symbol id="sm-1af9">
         <name>__aeabi_dadd</name>
         <value>0xf627</value>
         <object_component_ref idref="oc-66e"/>
      </symbol>
      <symbol id="sm-1b1b">
         <name>__aeabi_cdcmpeq</name>
         <value>0x11cad</value>
         <object_component_ref idref="oc-4ae"/>
      </symbol>
      <symbol id="sm-1b1c">
         <name>__aeabi_cdcmple</name>
         <value>0x11cad</value>
         <object_component_ref idref="oc-4ae"/>
      </symbol>
      <symbol id="sm-1b1d">
         <name>__aeabi_cdrcmple</name>
         <value>0x11d33</value>
         <object_component_ref idref="oc-659"/>
      </symbol>
      <symbol id="sm-1b31">
         <name>__aeabi_ddiv</name>
         <value>0x10361</value>
         <object_component_ref idref="oc-654"/>
      </symbol>
      <symbol id="sm-1b3c">
         <name>__aeabi_dmul</name>
         <value>0x10e71</value>
         <object_component_ref idref="oc-64f"/>
      </symbol>
      <symbol id="sm-1b46">
         <name>__aeabi_d2iz</name>
         <value>0x129b9</value>
         <object_component_ref idref="oc-65e"/>
      </symbol>
      <symbol id="sm-1b50">
         <name>__aeabi_i2d</name>
         <value>0x12e5d</value>
         <object_component_ref idref="oc-669"/>
      </symbol>
      <symbol id="sm-1b5d">
         <name>__aeabi_uldivmod</name>
         <value>0x11b85</value>
         <object_component_ref idref="oc-648"/>
      </symbol>
      <symbol id="sm-1b85">
         <name>__TI_auto_init_nobinit_nopinit</name>
         <value>0x12a89</value>
         <object_component_ref idref="oc-234"/>
      </symbol>
      <symbol id="sm-1b8f">
         <name>_system_pre_init</name>
         <value>0x131eb</value>
         <object_component_ref idref="oc-d4"/>
      </symbol>
      <symbol id="sm-1bb6">
         <name>C$$EXIT</name>
         <value>0x131ef</value>
         <object_component_ref idref="oc-228"/>
      </symbol>
      <symbol id="sm-1bb7">
         <name>abort</name>
         <value>0x131ef</value>
         <object_component_ref idref="oc-228"/>
      </symbol>
      <symbol id="sm-1bb8">
         <name>__TI_dtors_ptr</name>
         <value>0x20007b60</value>
         <object_component_ref idref="oc-404"/>
      </symbol>
      <symbol id="sm-1bb9">
         <name>__TI_cleanup_ptr</name>
         <value>0x20007b5c</value>
         <object_component_ref idref="oc-404"/>
      </symbol>
      <symbol id="sm-1bba">
         <name>__TI_enable_exit_profile_output</name>
         <value>0x20007b64</value>
         <object_component_ref idref="oc-404"/>
      </symbol>
      <symbol id="sm-1bbb">
         <name>exit</name>
         <value>0x12971</value>
         <object_component_ref idref="oc-22e"/>
      </symbol>
      <symbol id="sm-1bd0">
         <name>_nop</name>
         <value>0x3617</value>
         <object_component_ref idref="oc-61e"/>
      </symbol>
      <symbol id="sm-1bd1">
         <name>_lock</name>
         <value>0x20007ba8</value>
         <object_component_ref idref="oc-407"/>
      </symbol>
      <symbol id="sm-1bd2">
         <name>_unlock</name>
         <value>0x20007bac</value>
         <object_component_ref idref="oc-407"/>
      </symbol>
      <symbol id="sm-1be9">
         <name>atoi</name>
         <value>0x12849</value>
         <object_component_ref idref="oc-4a2"/>
      </symbol>
      <symbol id="sm-1bf4">
         <name>_ctypes_</name>
         <value>0x13314</value>
         <object_component_ref idref="oc-643"/>
      </symbol>
      <symbol id="sm-1c03">
         <name>ltoa</name>
         <value>0x1266f</value>
         <object_component_ref idref="oc-663"/>
      </symbol>
      <symbol id="sm-1c13">
         <name>memccpy</name>
         <value>0x1304d</value>
         <object_component_ref idref="oc-4cb"/>
      </symbol>
      <symbol id="sm-1c23">
         <name>memchr</name>
         <value>0x12ff5</value>
         <object_component_ref idref="oc-6fa"/>
      </symbol>
      <symbol id="sm-1cac">
         <name>_sys_memory</name>
         <value>0x20007e18</value>
         <object_component_ref idref="oc-24"/>
      </symbol>
      <symbol id="sm-1cad">
         <name>free</name>
         <value>0x11325</value>
         <object_component_ref idref="oc-91e"/>
      </symbol>
      <symbol id="sm-1cae">
         <name>memalign</name>
         <value>0x10819</value>
         <object_component_ref idref="oc-9a9"/>
      </symbol>
      <symbol id="sm-1caf">
         <name>malloc</name>
         <value>0x131dd</value>
         <object_component_ref idref="oc-924"/>
      </symbol>
      <symbol id="sm-1cb0">
         <name>aligned_alloc</name>
         <value>0x10819</value>
         <object_component_ref idref="oc-9a9"/>
      </symbol>
      <symbol id="sm-1cc0">
         <name>strchr</name>
         <value>0x130fd</value>
         <object_component_ref idref="oc-69a"/>
      </symbol>
      <symbol id="sm-1cda">
         <name>write</name>
         <value>0x12f8d</value>
         <object_component_ref idref="oc-706"/>
      </symbol>
      <symbol id="sm-1ceb">
         <name>_stream</name>
         <value>0x200078d8</value>
         <object_component_ref idref="oc-82a"/>
      </symbol>
      <symbol id="sm-1cec">
         <name>_device</name>
         <value>0x20007860</value>
         <object_component_ref idref="oc-93b"/>
      </symbol>
      <symbol id="sm-1d02">
         <name>__aeabi_errno_addr</name>
         <value>0x131d5</value>
         <object_component_ref idref="oc-4d7"/>
      </symbol>
      <symbol id="sm-1d03">
         <name>errno</name>
         <value>0x20007c10</value>
         <object_component_ref idref="oc-6aa"/>
      </symbol>
      <symbol id="sm-1d1c">
         <name>wcslen</name>
         <value>0x13177</value>
         <object_component_ref idref="oc-4d1"/>
      </symbol>
      <symbol id="sm-1d3c">
         <name>frexpl</name>
         <value>0x12219</value>
         <object_component_ref idref="oc-68e"/>
      </symbol>
      <symbol id="sm-1d3d">
         <name>frexp</name>
         <value>0x12219</value>
         <object_component_ref idref="oc-68e"/>
      </symbol>
      <symbol id="sm-1d5a">
         <name>scalbn</name>
         <value>0x10b5d</value>
         <object_component_ref idref="oc-694"/>
      </symbol>
      <symbol id="sm-1d5b">
         <name>scalbnl</name>
         <value>0x10b5d</value>
         <object_component_ref idref="oc-694"/>
      </symbol>
      <symbol id="sm-1d5c">
         <name>ldexpl</name>
         <value>0x10b5d</value>
         <object_component_ref idref="oc-694"/>
      </symbol>
      <symbol id="sm-1d5d">
         <name>ldexp</name>
         <value>0x10b5d</value>
         <object_component_ref idref="oc-694"/>
      </symbol>
      <symbol id="sm-1d6d">
         <name>__TI_cleanup</name>
         <value>0x12d91</value>
         <object_component_ref idref="oc-92a"/>
      </symbol>
      <symbol id="sm-1d7f">
         <name>fseek</name>
         <value>0x1227d</value>
         <object_component_ref idref="oc-819"/>
      </symbol>
      <symbol id="sm-1d90">
         <name>HOSTclose</name>
         <value>0x12a01</value>
         <object_component_ref idref="oc-9bf"/>
      </symbol>
      <symbol id="sm-1da1">
         <name>HOSTlseek</name>
         <value>0x120e5</value>
         <object_component_ref idref="oc-9d1"/>
      </symbol>
      <symbol id="sm-1db3">
         <name>parmbuf</name>
         <value>0x20007604</value>
      </symbol>
      <symbol id="sm-1db4">
         <name>HOSTopen</name>
         <value>0x12345</value>
         <object_component_ref idref="oc-9b9"/>
      </symbol>
      <symbol id="sm-1dc5">
         <name>HOSTread</name>
         <value>0x124b9</value>
         <object_component_ref idref="oc-9c5"/>
      </symbol>
      <symbol id="sm-1dd6">
         <name>HOSTrename</name>
         <value>0x12079</value>
         <object_component_ref idref="oc-9dd"/>
      </symbol>
      <symbol id="sm-1de7">
         <name>HOSTunlink</name>
         <value>0x12a45</value>
         <object_component_ref idref="oc-9d7"/>
      </symbol>
      <symbol id="sm-1df8">
         <name>HOSTwrite</name>
         <value>0x12511</value>
         <object_component_ref idref="oc-9cb"/>
      </symbol>
      <symbol id="sm-1e1c">
         <name>__TI_readmsg</name>
         <value>0x12dc5</value>
         <object_component_ref idref="oc-a2d"/>
      </symbol>
      <symbol id="sm-1e1d">
         <name>C$$IO$$</name>
         <value>0x12caf</value>
         <object_component_ref idref="oc-a27"/>
      </symbol>
      <symbol id="sm-1e1e">
         <name>__CIOBUF_</name>
         <value>0x20006ec8</value>
         <object_component_ref idref="oc-a5f"/>
      </symbol>
      <symbol id="sm-1e1f">
         <name>__TI_writemsg</name>
         <value>0x12c81</value>
         <object_component_ref idref="oc-a27"/>
      </symbol>
      <symbol id="sm-1e30">
         <name>lseek</name>
         <value>0x12f65</value>
         <object_component_ref idref="oc-916"/>
      </symbol>
      <symbol id="sm-1e3a">
         <name>copysign</name>
         <value>0x13069</value>
         <object_component_ref idref="oc-7fc"/>
      </symbol>
      <symbol id="sm-1e3b">
         <name>copysignl</name>
         <value>0x13069</value>
         <object_component_ref idref="oc-7fc"/>
      </symbol>
      <symbol id="sm-1e50">
         <name>__TI_closefile</name>
         <value>0x11f25</value>
         <object_component_ref idref="oc-9b0"/>
      </symbol>
      <symbol id="sm-1e73">
         <name>finddevice</name>
         <value>0x12e2d</value>
         <object_component_ref idref="oc-a7c"/>
      </symbol>
      <symbol id="sm-1e74">
         <name>getdevice</name>
         <value>0x12acd</value>
         <object_component_ref idref="oc-a55"/>
      </symbol>
      <symbol id="sm-1e84">
         <name>strncpy</name>
         <value>0x12d25</value>
         <object_component_ref idref="oc-a76"/>
      </symbol>
      <symbol id="sm-1e99">
         <name>close</name>
         <value>0x1245d</value>
         <object_component_ref idref="oc-a18"/>
      </symbol>
      <symbol id="sm-1ea9">
         <name>unlink</name>
         <value>0x12ee5</value>
         <object_component_ref idref="oc-a1e"/>
      </symbol>
      <symbol id="sm-20a8">
         <name>USBHCDSetAddress</name>
         <value>0x128e1</value>
         <object_component_ref idref="oc-8e6"/>
      </symbol>
      <symbol id="sm-20a9">
         <name>USBHCDHubDeviceDisconnected</name>
         <value>0x13199</value>
         <object_component_ref idref="oc-961"/>
      </symbol>
      <symbol id="sm-20aa">
         <name>USBHCDFeatureSet</name>
         <value>0x11a4d</value>
         <object_component_ref idref="oc-5e8"/>
      </symbol>
      <symbol id="sm-20ab">
         <name>USBHCDHubDeviceConnected</name>
         <value>0x125c1</value>
         <object_component_ref idref="oc-87f"/>
      </symbol>
      <symbol id="sm-20ac">
         <name>USBHCDPowerConfigSet</name>
         <value>0x127b1</value>
         <object_component_ref idref="oc-5d2"/>
      </symbol>
      <symbol id="sm-20ad">
         <name>USBHCDReset</name>
         <value>0x12c49</value>
         <object_component_ref idref="oc-8d4"/>
      </symbol>
      <symbol id="sm-20ae">
         <name>USBHostIntHandlerInternal</name>
         <value>0xcb91</value>
         <object_component_ref idref="oc-5ba"/>
      </symbol>
      <symbol id="sm-20af">
         <name>USBHCDInit</name>
         <value>0x1105d</value>
         <object_component_ref idref="oc-5cc"/>
      </symbol>
      <symbol id="sm-20b0">
         <name>USBHCDMain</name>
         <value>0x11409</value>
         <object_component_ref idref="oc-5e2"/>
      </symbol>
      <symbol id="sm-20b1">
         <name>USBHCDPowerAutomatic</name>
         <value>0x13115</value>
         <object_component_ref idref="oc-5c6"/>
      </symbol>
      <symbol id="sm-20b2">
         <name>ConfigDescFree</name>
         <value>0x12e8d</value>
         <object_component_ref idref="oc-974"/>
      </symbol>
      <symbol id="sm-20b3">
         <name>USBHCDControlTransfer</name>
         <value>0x10f6d</value>
         <object_component_ref idref="oc-959"/>
      </symbol>
      <symbol id="sm-20b4">
         <name>USBHostCheckPipes</name>
         <value>0x121b5</value>
         <object_component_ref idref="oc-783"/>
      </symbol>
      <symbol id="sm-20b5">
         <name>InternalUSBHCDSendEvent</name>
         <value>0x12eb9</value>
         <object_component_ref idref="oc-5d8"/>
      </symbol>
      <symbol id="sm-20b6">
         <name>USBHCDPowerConfigGet</name>
         <value>0x131a5</value>
         <object_component_ref idref="oc-5c0"/>
      </symbol>
      <symbol id="sm-20b7">
         <name>USBHCDSetConfig</name>
         <value>0x12d5b</value>
         <object_component_ref idref="oc-8c2"/>
      </symbol>
      <symbol id="sm-20b8">
         <name>ConfigDescAlloc</name>
         <value>0x123a5</value>
         <object_component_ref idref="oc-97b"/>
      </symbol>
      <symbol id="sm-216b">
         <name>USBHHubInit</name>
         <value>0x12929</value>
         <object_component_ref idref="oc-86c"/>
      </symbol>
      <symbol id="sm-216c">
         <name>USBHHubMain</name>
         <value>0xff6d</value>
         <object_component_ref idref="oc-789"/>
      </symbol>
      <symbol id="sm-216d">
         <name>USBHHubEnumerationComplete</name>
         <value>0x13085</value>
         <object_component_ref idref="oc-8ce"/>
      </symbol>
      <symbol id="sm-216e">
         <name>USBHHubEnumerationError</name>
         <value>0x1309d</value>
         <object_component_ref idref="oc-8e0"/>
      </symbol>
      <symbol id="sm-216f">
         <name>__TI_static_base__</name>
         <value>0x0</value>
      </symbol>
      <symbol id="sm-2172">
         <name>__mpu_init</name>
         <value>0x0</value>
      </symbol>
      <symbol id="sm-2173">
         <name>_system_post_cinit</name>
         <value>0x0</value>
      </symbol>
      <symbol id="sm-2174">
         <name>remove</name>
         <value>0x12ee5</value>
      </symbol>
   </symbol_table>
   <title>Link successful</title>
</link_info>
